SQL> 
SQL> REM E D L C R
SQL> 
SQL> REM EMPLOYEES : JOBS -> JOB_ID
SQL> 
SQL> REM EMPLOYEES : JOB_GRADES -> SALARY , LOWEST_SAL , HIGHEST_SAL
SQL> 
SQL> REM FIRST_NAME , DEPARTMENT_NAME
SQL> 
SQL> SELECT FIRST_NAME , DEPARTMENT_NAME
  2  FROM EMPLOYEES
  3  JOIN DEPARTMENTS USING (DEPARTMENT_ID);

FIRST_NAME      DEPARTMENT_NAME                                                 
--------------- ------------------------------                                  
Jennifer        Administration                                                  
Michael         Marketing                                                       
Pat             Marketing                                                       
Kevin           Shiping                                                         
Peter           Shiping                                                         
Randall         Shiping                                                         
Curtis          Shiping                                                         
Trenna          Shiping                                                         
Diana           IT                                                              
Bruce           IT                                                              
Alexander       IT                                                              

FIRST_NAME      DEPARTMENT_NAME                                                 
--------------- ------------------------------                                  
Ellen           Sales                                                           
Eleni           Sales                                                           
Jonathon        Sales                                                           
Lex             Executive                                                       
Steven          Executive                                                       
Neena           Executive                                                       
William         Accounting                                                      
Shelley         Accounting                                                      

19 rows selected.

SQL> SET LINES 200 PAGES 24
SQL> 
SQL> R
  1  SELECT FIRST_NAME , DEPARTMENT_NAME
  2  FROM EMPLOYEES
  3* JOIN DEPARTMENTS USING (DEPARTMENT_ID)

FIRST_NAME      DEPARTMENT_NAME                                                                                                                                                                         
--------------- ------------------------------                                                                                                                                                          
Jennifer        Administration                                                                                                                                                                          
Michael         Marketing                                                                                                                                                                               
Pat             Marketing                                                                                                                                                                               
Kevin           Shiping                                                                                                                                                                                 
Peter           Shiping                                                                                                                                                                                 
Randall         Shiping                                                                                                                                                                                 
Curtis          Shiping                                                                                                                                                                                 
Trenna          Shiping                                                                                                                                                                                 
Diana           IT                                                                                                                                                                                      
Bruce           IT                                                                                                                                                                                      
Alexander       IT                                                                                                                                                                                      
Ellen           Sales                                                                                                                                                                                   
Eleni           Sales                                                                                                                                                                                   
Jonathon        Sales                                                                                                                                                                                   
Lex             Executive                                                                                                                                                                               
Steven          Executive                                                                                                                                                                               
Neena           Executive                                                                                                                                                                               
William         Accounting                                                                                                                                                                              
Shelley         Accounting                                                                                                                                                                              

19 rows selected.

SQL> FROM EMPLOYEES
SP2-0734: unknown command beginning "FROM EMPLO..." - rest of line ignored.
SQL> 
SQL> SELECT FIRST_NAME , DEPARTMENT_NAME
  2  FROM EMPLOYEES
  3  
SQL> 
SQL> SELECT FIRST_NAME , DEPARTMENT_NAME
  2  FROM EMPLOYEES E
  3  JOIN DEPARTMENTS D ON E.DEPARTMENT_ID = D.DEPARTMENT_ID;

FIRST_NAME      DEPARTMENT_NAME                                                                                                                                                                         
--------------- ------------------------------                                                                                                                                                          
Jennifer        Administration                                                                                                                                                                          
Michael         Marketing                                                                                                                                                                               
Pat             Marketing                                                                                                                                                                               
Kevin           Shiping                                                                                                                                                                                 
Peter           Shiping                                                                                                                                                                                 
Randall         Shiping                                                                                                                                                                                 
Curtis          Shiping                                                                                                                                                                                 
Trenna          Shiping                                                                                                                                                                                 
Diana           IT                                                                                                                                                                                      
Bruce           IT                                                                                                                                                                                      
Alexander       IT                                                                                                                                                                                      
Ellen           Sales                                                                                                                                                                                   
Eleni           Sales                                                                                                                                                                                   
Jonathon        Sales                                                                                                                                                                                   
Lex             Executive                                                                                                                                                                               
Steven          Executive                                                                                                                                                                               
Neena           Executive                                                                                                                                                                               
William         Accounting                                                                                                                                                                              
Shelley         Accounting                                                                                                                                                                              

19 rows selected.

SQL> REM FIRST_NAME , DEPARTMENT_NAME , CITY
SQL> 
SQL> SELECT FIRST_NAME , DEPARTMENT_NAME , CITY
  2  FROM EMPLOYEES
  3  JOIN DEPARTMENTS USING (DEPARTMENT_ID)
  4  JOIN LOCATIONS   USING (LOCATION_ID);

FIRST_NAME      DEPARTMENT_NAME                CITY                                                                                                                                                     
--------------- ------------------------------ ------------------------------                                                                                                                           
Diana           IT                             Southlake                                                                                                                                                
Bruce           IT                             Southlake                                                                                                                                                
Alexander       IT                             Southlake                                                                                                                                                
Kevin           Shiping                        South San Francisco                                                                                                                                      
Peter           Shiping                        South San Francisco                                                                                                                                      
Randall         Shiping                        South San Francisco                                                                                                                                      
Curtis          Shiping                        South San Francisco                                                                                                                                      
Trenna          Shiping                        South San Francisco                                                                                                                                      
Jennifer        Administration                 Seattle                                                                                                                                                  
Lex             Executive                      Seattle                                                                                                                                                  
Steven          Executive                      Seattle                                                                                                                                                  
Neena           Executive                      Seattle                                                                                                                                                  
William         Accounting                     Seattle                                                                                                                                                  
Shelley         Accounting                     Seattle                                                                                                                                                  
Michael         Marketing                      Toronto                                                                                                                                                  
Pat             Marketing                      Toronto                                                                                                                                                  
Ellen           Sales                          Oxford                                                                                                                                                   
Eleni           Sales                          Oxford                                                                                                                                                   
Jonathon        Sales                          Oxford                                                                                                                                                   

19 rows selected.

SQL> SELECT FIRST_NAME , DEPARTMENT_NAME , CITY
  2  FROM EMPLOYEES D
  3  
SQL> SELECT FIRST_NAME , DEPARTMENT_NAME , CITY
  2  FROM EMPLOYEES E
  3  JOIN DEPARTMENTS D ON E.DEPARTMENT_ID = D.DEPARTMENT_ID
  4  JOIN LOCATIONS   L ON D.LOCATION_ID   = L.LOCATION_ID;

FIRST_NAME      DEPARTMENT_NAME                CITY                                                                                                                                                     
--------------- ------------------------------ ------------------------------                                                                                                                           
Diana           IT                             Southlake                                                                                                                                                
Bruce           IT                             Southlake                                                                                                                                                
Alexander       IT                             Southlake                                                                                                                                                
Kevin           Shiping                        South San Francisco                                                                                                                                      
Peter           Shiping                        South San Francisco                                                                                                                                      
Randall         Shiping                        South San Francisco                                                                                                                                      
Curtis          Shiping                        South San Francisco                                                                                                                                      
Trenna          Shiping                        South San Francisco                                                                                                                                      
Jennifer        Administration                 Seattle                                                                                                                                                  
Lex             Executive                      Seattle                                                                                                                                                  
Steven          Executive                      Seattle                                                                                                                                                  
Neena           Executive                      Seattle                                                                                                                                                  
William         Accounting                     Seattle                                                                                                                                                  
Shelley         Accounting                     Seattle                                                                                                                                                  
Michael         Marketing                      Toronto                                                                                                                                                  
Pat             Marketing                      Toronto                                                                                                                                                  
Ellen           Sales                          Oxford                                                                                                                                                   
Eleni           Sales                          Oxford                                                                                                                                                   
Jonathon        Sales                          Oxford                                                                                                                                                   

19 rows selected.

SQL> REM FIRST_NAME , DEPARTMENT_ID , CITY , COUNTRY_NAME
SQL> 
SQL> REM FIRST_NAME , DEPARTMENT_NAME , CITY , COUNTRY_NAME
SQL> 
SQL> SELECT FIRST_NAME , DEPARTMENT_NAME , CITY , COUNTRY_NAME
  2  FROM EMPLOYEES
  3  JOIN DEPARTMENTS USING (DEPARTMENT_ID)
  4  JOIN LOCATIONS USING (LOCATION_ID)
  5  JOIN COUNTRIES USING (COUNTRY_ID) ;

FIRST_NAME      DEPARTMENT_NAME                CITY                           COUNTRY_NAME                                                                                                              
--------------- ------------------------------ ------------------------------ ----------------------------------------                                                                                  
Michael         Marketing                      Toronto                        Canada                                                                                                                    
Pat             Marketing                      Toronto                        Canada                                                                                                                    
Ellen           Sales                          Oxford                         United Kingdom                                                                                                            
Eleni           Sales                          Oxford                         United Kingdom                                                                                                            
Jonathon        Sales                          Oxford                         United Kingdom                                                                                                            
Diana           IT                             Southlake                      United States of America                                                                                                  
Bruce           IT                             Southlake                      United States of America                                                                                                  
Alexander       IT                             Southlake                      United States of America                                                                                                  
Kevin           Shiping                        South San Francisco            United States of America                                                                                                  
Peter           Shiping                        South San Francisco            United States of America                                                                                                  
Randall         Shiping                        South San Francisco            United States of America                                                                                                  
Curtis          Shiping                        South San Francisco            United States of America                                                                                                  
Trenna          Shiping                        South San Francisco            United States of America                                                                                                  
Jennifer        Administration                 Seattle                        United States of America                                                                                                  
Lex             Executive                      Seattle                        United States of America                                                                                                  
Steven          Executive                      Seattle                        United States of America                                                                                                  
Neena           Executive                      Seattle                        United States of America                                                                                                  
William         Accounting                     Seattle                        United States of America                                                                                                  
Shelley         Accounting                     Seattle                        United States of America                                                                                                  

19 rows selected.

SQL> 
SQL> SELECT E.FIRST_NAME , D.DEPARTMENT_NAME , L.CITY , C.COUNTRY_NAME
  2  FROM EMPLOYEES E
  3  JOIN DEPARTMENTS D ON E.DEPARTMENT_ID = D.DEPARTMENT_ID
  4  JOIN LOCATIONS L ON D.LOCATION_ID = L.LOCATION_ID
  5  JOIN COUNTRIES C ON L.COUNTRY_ID = C.COUNTRY_ID ;

FIRST_NAME      DEPARTMENT_NAME                CITY                           COUNTRY_NAME                                                                                                              
--------------- ------------------------------ ------------------------------ ----------------------------------------                                                                                  
Michael         Marketing                      Toronto                        Canada                                                                                                                    
Pat             Marketing                      Toronto                        Canada                                                                                                                    
Ellen           Sales                          Oxford                         United Kingdom                                                                                                            
Eleni           Sales                          Oxford                         United Kingdom                                                                                                            
Jonathon        Sales                          Oxford                         United Kingdom                                                                                                            
Diana           IT                             Southlake                      United States of America                                                                                                  
Bruce           IT                             Southlake                      United States of America                                                                                                  
Alexander       IT                             Southlake                      United States of America                                                                                                  
Kevin           Shiping                        South San Francisco            United States of America                                                                                                  
Peter           Shiping                        South San Francisco            United States of America                                                                                                  
Randall         Shiping                        South San Francisco            United States of America                                                                                                  
Curtis          Shiping                        South San Francisco            United States of America                                                                                                  
Trenna          Shiping                        South San Francisco            United States of America                                                                                                  
Jennifer        Administration                 Seattle                        United States of America                                                                                                  
Lex             Executive                      Seattle                        United States of America                                                                                                  
Steven          Executive                      Seattle                        United States of America                                                                                                  
Neena           Executive                      Seattle                        United States of America                                                                                                  
William         Accounting                     Seattle                        United States of America                                                                                                  
Shelley         Accounting                     Seattle                        United States of America                                                                                                  

19 rows selected.

SQL> REM FIRST_NAME , DEPARTMENT_NAME , CITY , COUNTRY_NAME , REGION_NAME
SQL> 
SQL> SELECT FIRST_NAME,DEPARTMENT_NAME,CITY,COUNTRY_NAME,REGION_NAME FROM EMPLOYEES INNER JOIN DEPARTMENTS USING (DEPARTMENT_ID) INNER JOIN LOCATIONS  USING (LOCATION_ID) INNER JOIN COUNTRIES USING(COUNTRY_ID) INNER JOIN REGIONS USING (REGION_ID);

FIRST_NAME      DEPARTMENT_NAME                CITY                           COUNTRY_NAME                             REGION_NAME                                                                      
--------------- ------------------------------ ------------------------------ ---------------------------------------- -------------------------                                                        
Ellen           Sales                          Oxford                         United Kingdom                           Europe                                                                           
Eleni           Sales                          Oxford                         United Kingdom                           Europe                                                                           
Jonathon        Sales                          Oxford                         United Kingdom                           Europe                                                                           
Michael         Marketing                      Toronto                        Canada                                   Americas                                                                         
Pat             Marketing                      Toronto                        Canada                                   Americas                                                                         
Diana           IT                             Southlake                      United States of America                 Americas                                                                         
Bruce           IT                             Southlake                      United States of America                 Americas                                                                         
Alexander       IT                             Southlake                      United States of America                 Americas                                                                         
Kevin           Shiping                        South San Francisco            United States of America                 Americas                                                                         
Peter           Shiping                        South San Francisco            United States of America                 Americas                                                                         
Randall         Shiping                        South San Francisco            United States of America                 Americas                                                                         
Curtis          Shiping                        South San Francisco            United States of America                 Americas                                                                         
Trenna          Shiping                        South San Francisco            United States of America                 Americas                                                                         
Jennifer        Administration                 Seattle                        United States of America                 Americas                                                                         
Lex             Executive                      Seattle                        United States of America                 Americas                                                                         
Steven          Executive                      Seattle                        United States of America                 Americas                                                                         
Neena           Executive                      Seattle                        United States of America                 Americas                                                                         
William         Accounting                     Seattle                        United States of America                 Americas                                                                         
Shelley         Accounting                     Seattle                        United States of America                 Americas                                                                         

19 rows selected.

SQL> 
SQL> SELECT FIRST_NAME,DEPARTMENT_NAME,CITY,COUNTRY_NAME,REGION_NAME FROM EMPLOYEES E INNER JOIN DEPARTMENTS D ON E.DEPARTMENT_ID = D.DEPARTMENT_ID INNER JOIN LOCATIONS L ON D.LOCATION_ID = L.LOCATION_ID INNER JOIN COUNTRIES C ON L.COUNTRY_ID = C.COUNTRY_ID INNER JOIN REGIONS R ON C.REGION_ID = R.REGION_ID;

FIRST_NAME      DEPARTMENT_NAME                CITY                           COUNTRY_NAME                             REGION_NAME                                                                      
--------------- ------------------------------ ------------------------------ ---------------------------------------- -------------------------                                                        
Ellen           Sales                          Oxford                         United Kingdom                           Europe                                                                           
Eleni           Sales                          Oxford                         United Kingdom                           Europe                                                                           
Jonathon        Sales                          Oxford                         United Kingdom                           Europe                                                                           
Michael         Marketing                      Toronto                        Canada                                   Americas                                                                         
Pat             Marketing                      Toronto                        Canada                                   Americas                                                                         
Diana           IT                             Southlake                      United States of America                 Americas                                                                         
Bruce           IT                             Southlake                      United States of America                 Americas                                                                         
Alexander       IT                             Southlake                      United States of America                 Americas                                                                         
Kevin           Shiping                        South San Francisco            United States of America                 Americas                                                                         
Peter           Shiping                        South San Francisco            United States of America                 Americas                                                                         
Randall         Shiping                        South San Francisco            United States of America                 Americas                                                                         
Curtis          Shiping                        South San Francisco            United States of America                 Americas                                                                         
Trenna          Shiping                        South San Francisco            United States of America                 Americas                                                                         
Jennifer        Administration                 Seattle                        United States of America                 Americas                                                                         
Lex             Executive                      Seattle                        United States of America                 Americas                                                                         
Steven          Executive                      Seattle                        United States of America                 Americas                                                                         
Neena           Executive                      Seattle                        United States of America                 Americas                                                                         
William         Accounting                     Seattle                        United States of America                 Americas                                                                         
Shelley         Accounting                     Seattle                        United States of America                 Americas                                                                         

19 rows selected.

SQL> SELECT * FROM JOBS;

JOB_ID     JOB_TITLE                           MIN_SALARY MAX_SALARY                                                                                                                                    
---------- ----------------------------------- ---------- ----------                                                                                                                                    
AD_PRES    President                                20000      40000                                                                                                                                    
AD_VP      Administration Vice President            15000      30000                                                                                                                                    
AD_ASST    Administration Assistant                  3000       6000                                                                                                                                    
AC_MGR     Accounting Manager                        8200      16000                                                                                                                                    
AC_ACCOUNT Public Accountant                         4200       9000                                                                                                                                    
SA_MAN     Sales Manager                            10000      20000                                                                                                                                    
SA_REP     Sales Representative                      6000      12000                                                                                                                                    
ST_MAN     Stock Manager                             5500       8500                                                                                                                                    
ST_CLERK   Stock Clerk                               2000       5000                                                                                                                                    
IT_PROG    Programmer                                4000      10000                                                                                                                                    
MK_MAN     Marketing Manager                         9000      15000                                                                                                                                    
MK_REP     Marketing Representative                  4000       9000                                                                                                                                    

12 rows selected.

SQL> REM FIRST_NAME , JOB_TITLE , DEPARTMENT_NAME , CITY , COUNTRY_NAME , REGION_NAME
SQL> 
SQL> SELECT FIRST_NAME , JOB_TITLE , DEPARTMENT_NAME , CITY , COUNTRY_NAME , REGION_NAME
  2  FROM EMPLOYEES
  3  JOIN JOBS         USING (JOB_ID)
  4  JOIN DEPARTMENTS  USING (DEPARTMENT_ID)
  5  JOIN LOCATIONS    USING (LOCATION_ID)
  6  JOIN COUNTRIES    USING (COUNTRY_ID)
  7  JOIN REGIONS      USING (REGION_ID);

FIRST_NAME      JOB_TITLE                           DEPARTMENT_NAME                CITY                           COUNTRY_NAME                             REGION_NAME                                  
--------------- ----------------------------------- ------------------------------ ------------------------------ ---------------------------------------- -------------------------                    
Eleni           Sales Manager                       Sales                          Oxford                         United Kingdom                           Europe                                       
Ellen           Sales Representative                Sales                          Oxford                         United Kingdom                           Europe                                       
Jonathon        Sales Representative                Sales                          Oxford                         United Kingdom                           Europe                                       
Michael         Marketing Manager                   Marketing                      Toronto                        Canada                                   Americas                                     
Pat             Marketing Representative            Marketing                      Toronto                        Canada                                   Americas                                     
Diana           Programmer                          IT                             Southlake                      United States of America                 Americas                                     
Bruce           Programmer                          IT                             Southlake                      United States of America                 Americas                                     
Alexander       Programmer                          IT                             Southlake                      United States of America                 Americas                                     
Kevin           Stock Manager                       Shiping                        South San Francisco            United States of America                 Americas                                     
Peter           Stock Clerk                         Shiping                        South San Francisco            United States of America                 Americas                                     
Randall         Stock Clerk                         Shiping                        South San Francisco            United States of America                 Americas                                     
Curtis          Stock Clerk                         Shiping                        South San Francisco            United States of America                 Americas                                     
Trenna          Stock Clerk                         Shiping                        South San Francisco            United States of America                 Americas                                     
Steven          President                           Executive                      Seattle                        United States of America                 Americas                                     
Lex             Administration Vice President       Executive                      Seattle                        United States of America                 Americas                                     
Neena           Administration Vice President       Executive                      Seattle                        United States of America                 Americas                                     
Jennifer        Administration Assistant            Administration                 Seattle                        United States of America                 Americas                                     
Shelley         Accounting Manager                  Accounting                     Seattle                        United States of America                 Americas                                     
William         Public Accountant                   Accounting                     Seattle                        United States of America                 Americas                                     

19 rows selected.

SQL> SELECT FIRST_NAME , JOB_TITLE , DEPARTMENT_NAME , CITY , COUNTRY_NAME , REGION_NAME
  2  FROM EMPLOYEES E
  3  JOIN JOBS J        ON E.JOB_ID = J.JOB_ID
  4  JOIN DEPARTMENTS D ON E.DEPARTMENT_ID = D.DEPARTMENT_ID
  5  JOIN LOCATIONS   L ON D.LOCATION_ID   = L.LOCATION_ID
  6  JOIN COUNTRIES   C ON L.COUNTRY_ID    = C.COUNTRY_ID
  7  JOIN REGIONS     R ON C.REGION_ID     = R.REGION_ID;

FIRST_NAME      JOB_TITLE                           DEPARTMENT_NAME                CITY                           COUNTRY_NAME                             REGION_NAME                                  
--------------- ----------------------------------- ------------------------------ ------------------------------ ---------------------------------------- -------------------------                    
Eleni           Sales Manager                       Sales                          Oxford                         United Kingdom                           Europe                                       
Ellen           Sales Representative                Sales                          Oxford                         United Kingdom                           Europe                                       
Jonathon        Sales Representative                Sales                          Oxford                         United Kingdom                           Europe                                       
Michael         Marketing Manager                   Marketing                      Toronto                        Canada                                   Americas                                     
Pat             Marketing Representative            Marketing                      Toronto                        Canada                                   Americas                                     
Diana           Programmer                          IT                             Southlake                      United States of America                 Americas                                     
Bruce           Programmer                          IT                             Southlake                      United States of America                 Americas                                     
Alexander       Programmer                          IT                             Southlake                      United States of America                 Americas                                     
Kevin           Stock Manager                       Shiping                        South San Francisco            United States of America                 Americas                                     
Peter           Stock Clerk                         Shiping                        South San Francisco            United States of America                 Americas                                     
Randall         Stock Clerk                         Shiping                        South San Francisco            United States of America                 Americas                                     
Curtis          Stock Clerk                         Shiping                        South San Francisco            United States of America                 Americas                                     
Trenna          Stock Clerk                         Shiping                        South San Francisco            United States of America                 Americas                                     
Steven          President                           Executive                      Seattle                        United States of America                 Americas                                     
Lex             Administration Vice President       Executive                      Seattle                        United States of America                 Americas                                     
Neena           Administration Vice President       Executive                      Seattle                        United States of America                 Americas                                     
Jennifer        Administration Assistant            Administration                 Seattle                        United States of America                 Americas                                     
Shelley         Accounting Manager                  Accounting                     Seattle                        United States of America                 Americas                                     
William         Public Accountant                   Accounting                     Seattle                        United States of America                 Americas                                     

19 rows selected.

SQL> SELECT FIRST_NAME , SALARY , GRADE_LEVEL , JOB_TITLE , DEPARTMENT_NAME , CITY , COUNTRY_NAME , REGION_NAME
  2  
SQL> SELECT * FROM JOB_GRADES;

GRA LOWEST_SAL HIGHEST_SAL                                                                                                                                                                              
--- ---------- -----------                                                                                                                                                                              
A         1000        2999                                                                                                                                                                              
B         3000        5999                                                                                                                                                                              
C         6000        9999                                                                                                                                                                              
D        10000       14999                                                                                                                                                                              
E        15000       24999                                                                                                                                                                              
F        25000       40000                                                                                                                                                                              

6 rows selected.

SQL> SELECT FIRST_NAME , SALARY , GRADE_LEVEL , JOB_TITLE , DEPARTMENT_NAME , CITY , COUNTRY_NAME , REGION_NAME
  2  FROM EMPLOYEES E
  3  JOIN DEPARTMENTS D ON E.DEPARTMENT_ID = D.DEPARTMENT_ID
  4  JOIN LOCATINS    L ON D.LOCATION_ID   = L.LOCATION_ID
  5  JOIN COUNTRIES   C ON L.COUNTRY_ID    = C.COUNTRY_D
  6  JOIN REGIONS     R ON C.REGION_ID     = R.REGION_ID
  7  JOIN JOBS        J ON E.JOB_ID        = J.JOB_ID
  8  JOIN JOB_GRADES  G ON E.SALARY BETWEEN G.LOWEST_SAL AND G.HIGHEST_SAL
  9  
SQL> 
SQL> SELECT FIRST_NAME , SALARY , GRADE_LEVEL , JOB_TITLE , DEPARTMENT_NAME , CITY , COUNTRY_NAME , REGION_NAME
  2  FROM EMPLOYEES E
  3  JOIN DEPARTMENTS D ON E.DEPARTMENT_ID = D.DEPARTMENT_ID
  4  JOIN LOCATIONS   L ON D.LOCATION_ID   = L.LOCATION_ID
  5  JOIN COUNTRIES   C ON L.COUNTRY_ID    = C.COUNTRY_ID
  6  JOIN REGIONS     R ON C.REGION_ID     = R.REGION_ID
  7  JOIN JOBS        J ON E.JOB_ID        = J.JOB_ID
  8  JOIN JOB_GRADES  G ON E.SALARY BETWEEN G.LOWEST_SAL AND G.HIGHEST_SAL;

FIRST_NAME          SALARY GRA JOB_TITLE                           DEPARTMENT_NAME                CITY                           COUNTRY_NAME                             REGION_NAME                   
--------------- ---------- --- ----------------------------------- ------------------------------ ------------------------------ ---------------------------------------- -------------------------     
Steven               24000 E   President                           Executive                      Seattle                        United States of America                 Americas                      
Neena                17000 E   Administration Vice President       Executive                      Seattle                        United States of America                 Americas                      
Lex                  17000 E   Administration Vice President       Executive                      Seattle                        United States of America                 Americas                      
Michael              13000 D   Marketing Manager                   Marketing                      Toronto                        Canada                                   Americas                      
Shelley              12000 D   Accounting Manager                  Accounting                     Seattle                        United States of America                 Americas                      
Ellen                11000 D   Sales Representative                Sales                          Oxford                         United Kingdom                           Europe                        
Eleni                10500 D   Sales Manager                       Sales                          Oxford                         United Kingdom                           Europe                        
Alexander             9000 C   Programmer                          IT                             Southlake                      United States of America                 Americas                      
Jonathon              8600 C   Sales Representative                Sales                          Oxford                         United Kingdom                           Europe                        
William               8300 C   Public Accountant                   Accounting                     Seattle                        United States of America                 Americas                      
Pat                   6000 C   Marketing Representative            Marketing                      Toronto                        Canada                                   Americas                      
Bruce                 6000 C   Programmer                          IT                             Southlake                      United States of America                 Americas                      
Kevin                 5800 B   Stock Manager                       Shiping                        South San Francisco            United States of America                 Americas                      
Jennifer              4400 B   Administration Assistant            Administration                 Seattle                        United States of America                 Americas                      
Diana                 4200 B   Programmer                          IT                             Southlake                      United States of America                 Americas                      
Trenna                3500 B   Stock Clerk                         Shiping                        South San Francisco            United States of America                 Americas                      
Curtis                3100 B   Stock Clerk                         Shiping                        South San Francisco            United States of America                 Americas                      
Randall               2600 A   Stock Clerk                         Shiping                        South San Francisco            United States of America                 Americas                      
Peter                 2500 A   Stock Clerk                         Shiping                        South San Francisco            United States of America                 Americas                      

19 rows selected.

SQL> REM FIRST_NAME , SALARY , GRADE_LEVEL , JOB_TITLE , DEPARTMENT_ID , DEPARTMENT_NAME , LOCATION_ID , CITY , COUNTRY_NAME , REGION_NAME
SQL> 
SQL> REM E D L C R J JG
SQL> 
SQL> REM USING ON USING ON USING ON
SQL> 
SQL> SELECT FIRST_NAME. SALARY, GRADE_LEVEL, JOB_TITLE, DEPARTMENT_ID, DEPARTMENT_NAME,L. LOCATION_ID, CITY, COUNTRY_NAME, REGION_NAME
  2  FROM EMPLOYEES JOIN DEPARTMENTS D USING (DEPARTMENT_ID)
  3  JOIN LOCATIONS L ON D.LOCATION_ID = L.LOCATION_ID
  4  JOIN COUNTRIES C USING (COUNTRY_ID)
  5  JOIN REGIONS R ON C.REGION_ID = R.REGION_ID
  6  JOIN JOBS J USING (JOB_ID)
  7  JOIN JOB_GRADES G ON E.SALARY BETWEEN G.LOWEST_SAL AND G.HIGHEST_SAL;
JOIN JOB_GRADES G ON E.SALARY BETWEEN G.LOWEST_SAL AND G.HIGHEST_SAL
                     *
ERROR at line 7:
ORA-00904: "E"."SALARY": invalid identifier 


SQL> SELECT FIRST_NAME. SALARY, GRADE_LEVEL, JOB_TITLE, DEPARTMENT_ID, DEPARTMENT_NAME,L. LOCATION_ID, CITY, COUNTRY_NAME, REGION_NAME
  2  FROM EMPLOYEES E JOIN DEPARTMENTS D USING (DEPARTMENT_ID)
  3  JOIN LOCATIONS L ON D.LOCATION_ID = L.LOCATION_ID
  4  JOIN COUNTRIES C USING (COUNTRY_ID)
  5  JOIN REGIONS R ON C.REGION_ID = R.REGION_ID
  6  JOIN JOBS J USING (JOB_ID)
  7  JOIN JOB_GRADES G ON E.SALARY BETWEEN G.LOWEST_SAL AND G.HIGHEST_SAL;
SELECT FIRST_NAME. SALARY, GRADE_LEVEL, JOB_TITLE, DEPARTMENT_ID, DEPARTMENT_NAME,L. LOCATION_ID, CITY, COUNTRY_NAME, REGION_NAME
       *
ERROR at line 1:
ORA-00904: "FIRST_NAME"."SALARY": invalid identifier 


SQL> SELECT FIRST_NAME, SALARY, GRADE_LEVEL, JOB_TITLE, DEPARTMENT_ID, DEPARTMENT_NAME,L. LOCATION_ID, CITY, COUNTRY_NAME, REGION_NAME
  2  FROM EMPLOYEES E JOIN DEPARTMENTS D USING (DEPARTMENT_ID)
  3  JOIN LOCATIONS L ON D.LOCATION_ID = L.LOCATION_ID
  4  JOIN COUNTRIES C USING (COUNTRY_ID)
  5  JOIN REGIONS R ON C.REGION_ID = R.REGION_ID
  6  JOIN JOBS J USING (JOB_ID)
  7  JOIN JOB_GRADES G ON E.SALARY BETWEEN G.LOWEST_SAL AND G.HIGHEST_SAL;

FIRST_NAME          SALARY GRA JOB_TITLE                           DEPARTMENT_ID DEPARTMENT_NAME                LOCATION_ID CITY                           COUNTRY_NAME                                 
--------------- ---------- --- ----------------------------------- ------------- ------------------------------ ----------- ------------------------------ ----------------------------------------     
REGION_NAME                                                                                                                                                                                             
-------------------------                                                                                                                                                                               
Steven               24000 E   President                                      90 Executive                             1700 Seattle                        United States of America                     
Americas                                                                                                                                                                                                
                                                                                                                                                                                                        
Neena                17000 E   Administration Vice President                  90 Executive                             1700 Seattle                        United States of America                     
Americas                                                                                                                                                                                                
                                                                                                                                                                                                        
Lex                  17000 E   Administration Vice President                  90 Executive                             1700 Seattle                        United States of America                     
Americas                                                                                                                                                                                                
                                                                                                                                                                                                        
Michael              13000 D   Marketing Manager                              20 Marketing                             1800 Toronto                        Canada                                       
Americas                                                                                                                                                                                                
                                                                                                                                                                                                        
Shelley              12000 D   Accounting Manager                            110 Accounting                            1700 Seattle                        United States of America                     
Americas                                                                                                                                                                                                
                                                                                                                                                                                                        
Ellen                11000 D   Sales Representative                           80 Sales                                 2500 Oxford                         United Kingdom                               
Europe                                                                                                                                                                                                  
                                                                                                                                                                                                        
Eleni                10500 D   Sales Manager                                  80 Sales                                 2500 Oxford                         United Kingdom                               

FIRST_NAME          SALARY GRA JOB_TITLE                           DEPARTMENT_ID DEPARTMENT_NAME                LOCATION_ID CITY                           COUNTRY_NAME                                 
--------------- ---------- --- ----------------------------------- ------------- ------------------------------ ----------- ------------------------------ ----------------------------------------     
REGION_NAME                                                                                                                                                                                             
-------------------------                                                                                                                                                                               
Europe                                                                                                                                                                                                  
                                                                                                                                                                                                        
Alexander             9000 C   Programmer                                     60 IT                                    1400 Southlake                      United States of America                     
Americas                                                                                                                                                                                                
                                                                                                                                                                                                        
Jonathon              8600 C   Sales Representative                           80 Sales                                 2500 Oxford                         United Kingdom                               
Europe                                                                                                                                                                                                  
                                                                                                                                                                                                        
William               8300 C   Public Accountant                             110 Accounting                            1700 Seattle                        United States of America                     
Americas                                                                                                                                                                                                
                                                                                                                                                                                                        
Pat                   6000 C   Marketing Representative                       20 Marketing                             1800 Toronto                        Canada                                       
Americas                                                                                                                                                                                                
                                                                                                                                                                                                        
Bruce                 6000 C   Programmer                                     60 IT                                    1400 Southlake                      United States of America                     
Americas                                                                                                                                                                                                
                                                                                                                                                                                                        
Kevin                 5800 B   Stock Manager                                  50 Shiping                               1500 South San Francisco            United States of America                     
Americas                                                                                                                                                                                                

FIRST_NAME          SALARY GRA JOB_TITLE                           DEPARTMENT_ID DEPARTMENT_NAME                LOCATION_ID CITY                           COUNTRY_NAME                                 
--------------- ---------- --- ----------------------------------- ------------- ------------------------------ ----------- ------------------------------ ----------------------------------------     
REGION_NAME                                                                                                                                                                                             
-------------------------                                                                                                                                                                               
                                                                                                                                                                                                        
Jennifer              4400 B   Administration Assistant                       10 Administration                        1700 Seattle                        United States of America                     
Americas                                                                                                                                                                                                
                                                                                                                                                                                                        
Diana                 4200 B   Programmer                                     60 IT                                    1400 Southlake                      United States of America                     
Americas                                                                                                                                                                                                
                                                                                                                                                                                                        
Trenna                3500 B   Stock Clerk                                    50 Shiping                               1500 South San Francisco            United States of America                     
Americas                                                                                                                                                                                                
                                                                                                                                                                                                        
Curtis                3100 B   Stock Clerk                                    50 Shiping                               1500 South San Francisco            United States of America                     
Americas                                                                                                                                                                                                
                                                                                                                                                                                                        
Randall               2600 A   Stock Clerk                                    50 Shiping                               1500 South San Francisco            United States of America                     
Americas                                                                                                                                                                                                
                                                                                                                                                                                                        
Peter                 2500 A   Stock Clerk                                    50 Shiping                               1500 South San Francisco            United States of America                     
Americas                                                                                                                                                                                                
                                                                                                                                                                                                        

19 rows selected.

SQL> SET LINES 300
SQL> 
SQL> R
  1  SELECT FIRST_NAME, SALARY, GRADE_LEVEL, JOB_TITLE, DEPARTMENT_ID, DEPARTMENT_NAME,L. LOCATION_ID, CITY, COUNTRY_NAME, REGION_NAME
  2  FROM EMPLOYEES E JOIN DEPARTMENTS D USING (DEPARTMENT_ID)
  3  JOIN LOCATIONS L ON D.LOCATION_ID = L.LOCATION_ID
  4  JOIN COUNTRIES C USING (COUNTRY_ID)
  5  JOIN REGIONS R ON C.REGION_ID = R.REGION_ID
  6  JOIN JOBS J USING (JOB_ID)
  7* JOIN JOB_GRADES G ON E.SALARY BETWEEN G.LOWEST_SAL AND G.HIGHEST_SAL

FIRST_NAME          SALARY GRA JOB_TITLE                           DEPARTMENT_ID DEPARTMENT_NAME                LOCATION_ID CITY                           COUNTRY_NAME                             REGION_NAME                                                                                             
--------------- ---------- --- ----------------------------------- ------------- ------------------------------ ----------- ------------------------------ ---------------------------------------- -------------------------                                                                               
Steven               24000 E   President                                      90 Executive                             1700 Seattle                        United States of America                 Americas                                                                                                
Neena                17000 E   Administration Vice President                  90 Executive                             1700 Seattle                        United States of America                 Americas                                                                                                
Lex                  17000 E   Administration Vice President                  90 Executive                             1700 Seattle                        United States of America                 Americas                                                                                                
Michael              13000 D   Marketing Manager                              20 Marketing                             1800 Toronto                        Canada                                   Americas                                                                                                
Shelley              12000 D   Accounting Manager                            110 Accounting                            1700 Seattle                        United States of America                 Americas                                                                                                
Ellen                11000 D   Sales Representative                           80 Sales                                 2500 Oxford                         United Kingdom                           Europe                                                                                                  
Eleni                10500 D   Sales Manager                                  80 Sales                                 2500 Oxford                         United Kingdom                           Europe                                                                                                  
Alexander             9000 C   Programmer                                     60 IT                                    1400 Southlake                      United States of America                 Americas                                                                                                
Jonathon              8600 C   Sales Representative                           80 Sales                                 2500 Oxford                         United Kingdom                           Europe                                                                                                  
William               8300 C   Public Accountant                             110 Accounting                            1700 Seattle                        United States of America                 Americas                                                                                                
Pat                   6000 C   Marketing Representative                       20 Marketing                             1800 Toronto                        Canada                                   Americas                                                                                                
Bruce                 6000 C   Programmer                                     60 IT                                    1400 Southlake                      United States of America                 Americas                                                                                                
Kevin                 5800 B   Stock Manager                                  50 Shiping                               1500 South San Francisco            United States of America                 Americas                                                                                                
Jennifer              4400 B   Administration Assistant                       10 Administration                        1700 Seattle                        United States of America                 Americas                                                                                                
Diana                 4200 B   Programmer                                     60 IT                                    1400 Southlake                      United States of America                 Americas                                                                                                
Trenna                3500 B   Stock Clerk                                    50 Shiping                               1500 South San Francisco            United States of America                 Americas                                                                                                
Curtis                3100 B   Stock Clerk                                    50 Shiping                               1500 South San Francisco            United States of America                 Americas                                                                                                
Randall               2600 A   Stock Clerk                                    50 Shiping                               1500 South San Francisco            United States of America                 Americas                                                                                                
Peter                 2500 A   Stock Clerk                                    50 Shiping                               1500 South San Francisco            United States of America                 Americas                                                                                                

19 rows selected.

SQL> SPOOL OFF
