SQL> 
SQL> SELECT * FROM CONTACTNO;

NAME                     MOBILE     OPHONE     RPHONE                           
-------------------- ---------- ---------- ----------                           
AMIT                 1234567890 9876543210 1122334455                           
BIREN                6644882244            9876452316                           
CHETAN                          2277554488                                      
DHIREN                                     6789054123                           
EKTA                                                                            

SQL> SELECT NAME , MOBILE CONTACTNO FROM CONTACTNO;

NAME                  CONTACTNO                                                 
-------------------- ----------                                                 
AMIT                 1234567890                                                 
BIREN                6644882244                                                 
CHETAN                                                                          
DHIREN                                                                          
EKTA                                                                            

SQL> SELECT NAME , COALESCE(MOBILE,OPHONE,RPHONE) CONTACTNO FROM CONTACTNO;

NAME                  CONTACTNO                                                 
-------------------- ----------                                                 
AMIT                 1234567890                                                 
BIREN                6644882244                                                 
CHETAN               2277554488                                                 
DHIREN               6789054123                                                 
EKTA                                                                            

SQL> SELECT NAME , COALESCE(MOBILE,OPHONE,RPHONE,1800300600) CONTACTNO FROM CONTACTNO;

NAME                  CONTACTNO                                                 
-------------------- ----------                                                 
AMIT                 1234567890                                                 
BIREN                6644882244                                                 
CHETAN               2277554488                                                 
DHIREN               6789054123                                                 
EKTA                 1800300600                                                 

SQL> SELECT * FROM CONTACTNO;

NAME                     MOBILE     OPHONE     RPHONE                           
-------------------- ---------- ---------- ----------                           
AMIT                 1234567890 9876543210 1122334455                           
BIREN                6644882244            9876452316                           
CHETAN                          2277554488                                      
DHIREN                                     6789054123                           
EKTA                                                                            

SQL> SELECT NAME , COALESCE(OPHONE,RPHONE,MOBILE,1800300600) CONTACTNO FROM CONTACTNO;

NAME                  CONTACTNO                                                 
-------------------- ----------                                                 
AMIT                 9876543210                                                 
BIREN                9876452316                                                 
CHETAN               2277554488                                                 
DHIREN               6789054123                                                 
EKTA                 1800300600                                                 

SQL> SELECT NAME , COALESCE(RPHONE,OPHONE,MOBILE,1800300600) CONTACTNO FROM CONTACTNO;

NAME                  CONTACTNO                                                 
-------------------- ----------                                                 
AMIT                 1122334455                                                 
BIREN                9876452316                                                 
CHETAN               2277554488                                                 
DHIREN               6789054123                                                 
EKTA                 1800300600                                                 

SQL> REM INNER JOIN
SQL> 
SQL> REM 1 WHEN BOTH TABLES HAS COMMON COLUMN AND SIMILAR DATA
SQL> 
SQL> REM 2 WHEN BOTH TABLES DO NOT HAVE ANY COMMON COLUMN BUT HAS SIMILAR DATA
SQL> 
SQL> REM 3 WHEN BOTH TABLES DO NOT HAVE ANY COMMON COLUMN AND SIMILAR DATA, BUT HAS RELATED DATA
SQL> 
SQL> SELECT FIRST_NANE , DEPARTMENT_NAME
  2  FROM EMPLOYEES
  3  INNER JOIN DEPARTMENTS USING (DEPARTMENT_ID);
SELECT FIRST_NANE , DEPARTMENT_NAME
       *
ERROR at line 1:
ORA-00904: "FIRST_NANE": invalid identifier 


SQL> REM 1 WHEN BOTH TABLES HAS MULTIPLE COMMON COLUMNS AND SIMILAR DATA, BUT FOR SOME REASON WE WANT TO COMPARE SOME OF THEM FOR JOINING PURPOSE.
SQL> 
SQL> SELECT FIRST_NAME , DEPARTMENT_NAME
  2  FROM EMPLOYEES
  3  INNER JOIN DEPARTMENTS USING (DEPARTMENT_ID);

FIRST_NAME      DEPARTMENT_NAME                                                 
--------------- ------------------------------                                  
Jennifer        Administration                                                  
Michael         Marketing                                                       
Pat             Marketing                                                       
Kevin           Shiping                                                         
Peter           Shiping                                                         
Randall         Shiping                                                         
Curtis          Shiping                                                         
Trenna          Shiping                                                         
Diana           IT                                                              
Bruce           IT                                                              
Alexander       IT                                                              

FIRST_NAME      DEPARTMENT_NAME                                                 
--------------- ------------------------------                                  
Ellen           Sales                                                           
Eleni           Sales                                                           
Jonathon        Sales                                                           
Lex             Executive                                                       
Steven          Executive                                                       
Neena           Executive                                                       
William         Accounting                                                      
Shelley         Accounting                                                      

19 rows selected.

SQL> SET LINES 200 PAGES 24
SQL> 
SQL> R
  1  SELECT FIRST_NAME , DEPARTMENT_NAME
  2  FROM EMPLOYEES
  3* INNER JOIN DEPARTMENTS USING (DEPARTMENT_ID)

FIRST_NAME      DEPARTMENT_NAME                                                                                                                                                                         
--------------- ------------------------------                                                                                                                                                          
Jennifer        Administration                                                                                                                                                                          
Michael         Marketing                                                                                                                                                                               
Pat             Marketing                                                                                                                                                                               
Kevin           Shiping                                                                                                                                                                                 
Peter           Shiping                                                                                                                                                                                 
Randall         Shiping                                                                                                                                                                                 
Curtis          Shiping                                                                                                                                                                                 
Trenna          Shiping                                                                                                                                                                                 
Diana           IT                                                                                                                                                                                      
Bruce           IT                                                                                                                                                                                      
Alexander       IT                                                                                                                                                                                      
Ellen           Sales                                                                                                                                                                                   
Eleni           Sales                                                                                                                                                                                   
Jonathon        Sales                                                                                                                                                                                   
Lex             Executive                                                                                                                                                                               
Steven          Executive                                                                                                                                                                               
Neena           Executive                                                                                                                                                                               
William         Accounting                                                                                                                                                                              
Shelley         Accounting                                                                                                                                                                              

19 rows selected.

SQL> REM DEPARTMENT_ID , MANAGER_ID
SQL> 
SQL> REM 2 WHEN BOTH TABLES DO NOT HAVE ANY COMMON COLUMN BUT HAS SIMILAR DATA
SQL> 
SQL> SELECT * FROM DEPARTMENTS;

DEPARTMENT_ID DEPARTMENT_NAME                MANAGER_ID LOCATION_ID                                                                                                                                     
------------- ------------------------------ ---------- -----------                                                                                                                                     
           10 Administration                        200        1700                                                                                                                                     
           20 Marketing                             201        1800                                                                                                                                     
           50 Shiping                               124        1500                                                                                                                                     
           60 IT                                    103        1400                                                                                                                                     
           80 Sales                                 149        2500                                                                                                                                     
           90 Executive                             100        1700                                                                                                                                     
          110 Accounting                            205        1700                                                                                                                                     
          190 Contracting                                      1700                                                                                                                                     

8 rows selected.

SQL> SELECT * FROM LOCATIONS;

LOCATION_ID STREET_ADRESS                            POSTAL_CODE  CITY                           STATE_PROVINCE            CO                                                                           
----------- ---------------------------------------- ------------ ------------------------------ ------------------------- --                                                                           
       1400 2014 Jabberwocky Rd                      26192        Southlake                      Texas                     US                                                                           
       1500 2011 Interiors Blvd                      99236        South San Francisco            California                US                                                                           
       1700 2004 Charade Rd                          98199        Seattle                        Washington                US                                                                           
       1800 460 Bloor St. W.                         ON M5S 1X8   Toronto                        Ontario                   CA                                                                           
       2500 Magdalen Centre, The Oxford Science Park OX9 9ZB      Oxford                         Oxford                    UK                                                                           

SQL> ALTER TABLE LOCATIONS RENAME COLUMN LOCATION_ID TO LID;

Table altered.

SQL> SELECT * FROM DEPARTMENTS;

DEPARTMENT_ID DEPARTMENT_NAME                MANAGER_ID LOCATION_ID                                                                                                                                     
------------- ------------------------------ ---------- -----------                                                                                                                                     
           10 Administration                        200        1700                                                                                                                                     
           20 Marketing                             201        1800                                                                                                                                     
           50 Shiping                               124        1500                                                                                                                                     
           60 IT                                    103        1400                                                                                                                                     
           80 Sales                                 149        2500                                                                                                                                     
           90 Executive                             100        1700                                                                                                                                     
          110 Accounting                            205        1700                                                                                                                                     
          190 Contracting                                      1700                                                                                                                                     

8 rows selected.

SQL> SELECT * FROM LOCATIONS;

       LID STREET_ADRESS                            POSTAL_CODE  CITY                           STATE_PROVINCE            CO                                                                            
---------- ---------------------------------------- ------------ ------------------------------ ------------------------- --                                                                            
      1400 2014 Jabberwocky Rd                      26192        Southlake                      Texas                     US                                                                            
      1500 2011 Interiors Blvd                      99236        South San Francisco            California                US                                                                            
      1700 2004 Charade Rd                          98199        Seattle                        Washington                US                                                                            
      1800 460 Bloor St. W.                         ON M5S 1X8   Toronto                        Ontario                   CA                                                                            
      2500 Magdalen Centre, The Oxford Science Park OX9 9ZB      Oxford                         Oxford                    UK                                                                            

SQL> SELECT DEPARTMENT_NAME , CITY
  2  FROM DEPARTMENTS
  3  JOIN LOCATIONS ON LID = LOCATION_ID;

DEPARTMENT_NAME                CITY                                                                                                                                                                     
------------------------------ ------------------------------                                                                                                                                           
Administration                 Seattle                                                                                                                                                                  
Marketing                      Toronto                                                                                                                                                                  
Shiping                        South San Francisco                                                                                                                                                      
IT                             Southlake                                                                                                                                                                
Sales                          Oxford                                                                                                                                                                   
Executive                      Seattle                                                                                                                                                                  
Accounting                     Seattle                                                                                                                                                                  
Contracting                    Seattle                                                                                                                                                                  

8 rows selected.

SQL> SELECT D.DEPARTMENT_NAME , L.CITY
  2  FROM DEPARTMENTS D
  3  JOIN LOCATIONS L ON L.LID = D.LOCATION_ID;

DEPARTMENT_NAME                CITY                                                                                                                                                                     
------------------------------ ------------------------------                                                                                                                                           
Administration                 Seattle                                                                                                                                                                  
Marketing                      Toronto                                                                                                                                                                  
Shiping                        South San Francisco                                                                                                                                                      
IT                             Southlake                                                                                                                                                                
Sales                          Oxford                                                                                                                                                                   
Executive                      Seattle                                                                                                                                                                  
Accounting                     Seattle                                                                                                                                                                  
Contracting                    Seattle                                                                                                                                                                  

8 rows selected.

SQL> ALTER TABLE REGIONS RENAME COLUMN REGION_ID TO RID;

Table altered.

SQL> SELECT * FROM DEPARTMENTS;

DEPARTMENT_ID DEPARTMENT_NAME                MANAGER_ID LOCATION_ID                                                                                                                                     
------------- ------------------------------ ---------- -----------                                                                                                                                     
           10 Administration                        200        1700                                                                                                                                     
           20 Marketing                             201        1800                                                                                                                                     
           50 Shiping                               124        1500                                                                                                                                     
           60 IT                                    103        1400                                                                                                                                     
           80 Sales                                 149        2500                                                                                                                                     
           90 Executive                             100        1700                                                                                                                                     
          110 Accounting                            205        1700                                                                                                                                     
          190 Contracting                                      1700                                                                                                                                     

8 rows selected.

SQL> SELECT * FROM LOCATIONS;

       LID STREET_ADRESS                            POSTAL_CODE  CITY                           STATE_PROVINCE            CO                                                                            
---------- ---------------------------------------- ------------ ------------------------------ ------------------------- --                                                                            
      1400 2014 Jabberwocky Rd                      26192        Southlake                      Texas                     US                                                                            
      1500 2011 Interiors Blvd                      99236        South San Francisco            California                US                                                                            
      1700 2004 Charade Rd                          98199        Seattle                        Washington                US                                                                            
      1800 460 Bloor St. W.                         ON M5S 1X8   Toronto                        Ontario                   CA                                                                            
      2500 Magdalen Centre, The Oxford Science Park OX9 9ZB      Oxford                         Oxford                    UK                                                                            

SQL> SELECT * FROM COUNTRIES;

CO COUNTRY_NAME                              REGION_ID                                                                                                                                                  
-- ---------------------------------------- ----------                                                                                                                                                  
CA Canada                                            2                                                                                                                                                  
DE Germany                                           1                                                                                                                                                  
UK United Kingdom                                    1                                                                                                                                                  
US United States of America                          2                                                                                                                                                  

SQL> SELECT * FROM REGIONS;

       RID REGION_NAME                                                                                                                                                                                  
---------- -------------------------                                                                                                                                                                    
         1 Europe                                                                                                                                                                                       
         2 Americas                                                                                                                                                                                     
         3 Asia                                                                                                                                                                                         
         4 Middle East and Africa                                                                                                                                                                       

SQL> REM LOCATION_ID , DEPARTMENT_NAME , CITY , COUNTRY_NAME , RID , REGION_NAME
SQL> 
SQL> REM 1 NATURAL 2 INNER USING 3 INNER ON
SQL> 
SQL> REM LOCATION_ID , DEPARTMENT_NAME , COUNTRY_ID , CITY , COUNTRY_NAME , RID , REGION_NAME
SQL> 
SQL> SELECT D.LOCATION_ID , D.DEPARTMENT_NAME , C.COUNTRY_ID , L.CITY , C.COUNTRY_NAME , R.RID , R.REGION_NAME
  2  FROM DEPARTMENTS D
  3  JOIN LOCATIONS   L ON D.LOCATION_ID = L.LID
  4  JOIN COUNTRIES   C ON L.COUNTRY_ID = C.COUNTRY_ID
  5  JOIN REGIONS     R ON C.REGION_ID = R.RID;

LOCATION_ID DEPARTMENT_NAME                CO CITY                           COUNTRY_NAME                                    RID REGION_NAME                                                            
----------- ------------------------------ -- ------------------------------ ---------------------------------------- ---------- -------------------------                                              
       1700 Administration                 US Seattle                        United States of America                          2 Americas                                                               
       1800 Marketing                      CA Toronto                        Canada                                            2 Americas                                                               
       1500 Shiping                        US South San Francisco            United States of America                          2 Americas                                                               
       1400 IT                             US Southlake                      United States of America                          2 Americas                                                               
       2500 Sales                          UK Oxford                         United Kingdom                                    1 Europe                                                                 
       1700 Executive                      US Seattle                        United States of America                          2 Americas                                                               
       1700 Accounting                     US Seattle                        United States of America                          2 Americas                                                               
       1700 Contracting                    US Seattle                        United States of America                          2 Americas                                                               

8 rows selected.

SQL> REM 3 WHEN BOTH TABLES DO NOT HAVE ANY COMMON COLUMN AND SIMILAR DATA, BUT HAS RELATED DATA
SQL> 
SQL> SELECT FIRST_NAME , SALARY FROM EMPLOYEES ORDER BY 2;

FIRST_NAME          SALARY                                                                                                                                                                              
--------------- ----------                                                                                                                                                                              
Peter                 2500                                                                                                                                                                              
Randall               2600                                                                                                                                                                              
Curtis                3100                                                                                                                                                                              
Trenna                3500                                                                                                                                                                              
Diana                 4200                                                                                                                                                                              
Jennifer              4400                                                                                                                                                                              
Kevin                 5800                                                                                                                                                                              
Bruce                 6000                                                                                                                                                                              
Pat                   6000                                                                                                                                                                              
Kimerely              7000                                                                                                                                                                              
William               8300                                                                                                                                                                              
Jonathon              8600                                                                                                                                                                              
Alexander             9000                                                                                                                                                                              
Eleni                10500                                                                                                                                                                              
Ellen                11000                                                                                                                                                                              
Shelley              12000                                                                                                                                                                              
Michael              13000                                                                                                                                                                              
Neena                17000                                                                                                                                                                              
Lex                  17000                                                                                                                                                                              
Steven               24000                                                                                                                                                                              

20 rows selected.

SQL> SELECT * FROM JOB_GRADES;

GRA LOWEST_SAL HIGHEST_SAL                                                                                                                                                                              
--- ---------- -----------                                                                                                                                                                              
A         1000        2999                                                                                                                                                                              
B         3000        5999                                                                                                                                                                              
C         6000        9999                                                                                                                                                                              
D        10000       14999                                                                                                                                                                              
E        15000       24999                                                                                                                                                                              
F        25000       40000                                                                                                                                                                              

6 rows selected.

SQL> SELECT FIRST_NAME , SALARY , GRADE_LEVEL
  2  FROM EMPLOYEES
  3  JOIN JOB_GRADES ON SALARY BETWEEN LOWEST_SAL AND HIGHEST_SAL;

FIRST_NAME          SALARY GRA                                                                                                                                                                          
--------------- ---------- ---                                                                                                                                                                          
Peter                 2500 A                                                                                                                                                                            
Randall               2600 A                                                                                                                                                                            
Curtis                3100 B                                                                                                                                                                            
Trenna                3500 B                                                                                                                                                                            
Diana                 4200 B                                                                                                                                                                            
Jennifer              4400 B                                                                                                                                                                            
Kevin                 5800 B                                                                                                                                                                            
Bruce                 6000 C                                                                                                                                                                            
Pat                   6000 C                                                                                                                                                                            
Kimerely              7000 C                                                                                                                                                                            
William               8300 C                                                                                                                                                                            
Jonathon              8600 C                                                                                                                                                                            
Alexander             9000 C                                                                                                                                                                            
Eleni                10500 D                                                                                                                                                                            
Ellen                11000 D                                                                                                                                                                            
Shelley              12000 D                                                                                                                                                                            
Michael              13000 D                                                                                                                                                                            
Neena                17000 E                                                                                                                                                                            
Lex                  17000 E                                                                                                                                                                            
Steven               24000 E                                                                                                                                                                            

20 rows selected.

SQL> SELECT FIRST_NAME , SALARY , GRADE_LEVEL
  2  FROM EMPLOYEES
  3  JOIN JOB_GRADES ON SALARY >= LOWEST_SAL AND SALARY <= HIGHEST_SAL;

FIRST_NAME          SALARY GRA                                                                                                                                                                          
--------------- ---------- ---                                                                                                                                                                          
Peter                 2500 A                                                                                                                                                                            
Randall               2600 A                                                                                                                                                                            
Curtis                3100 B                                                                                                                                                                            
Trenna                3500 B                                                                                                                                                                            
Diana                 4200 B                                                                                                                                                                            
Jennifer              4400 B                                                                                                                                                                            
Kevin                 5800 B                                                                                                                                                                            
Bruce                 6000 C                                                                                                                                                                            
Pat                   6000 C                                                                                                                                                                            
Kimerely              7000 C                                                                                                                                                                            
William               8300 C                                                                                                                                                                            
Jonathon              8600 C                                                                                                                                                                            
Alexander             9000 C                                                                                                                                                                            
Eleni                10500 D                                                                                                                                                                            
Ellen                11000 D                                                                                                                                                                            
Shelley              12000 D                                                                                                                                                                            
Michael              13000 D                                                                                                                                                                            
Neena                17000 E                                                                                                                                                                            
Lex                  17000 E                                                                                                                                                                            
Steven               24000 E                                                                                                                                                                            

20 rows selected.

SQL> ALTER TABLE LOCATIONS RENAME COLUMN LOCATION_ID TO LID;
ALTER TABLE LOCATIONS RENAME COLUMN LOCATION_ID TO LID
*
ERROR at line 1:
ORA-00957: duplicate column name 


SQL> ALTER TABLE LOCATIONS RENAME COLUMN LID TO LOCATION_ID;

Table altered.

SQL> ALTER TABLE REGIONS RENAME COLUMN RID TO REGION_ID;

Table altered.

SQL> SELECT * FROM EMPLOYEES;

EMPLOYEE_ID FIRST_NAME      LAST_NAME       EMAIL      PHONE_NUMBER         HIRE_DATE JOB_ID         SALARY COMMISSION_PCT MANAGER_ID DEPARTMENT_ID                                                     
----------- --------------- --------------- ---------- -------------------- --------- ---------- ---------- -------------- ---------- -------------                                                     
        100 Steven          King            SKING      515.123.4567         17-JUL-87 AD_PRES         24000                                      90                                                     
        101 Neena           Kochhar         NKOCHHAR   515.123.4568         21-SEP-89 AD_VP           17000                       100            90                                                     
        102 Lex             De Haan         LDEHAAN    515.123.4569         13-JAN-93 AD_VP           17000                       100            90                                                     
        103 Alexander       Hunold          AHUNOLD    590.423.4567         03-JAN-90 IT_PROG          9000                       102            60                                                     
        104 Bruce           Ernst           BERNST     590.423.4568         21-MAY-91 IT_PROG          6000                       103            60                                                     
        107 Diana           Lorentz         DLORENTZ   590.423.5567         07-FEB-99 IT_PROG          4200                       103            60                                                     
        124 Kevin           Mourgos         KMOURGOS   650.123.5234         16-NOV-99 ST_MAN           5800                       100            50                                                     
        141 Trenna          Rajs            TRAJS      650.121.8009         17-OCT-95 ST_CLERK         3500                       124            50                                                     
        142 Curtis          Davies          CDAVIES    650.121.2994         29-JAN-97 ST_CLERK         3100                       124            50                                                     
        143 Randall         Matos           RMATOS     650.121.2874         15-MAR-98 ST_CLERK         2600                       124            50                                                     
        144 Peter           Vargas          PVARGAS    650.121.2004         09-JUL-98 ST_CLERK         2500                       124            50                                                     
        149 Eleni           Zlotkey         EZLOTKEY   011.44.1344.429018   29-JAN-00 SA_MAN          10500             .2        100            80                                                     
        174 Ellen           Abel            EABEL      011.44.1644.429267   11-MAY-96 SA_REP          11000             .3        149            80                                                     
        176 Jonathon        Taylor          JTAYLOR    011.44.1644.429265   24-MAR-98 SA_REP           8600             .3        149            80                                                     
        178 Kimerely        Grant           KGRANT     011.44.1644.429263   24-MAY-99 SA_REP           7000            .15        149                                                                   
        200 Jennifer        Whalen          JWHALEN    515.123.4444         17-SEP-87 AD_ASST          4400                       101            10                                                     
        201 Michael         Hartstein       MHARTSTE   515.123.5555         17-FEB-96 MK_MAN          13000                       100            20                                                     
        202 Pat             Fay             PFAY       603.123.6666         17-AUG-97 MK_REP           6000                       201            20                                                     
        205 Shelley         Higgins         SHIGGINS   515.123.8080         07-JUN-94 AC_MGR          12000                       101           110                                                     
        206 William         Gietz           WGIETZ     515.123.8181         07-JUN-94 AC_ACCOUNT       8300                       205           110                                                     

20 rows selected.

SQL> SELECT * FROM DEPARTMENTS;

DEPARTMENT_ID DEPARTMENT_NAME                MANAGER_ID LOCATION_ID                                                                                                                                     
------------- ------------------------------ ---------- -----------                                                                                                                                     
           10 Administration                        200        1700                                                                                                                                     
           20 Marketing                             201        1800                                                                                                                                     
           50 Shiping                               124        1500                                                                                                                                     
           60 IT                                    103        1400                                                                                                                                     
           80 Sales                                 149        2500                                                                                                                                     
           90 Executive                             100        1700                                                                                                                                     
          110 Accounting                            205        1700                                                                                                                                     
          190 Contracting                                      1700                                                                                                                                     

8 rows selected.

SQL> REM OUTER JOIN IS USED TO GET EXTRA/UNMATCHED ROWS IN RESULT SET.
SQL> 
SQL> REM OUTER JOIN SYNTAX 1 : FROM TABLE1 LEFT/RIGHT/FULL OUTER JOIN TABLE2 USING (COMMON COLUMN LIST)
SQL> 
SQL> REM OUTER JOIN SYNTAX 2 : FROM TABLE1 LEFT/RIGHT/FULL OUTER JOIN TABLE2 ON JOIN CONDITION(S)
SQL> 
SQL> 
SQL> 
SQL> SELECT FIRST_NAME, DEPARTMENT_NAME
  2  FROM EMPLOYEES
  3  INNER JOIN DEPARTMENTS USING (DEPARTMENT_ID);

FIRST_NAME      DEPARTMENT_NAME                                                                                                                                                                         
--------------- ------------------------------                                                                                                                                                          
Jennifer        Administration                                                                                                                                                                          
Michael         Marketing                                                                                                                                                                               
Pat             Marketing                                                                                                                                                                               
Kevin           Shiping                                                                                                                                                                                 
Peter           Shiping                                                                                                                                                                                 
Randall         Shiping                                                                                                                                                                                 
Curtis          Shiping                                                                                                                                                                                 
Trenna          Shiping                                                                                                                                                                                 
Diana           IT                                                                                                                                                                                      
Bruce           IT                                                                                                                                                                                      
Alexander       IT                                                                                                                                                                                      
Ellen           Sales                                                                                                                                                                                   
Eleni           Sales                                                                                                                                                                                   
Jonathon        Sales                                                                                                                                                                                   
Lex             Executive                                                                                                                                                                               
Steven          Executive                                                                                                                                                                               
Neena           Executive                                                                                                                                                                               
William         Accounting                                                                                                                                                                              
Shelley         Accounting                                                                                                                                                                              

19 rows selected.

SQL> SELECT FIRST_NAME, DEPARTMENT_NAME
  2  FROM EMPLOYEES
  3  JOIN DEPARTMENTS USING (DEPARTMENT_ID);

FIRST_NAME      DEPARTMENT_NAME                                                                                                                                                                         
--------------- ------------------------------                                                                                                                                                          
Jennifer        Administration                                                                                                                                                                          
Michael         Marketing                                                                                                                                                                               
Pat             Marketing                                                                                                                                                                               
Kevin           Shiping                                                                                                                                                                                 
Peter           Shiping                                                                                                                                                                                 
Randall         Shiping                                                                                                                                                                                 
Curtis          Shiping                                                                                                                                                                                 
Trenna          Shiping                                                                                                                                                                                 
Diana           IT                                                                                                                                                                                      
Bruce           IT                                                                                                                                                                                      
Alexander       IT                                                                                                                                                                                      
Ellen           Sales                                                                                                                                                                                   
Eleni           Sales                                                                                                                                                                                   
Jonathon        Sales                                                                                                                                                                                   
Lex             Executive                                                                                                                                                                               
Steven          Executive                                                                                                                                                                               
Neena           Executive                                                                                                                                                                               
William         Accounting                                                                                                                                                                              
Shelley         Accounting                                                                                                                                                                              

19 rows selected.

SQL> SELECT FIRST_NAME, DEPARTMENT_NAME
  2  FROM EMPLOYEES
  3  OUTER JOIN DEPARTMENTS USING (DEPARTMENT_ID);

FIRST_NAME      DEPARTMENT_NAME                                                                                                                                                                         
--------------- ------------------------------                                                                                                                                                          
Jennifer        Administration                                                                                                                                                                          
Michael         Marketing                                                                                                                                                                               
Pat             Marketing                                                                                                                                                                               
Kevin           Shiping                                                                                                                                                                                 
Peter           Shiping                                                                                                                                                                                 
Randall         Shiping                                                                                                                                                                                 
Curtis          Shiping                                                                                                                                                                                 
Trenna          Shiping                                                                                                                                                                                 
Diana           IT                                                                                                                                                                                      
Bruce           IT                                                                                                                                                                                      
Alexander       IT                                                                                                                                                                                      
Ellen           Sales                                                                                                                                                                                   
Eleni           Sales                                                                                                                                                                                   
Jonathon        Sales                                                                                                                                                                                   
Lex             Executive                                                                                                                                                                               
Steven          Executive                                                                                                                                                                               
Neena           Executive                                                                                                                                                                               
William         Accounting                                                                                                                                                                              
Shelley         Accounting                                                                                                                                                                              

19 rows selected.

SQL> SELECT OUTER.FIRST_NAME, DEPARTMENT_NAME
  2  FROM EMPLOYEES
  3  OUTER JOIN DEPARTMENTS USING (DEPARTMENT_ID);

FIRST_NAME      DEPARTMENT_NAME                                                                                                                                                                         
--------------- ------------------------------                                                                                                                                                          
Jennifer        Administration                                                                                                                                                                          
Michael         Marketing                                                                                                                                                                               
Pat             Marketing                                                                                                                                                                               
Kevin           Shiping                                                                                                                                                                                 
Peter           Shiping                                                                                                                                                                                 
Randall         Shiping                                                                                                                                                                                 
Curtis          Shiping                                                                                                                                                                                 
Trenna          Shiping                                                                                                                                                                                 
Diana           IT                                                                                                                                                                                      
Bruce           IT                                                                                                                                                                                      
Alexander       IT                                                                                                                                                                                      
Ellen           Sales                                                                                                                                                                                   
Eleni           Sales                                                                                                                                                                                   
Jonathon        Sales                                                                                                                                                                                   
Lex             Executive                                                                                                                                                                               
Steven          Executive                                                                                                                                                                               
Neena           Executive                                                                                                                                                                               
William         Accounting                                                                                                                                                                              
Shelley         Accounting                                                                                                                                                                              

19 rows selected.

SQL> SELECT FIRST_NAME, DEPARTMENT_NAME
  2  FROM EMPLOYEES LEFT OUTER JOIN DEPARTMENTS USING (DEPARTMENT_ID);

FIRST_NAME      DEPARTMENT_NAME                                                                                                                                                                         
--------------- ------------------------------                                                                                                                                                          
Jennifer        Administration                                                                                                                                                                          
Michael         Marketing                                                                                                                                                                               
Pat             Marketing                                                                                                                                                                               
Kevin           Shiping                                                                                                                                                                                 
Trenna          Shiping                                                                                                                                                                                 
Curtis          Shiping                                                                                                                                                                                 
Randall         Shiping                                                                                                                                                                                 
Peter           Shiping                                                                                                                                                                                 
Alexander       IT                                                                                                                                                                                      
Bruce           IT                                                                                                                                                                                      
Diana           IT                                                                                                                                                                                      
Eleni           Sales                                                                                                                                                                                   
Ellen           Sales                                                                                                                                                                                   
Jonathon        Sales                                                                                                                                                                                   
Steven          Executive                                                                                                                                                                               
Neena           Executive                                                                                                                                                                               
Lex             Executive                                                                                                                                                                               
Shelley         Accounting                                                                                                                                                                              
William         Accounting                                                                                                                                                                              
Kimerely                                                                                                                                                                                                

20 rows selected.

SQL> SELECT FIRST_NAME, DEPARTMENT_NAME
  2  FROM EMPLOYEES RIGHT OUTER JOIN DEPARTMENTS USING (DEPARTMENT_ID);

FIRST_NAME      DEPARTMENT_NAME                                                                                                                                                                         
--------------- ------------------------------                                                                                                                                                          
Jennifer        Administration                                                                                                                                                                          
Michael         Marketing                                                                                                                                                                               
Pat             Marketing                                                                                                                                                                               
Kevin           Shiping                                                                                                                                                                                 
Peter           Shiping                                                                                                                                                                                 
Randall         Shiping                                                                                                                                                                                 
Curtis          Shiping                                                                                                                                                                                 
Trenna          Shiping                                                                                                                                                                                 
Diana           IT                                                                                                                                                                                      
Bruce           IT                                                                                                                                                                                      
Alexander       IT                                                                                                                                                                                      
Ellen           Sales                                                                                                                                                                                   
Eleni           Sales                                                                                                                                                                                   
Jonathon        Sales                                                                                                                                                                                   
Lex             Executive                                                                                                                                                                               
Steven          Executive                                                                                                                                                                               
Neena           Executive                                                                                                                                                                               
William         Accounting                                                                                                                                                                              
Shelley         Accounting                                                                                                                                                                              
                Contracting                                                                                                                                                                             

20 rows selected.

SQL> SELECT FIRST_NAME, DEPARTMENT_NAME
  2  FROM EMPLOYEES FULL OUTER JOIN DEPARTMENTS USING (DEPARTMENT_ID);

FIRST_NAME      DEPARTMENT_NAME                                                                                                                                                                         
--------------- ------------------------------                                                                                                                                                          
Steven          Executive                                                                                                                                                                               
Neena           Executive                                                                                                                                                                               
Lex             Executive                                                                                                                                                                               
Alexander       IT                                                                                                                                                                                      
Bruce           IT                                                                                                                                                                                      
Diana           IT                                                                                                                                                                                      
Kevin           Shiping                                                                                                                                                                                 
Trenna          Shiping                                                                                                                                                                                 
Curtis          Shiping                                                                                                                                                                                 
Randall         Shiping                                                                                                                                                                                 
Peter           Shiping                                                                                                                                                                                 
Eleni           Sales                                                                                                                                                                                   
Ellen           Sales                                                                                                                                                                                   
Jonathon        Sales                                                                                                                                                                                   
Kimerely                                                                                                                                                                                                
Jennifer        Administration                                                                                                                                                                          
Michael         Marketing                                                                                                                                                                               
Pat             Marketing                                                                                                                                                                               
Shelley         Accounting                                                                                                                                                                              
William         Accounting                                                                                                                                                                              
                Contracting                                                                                                                                                                             

21 rows selected.

SQL> SELECT FIRST_NAME, DEPARTMENT_NAME
  2  FROM EMPLOYEES FULL JOIN DEPARTMENTS USING (DEPARTMENT_ID);

FIRST_NAME      DEPARTMENT_NAME                                                                                                                                                                         
--------------- ------------------------------                                                                                                                                                          
Steven          Executive                                                                                                                                                                               
Neena           Executive                                                                                                                                                                               
Lex             Executive                                                                                                                                                                               
Alexander       IT                                                                                                                                                                                      
Bruce           IT                                                                                                                                                                                      
Diana           IT                                                                                                                                                                                      
Kevin           Shiping                                                                                                                                                                                 
Trenna          Shiping                                                                                                                                                                                 
Curtis          Shiping                                                                                                                                                                                 
Randall         Shiping                                                                                                                                                                                 
Peter           Shiping                                                                                                                                                                                 
Eleni           Sales                                                                                                                                                                                   
Ellen           Sales                                                                                                                                                                                   
Jonathon        Sales                                                                                                                                                                                   
Kimerely                                                                                                                                                                                                
Jennifer        Administration                                                                                                                                                                          
Michael         Marketing                                                                                                                                                                               
Pat             Marketing                                                                                                                                                                               
Shelley         Accounting                                                                                                                                                                              
William         Accounting                                                                                                                                                                              
                Contracting                                                                                                                                                                             

21 rows selected.

SQL> SELECT FIRST_NAME, DEPARTMENT_NAME
  2  FROM EMPLOYEES E LEFT JOIN DEPARTMENTS D ON E.DEPARTMENT_ID = D.DEPARTMENT_ID;

FIRST_NAME      DEPARTMENT_NAME                                                                                                                                                                         
--------------- ------------------------------                                                                                                                                                          
Jennifer        Administration                                                                                                                                                                          
Michael         Marketing                                                                                                                                                                               
Pat             Marketing                                                                                                                                                                               
Kevin           Shiping                                                                                                                                                                                 
Trenna          Shiping                                                                                                                                                                                 
Curtis          Shiping                                                                                                                                                                                 
Randall         Shiping                                                                                                                                                                                 
Peter           Shiping                                                                                                                                                                                 
Alexander       IT                                                                                                                                                                                      
Bruce           IT                                                                                                                                                                                      
Diana           IT                                                                                                                                                                                      
Eleni           Sales                                                                                                                                                                                   
Ellen           Sales                                                                                                                                                                                   
Jonathon        Sales                                                                                                                                                                                   
Steven          Executive                                                                                                                                                                               
Neena           Executive                                                                                                                                                                               
Lex             Executive                                                                                                                                                                               
Shelley         Accounting                                                                                                                                                                              
William         Accounting                                                                                                                                                                              
Kimerely                                                                                                                                                                                                

20 rows selected.

SQL> SELECT FIRST_NAME, DEPARTMENT_NAME
  2  FROM EMPLOYEES E RIGHT JOIN DEPARTMENTS D ON E.DEPARTMENT_ID = D.DEPARTMENT_ID;

FIRST_NAME      DEPARTMENT_NAME                                                                                                                                                                         
--------------- ------------------------------                                                                                                                                                          
Jennifer        Administration                                                                                                                                                                          
Michael         Marketing                                                                                                                                                                               
Pat             Marketing                                                                                                                                                                               
Kevin           Shiping                                                                                                                                                                                 
Peter           Shiping                                                                                                                                                                                 
Randall         Shiping                                                                                                                                                                                 
Curtis          Shiping                                                                                                                                                                                 
Trenna          Shiping                                                                                                                                                                                 
Diana           IT                                                                                                                                                                                      
Bruce           IT                                                                                                                                                                                      
Alexander       IT                                                                                                                                                                                      
Ellen           Sales                                                                                                                                                                                   
Eleni           Sales                                                                                                                                                                                   
Jonathon        Sales                                                                                                                                                                                   
Lex             Executive                                                                                                                                                                               
Steven          Executive                                                                                                                                                                               
Neena           Executive                                                                                                                                                                               
William         Accounting                                                                                                                                                                              
Shelley         Accounting                                                                                                                                                                              
                Contracting                                                                                                                                                                             

20 rows selected.

SQL> SELECT FIRST_NAME, DEPARTMENT_NAME
  2  FROM EMPLOYEES E FULL JOIN DEPARTMENTS D ON E.DEPARTMENT_ID = D.DEPARTMENT_ID;

FIRST_NAME      DEPARTMENT_NAME                                                                                                                                                                         
--------------- ------------------------------                                                                                                                                                          
Steven          Executive                                                                                                                                                                               
Neena           Executive                                                                                                                                                                               
Lex             Executive                                                                                                                                                                               
Alexander       IT                                                                                                                                                                                      
Bruce           IT                                                                                                                                                                                      
Diana           IT                                                                                                                                                                                      
Kevin           Shiping                                                                                                                                                                                 
Trenna          Shiping                                                                                                                                                                                 
Curtis          Shiping                                                                                                                                                                                 
Randall         Shiping                                                                                                                                                                                 
Peter           Shiping                                                                                                                                                                                 
Eleni           Sales                                                                                                                                                                                   
Ellen           Sales                                                                                                                                                                                   
Jonathon        Sales                                                                                                                                                                                   
Kimerely                                                                                                                                                                                                
Jennifer        Administration                                                                                                                                                                          
Michael         Marketing                                                                                                                                                                               
Pat             Marketing                                                                                                                                                                               
Shelley         Accounting                                                                                                                                                                              
William         Accounting                                                                                                                                                                              
                Contracting                                                                                                                                                                             

21 rows selected.

SQL> SELECT NVL(FIRST_NAME,'Bhavya') , NVL(DEPARTMENT_NAME,'Moun')
  2  FROM EMPLOYEES E FULL JOIN DEPARTMENTS D ON E.DEPARTMENT_ID = D.DEPARTMENT_ID;

NVL(FIRST_NAME, NVL(DEPARTMENT_NAME,'MOUN')                                                                                                                                                             
--------------- ------------------------------                                                                                                                                                          
Steven          Executive                                                                                                                                                                               
Neena           Executive                                                                                                                                                                               
Lex             Executive                                                                                                                                                                               
Alexander       IT                                                                                                                                                                                      
Bruce           IT                                                                                                                                                                                      
Diana           IT                                                                                                                                                                                      
Kevin           Shiping                                                                                                                                                                                 
Trenna          Shiping                                                                                                                                                                                 
Curtis          Shiping                                                                                                                                                                                 
Randall         Shiping                                                                                                                                                                                 
Peter           Shiping                                                                                                                                                                                 
Eleni           Sales                                                                                                                                                                                   
Ellen           Sales                                                                                                                                                                                   
Jonathon        Sales                                                                                                                                                                                   
Kimerely        Moun                                                                                                                                                                                    
Jennifer        Administration                                                                                                                                                                          
Michael         Marketing                                                                                                                                                                               
Pat             Marketing                                                                                                                                                                               
Shelley         Accounting                                                                                                                                                                              
William         Accounting                                                                                                                                                                              
Bhavya          Contracting                                                                                                                                                                             

21 rows selected.

SQL> REM DISPLAY ONLY THOSE DEPARTMENT NAMES IN WHICH NO EMPLOYEE IS STILL HIRED.
SQL> 
SQL> SELECT DEPARTMENT_NAME
  2  FROM EMPLOYEES
  3  JOIN DEPARTMENTS USING (DEPARTMENT_ID);

DEPARTMENT_NAME                                                                                                                                                                                         
------------------------------                                                                                                                                                                          
Administration                                                                                                                                                                                          
Marketing                                                                                                                                                                                               
Marketing                                                                                                                                                                                               
Shiping                                                                                                                                                                                                 
Shiping                                                                                                                                                                                                 
Shiping                                                                                                                                                                                                 
Shiping                                                                                                                                                                                                 
Shiping                                                                                                                                                                                                 
IT                                                                                                                                                                                                      
IT                                                                                                                                                                                                      
IT                                                                                                                                                                                                      
Sales                                                                                                                                                                                                   
Sales                                                                                                                                                                                                   
Sales                                                                                                                                                                                                   
Executive                                                                                                                                                                                               
Executive                                                                                                                                                                                               
Executive                                                                                                                                                                                               
Accounting                                                                                                                                                                                              
Accounting                                                                                                                                                                                              

19 rows selected.

SQL> SELECT DISTINCT DEPARTMENT_NAME
  2  FROM EMPLOYEES
  3  JOIN DEPARTMENTS USING (DEPARTMENT_ID);

DEPARTMENT_NAME                                                                                                                                                                                         
------------------------------                                                                                                                                                                          
Administration                                                                                                                                                                                          
Accounting                                                                                                                                                                                              
IT                                                                                                                                                                                                      
Executive                                                                                                                                                                                               
Shiping                                                                                                                                                                                                 
Sales                                                                                                                                                                                                   
Marketing                                                                                                                                                                                               

7 rows selected.

SQL> SELECT DEPARTMENT_NAME
  2  FROM EMPLOYEES
  3  RIGHT JOIN DEPARTMENTS USING (DEPARTMENT_ID);

DEPARTMENT_NAME                                                                                                                                                                                         
------------------------------                                                                                                                                                                          
Administration                                                                                                                                                                                          
Marketing                                                                                                                                                                                               
Marketing                                                                                                                                                                                               
Shiping                                                                                                                                                                                                 
Shiping                                                                                                                                                                                                 
Shiping                                                                                                                                                                                                 
Shiping                                                                                                                                                                                                 
Shiping                                                                                                                                                                                                 
IT                                                                                                                                                                                                      
IT                                                                                                                                                                                                      
IT                                                                                                                                                                                                      
Sales                                                                                                                                                                                                   
Sales                                                                                                                                                                                                   
Sales                                                                                                                                                                                                   
Executive                                                                                                                                                                                               
Executive                                                                                                                                                                                               
Executive                                                                                                                                                                                               
Accounting                                                                                                                                                                                              
Accounting                                                                                                                                                                                              
Contracting                                                                                                                                                                                             

20 rows selected.

SQL> SELECT DISTINCT DEPARTMENT_NAME
  2  FROM EMPLOYEES
  3  RIGHT JOIN DEPARTMENTS USING (DEPARTMENT_ID);

DEPARTMENT_NAME                                                                                                                                                                                         
------------------------------                                                                                                                                                                          
Administration                                                                                                                                                                                          
Accounting                                                                                                                                                                                              
IT                                                                                                                                                                                                      
Executive                                                                                                                                                                                               
Shiping                                                                                                                                                                                                 
Contracting                                                                                                                                                                                             
Sales                                                                                                                                                                                                   
Marketing                                                                                                                                                                                               

8 rows selected.

SQL> SELECT DEPARTMENT_NAME
  2  FROM EMPLOYEES
  3  RIGHT JOIN DEPARTMENTS USING (DEPARTMENT_ID)
  4  WHERE EMPLOYEE_ID IS NULL;

DEPARTMENT_NAME                                                                                                                                                                                         
------------------------------                                                                                                                                                                          
Contracting                                                                                                                                                                                             

SQL> SELECT DEPARTMENT_NAME
  2  FROM EMPLOYEES
  3  RIGHT JOIN DEPARTMENTS USING (DEPARTMENT_ID)
  4  WHERE COMMISSION_PCT IS NULL;

DEPARTMENT_NAME                                                                                                                                                                                         
------------------------------                                                                                                                                                                          
Administration                                                                                                                                                                                          
Marketing                                                                                                                                                                                               
Marketing                                                                                                                                                                                               
Shiping                                                                                                                                                                                                 
Shiping                                                                                                                                                                                                 
Shiping                                                                                                                                                                                                 
Shiping                                                                                                                                                                                                 
Shiping                                                                                                                                                                                                 
IT                                                                                                                                                                                                      
IT                                                                                                                                                                                                      
IT                                                                                                                                                                                                      
Executive                                                                                                                                                                                               
Executive                                                                                                                                                                                               
Executive                                                                                                                                                                                               
Accounting                                                                                                                                                                                              
Accounting                                                                                                                                                                                              
Contracting                                                                                                                                                                                             

17 rows selected.

SQL> SELECT DEPARTMENT_NAME
  2  FROM DEPARTMENTS
  3  LEFT JOIN DEPARTMENTS USING (DEPARTMENT_ID)
  4  WHERE EMPLOYEE_ID IS NULL;
WHERE EMPLOYEE_ID IS NULL
      *
ERROR at line 4:
ORA-00904: "EMPLOYEE_ID": invalid identifier 


SQL> SELECT DEPARTMENT_NAME
  2  FROM DEPARTMENTS
  3  LEFT JOIN EMPLOYEES USING (DEPARTMENT_ID)
  4  WHERE EMPLOYEE_ID IS NULL;

DEPARTMENT_NAME                                                                                                                                                                                         
------------------------------                                                                                                                                                                          
Contracting                                                                                                                                                                                             

SQL> SELECT DEPARTMENT_NAME
  2  FROM EMPLOYEES
  3  RIGHT JOIN DEPARTMENTS USING (DEPARTMENT_ID)
  4  WHERE EMPLOYEE_ID IS NULL;

DEPARTMENT_NAME                                                                                                                                                                                         
------------------------------                                                                                                                                                                          
Contracting                                                                                                                                                                                             

SQL> REM DISPLAY ONLY EXTRA ROWS OF BOTH TABLES.
SQL> 
SQL> REM FIRST_NAME , DEPARTMENT_NAME
SQL> 
SQL> SELECT FIRST_NAME, DEPARTMENT_NAME FROM EMPLOYEES FULL JOIN DEPARTMENTS USING (DEPARTMENT_ID) WHERE EMPLOYEE_ID IS NULL;

FIRST_NAME      DEPARTMENT_NAME                                                                                                                                                                         
--------------- ------------------------------                                                                                                                                                          
                Contracting                                                                                                                                                                             

SQL> SELECT * FROM EMPLOYEES;

EMPLOYEE_ID FIRST_NAME      LAST_NAME       EMAIL      PHONE_NUMBER         HIRE_DATE JOB_ID         SALARY COMMISSION_PCT MANAGER_ID DEPARTMENT_ID                                                     
----------- --------------- --------------- ---------- -------------------- --------- ---------- ---------- -------------- ---------- -------------                                                     
        100 Steven          King            SKING      515.123.4567         17-JUL-87 AD_PRES         24000                                      90                                                     
        101 Neena           Kochhar         NKOCHHAR   515.123.4568         21-SEP-89 AD_VP           17000                       100            90                                                     
        102 Lex             De Haan         LDEHAAN    515.123.4569         13-JAN-93 AD_VP           17000                       100            90                                                     
        103 Alexander       Hunold          AHUNOLD    590.423.4567         03-JAN-90 IT_PROG          9000                       102            60                                                     
        104 Bruce           Ernst           BERNST     590.423.4568         21-MAY-91 IT_PROG          6000                       103            60                                                     
        107 Diana           Lorentz         DLORENTZ   590.423.5567         07-FEB-99 IT_PROG          4200                       103            60                                                     
        124 Kevin           Mourgos         KMOURGOS   650.123.5234         16-NOV-99 ST_MAN           5800                       100            50                                                     
        141 Trenna          Rajs            TRAJS      650.121.8009         17-OCT-95 ST_CLERK         3500                       124            50                                                     
        142 Curtis          Davies          CDAVIES    650.121.2994         29-JAN-97 ST_CLERK         3100                       124            50                                                     
        143 Randall         Matos           RMATOS     650.121.2874         15-MAR-98 ST_CLERK         2600                       124            50                                                     
        144 Peter           Vargas          PVARGAS    650.121.2004         09-JUL-98 ST_CLERK         2500                       124            50                                                     
        149 Eleni           Zlotkey         EZLOTKEY   011.44.1344.429018   29-JAN-00 SA_MAN          10500             .2        100            80                                                     
        174 Ellen           Abel            EABEL      011.44.1644.429267   11-MAY-96 SA_REP          11000             .3        149            80                                                     
        176 Jonathon        Taylor          JTAYLOR    011.44.1644.429265   24-MAR-98 SA_REP           8600             .3        149            80                                                     
        178 Kimerely        Grant           KGRANT     011.44.1644.429263   24-MAY-99 SA_REP           7000            .15        149                                                                   
        200 Jennifer        Whalen          JWHALEN    515.123.4444         17-SEP-87 AD_ASST          4400                       101            10                                                     
        201 Michael         Hartstein       MHARTSTE   515.123.5555         17-FEB-96 MK_MAN          13000                       100            20                                                     
        202 Pat             Fay             PFAY       603.123.6666         17-AUG-97 MK_REP           6000                       201            20                                                     
        205 Shelley         Higgins         SHIGGINS   515.123.8080         07-JUN-94 AC_MGR          12000                       101           110                                                     
        206 William         Gietz           WGIETZ     515.123.8181         07-JUN-94 AC_ACCOUNT       8300                       205           110                                                     

20 rows selected.

SQL> SELECT * FROM DEPARTMENTS;

DEPARTMENT_ID DEPARTMENT_NAME                MANAGER_ID LOCATION_ID                                                                                                                                     
------------- ------------------------------ ---------- -----------                                                                                                                                     
           10 Administration                        200        1700                                                                                                                                     
           20 Marketing                             201        1800                                                                                                                                     
           50 Shiping                               124        1500                                                                                                                                     
           60 IT                                    103        1400                                                                                                                                     
           80 Sales                                 149        2500                                                                                                                                     
           90 Executive                             100        1700                                                                                                                                     
          110 Accounting                            205        1700                                                                                                                                     
          190 Contracting                                      1700                                                                                                                                     

8 rows selected.

SQL> SELECT FIRST_NAME, DEPARTMENT_NAME FROM EMPLOYEES FULL JOIN DEPARTMENTS USING (DEPARTMENT_ID) WHERE EMPLOYEE_ID IS NULL AND DEPARTMENT_ID IS NULL;

no rows selected

SQL> SELECT FIRST_NAME, DEPARTMENT_NAME FROM EMPLOYEES FULL JOIN DEPARTMENTS USING (DEPARTMENT_ID) WHERE EMPLOYEE_ID IS NULL OR DEPARTMENT_ID IS NULL;

FIRST_NAME      DEPARTMENT_NAME                                                                                                                                                                         
--------------- ------------------------------                                                                                                                                                          
Kimerely                                                                                                                                                                                                
                Contracting                                                                                                                                                                             

SQL> SELECT FIRST_NAME, DEPARTMENT_NAME FROM EMPLOYEES FULL JOIN DEPARTMENTS USING (DEPARTMENT_ID) WHERE FIRST_NAME IS NULL OR DEPARTMENT_NAME IS NULL;

FIRST_NAME      DEPARTMENT_NAME                                                                                                                                                                         
--------------- ------------------------------                                                                                                                                                          
Kimerely                                                                                                                                                                                                
                Contracting                                                                                                                                                                             

SQL> SELECT * FROM EMPLOYEES;

EMPLOYEE_ID FIRST_NAME      LAST_NAME       EMAIL      PHONE_NUMBER         HIRE_DATE JOB_ID         SALARY COMMISSION_PCT MANAGER_ID DEPARTMENT_ID                                                     
----------- --------------- --------------- ---------- -------------------- --------- ---------- ---------- -------------- ---------- -------------                                                     
        100 Steven          King            SKING      515.123.4567         17-JUL-87 AD_PRES         24000                                      90                                                     
        101 Neena           Kochhar         NKOCHHAR   515.123.4568         21-SEP-89 AD_VP           17000                       100            90                                                     
        102 Lex             De Haan         LDEHAAN    515.123.4569         13-JAN-93 AD_VP           17000                       100            90                                                     
        103 Alexander       Hunold          AHUNOLD    590.423.4567         03-JAN-90 IT_PROG          9000                       102            60                                                     
        104 Bruce           Ernst           BERNST     590.423.4568         21-MAY-91 IT_PROG          6000                       103            60                                                     
        107 Diana           Lorentz         DLORENTZ   590.423.5567         07-FEB-99 IT_PROG          4200                       103            60                                                     
        124 Kevin           Mourgos         KMOURGOS   650.123.5234         16-NOV-99 ST_MAN           5800                       100            50                                                     
        141 Trenna          Rajs            TRAJS      650.121.8009         17-OCT-95 ST_CLERK         3500                       124            50                                                     
        142 Curtis          Davies          CDAVIES    650.121.2994         29-JAN-97 ST_CLERK         3100                       124            50                                                     
        143 Randall         Matos           RMATOS     650.121.2874         15-MAR-98 ST_CLERK         2600                       124            50                                                     
        144 Peter           Vargas          PVARGAS    650.121.2004         09-JUL-98 ST_CLERK         2500                       124            50                                                     
        149 Eleni           Zlotkey         EZLOTKEY   011.44.1344.429018   29-JAN-00 SA_MAN          10500             .2        100            80                                                     
        174 Ellen           Abel            EABEL      011.44.1644.429267   11-MAY-96 SA_REP          11000             .3        149            80                                                     
        176 Jonathon        Taylor          JTAYLOR    011.44.1644.429265   24-MAR-98 SA_REP           8600             .3        149            80                                                     
        178 Kimerely        Grant           KGRANT     011.44.1644.429263   24-MAY-99 SA_REP           7000            .15        149                                                                   
        200 Jennifer        Whalen          JWHALEN    515.123.4444         17-SEP-87 AD_ASST          4400                       101            10                                                     
        201 Michael         Hartstein       MHARTSTE   515.123.5555         17-FEB-96 MK_MAN          13000                       100            20                                                     
        202 Pat             Fay             PFAY       603.123.6666         17-AUG-97 MK_REP           6000                       201            20                                                     
        205 Shelley         Higgins         SHIGGINS   515.123.8080         07-JUN-94 AC_MGR          12000                       101           110                                                     
        206 William         Gietz           WGIETZ     515.123.8181         07-JUN-94 AC_ACCOUNT       8300                       205           110                                                     

20 rows selected.

SQL> SELECT * FROM JOB_GRADES;

GRA LOWEST_SAL HIGHEST_SAL                                                                                                                                                                              
--- ---------- -----------                                                                                                                                                                              
A         1000        2999                                                                                                                                                                              
B         3000        5999                                                                                                                                                                              
C         6000        9999                                                                                                                                                                              
D        10000       14999                                                                                                                                                                              
E        15000       24999                                                                                                                                                                              
F        25000       40000                                                                                                                                                                              

6 rows selected.

SQL> REM DISPLAY GRADE_LEVEL IN WHICH NO EMPLOYEE IS GETTING SALARY.
SQL> 
SQL> SELECT GRADE_LEVEL
  2  FROM EMPLOYEES
  3  RIGHT OUTER JOIN JOB_GRADES ON SALARY BETWEEN LOWEST_SAL AND HIGHEST_SAL
  4  WHERE EMPLOYEE_ID IS NULL;

GRA                                                                                                                                                                                                     
---                                                                                                                                                                                                     
F                                                                                                                                                                                                       

SQL> SELECT * FROM EMPLOYEES;

EMPLOYEE_ID FIRST_NAME      LAST_NAME       EMAIL      PHONE_NUMBER         HIRE_DATE JOB_ID         SALARY COMMISSION_PCT MANAGER_ID DEPARTMENT_ID                                                     
----------- --------------- --------------- ---------- -------------------- --------- ---------- ---------- -------------- ---------- -------------                                                     
        100 Steven          King            SKING      515.123.4567         17-JUL-87 AD_PRES         24000                                      90                                                     
        101 Neena           Kochhar         NKOCHHAR   515.123.4568         21-SEP-89 AD_VP           17000                       100            90                                                     
        102 Lex             De Haan         LDEHAAN    515.123.4569         13-JAN-93 AD_VP           17000                       100            90                                                     
        103 Alexander       Hunold          AHUNOLD    590.423.4567         03-JAN-90 IT_PROG          9000                       102            60                                                     
        104 Bruce           Ernst           BERNST     590.423.4568         21-MAY-91 IT_PROG          6000                       103            60                                                     
        107 Diana           Lorentz         DLORENTZ   590.423.5567         07-FEB-99 IT_PROG          4200                       103            60                                                     
        124 Kevin           Mourgos         KMOURGOS   650.123.5234         16-NOV-99 ST_MAN           5800                       100            50                                                     
        141 Trenna          Rajs            TRAJS      650.121.8009         17-OCT-95 ST_CLERK         3500                       124            50                                                     
        142 Curtis          Davies          CDAVIES    650.121.2994         29-JAN-97 ST_CLERK         3100                       124            50                                                     
        143 Randall         Matos           RMATOS     650.121.2874         15-MAR-98 ST_CLERK         2600                       124            50                                                     
        144 Peter           Vargas          PVARGAS    650.121.2004         09-JUL-98 ST_CLERK         2500                       124            50                                                     
        149 Eleni           Zlotkey         EZLOTKEY   011.44.1344.429018   29-JAN-00 SA_MAN          10500             .2        100            80                                                     
        174 Ellen           Abel            EABEL      011.44.1644.429267   11-MAY-96 SA_REP          11000             .3        149            80                                                     
        176 Jonathon        Taylor          JTAYLOR    011.44.1644.429265   24-MAR-98 SA_REP           8600             .3        149            80                                                     
        178 Kimerely        Grant           KGRANT     011.44.1644.429263   24-MAY-99 SA_REP           7000            .15        149                                                                   
        200 Jennifer        Whalen          JWHALEN    515.123.4444         17-SEP-87 AD_ASST          4400                       101            10                                                     
        201 Michael         Hartstein       MHARTSTE   515.123.5555         17-FEB-96 MK_MAN          13000                       100            20                                                     
        202 Pat             Fay             PFAY       603.123.6666         17-AUG-97 MK_REP           6000                       201            20                                                     
        205 Shelley         Higgins         SHIGGINS   515.123.8080         07-JUN-94 AC_MGR          12000                       101           110                                                     
        206 William         Gietz           WGIETZ     515.123.8181         07-JUN-94 AC_ACCOUNT       8300                       205           110                                                     

20 rows selected.

SQL> SELECT * FROM JOB_HISTORY;

EMPLOYEE_ID START_DAT END_DATE  JOB_ID     DEPARTMENT_ID                                                                                                                                                
----------- --------- --------- ---------- -------------                                                                                                                                                
        102 13-JAN-93 24-JUL-98 IT_PROG               60                                                                                                                                                
        101 21-SEP-89 27-OCT-93 AC_ACCOUNT           110                                                                                                                                                
        101 28-OCT-93 15-MAR-97 AC_MGR               110                                                                                                                                                
        201 17-FEB-96 19-DEC-99 MK_REP                20                                                                                                                                                
        114 24-MAR-98 31-DEC-99 ST_CLERK              50                                                                                                                                                
        122 01-JAN-99 31-DEC-99 ST_CLERK              50                                                                                                                                                
        200 17-SEP-87 17-JUN-93 AD_ASST               90                                                                                                                                                
        176 24-MAR-98 31-DEC-98 SA_REP                80                                                                                                                                                
        176 01-JAN-99 31-DEC-99 SA_MAN                80                                                                                                                                                
        200 01-JUL-94 31-DEC-98 AC_ACCOUNT            90                                                                                                                                                

10 rows selected.

SQL> REM DISPLAY FIRST_NAME FOR THOSE WHO HAVE GOT PROMOTION
SQL> 
SQL> SELECT FIRST_NAME
  2  FROM EMPLOYEES
  3  LEFT JOIN JOB_HISTORY USING (EMPLOYEE_ID)
  4  WHERE START_DATE IS NULL;

FIRST_NAME                                                                                                                                                                                              
---------------                                                                                                                                                                                         
Diana                                                                                                                                                                                                   
Kevin                                                                                                                                                                                                   
William                                                                                                                                                                                                 
Randall                                                                                                                                                                                                 
Bruce                                                                                                                                                                                                   
Trenna                                                                                                                                                                                                  
Ellen                                                                                                                                                                                                   
Alexander                                                                                                                                                                                               
Curtis                                                                                                                                                                                                  
Kimerely                                                                                                                                                                                                
Eleni                                                                                                                                                                                                   
Pat                                                                                                                                                                                                     
Peter                                                                                                                                                                                                   
Shelley                                                                                                                                                                                                 
Steven                                                                                                                                                                                                  

15 rows selected.

SQL> SELECT FIRST_NAME
  2  FROM EMPLOYEES
  3  LEFT JOIN JOB_HISTORY USING (EMPLOYEE_ID)
  4  WHERE START_DATE IS NOT NULL;

FIRST_NAME                                                                                                                                                                                              
---------------                                                                                                                                                                                         
Neena                                                                                                                                                                                                   
Neena                                                                                                                                                                                                   
Lex                                                                                                                                                                                                     
Jonathon                                                                                                                                                                                                
Jonathon                                                                                                                                                                                                
Jennifer                                                                                                                                                                                                
Jennifer                                                                                                                                                                                                
Michael                                                                                                                                                                                                 

8 rows selected.

SQL> SELECT DISTINCT FIRST_NAME
  2  FROM EMPLOYEES
  3  LEFT JOIN JOB_HISTORY USING (EMPLOYEE_ID)
  4  WHERE START_DATE IS NOT NULL
  5  ORDER BY 1;

FIRST_NAME                                                                                                                                                                                              
---------------                                                                                                                                                                                         
Jennifer                                                                                                                                                                                                
Jonathon                                                                                                                                                                                                
Lex                                                                                                                                                                                                     
Michael                                                                                                                                                                                                 
Neena                                                                                                                                                                                                   

SQL> SELECT DISTINCT FIRST_NAME
  2  FROM EMPLOYEES
  3  JOIN JOB_HISTORY USING (EMPLOYEE_ID)
  4  ORDER BY 1;

FIRST_NAME                                                                                                                                                                                              
---------------                                                                                                                                                                                         
Jennifer                                                                                                                                                                                                
Jonathon                                                                                                                                                                                                
Lex                                                                                                                                                                                                     
Michael                                                                                                                                                                                                 
Neena                                                                                                                                                                                                   

SQL> REM DISPLAY FIRST_NAME FOR THOSE WHO HAVE NOT GOT ANY PROMOTION
SQL> 
SQL> SELECT FIRST_NAME
  2  FROM EMPLOYEES
  3  LEFT JOIN JOB_HISTORY USING (EMPLOYEE_ID)
  4  WHERE START_DATE IS NULL;

FIRST_NAME                                                                                                                                                                                              
---------------                                                                                                                                                                                         
Diana                                                                                                                                                                                                   
Kevin                                                                                                                                                                                                   
William                                                                                                                                                                                                 
Randall                                                                                                                                                                                                 
Bruce                                                                                                                                                                                                   
Trenna                                                                                                                                                                                                  
Ellen                                                                                                                                                                                                   
Alexander                                                                                                                                                                                               
Curtis                                                                                                                                                                                                  
Kimerely                                                                                                                                                                                                
Eleni                                                                                                                                                                                                   
Pat                                                                                                                                                                                                     
Peter                                                                                                                                                                                                   
Shelley                                                                                                                                                                                                 
Steven                                                                                                                                                                                                  

15 rows selected.

SQL> SELECT FIRST_NAME
  2  FROM EMPLOYEES
  3  LEFT JOIN JOB_HISTORY USING (EMPLOYEE_ID)
  4  WHERE EMPLOYEE_ID IS NULL;

no rows selected

SQL> SELECT FIRST-NAME FROM EMPLOYEES E FULL JOIN JOB_HISTORY J ON J.JOB_ID != E.JOB_ID WHERE J.EMPLOYEE_ID IS NULL;
SELECT FIRST-NAME FROM EMPLOYEES E FULL JOIN JOB_HISTORY J ON J.JOB_ID != E.JOB_ID WHERE J.EMPLOYEE_ID IS NULL
             *
ERROR at line 1:
ORA-00904: "NAME": invalid identifier 


SQL> SELECT FIRST_NAME FROM EMPLOYEES E FULL JOIN JOB_HISTORY J ON J.JOB_ID != E.JOB_ID WHERE J.EMPLOYEE_ID IS NULL;

no rows selected

SQL> SELECT FIRST_NAME FROM EMPLOYEES E FULL JOIN JOB_HISTORY J ON J.JOB_ID != E.JOB_ID AND E.EMPLOYEE_ID = J.EMPLOYEE_ID WHERE J.EMPLOYEE_ID IS NULL;

FIRST_NAME                                                                                                                                                                                              
---------------                                                                                                                                                                                         
Steven                                                                                                                                                                                                  
Alexander                                                                                                                                                                                               
Bruce                                                                                                                                                                                                   
Diana                                                                                                                                                                                                   
Kevin                                                                                                                                                                                                   
Trenna                                                                                                                                                                                                  
Curtis                                                                                                                                                                                                  
Randall                                                                                                                                                                                                 
Peter                                                                                                                                                                                                   
Eleni                                                                                                                                                                                                   
Ellen                                                                                                                                                                                                   
Kimerely                                                                                                                                                                                                
Pat                                                                                                                                                                                                     
Shelley                                                                                                                                                                                                 
William                                                                                                                                                                                                 

15 rows selected.

SQL> SELECT FIRST_NAME FROM EMPLOYEES E FULL JOIN JOB_HISTORY J ON J.JOB_ID != E.JOB_ID AND E.EMPLOYEE_ID = J.EMPLOYEE_ID WHERE J.EMPLOYEE_ID IS NOT NULL;

FIRST_NAME                                                                                                                                                                                              
---------------                                                                                                                                                                                         
Neena                                                                                                                                                                                                   
Neena                                                                                                                                                                                                   
Lex                                                                                                                                                                                                     
Jonathon                                                                                                                                                                                                
Jennifer                                                                                                                                                                                                
Michael                                                                                                                                                                                                 
                                                                                                                                                                                                        
                                                                                                                                                                                                        
                                                                                                                                                                                                        
                                                                                                                                                                                                        

10 rows selected.

SQL> SELECT DISTINCT FIRST_NAME FROM EMPLOYEES E FULL JOIN JOB_HISTORY J ON J.JOB_ID != E.JOB_ID AND E.EMPLOYEE_ID = J.EMPLOYEE_ID WHERE J.EMPLOYEE_ID IS NOT NULL;

FIRST_NAME                                                                                                                                                                                              
---------------                                                                                                                                                                                         
Michael                                                                                                                                                                                                 
                                                                                                                                                                                                        
Jonathon                                                                                                                                                                                                
Lex                                                                                                                                                                                                     
Neena                                                                                                                                                                                                   
Jennifer                                                                                                                                                                                                

6 rows selected.

SQL> SPOOL OFF
