SQL> 
SQL> CL SCR

SQL> REM SELF JOIN : IT IS CONCEPTUAL/LOGICAL JOIN,BUT NOT SYNTACITCAL JOIN.
SQL> 
SQL> REM WHEN WE REFER SAME TABLE TWO TIMES IN JOIN CONDITION, IT IS CALLED SELF JOIN.
SQL> 
SQL> SELECT EMPLOYEE_ID, FIRST_NAME , MANAGER_ID FROM EMPLOYEES;

EMPLOYEE_ID FIRST_NAME      MANAGER_ID                                                                                                                                                                  
----------- --------------- ----------                                                                                                                                                                  
        100 Steven                                                                                                                                                                                      
        101 Neena                  100                                                                                                                                                                  
        102 Lex                    100                                                                                                                                                                  
        103 Alexander              102                                                                                                                                                                  
        104 Bruce                  103                                                                                                                                                                  
        107 Diana                  103                                                                                                                                                                  
        124 Kevin                  100                                                                                                                                                                  
        141 Trenna                 124                                                                                                                                                                  
        142 Curtis                 124                                                                                                                                                                  
        143 Randall                124                                                                                                                                                                  
        144 Peter                  124                                                                                                                                                                  
        149 Eleni                  100                                                                                                                                                                  
        174 Ellen                  149                                                                                                                                                                  
        176 Jonathon               149                                                                                                                                                                  
        178 Kimerely               149                                                                                                                                                                  
        200 Jennifer               101                                                                                                                                                                  
        201 Michael                100                                                                                                                                                                  
        202 Pat                    201                                                                                                                                                                  
        205 Shelley                101                                                                                                                                                                  
        206 William                205                                                                                                                                                                  

20 rows selected.

SQL> REM DISPLAY EMPLOYEE_NAME AND HIS/HER MANAGER_NAME
SQL> 
SQL> SELECT E.FIRST_NAME EMP_NAME , M.FIRST_NAME MGR_NAME
  2  FROM EMPLOYEES E
  3  JOIN EMPLOYEES M ON E.MANAGER_ID = M.EMPLOYEE_ID;

EMP_NAME        MGR_NAME                                                                                                                                                                                
--------------- ---------------                                                                                                                                                                         
Neena           Steven                                                                                                                                                                                  
Lex             Steven                                                                                                                                                                                  
Kevin           Steven                                                                                                                                                                                  
Eleni           Steven                                                                                                                                                                                  
Michael         Steven                                                                                                                                                                                  
Jennifer        Neena                                                                                                                                                                                   
Shelley         Neena                                                                                                                                                                                   
Alexander       Lex                                                                                                                                                                                     
Bruce           Alexander                                                                                                                                                                               
Diana           Alexander                                                                                                                                                                               
Trenna          Kevin                                                                                                                                                                                   
Curtis          Kevin                                                                                                                                                                                   
Randall         Kevin                                                                                                                                                                                   
Peter           Kevin                                                                                                                                                                                   
Ellen           Eleni                                                                                                                                                                                   
Jonathon        Eleni                                                                                                                                                                                   
Kimerely        Eleni                                                                                                                                                                                   
Pat             Michael                                                                                                                                                                                 
William         Shelley                                                                                                                                                                                 

19 rows selected.

SQL> SELECT E.FIRST_NAME EMP_NAME , M.FIRST_NAME MGR_NAME
  2  FROM EMPLOYEES E
  3  JOIN EMPLOYEES M ON M.MANAGER_ID = E.EMPLOYEE_ID;

EMP_NAME        MGR_NAME                                                                                                                                                                                
--------------- ---------------                                                                                                                                                                         
Steven          Neena                                                                                                                                                                                   
Steven          Lex                                                                                                                                                                                     
Lex             Alexander                                                                                                                                                                               
Alexander       Bruce                                                                                                                                                                                   
Alexander       Diana                                                                                                                                                                                   
Steven          Kevin                                                                                                                                                                                   
Kevin           Trenna                                                                                                                                                                                  
Kevin           Curtis                                                                                                                                                                                  
Kevin           Randall                                                                                                                                                                                 
Kevin           Peter                                                                                                                                                                                   
Steven          Eleni                                                                                                                                                                                   
Eleni           Ellen                                                                                                                                                                                   
Eleni           Jonathon                                                                                                                                                                                
Eleni           Kimerely                                                                                                                                                                                
Neena           Jennifer                                                                                                                                                                                
Steven          Michael                                                                                                                                                                                 
Michael         Pat                                                                                                                                                                                     
Neena           Shelley                                                                                                                                                                                 
Shelley         William                                                                                                                                                                                 

19 rows selected.

SQL> REM DISPLAY FIRST_NAME AND SALARY FOR EMPLOYEE AND MANAGER
SQL> 
SQL> SELECT E.FIRST_NAME EMP_NAME , E.SALARY EMP_SALARY , M.FIRST_NAME MGR_NAME , M.SALARY MGR_SALARY
  2  FROM EMPLOYEES E
  3  JOIN EMPLOYEES M ON E.MANAGER_ID = M.EMPLOYEE_ID ;

EMP_NAME        EMP_SALARY MGR_NAME        MGR_SALARY                                                                                                                                                   
--------------- ---------- --------------- ----------                                                                                                                                                   
Neena                17000 Steven               24000                                                                                                                                                   
Lex                  17000 Steven               24000                                                                                                                                                   
Kevin                 5800 Steven               24000                                                                                                                                                   
Eleni                10500 Steven               24000                                                                                                                                                   
Michael              13000 Steven               24000                                                                                                                                                   
Jennifer              4400 Neena                17000                                                                                                                                                   
Shelley              12000 Neena                17000                                                                                                                                                   
Alexander             9000 Lex                  17000                                                                                                                                                   
Bruce                 6000 Alexander             9000                                                                                                                                                   
Diana                 4200 Alexander             9000                                                                                                                                                   
Trenna                3500 Kevin                 5800                                                                                                                                                   
Curtis                3100 Kevin                 5800                                                                                                                                                   
Randall               2600 Kevin                 5800                                                                                                                                                   
Peter                 2500 Kevin                 5800                                                                                                                                                   
Ellen                11000 Eleni                10500                                                                                                                                                   
Jonathon              8600 Eleni                10500                                                                                                                                                   
Kimerely              7000 Eleni                10500                                                                                                                                                   
Pat                   6000 Michael              13000                                                                                                                                                   
William               8300 Shelley              12000                                                                                                                                                   

19 rows selected.

SQL> REM ADD : DIFFERENCE
SQL> 
SQL> SELECT E.FIRST_NAME, EMP E.SALARY EMP_SAL,M.FIRST_NAME MAN, M.SALARY MAN_SAL, M.SALARY - E.SALARY DIFFERENCE FROM EMPLOYEES E JOIN EMPLOYEES M ON E.MANAGER_ID = M.EMPLOYEE_ID;
SELECT E.FIRST_NAME, EMP E.SALARY EMP_SAL,M.FIRST_NAME MAN, M.SALARY MAN_SAL, M.SALARY - E.SALARY DIFFERENCE FROM EMPLOYEES E JOIN EMPLOYEES M ON E.MANAGER_ID = M.EMPLOYEE_ID
                          *
ERROR at line 1:
ORA-00923: FROM keyword not found where expected 


SQL> SELECT E.FIRST_NAME EMP,  E.SALARY EMP_SAL,M.FIRST_NAME MAN, M.SALARY MAN_SAL, M.SALARY - E.SALARY DIFFERENCE FROM EMPLOYEES E JOIN EMPLOYEES M ON E.MANAGER_ID = M.EMPLOYEE_ID;

EMP                EMP_SAL MAN                MAN_SAL DIFFERENCE                                                                                                                                        
--------------- ---------- --------------- ---------- ----------                                                                                                                                        
Neena                17000 Steven               24000       7000                                                                                                                                        
Lex                  17000 Steven               24000       7000                                                                                                                                        
Kevin                 5800 Steven               24000      18200                                                                                                                                        
Eleni                10500 Steven               24000      13500                                                                                                                                        
Michael              13000 Steven               24000      11000                                                                                                                                        
Jennifer              4400 Neena                17000      12600                                                                                                                                        
Shelley              12000 Neena                17000       5000                                                                                                                                        
Alexander             9000 Lex                  17000       8000                                                                                                                                        
Bruce                 6000 Alexander             9000       3000                                                                                                                                        
Diana                 4200 Alexander             9000       4800                                                                                                                                        
Trenna                3500 Kevin                 5800       2300                                                                                                                                        
Curtis                3100 Kevin                 5800       2700                                                                                                                                        
Randall               2600 Kevin                 5800       3200                                                                                                                                        
Peter                 2500 Kevin                 5800       3300                                                                                                                                        
Ellen                11000 Eleni                10500       -500                                                                                                                                        
Jonathon              8600 Eleni                10500       1900                                                                                                                                        
Kimerely              7000 Eleni                10500       3500                                                                                                                                        
Pat                   6000 Michael              13000       7000                                                                                                                                        
William               8300 Shelley              12000       3700                                                                                                                                        

19 rows selected.

SQL> SELECT E.FIRST_NAME EMP, E.SALARY EMP_SAL,M.FIRST_NAME MAN, M.SALARY MAN_SAL, (M.SALARY - E.SALARY) > 5000 DIFFERENCE FROM EMPLOYEES E JOIN EMPLOYEES M ON E.MANAGER_ID = M.EMPLOYEE_ID;
SELECT E.FIRST_NAME EMP, E.SALARY EMP_SAL,M.FIRST_NAME MAN, M.SALARY MAN_SAL, (M.SALARY - E.SALARY) > 5000 DIFFERENCE FROM EMPLOYEES E JOIN EMPLOYEES M ON E.MANAGER_ID = M.EMPLOYEE_ID
                                                                                                    *
ERROR at line 1:
ORA-00923: FROM keyword not found where expected 


SQL> SELECT E.FIRST_NAME EMP, E.SALARY EMP_SAL,M.FIRST_NAME MAN, M.SALARY MAN_SAL, (M.SALARY - E.SALARY) DIFFERENCE FROM EMPLOYEES E JOIN EMPLOYEES M ON E.MANAGER_ID = M.EMPLOYEE_ID
  2  WHERE M.SALARY - E.SALARY > 5000;

EMP                EMP_SAL MAN                MAN_SAL DIFFERENCE                                                                                                                                        
--------------- ---------- --------------- ---------- ----------                                                                                                                                        
Neena                17000 Steven               24000       7000                                                                                                                                        
Lex                  17000 Steven               24000       7000                                                                                                                                        
Kevin                 5800 Steven               24000      18200                                                                                                                                        
Eleni                10500 Steven               24000      13500                                                                                                                                        
Michael              13000 Steven               24000      11000                                                                                                                                        
Jennifer              4400 Neena                17000      12600                                                                                                                                        
Alexander             9000 Lex                  17000       8000                                                                                                                                        
Pat                   6000 Michael              13000       7000                                                                                                                                        

8 rows selected.

SQL> SELECT E.FIRST_NAME EMP, E.SALARY EMP_SAL,M.FIRST_NAME MAN, M.SALARY MAN_SAL, (M.SALARY - E.SALARY) DIFFERENCE FROM EMPLOYEES E JOIN EMPLOYEES M ON E.MANAGER_ID = M.EMPLOYEE_ID
  2  WHERE M.SALARY - E.SALARY >= 5000;

EMP                EMP_SAL MAN                MAN_SAL DIFFERENCE                                                                                                                                        
--------------- ---------- --------------- ---------- ----------                                                                                                                                        
Neena                17000 Steven               24000       7000                                                                                                                                        
Lex                  17000 Steven               24000       7000                                                                                                                                        
Kevin                 5800 Steven               24000      18200                                                                                                                                        
Eleni                10500 Steven               24000      13500                                                                                                                                        
Michael              13000 Steven               24000      11000                                                                                                                                        
Jennifer              4400 Neena                17000      12600                                                                                                                                        
Shelley              12000 Neena                17000       5000                                                                                                                                        
Alexander             9000 Lex                  17000       8000                                                                                                                                        
Pat                   6000 Michael              13000       7000                                                                                                                                        

9 rows selected.

SQL> SELECT E.FIRST_NAME EMP, E.SALARY EMP_SAL,M.FIRST_NAME MAN, M.SALARY MAN_SAL, (M.SALARY - E.SALARY) DIFFERENCE FROM EMPLOYEES E JOIN EMPLOYEES M ON E.MANAGER_ID = M.EMPLOYEE_ID
  2  WHERE M.SALARY - E.SALARY >= 5000 ORDER BY DIFFERENCE DESC;

EMP                EMP_SAL MAN                MAN_SAL DIFFERENCE                                                                                                                                        
--------------- ---------- --------------- ---------- ----------                                                                                                                                        
Kevin                 5800 Steven               24000      18200                                                                                                                                        
Eleni                10500 Steven               24000      13500                                                                                                                                        
Jennifer              4400 Neena                17000      12600                                                                                                                                        
Michael              13000 Steven               24000      11000                                                                                                                                        
Alexander             9000 Lex                  17000       8000                                                                                                                                        
Pat                   6000 Michael              13000       7000                                                                                                                                        
Neena                17000 Steven               24000       7000                                                                                                                                        
Lex                  17000 Steven               24000       7000                                                                                                                                        
Shelley              12000 Neena                17000       5000                                                                                                                                        

9 rows selected.

SQL> REM FIRST_NAME , DEPARTMENT_NAME FOR EMPLOYEE AND MANAGER
SQL> 
SQL> SELECT EMPLOYEE_ID , MANAGER_ID , DEPARTMENT_ID FROM EMPLOYEES;

EMPLOYEE_ID MANAGER_ID DEPARTMENT_ID                                                                                                                                                                    
----------- ---------- -------------                                                                                                                                                                    
        100                       90                                                                                                                                                                    
        101        100            90                                                                                                                                                                    
        102        100            90                                                                                                                                                                    
        103        102            60                                                                                                                                                                    
        104        103            60                                                                                                                                                                    
        107        103            60                                                                                                                                                                    
        124        100            50                                                                                                                                                                    
        141        124            50                                                                                                                                                                    
        142        124            50                                                                                                                                                                    
        143        124            50                                                                                                                                                                    
        144        124            50                                                                                                                                                                    
        149        100            80                                                                                                                                                                    
        174        149            80                                                                                                                                                                    
        176        149            80                                                                                                                                                                    
        178        149                                                                                                                                                                                  
        200        101            10                                                                                                                                                                    
        201        100            20                                                                                                                                                                    
        202        201            20                                                                                                                                                                    
        205        101           110                                                                                                                                                                    
        206        205           110                                                                                                                                                                    

20 rows selected.

SQL> REM FIRST_NAME , DEPARTMENT_NAME FOR EMPLOYEE AND MANAGER
SQL> 
SQL> SELECT E.FIRST_NAME EMP_NAME , ED.DEPARTMENT_NAME EMP_DEPT_NAME ,
  2         M.FIRST_NAME MGR_NAME , MD.DEPARTMENT_NAME MGR_DEPT_NAME
  3  FROM   EMPLOYEES E
  4  JOIN   EMPLOYEES M ON E.MANAGER_ID = M.EMPLOYEE_ID
  5  JOIN   DEPARTMENTS ED ON E.DEPARTMENT_ID = ED.DEPARTMENT_ID
  6  JOIN   DEPARTMENTS MD ON M.DEPARTMENT_ID = MD.DEPARTMENT_ID;

EMP_NAME        EMP_DEPT_NAME                  MGR_NAME        MGR_DEPT_NAME                                                                                                                            
--------------- ------------------------------ --------------- ------------------------------                                                                                                           
Pat             Marketing                      Michael         Marketing                                                                                                                                
Peter           Shiping                        Kevin           Shiping                                                                                                                                  
Randall         Shiping                        Kevin           Shiping                                                                                                                                  
Curtis          Shiping                        Kevin           Shiping                                                                                                                                  
Trenna          Shiping                        Kevin           Shiping                                                                                                                                  
Diana           IT                             Alexander       IT                                                                                                                                       
Bruce           IT                             Alexander       IT                                                                                                                                       
Ellen           Sales                          Eleni           Sales                                                                                                                                    
Jonathon        Sales                          Eleni           Sales                                                                                                                                    
Michael         Marketing                      Steven          Executive                                                                                                                                
Kevin           Shiping                        Steven          Executive                                                                                                                                
Eleni           Sales                          Steven          Executive                                                                                                                                
Lex             Executive                      Steven          Executive                                                                                                                                
Neena           Executive                      Steven          Executive                                                                                                                                
Jennifer        Administration                 Neena           Executive                                                                                                                                
Shelley         Accounting                     Neena           Executive                                                                                                                                
Alexander       IT                             Lex             Executive                                                                                                                                
William         Accounting                     Shelley         Accounting                                                                                                                               

18 rows selected.

SQL> REM FIRST_NAME , DEPARTMENT_NAME FOR EMPLOYEE AND MANAGER
SQL> 
SQL> SELECT E.FIRST_NAME EMP_NAME , ED.DEPARTMENT_NAME EMP_DEPT_NAME , M.FIRST_NAME MGR_NAME , MD.DEPARTMENT_NAME MGR_DEPT_NAME
  2  FROM EMPLOYEES E
  3  JOIN EMPLOYEES M ON E.MANAGER_ID = M.EMPLOYEE_ID
  4  JOIN DEPARTMENTS ED ON E.DEPARTMENT_ID = ED.DEPARTMENT_ID
  5  JOIN DEPARTMENTS MD ON M.DEPARTMENT_ID = MD.DEPARTMENT_ID ;

EMP_NAME        EMP_DEPT_NAME                  MGR_NAME        MGR_DEPT_NAME                                                                                                                            
--------------- ------------------------------ --------------- ------------------------------                                                                                                           
Pat             Marketing                      Michael         Marketing                                                                                                                                
Peter           Shiping                        Kevin           Shiping                                                                                                                                  
Randall         Shiping                        Kevin           Shiping                                                                                                                                  
Curtis          Shiping                        Kevin           Shiping                                                                                                                                  
Trenna          Shiping                        Kevin           Shiping                                                                                                                                  
Diana           IT                             Alexander       IT                                                                                                                                       
Bruce           IT                             Alexander       IT                                                                                                                                       
Ellen           Sales                          Eleni           Sales                                                                                                                                    
Jonathon        Sales                          Eleni           Sales                                                                                                                                    
Michael         Marketing                      Steven          Executive                                                                                                                                
Kevin           Shiping                        Steven          Executive                                                                                                                                
Eleni           Sales                          Steven          Executive                                                                                                                                
Lex             Executive                      Steven          Executive                                                                                                                                
Neena           Executive                      Steven          Executive                                                                                                                                
Jennifer        Administration                 Neena           Executive                                                                                                                                
Shelley         Accounting                     Neena           Executive                                                                                                                                
Alexander       IT                             Lex             Executive                                                                                                                                
William         Accounting                     Shelley         Accounting                                                                                                                               

18 rows selected.

SQL> SELECT E.FIRST_NAME EMP_NAME, M.FIRST_NAME MAN_NAME, ED.DEPARTMENT_ID EMP_DEP, MD.DEPARTMENT_ID MAN_DEP FROM EMPLOYEES E
  2  JOIN EMPLOYEES M ON E.MANAGER_ID = M.EMPLOYEE_ID
  3  JOIN DEPARTMENTS ED ON E.MANAGER_ID = ED.DEPARTMENT_ID
  4  JOIN DEPARTMENTS MD ON ED.DEPARTMENT_ID = MD.DEPARTMENT_ID;

no rows selected

SQL> SELECT E.FIRST_NAME EMP_NAME, M.FIRST_NAME MAN_NAME, ED.DEPARTMENT_ID EMP_DEP, MD.DEPARTMENT_ID MAN_DEP FROM EMPLOYEES E
  2  JOIN EMPLOYEES M ON E.MANAGER_ID = M.EMPLOYEE_ID
  3  JOIN DEPARTMENTS ED ON E.DEPARTMENT_ID = ED.DEPARTMENT_ID
  4  JOIN DEPARTMENTS MD ON M.DEPARTMENT_ID = MD.DEPARTMENT_ID;

EMP_NAME        MAN_NAME           EMP_DEP    MAN_DEP                                                                                                                                                   
--------------- --------------- ---------- ----------                                                                                                                                                   
Neena           Steven                  90         90                                                                                                                                                   
Lex             Steven                  90         90                                                                                                                                                   
Kevin           Steven                  50         90                                                                                                                                                   
Eleni           Steven                  80         90                                                                                                                                                   
Michael         Steven                  20         90                                                                                                                                                   
Jennifer        Neena                   10         90                                                                                                                                                   
Shelley         Neena                  110         90                                                                                                                                                   
Alexander       Lex                     60         90                                                                                                                                                   
Bruce           Alexander               60         60                                                                                                                                                   
Diana           Alexander               60         60                                                                                                                                                   
Trenna          Kevin                   50         50                                                                                                                                                   
Curtis          Kevin                   50         50                                                                                                                                                   
Randall         Kevin                   50         50                                                                                                                                                   
Peter           Kevin                   50         50                                                                                                                                                   
Ellen           Eleni                   80         80                                                                                                                                                   
Jonathon        Eleni                   80         80                                                                                                                                                   
Pat             Michael                 20         20                                                                                                                                                   
William         Shelley                110        110                                                                                                                                                   

18 rows selected.

SQL> SELECT E.FIRST_NAME EMP_NAME,MD.DEPARTMENT_NAME EMP_DEP, M.FIRST_NAME MAN_NAME, DM.DEPARTMENT_NAME FROM EMPLOYEES E JOIN EMPLOYEES M ON M.EMPLOYEE_ID = E.MANAGER_ID
  2  INNER JOIN DEPARTMENTS DE ON E.DEPARTMENT_ID = DE.DEPARTMENT_ID
  3  INNER JOIN DEPARTMENTS DM ON DE.DEPARTMENT_ID  = DM.DEPARTMENT_ID;
SELECT E.FIRST_NAME EMP_NAME,MD.DEPARTMENT_NAME EMP_DEP, M.FIRST_NAME MAN_NAME, DM.DEPARTMENT_NAME FROM EMPLOYEES E JOIN EMPLOYEES M ON M.EMPLOYEE_ID = E.MANAGER_ID
                             *
ERROR at line 1:
ORA-00904: "MD"."DEPARTMENT_NAME": invalid identifier 


SQL> SELECT E.FIRST_NAME EMP_NAME,ED.DEPARTMENT_NAME EMP_DEP, M.FIRST_NAME MAN_NAME, MD.DEPARTMENT_NAME FROM EMPLOYEES E JOIN EMPLOYEES M ON M.EMPLOYEE_ID = E.MANAGER_ID
  2  INNER JOIN DEPARTMENTS DE ON E.DEPARTMENT_ID = ED.DEPARTMENT_ID
  3  INNER JOIN DEPARTMENTS MD ON DE.DEPARTMENT_ID  = DM.DEPARTMENT_ID;
INNER JOIN DEPARTMENTS DE ON E.DEPARTMENT_ID = ED.DEPARTMENT_ID
                                               *
ERROR at line 2:
ORA-00904: "ED"."DEPARTMENT_ID": invalid identifier 


SQL> 
SQL> 
SQL> 
SQL> 
SQL> 
SQL> REM EMPLOYEES : E                       M
SQL> 
SQL> REM DEPARTMENTS : ED                   MD
SQL> 
SQL> REM LOCATIONS   : EL                   ML
SQL> 
SQL> REM COUNTRIES   : EC                   MC
SQL> 
SQL> REM REGIONS     : ER                   MR
SQL> 
SQL> REM JOBS        : EJ                   MJ
SQL> 
SQL> REM JOB_GRADES  : EJG                  MJG
SQL> 
SQL> 
SQL> 
SQL> 
SQL> 
SQL> 
SQL> REM EMPLOYEES : E                       M
SQL> 
SQL> REM DEPARTMENTS : ED                   MD
SQL> 
SQL> REM LOCATIONS   : EDL                  MDL
SQL> 
SQL> REM COUNTRIES   : EDLC                 MDLC
SQL> 
SQL> REM REGIONS     : EDLCR                MDLCR
SQL> 
SQL> REM FIRST_NAME , DEPARTMENT_NAME , CITY FOR EMPLOYEE AND MANAGER
SQL> 
SQL> REM EMPLOYEES    DEPARTMENTS       LOCATIONS
SQL> 
SQL> REM E            ED                EL
SQL> 
SQL> REM M            MD                ML
SQL> 
SQL> 
SQL> SELECT E.FIRST_NAME EMP_NAME , ED.DEPARTMENT_NAME EMP_DEPT_NAME , EL.CITY EMP_CITY ,
  2         M.FIRST_NAME MGR_NAME , MD.DEPARTMENT_NAME MGR_DEPT_NAME , ML.CITY MGR_CITY
  3  FROM   EMPLOYEES
  4  JOIN   EMPLOYEES ON E.MANAGER_ID = M.EMPLOYEE_ID
  5  JOIN   DEPARTMENTS ED ON E.DEPARTMENT_ID = ED.DEPARTMENT_ID
  6  JOIN   DEPARTMENTS MD ON M.DEPARTMENT_ID = MD.DEPARTMENT_ID
  7  JOIN   LOCATIONS   EL ON ED.LOCATION_ID = EL.LOCATION_ID
  8  JOIN   LOCATIONS   ML ON MD.LOCATION_ID = ML.LOCATION_ID;
JOIN   EMPLOYEES ON E.MANAGER_ID = M.EMPLOYEE_ID
                                   *
ERROR at line 4:
ORA-00904: "M"."EMPLOYEE_ID": invalid identifier 


SQL> SELECT E.FIRST_NAME EMP_NAME , ED.DEPARTMENT_NAME EMP_DEPT_NAME , EL.CITY EMP_CITY ,
  2         M.FIRST_NAME MGR_NAME , MD.DEPARTMENT_NAME MGR_DEPT_NAME , ML.CITY MGR_CITY
  3  FROM   EMPLOYEES E
  4  JOIN   EMPLOYEES M ON E.MANAGER_ID = M.EMPLOYEE_ID
  5  JOIN   EMPLOYEES ON E.MANAGER_ID = M.EMPLOYEE_ID
  6  JOIN   DEPARTMENTS ED ON E.DEPARTMENT_ID = ED.DEPARTMENT_ID
  7  JOIN   DEPARTMENTS MD ON M.DEPARTMENT_ID = MD.DEPARTMENT_ID
  8  JOIN   LOCATIONS   EL ON ED.LOCATION_ID = EL.LOCATION_ID
  9  JOIN   LOCATIONS   ML ON MD.LOCATION_ID = ML.LOCATION_ID
 10  
SQL> 
SQL> SELECT E.FIRST_NAME EMP_NAME , ED.DEPARTMENT_NAME EMP_DEPT_NAME , EL.CITY EMP_CITY ,
  2         M.FIRST_NAME MGR_NAME , MD.DEPARTMENT_NAME MGR_DEPT_NAME , ML.CITY MGR_CITY
  3  FROM   EMPLOYEES E
  4  JOIN   EMPLOYEES M ON E.MANAGER_ID = M.EMPLOYEE_IDJOIN   DEPARTMENTS ED ON E.DEPARTMENT_ID = ED.DEPARTMENT_ID
  5  JOIN   DEPARTMENTS MD ON M.DEPARTMENT_ID = MD.DEPARTMENT_ID
  6  JOIN   LOCATIONS   EL ON ED.LOCATION_ID = EL.LOCATION_ID
  7  JOIN   LOCATIONS   ML ON MD.LOCATION_ID = ML.LOCATION_ID
  8  
SQL> SELECT E.FIRST_NAME EMP_NAME , ED.DEPARTMENT_NAME EMP_DEPT_NAME , EL.CITY EMP_CITY ,
  2         M.FIRST_NAME MGR_NAME , MD.DEPARTMENT_NAME MGR_DEPT_NAME , ML.CITY MGR_CITY
  3  FROM   EMPLOYEES E
  4  JOIN   EMPLOYEES M ON E.MANAGER_ID = M.EMPLOYEE_ID
  5  JOIN   DEPARTMENTS ED ON E.DEPARTMENT_ID = ED.DEPARTMENT_ID
  6  JOIN   DEPARTMENTS MD ON M.DEPARTMENT_ID = MD.DEPARTMENT_ID
  7  JOIN   LOCATIONS   EL ON ED.LOCATION_ID = EL.LOCATION_ID
  8  JOIN   LOCATIONS   ML ON MD.LOCATION_ID = ML.LOCATION_ID;

EMP_NAME        EMP_DEPT_NAME                  EMP_CITY                       MGR_NAME        MGR_DEPT_NAME                  MGR_CITY                                                                   
--------------- ------------------------------ ------------------------------ --------------- ------------------------------ ------------------------------                                             
Diana           IT                             Southlake                      Alexander       IT                             Southlake                                                                  
Bruce           IT                             Southlake                      Alexander       IT                             Southlake                                                                  
Peter           Shiping                        South San Francisco            Kevin           Shiping                        South San Francisco                                                        
Randall         Shiping                        South San Francisco            Kevin           Shiping                        South San Francisco                                                        
Curtis          Shiping                        South San Francisco            Kevin           Shiping                        South San Francisco                                                        
Trenna          Shiping                        South San Francisco            Kevin           Shiping                        South San Francisco                                                        
Alexander       IT                             Southlake                      Lex             Executive                      Seattle                                                                    
Kevin           Shiping                        South San Francisco            Steven          Executive                      Seattle                                                                    
Lex             Executive                      Seattle                        Steven          Executive                      Seattle                                                                    
Neena           Executive                      Seattle                        Steven          Executive                      Seattle                                                                    
Jennifer        Administration                 Seattle                        Neena           Executive                      Seattle                                                                    
Shelley         Accounting                     Seattle                        Neena           Executive                      Seattle                                                                    
William         Accounting                     Seattle                        Shelley         Accounting                     Seattle                                                                    
Michael         Marketing                      Toronto                        Steven          Executive                      Seattle                                                                    
Eleni           Sales                          Oxford                         Steven          Executive                      Seattle                                                                    
Pat             Marketing                      Toronto                        Michael         Marketing                      Toronto                                                                    
Ellen           Sales                          Oxford                         Eleni           Sales                          Oxford                                                                     
Jonathon        Sales                          Oxford                         Eleni           Sales                          Oxford                                                                     

18 rows selected.

SQL> REM FIRST_NAME , DEPARTMENT_NAME , CITY , COUNTRY_NAME FOR EMPLOYEE AND MANAGER
SQL> 
SQL> SELECT E.FIRST_NAME EMP_NAME , ED.DEPARTMENT_NAME EMP_DEPT_NAME , EL.CITY EMP_CITY , EC.COUNTRY_NAME EMP_COUNTRY , M.FIRST_NAME MGR_NAME , MD.DEPARTMENT_NAME  MGR_DEPT_NAME , ML.CITY MGR_CITY , MC.COUNTRY_NAME MGR_COUNTRY
  2  FROM EMPLOYEES E
  3  JOIN EMPLOYEES M ON E.MANAGER_ID = M.EMPLOYEE_ID
  4  JOIN DEPARTMENTS ED ON E.DEPARTMENT_ID = ED.DEPARTMENT_ID
  5  JOIN DEPARTMENTS MD ON M.DEPARTMENT_ID = MD.DEPARTMENT_ID
  6  JOIN LOCATIONS EL ON ED.LOCATION_ID = EL.LOCATION_ID
  7  JOIN LOCATIONS ML ON MD.LOCATION_ID = ML.LOCATION_ID
  8  JOIN COUNTRIES EC ON EL.COUNTRY_ID = EC.COUNTRY_ID
  9  JOIN COUNTRIES MC ON ML.COUNTRY_ID = MC.COUNTRY_ID;

EMP_NAME        EMP_DEPT_NAME                  EMP_CITY                       EMP_COUNTRY                              MGR_NAME        MGR_DEPT_NAME                  MGR_CITY                          
--------------- ------------------------------ ------------------------------ ---------------------------------------- --------------- ------------------------------ ------------------------------    
MGR_COUNTRY                                                                                                                                                                                             
----------------------------------------                                                                                                                                                                
Michael         Marketing                      Toronto                        Canada                                   Steven          Executive                      Seattle                           
United States of America                                                                                                                                                                                
                                                                                                                                                                                                        
Pat             Marketing                      Toronto                        Canada                                   Michael         Marketing                      Toronto                           
Canada                                                                                                                                                                                                  
                                                                                                                                                                                                        
Eleni           Sales                          Oxford                         United Kingdom                           Steven          Executive                      Seattle                           
United States of America                                                                                                                                                                                
                                                                                                                                                                                                        
Ellen           Sales                          Oxford                         United Kingdom                           Eleni           Sales                          Oxford                            
United Kingdom                                                                                                                                                                                          
                                                                                                                                                                                                        
Jonathon        Sales                          Oxford                         United Kingdom                           Eleni           Sales                          Oxford                            
United Kingdom                                                                                                                                                                                          
                                                                                                                                                                                                        
Alexander       IT                             Southlake                      United States of America                 Lex             Executive                      Seattle                           
United States of America                                                                                                                                                                                
                                                                                                                                                                                                        
Bruce           IT                             Southlake                      United States of America                 Alexander       IT                             Southlake                         

EMP_NAME        EMP_DEPT_NAME                  EMP_CITY                       EMP_COUNTRY                              MGR_NAME        MGR_DEPT_NAME                  MGR_CITY                          
--------------- ------------------------------ ------------------------------ ---------------------------------------- --------------- ------------------------------ ------------------------------    
MGR_COUNTRY                                                                                                                                                                                             
----------------------------------------                                                                                                                                                                
United States of America                                                                                                                                                                                
                                                                                                                                                                                                        
Diana           IT                             Southlake                      United States of America                 Alexander       IT                             Southlake                         
United States of America                                                                                                                                                                                
                                                                                                                                                                                                        
Kevin           Shiping                        South San Francisco            United States of America                 Steven          Executive                      Seattle                           
United States of America                                                                                                                                                                                
                                                                                                                                                                                                        
Trenna          Shiping                        South San Francisco            United States of America                 Kevin           Shiping                        South San Francisco               
United States of America                                                                                                                                                                                
                                                                                                                                                                                                        
Curtis          Shiping                        South San Francisco            United States of America                 Kevin           Shiping                        South San Francisco               
United States of America                                                                                                                                                                                
                                                                                                                                                                                                        
Randall         Shiping                        South San Francisco            United States of America                 Kevin           Shiping                        South San Francisco               
United States of America                                                                                                                                                                                
                                                                                                                                                                                                        
Peter           Shiping                        South San Francisco            United States of America                 Kevin           Shiping                        South San Francisco               
United States of America                                                                                                                                                                                

EMP_NAME        EMP_DEPT_NAME                  EMP_CITY                       EMP_COUNTRY                              MGR_NAME        MGR_DEPT_NAME                  MGR_CITY                          
--------------- ------------------------------ ------------------------------ ---------------------------------------- --------------- ------------------------------ ------------------------------    
MGR_COUNTRY                                                                                                                                                                                             
----------------------------------------                                                                                                                                                                
                                                                                                                                                                                                        
Jennifer        Administration                 Seattle                        United States of America                 Neena           Executive                      Seattle                           
United States of America                                                                                                                                                                                
                                                                                                                                                                                                        
Neena           Executive                      Seattle                        United States of America                 Steven          Executive                      Seattle                           
United States of America                                                                                                                                                                                
                                                                                                                                                                                                        
Lex             Executive                      Seattle                        United States of America                 Steven          Executive                      Seattle                           
United States of America                                                                                                                                                                                
                                                                                                                                                                                                        
Shelley         Accounting                     Seattle                        United States of America                 Neena           Executive                      Seattle                           
United States of America                                                                                                                                                                                
                                                                                                                                                                                                        
William         Accounting                     Seattle                        United States of America                 Shelley         Accounting                     Seattle                           
United States of America                                                                                                                                                                                
                                                                                                                                                                                                        

18 rows selected.

SQL> SET LINES 400
SQL> 
SQL> R
  1  SELECT E.FIRST_NAME EMP_NAME , ED.DEPARTMENT_NAME EMP_DEPT_NAME , EL.CITY EMP_CITY , EC.COUNTRY_NAME EMP_COUNTRY , M.FIRST_NAME MGR_NAME , MD.DEPARTMENT_NAME  MGR_DEPT_NAME , ML.CITY MGR_CITY , MC.COUNTRY_NAME MGR_COUNTRY
  2  FROM EMPLOYEES E
  3  JOIN EMPLOYEES M ON E.MANAGER_ID = M.EMPLOYEE_ID
  4  JOIN DEPARTMENTS ED ON E.DEPARTMENT_ID = ED.DEPARTMENT_ID
  5  JOIN DEPARTMENTS MD ON M.DEPARTMENT_ID = MD.DEPARTMENT_ID
  6  JOIN LOCATIONS EL ON ED.LOCATION_ID = EL.LOCATION_ID
  7  JOIN LOCATIONS ML ON MD.LOCATION_ID = ML.LOCATION_ID
  8  JOIN COUNTRIES EC ON EL.COUNTRY_ID = EC.COUNTRY_ID
  9* JOIN COUNTRIES MC ON ML.COUNTRY_ID = MC.COUNTRY_ID

EMP_NAME        EMP_DEPT_NAME                  EMP_CITY                       EMP_COUNTRY                              MGR_NAME        MGR_DEPT_NAME                  MGR_CITY                       MGR_COUNTRY                                                                                                                                                                                                
--------------- ------------------------------ ------------------------------ ---------------------------------------- --------------- ------------------------------ ------------------------------ ----------------------------------------                                                                                                                                                                   
Michael         Marketing                      Toronto                        Canada                                   Steven          Executive                      Seattle                        United States of America                                                                                                                                                                                   
Pat             Marketing                      Toronto                        Canada                                   Michael         Marketing                      Toronto                        Canada                                                                                                                                                                                                     
Eleni           Sales                          Oxford                         United Kingdom                           Steven          Executive                      Seattle                        United States of America                                                                                                                                                                                   
Ellen           Sales                          Oxford                         United Kingdom                           Eleni           Sales                          Oxford                         United Kingdom                                                                                                                                                                                             
Jonathon        Sales                          Oxford                         United Kingdom                           Eleni           Sales                          Oxford                         United Kingdom                                                                                                                                                                                             
Alexander       IT                             Southlake                      United States of America                 Lex             Executive                      Seattle                        United States of America                                                                                                                                                                                   
Bruce           IT                             Southlake                      United States of America                 Alexander       IT                             Southlake                      United States of America                                                                                                                                                                                   
Diana           IT                             Southlake                      United States of America                 Alexander       IT                             Southlake                      United States of America                                                                                                                                                                                   
Kevin           Shiping                        South San Francisco            United States of America                 Steven          Executive                      Seattle                        United States of America                                                                                                                                                                                   
Trenna          Shiping                        South San Francisco            United States of America                 Kevin           Shiping                        South San Francisco            United States of America                                                                                                                                                                                   
Curtis          Shiping                        South San Francisco            United States of America                 Kevin           Shiping                        South San Francisco            United States of America                                                                                                                                                                                   
Randall         Shiping                        South San Francisco            United States of America                 Kevin           Shiping                        South San Francisco            United States of America                                                                                                                                                                                   
Peter           Shiping                        South San Francisco            United States of America                 Kevin           Shiping                        South San Francisco            United States of America                                                                                                                                                                                   
Jennifer        Administration                 Seattle                        United States of America                 Neena           Executive                      Seattle                        United States of America                                                                                                                                                                                   
Neena           Executive                      Seattle                        United States of America                 Steven          Executive                      Seattle                        United States of America                                                                                                                                                                                   
Lex             Executive                      Seattle                        United States of America                 Steven          Executive                      Seattle                        United States of America                                                                                                                                                                                   
Shelley         Accounting                     Seattle                        United States of America                 Neena           Executive                      Seattle                        United States of America                                                                                                                                                                                   
William         Accounting                     Seattle                        United States of America                 Shelley         Accounting                     Seattle                        United States of America                                                                                                                                                                                   

18 rows selected.

SQL> SELECT E.FIRST_NAME, ED.DEPARTMENT_NAME, EL.CITY, EC.COUNTRY_NAME,
  2  M.FIRST_NAME, MD.DEPARTMENT_NAME, ML.CITY, MC.COUNTRY_NAME FROM EMPLOYEES E
  3  JOIN EMPLOYEE M ON E.MANAGER_ID = M.EMPLOYEE_ID
  4  JOIN DEPARTMENTS ED ON M.DEPARTMENT_ID = ED.DEPARTMENT_ID
  5  JOIN DEPARTMENTS MD ON ED.DEPARTMENT_ID = MD.DEPARTMENT_ID
  6  JOIN LOCATIONS EL ON EL.LOCATION_ID = MD.LOCATION_ID
  7  JOIN LOCATIONS ML ON EL.LOCATION_ID = ML.LOCATION_ID
  8  JOIN COUNTRIES EC ON EC.COUNTRY-ID = ML.COUNTRY_ID
  9  JOIN COUNTRIES MC ON EC.COUNTRY_ID = MC.COUNTRY_ID;
JOIN EMPLOYEE M ON E.MANAGER_ID = M.EMPLOYEE_ID
     *
ERROR at line 3:
ORA-00942: table or view does not exist 


SQL> SELECT E.FIRST_NAME, ED.DEPARTMENT_NAME, EL.CITY, EC.COUNTRY_NAME,
  2  M.FIRST_NAME, MD.DEPARTMENT_NAME, ML.CITY, MC.COUNTRY_NAME FROM EMPLOYEES E
  3  JOIN EMPLOYEES M ON E.MANAGER_ID = M.EMPLOYEE_ID
  4  JOIN DEPARTMENTS ED ON M.DEPARTMENT_ID = ED.DEPARTMENT_ID
  5  JOIN DEPARTMENTS MD ON ED.DEPARTMENT_ID = MD.DEPARTMENT_ID
  6  JOIN LOCATIONS EL ON EL.LOCATION_ID = MD.LOCATION_ID
  7  JOIN LOCATIONS ML ON EL.LOCATION_ID = ML.LOCATION_ID
  8  JOIN COUNTRIES EC ON EC.COUNTRY-ID = ML.COUNTRY_ID
  9  JOIN COUNTRIES MC ON EC.COUNTRY_ID = MC.COUNTRY_ID;
JOIN COUNTRIES EC ON EC.COUNTRY-ID = ML.COUNTRY_ID
                                *
ERROR at line 8:
ORA-00904: "ID": invalid identifier 


SQL> SELECT E.FIRST_NAME, ED.DEPARTMENT_NAME, EL.CITY, EC.COUNTRY_NAME,
  2  M.FIRST_NAME, MD.DEPARTMENT_NAME, ML.CITY, MC.COUNTRY_NAME FROM EMPLOYEES E
  3  JOIN EMPLOYEES M ON E.MANAGER_ID = M.EMPLOYEE_ID
  4  JOIN DEPARTMENTS ED ON M.DEPARTMENT_ID = ED.DEPARTMENT_ID
  5  JOIN DEPARTMENTS MD ON ED.DEPARTMENT_ID = MD.DEPARTMENT_ID
  6  JOIN LOCATIONS EL ON EL.LOCATION_ID = MD.LOCATION_ID
  7  JOIN LOCATIONS ML ON EL.LOCATION_ID = ML.LOCATION_ID
  8  JOIN COUNTRIES EC ON EC.COUNTRY_ID = ML.COUNTRY_ID
  9  JOIN COUNTRIES MC ON EC.COUNTRY_ID = MC.COUNTRY_ID;

FIRST_NAME      DEPARTMENT_NAME                CITY                           COUNTRY_NAME                             FIRST_NAME      DEPARTMENT_NAME                CITY                           COUNTRY_NAME                                                                                                                                                                                               
--------------- ------------------------------ ------------------------------ ---------------------------------------- --------------- ------------------------------ ------------------------------ ----------------------------------------                                                                                                                                                                   
Neena           Executive                      Seattle                        United States of America                 Steven          Executive                      Seattle                        United States of America                                                                                                                                                                                   
Lex             Executive                      Seattle                        United States of America                 Steven          Executive                      Seattle                        United States of America                                                                                                                                                                                   
Alexander       Executive                      Seattle                        United States of America                 Lex             Executive                      Seattle                        United States of America                                                                                                                                                                                   
Bruce           IT                             Southlake                      United States of America                 Alexander       IT                             Southlake                      United States of America                                                                                                                                                                                   
Diana           IT                             Southlake                      United States of America                 Alexander       IT                             Southlake                      United States of America                                                                                                                                                                                   
Kevin           Executive                      Seattle                        United States of America                 Steven          Executive                      Seattle                        United States of America                                                                                                                                                                                   
Trenna          Shiping                        South San Francisco            United States of America                 Kevin           Shiping                        South San Francisco            United States of America                                                                                                                                                                                   
Curtis          Shiping                        South San Francisco            United States of America                 Kevin           Shiping                        South San Francisco            United States of America                                                                                                                                                                                   
Randall         Shiping                        South San Francisco            United States of America                 Kevin           Shiping                        South San Francisco            United States of America                                                                                                                                                                                   
Peter           Shiping                        South San Francisco            United States of America                 Kevin           Shiping                        South San Francisco            United States of America                                                                                                                                                                                   
Eleni           Executive                      Seattle                        United States of America                 Steven          Executive                      Seattle                        United States of America                                                                                                                                                                                   
Ellen           Sales                          Oxford                         United Kingdom                           Eleni           Sales                          Oxford                         United Kingdom                                                                                                                                                                                             
Jonathon        Sales                          Oxford                         United Kingdom                           Eleni           Sales                          Oxford                         United Kingdom                                                                                                                                                                                             
Kimerely        Sales                          Oxford                         United Kingdom                           Eleni           Sales                          Oxford                         United Kingdom                                                                                                                                                                                             
Jennifer        Executive                      Seattle                        United States of America                 Neena           Executive                      Seattle                        United States of America                                                                                                                                                                                   
Michael         Executive                      Seattle                        United States of America                 Steven          Executive                      Seattle                        United States of America                                                                                                                                                                                   
Pat             Marketing                      Toronto                        Canada                                   Michael         Marketing                      Toronto                        Canada                                                                                                                                                                                                     
Shelley         Executive                      Seattle                        United States of America                 Neena           Executive                      Seattle                        United States of America                                                                                                                                                                                   
William         Accounting                     Seattle                        United States of America                 Shelley         Accounting                     Seattle                        United States of America                                                                                                                                                                                   

19 rows selected.

SQL> REM  TABLE NAMES    :  EMPLOYEES       DEPARTMENTS         LOCATIONS         COUNTRIES           REGIONS
SQL> 
SQL> REM  EMPLOYEES      :  E               ED                  EL                EC                  ER
SQL> 
SQL> REM  MANAGERS       :  M               MD                  ML                MC                  MR
SQL> 
SQL> REM FIRST_NAME , DEPARTMENT_NAME : EMPLOYEE AND MANAGER
SQL> 
SQL> SELECT E.FIRST_NAME EMP_NAME,DE.DEPARTMENT_NAME EMP_DEP, M.FIRST_NAME MAN_NAME, DM.DEPARTMENT_NAME FROM EMPLOYEES E JOIN EMPLOYEES M ON M.EMPLOYEE_ID = E.MANAGER_ID
  2  INNER JOIN DEPARTMENTS DE ON E.DEPARTMENT_ID = DE.DEPARTMENT_ID
  3  INNER JOIN DEPARTMENTS DM ON DE.DEPARTMENT_ID  = DM.DEPARTMENT_ID;

EMP_NAME        EMP_DEP                        MAN_NAME        DEPARTMENT_NAME                                                                                                                                                                                                                                                                                                                                  
--------------- ------------------------------ --------------- ------------------------------                                                                                                                                                                                                                                                                                                                   
Michael         Marketing                      Steven          Marketing                                                                                                                                                                                                                                                                                                                                        
Kevin           Shiping                        Steven          Shiping                                                                                                                                                                                                                                                                                                                                          
Eleni           Sales                          Steven          Sales                                                                                                                                                                                                                                                                                                                                            
Lex             Executive                      Steven          Executive                                                                                                                                                                                                                                                                                                                                        
Neena           Executive                      Steven          Executive                                                                                                                                                                                                                                                                                                                                        
Jennifer        Administration                 Neena           Administration                                                                                                                                                                                                                                                                                                                                   
Shelley         Accounting                     Neena           Accounting                                                                                                                                                                                                                                                                                                                                       
Alexander       IT                             Lex             IT                                                                                                                                                                                                                                                                                                                                               
Diana           IT                             Alexander       IT                                                                                                                                                                                                                                                                                                                                               
Bruce           IT                             Alexander       IT                                                                                                                                                                                                                                                                                                                                               
Peter           Shiping                        Kevin           Shiping                                                                                                                                                                                                                                                                                                                                          
Randall         Shiping                        Kevin           Shiping                                                                                                                                                                                                                                                                                                                                          
Curtis          Shiping                        Kevin           Shiping                                                                                                                                                                                                                                                                                                                                          
Trenna          Shiping                        Kevin           Shiping                                                                                                                                                                                                                                                                                                                                          
Ellen           Sales                          Eleni           Sales                                                                                                                                                                                                                                                                                                                                            
Jonathon        Sales                          Eleni           Sales                                                                                                                                                                                                                                                                                                                                            
Pat             Marketing                      Michael         Marketing                                                                                                                                                                                                                                                                                                                                        
William         Accounting                     Shelley         Accounting                                                                                                                                                                                                                                                                                                                                       

18 rows selected.

SQL> SELECT E.FIRST_NAME EMP_NAME , ED.DEPARTMENT_NAME EMP_DEPT_NAME , M.FIRST_NAME MGR_NAME , MD.DEPARTMENT_NAME MGR_DEPT_NAME
  2  FROM EMPLOYEES E
  3  JOIN EMPLOYEES M ON E.MANAGER_ID = M.EMPLOYEE_ID
  4  JOIN DEPARTMENTS ED ON E.DEPARTMENT_ID = ED.DEPARTMENT_ID
  5  JOIN DEPARTMENTS MD ON M.DEPARTMENT_ID = MD.DEPARTMENT_ID ;

EMP_NAME        EMP_DEPT_NAME                  MGR_NAME        MGR_DEPT_NAME                                                                                                                                                                                                                                                                                                                                    
--------------- ------------------------------ --------------- ------------------------------                                                                                                                                                                                                                                                                                                                   
Pat             Marketing                      Michael         Marketing                                                                                                                                                                                                                                                                                                                                        
Peter           Shiping                        Kevin           Shiping                                                                                                                                                                                                                                                                                                                                          
Randall         Shiping                        Kevin           Shiping                                                                                                                                                                                                                                                                                                                                          
Curtis          Shiping                        Kevin           Shiping                                                                                                                                                                                                                                                                                                                                          
Trenna          Shiping                        Kevin           Shiping                                                                                                                                                                                                                                                                                                                                          
Diana           IT                             Alexander       IT                                                                                                                                                                                                                                                                                                                                               
Bruce           IT                             Alexander       IT                                                                                                                                                                                                                                                                                                                                               
Ellen           Sales                          Eleni           Sales                                                                                                                                                                                                                                                                                                                                            
Jonathon        Sales                          Eleni           Sales                                                                                                                                                                                                                                                                                                                                            
Michael         Marketing                      Steven          Executive                                                                                                                                                                                                                                                                                                                                        
Kevin           Shiping                        Steven          Executive                                                                                                                                                                                                                                                                                                                                        
Eleni           Sales                          Steven          Executive                                                                                                                                                                                                                                                                                                                                        
Lex             Executive                      Steven          Executive                                                                                                                                                                                                                                                                                                                                        
Neena           Executive                      Steven          Executive                                                                                                                                                                                                                                                                                                                                        
Jennifer        Administration                 Neena           Executive                                                                                                                                                                                                                                                                                                                                        
Shelley         Accounting                     Neena           Executive                                                                                                                                                                                                                                                                                                                                        
Alexander       IT                             Lex             Executive                                                                                                                                                                                                                                                                                                                                        
William         Accounting                     Shelley         Accounting                                                                                                                                                                                                                                                                                                                                       

18 rows selected.

SQL> SELECT E.FIRST_NAME,E.DEPARTMENT_NAME, ED.DEPARTMENT_NAME, MD.DEPARTMENT_NAME FROM EMPLOYEES E JOIN EMPLOYEES M ON E.MANAGER_ID = M.EMPLOYEE_ID
  2  JOIN DEPARTMENTS ED ON ED.DEPARTMENT_ID = E.DEPARTMENT_ID
  3  JOIN DEPARTMENTS MD ON MD.DEPARTMENT_ID = M.DEPARTMENT_ID;
SELECT E.FIRST_NAME,E.DEPARTMENT_NAME, ED.DEPARTMENT_NAME, MD.DEPARTMENT_NAME FROM EMPLOYEES E JOIN EMPLOYEES M ON E.MANAGER_ID = M.EMPLOYEE_ID
                    *
ERROR at line 1:
ORA-00904: "E"."DEPARTMENT_NAME": invalid identifier 


SQL> SELECT E.FIRST_NAME EMP_NAME, ED.DEPARTMENT_NAME EMP_DNAME, M.FIRST_NAME MGR_NAME MD.DEPARTMENT_NAME MGR_DNAME FROM EMPLOYEES E JOIN EMPLOYEES M ON E.MANAGER_ID = M.EMPLOYEE_ID
  2  JOIN DEPARTMENTS ED ON ED.DEPARTMENT_ID = E.DEPARTMENT_ID
  3  JOIN DEPARTMENTS MD ON MD.DEPARTMENT_ID = M.DEPARTMENT_ID;
SELECT E.FIRST_NAME EMP_NAME, ED.DEPARTMENT_NAME EMP_DNAME, M.FIRST_NAME MGR_NAME MD.DEPARTMENT_NAME MGR_DNAME FROM EMPLOYEES E JOIN EMPLOYEES M ON E.MANAGER_ID = M.EMPLOYEE_ID
                                                                                  *
ERROR at line 1:
ORA-00923: FROM keyword not found where expected 


SQL> SELECT E.FIRST_NAME EMP_NAME, ED.DEPARTMENT_NAME EMP_DNAME, M.FIRST_NAME MGR_NAME,MD.DEPARTMENT_NAME MGR_DNAME FROM EMPLOYEES E JOIN EMPLOYEES M ON E.MANAGER_ID = M.EMPLOYEE_ID
  2   JOIN DEPARTMENTS ED ON ED.DEPARTMENT_ID = E.DEPARTMENT_ID
  3   JOIN DEPARTMENTS MD ON MD.DEPARTMENT_ID = M.DEPARTMENT_ID;

EMP_NAME        EMP_DNAME                      MGR_NAME        MGR_DNAME                                                                                                                                                                                                                                                                                                                                        
--------------- ------------------------------ --------------- ------------------------------                                                                                                                                                                                                                                                                                                                   
Pat             Marketing                      Michael         Marketing                                                                                                                                                                                                                                                                                                                                        
Peter           Shiping                        Kevin           Shiping                                                                                                                                                                                                                                                                                                                                          
Randall         Shiping                        Kevin           Shiping                                                                                                                                                                                                                                                                                                                                          
Curtis          Shiping                        Kevin           Shiping                                                                                                                                                                                                                                                                                                                                          
Trenna          Shiping                        Kevin           Shiping                                                                                                                                                                                                                                                                                                                                          
Diana           IT                             Alexander       IT                                                                                                                                                                                                                                                                                                                                               
Bruce           IT                             Alexander       IT                                                                                                                                                                                                                                                                                                                                               
Ellen           Sales                          Eleni           Sales                                                                                                                                                                                                                                                                                                                                            
Jonathon        Sales                          Eleni           Sales                                                                                                                                                                                                                                                                                                                                            
Michael         Marketing                      Steven          Executive                                                                                                                                                                                                                                                                                                                                        
Kevin           Shiping                        Steven          Executive                                                                                                                                                                                                                                                                                                                                        
Eleni           Sales                          Steven          Executive                                                                                                                                                                                                                                                                                                                                        
Lex             Executive                      Steven          Executive                                                                                                                                                                                                                                                                                                                                        
Neena           Executive                      Steven          Executive                                                                                                                                                                                                                                                                                                                                        
Jennifer        Administration                 Neena           Executive                                                                                                                                                                                                                                                                                                                                        
Shelley         Accounting                     Neena           Executive                                                                                                                                                                                                                                                                                                                                        
Alexander       IT                             Lex             Executive                                                                                                                                                                                                                                                                                                                                        
William         Accounting                     Shelley         Accounting                                                                                                                                                                                                                                                                                                                                       

18 rows selected.

SQL> SPOOL OFF
