SQL> 
SQL> REM DISPLAY ALL COMBINATIONS OF DEPARTMENT_NAME , REGION_NAME (DON'T USE CROSS JOIN)
SQL> 
SQL> SELECT DEPARTMENT_NAME , REGION_NAME
  2  FROM DEPARTMENTS
  3  NATURAL JOIN REGIONS;

DEPARTMENT_NAME                REGION_NAME                                      
------------------------------ -------------------------                        
Administration                 Europe                                           
Marketing                      Europe                                           
Shiping                        Europe                                           
IT                             Europe                                           
Sales                          Europe                                           
Executive                      Europe                                           
Accounting                     Europe                                           
Contracting                    Europe                                           
Administration                 Americas                                         
Marketing                      Americas                                         
Shiping                        Americas                                         

DEPARTMENT_NAME                REGION_NAME                                      
------------------------------ -------------------------                        
IT                             Americas                                         
Sales                          Americas                                         
Executive                      Americas                                         
Accounting                     Americas                                         
Contracting                    Americas                                         
Administration                 Asia                                             
Marketing                      Asia                                             
Shiping                        Asia                                             
IT                             Asia                                             
Sales                          Asia                                             
Executive                      Asia                                             

DEPARTMENT_NAME                REGION_NAME                                      
------------------------------ -------------------------                        
Accounting                     Asia                                             
Contracting                    Asia                                             
Administration                 Middle East and Africa                           
Marketing                      Middle East and Africa                           
Shiping                        Middle East and Africa                           
IT                             Middle East and Africa                           
Sales                          Middle East and Africa                           
Executive                      Middle East and Africa                           
Accounting                     Middle East and Africa                           
Contracting                    Middle East and Africa                           

32 rows selected.

SQL> 4
SP2-0226: Invalid line number 
SQL> 
SQL> SET LINES 200 PAGES 24
SQL> 
SQL> 
SQL> R
  1  SELECT DEPARTMENT_NAME , REGION_NAME
  2  FROM DEPARTMENTS
  3* NATURAL JOIN REGIONS

DEPARTMENT_NAME                REGION_NAME                                                                                                                                                              
------------------------------ -------------------------                                                                                                                                                
Administration                 Europe                                                                                                                                                                   
Marketing                      Europe                                                                                                                                                                   
Shiping                        Europe                                                                                                                                                                   
IT                             Europe                                                                                                                                                                   
Sales                          Europe                                                                                                                                                                   
Executive                      Europe                                                                                                                                                                   
Accounting                     Europe                                                                                                                                                                   
Contracting                    Europe                                                                                                                                                                   
Administration                 Americas                                                                                                                                                                 
Marketing                      Americas                                                                                                                                                                 
Shiping                        Americas                                                                                                                                                                 
IT                             Americas                                                                                                                                                                 
Sales                          Americas                                                                                                                                                                 
Executive                      Americas                                                                                                                                                                 
Accounting                     Americas                                                                                                                                                                 
Contracting                    Americas                                                                                                                                                                 
Administration                 Asia                                                                                                                                                                     
Marketing                      Asia                                                                                                                                                                     
Shiping                        Asia                                                                                                                                                                     
IT                             Asia                                                                                                                                                                     
Sales                          Asia                                                                                                                                                                     

DEPARTMENT_NAME                REGION_NAME                                                                                                                                                              
------------------------------ -------------------------                                                                                                                                                
Executive                      Asia                                                                                                                                                                     
Accounting                     Asia                                                                                                                                                                     
Contracting                    Asia                                                                                                                                                                     
Administration                 Middle East and Africa                                                                                                                                                   
Marketing                      Middle East and Africa                                                                                                                                                   
Shiping                        Middle East and Africa                                                                                                                                                   
IT                             Middle East and Africa                                                                                                                                                   
Sales                          Middle East and Africa                                                                                                                                                   
Executive                      Middle East and Africa                                                                                                                                                   
Accounting                     Middle East and Africa                                                                                                                                                   
Contracting                    Middle East and Africa                                                                                                                                                   

32 rows selected.

SQL> REM INNER JOIN HAS TWO SYNTAXES :
SQL> 
SQL> REM INNER JOIN SYNTAX 1  : FROM TABLE1 INNER JOIN TABLE2 USING (COMMON COLUMNS)
SQL> 
SQL> REM INNER JOIN SYNTAX 2  : FROM TABLE1 INNER JOIN TABLE2 ON JOIN CONDITION(S)
SQL> 
SQL> 
SQL> REM INNER JOIN IS REQUIRED IN BELOW 3 SITUATIONS :
SQL> 
SQL> REM 1 WHEN BOTH TABLES HAS MULTIPLE COMMON COLUMNS, BUT WE WANT TO CONSIDER SOME OF THEM FOR JOINING PURPOSE.
SQL> 
SQL> REM 2 WHEN BOTH TABLES HAS NO COMMON COLUMN, BUT THEIR MEANINGS AND DATA ARE SIMIOLAR.
SQL> 
SQL> REM 3 WHEN BOTH TABLES HAS NO COMMON COLUMN AND NO SIMILAR VALUES, BUT RELATED VALUES.
SQL> 
SQL> 
SQL> 
SQL> REM 1 WHEN BOTH TABLES HAS MULTIPLE COMMON COLUMNS, BUT WE WANT TO CONSIDER SOME OF THEM FOR JOINING PURPOSE. : 1 USING 2 ON
SQL> 
SQL> REM 2 WHEN BOTH TABLES HAS NO COMMON COLUMN, BUT THEIR MEANINGS AND DATA ARE SIMILAR. : 1 ON
SQL> 
SQL> REM 3 WHEN BOTH TABLES HAS NO COMMON COLUMN AND NO SIMILAR VALUES, BUT RELATED VALUES. : 1 ON
SQL> 
SQL> 
SQL> REM WHEN BOTH TABLES HAS COMMON COLUMNS WE CAN DEVELOP RESULT USING : 1 NATURAL JOIN 2 INNER USING 3 INNER ON
SQL> 
SQL> SELECT * FROM DEPARTMENTS;

DEPARTMENT_ID DEPARTMENT_NAME                MANAGER_ID LOCATION_ID                                                                                                                                     
------------- ------------------------------ ---------- -----------                                                                                                                                     
           10 Administration                        200        1700                                                                                                                                     
           20 Marketing                             201        1800                                                                                                                                     
           50 Shiping                               124        1500                                                                                                                                     
           60 IT                                    103        1400                                                                                                                                     
           80 Sales                                 149        2500                                                                                                                                     
           90 Executive                             100        1700                                                                                                                                     
          110 Accounting                            205        1700                                                                                                                                     
          190 Contracting                                      1700                                                                                                                                     

8 rows selected.

SQL> SELECT * FROM LOCATIONS;

LOCATION_ID STREET_ADRESS                            POSTAL_CODE  CITY                           STATE_PROVINCE            CO                                                                           
----------- ---------------------------------------- ------------ ------------------------------ ------------------------- --                                                                           
       1400 2014 Jabberwocky Rd                      26192        Southlake                      Texas                     US                                                                           
       1500 2011 Interiors Blvd                      99236        South San Francisco            California                US                                                                           
       1700 2004 Charade Rd                          98199        Seattle                        Washington                US                                                                           
       1800 460 Bloor St. W.                         ON M5S 1X8   Toronto                        Ontario                   CA                                                                           
       2500 Magdalen Centre, The Oxford Science Park OX9 9ZB      Oxford                         Oxford                    UK                                                                           

SQL> SELECT DEPARTMENT_NAME , CITY
  2  FROM DEPARTMENTS
  3  NATURAL JOIN LOCATIONS;

DEPARTMENT_NAME                CITY                                                                                                                                                                     
------------------------------ ------------------------------                                                                                                                                           
Administration                 Seattle                                                                                                                                                                  
Marketing                      Toronto                                                                                                                                                                  
Shiping                        South San Francisco                                                                                                                                                      
IT                             Southlake                                                                                                                                                                
Sales                          Oxford                                                                                                                                                                   
Executive                      Seattle                                                                                                                                                                  
Accounting                     Seattle                                                                                                                                                                  
Contracting                    Seattle                                                                                                                                                                  

8 rows selected.

SQL> SELECT DEPARTMENT_NAME , CITY
  2  FROM DEPARTMENTS
  3  INNER JOIN LOCATIONS;
INNER JOIN LOCATIONS
                   *
ERROR at line 3:
ORA-00905: missing keyword 


SQL> SELECT DEPARTMENT_NAME , CITY
  2  FROM DEPARTMENTS
  3  INNER JOIN LOCATIONS USING (LOCATION_ID);

DEPARTMENT_NAME                CITY                                                                                                                                                                     
------------------------------ ------------------------------                                                                                                                                           
Administration                 Seattle                                                                                                                                                                  
Marketing                      Toronto                                                                                                                                                                  
Shiping                        South San Francisco                                                                                                                                                      
IT                             Southlake                                                                                                                                                                
Sales                          Oxford                                                                                                                                                                   
Executive                      Seattle                                                                                                                                                                  
Accounting                     Seattle                                                                                                                                                                  
Contracting                    Seattle                                                                                                                                                                  

8 rows selected.

SQL> SELECT DEPARTMENT_NAME , CITY
  2  FROM DEPARTMENTS
  3  INNER JOIN LOCATIONS ON LOCATION_ID = LOCATION_ID;
INNER JOIN LOCATIONS ON LOCATION_ID = LOCATION_ID
                                      *
ERROR at line 3:
ORA-00918: column ambiguously defined 


SQL> SELECT DEPARTMENT_NAME , CITY
  2  FROM DEPARTMENTS
  3  INNER JOIN LOCATIONS ON DEPARTMENTS.LOCATION_ID = LOCATIONS.LOCATION_ID;

DEPARTMENT_NAME                CITY                                                                                                                                                                     
------------------------------ ------------------------------                                                                                                                                           
Administration                 Seattle                                                                                                                                                                  
Marketing                      Toronto                                                                                                                                                                  
Shiping                        South San Francisco                                                                                                                                                      
IT                             Southlake                                                                                                                                                                
Sales                          Oxford                                                                                                                                                                   
Executive                      Seattle                                                                                                                                                                  
Accounting                     Seattle                                                                                                                                                                  
Contracting                    Seattle                                                                                                                                                                  

8 rows selected.

SQL> SELECT DEPARTMENT_NAME , CITY
  2  FROM DEPARTMENTS D
  3  INNER JOIN LOCATIONS L ON D.LOCATION_ID = L.LOCATION_ID;

DEPARTMENT_NAME                CITY                                                                                                                                                                     
------------------------------ ------------------------------                                                                                                                                           
Administration                 Seattle                                                                                                                                                                  
Marketing                      Toronto                                                                                                                                                                  
Shiping                        South San Francisco                                                                                                                                                      
IT                             Southlake                                                                                                                                                                
Sales                          Oxford                                                                                                                                                                   
Executive                      Seattle                                                                                                                                                                  
Accounting                     Seattle                                                                                                                                                                  
Contracting                    Seattle                                                                                                                                                                  

8 rows selected.

SQL> SELECT * FROM LOCATIONS;

LOCATION_ID STREET_ADRESS                            POSTAL_CODE  CITY                           STATE_PROVINCE            CO                                                                           
----------- ---------------------------------------- ------------ ------------------------------ ------------------------- --                                                                           
       1400 2014 Jabberwocky Rd                      26192        Southlake                      Texas                     US                                                                           
       1500 2011 Interiors Blvd                      99236        South San Francisco            California                US                                                                           
       1700 2004 Charade Rd                          98199        Seattle                        Washington                US                                                                           
       1800 460 Bloor St. W.                         ON M5S 1X8   Toronto                        Ontario                   CA                                                                           
       2500 Magdalen Centre, The Oxford Science Park OX9 9ZB      Oxford                         Oxford                    UK                                                                           

SQL> SELECT * FROM COUNTRIES;

CO COUNTRY_NAME                              REGION_ID                                                                                                                                                  
-- ---------------------------------------- ----------                                                                                                                                                  
CA Canada                                            2                                                                                                                                                  
DE Germany                                           1                                                                                                                                                  
UK United Kingdom                                    1                                                                                                                                                  
US United States of America                          2                                                                                                                                                  

SQL> 
SQL> SELECT CITY , COUNTRY_NAME
  2  FROM LOCATIONS
  3  NATURAL JOIN COUNTRIES;

CITY                           COUNTRY_NAME                                                                                                                                                             
------------------------------ ----------------------------------------                                                                                                                                 
Southlake                      United States of America                                                                                                                                                 
South San Francisco            United States of America                                                                                                                                                 
Seattle                        United States of America                                                                                                                                                 
Toronto                        Canada                                                                                                                                                                   
Oxford                         United Kingdom                                                                                                                                                           

SQL> SELECT CITY , COUNTRY_NAME
  2  FROM LOCATIONS
  3  JOIN COUNTRIES USING (COUNTRY_ID);

CITY                           COUNTRY_NAME                                                                                                                                                             
------------------------------ ----------------------------------------                                                                                                                                 
Southlake                      United States of America                                                                                                                                                 
South San Francisco            United States of America                                                                                                                                                 
Seattle                        United States of America                                                                                                                                                 
Toronto                        Canada                                                                                                                                                                   
Oxford                         United Kingdom                                                                                                                                                           

SQL> SELECT CITY , COUNTRY_NAME
  2  FROM LOCATIONS
  3  JOIN COUNTRIES ON LOCATIONS.COUNTRY_ID = COUNTRIES.COUNTRY_ID;

CITY                           COUNTRY_NAME                                                                                                                                                             
------------------------------ ----------------------------------------                                                                                                                                 
Southlake                      United States of America                                                                                                                                                 
South San Francisco            United States of America                                                                                                                                                 
Seattle                        United States of America                                                                                                                                                 
Toronto                        Canada                                                                                                                                                                   
Oxford                         United Kingdom                                                                                                                                                           

SQL> SELECT CITY , COUNTRY_NAME
  2  FROM LOCATIONS L
  3  JOIN COUNTRIES C ON L.COUNTRY_ID = C.COUNTRY_ID;

CITY                           COUNTRY_NAME                                                                                                                                                             
------------------------------ ----------------------------------------                                                                                                                                 
Southlake                      United States of America                                                                                                                                                 
South San Francisco            United States of America                                                                                                                                                 
Seattle                        United States of America                                                                                                                                                 
Toronto                        Canada                                                                                                                                                                   
Oxford                         United Kingdom                                                                                                                                                           

SQL> SELECT * FROM COUNTRIES;

CO COUNTRY_NAME                              REGION_ID                                                                                                                                                  
-- ---------------------------------------- ----------                                                                                                                                                  
CA Canada                                            2                                                                                                                                                  
DE Germany                                           1                                                                                                                                                  
UK United Kingdom                                    1                                                                                                                                                  
US United States of America                          2                                                                                                                                                  

SQL> SELECT * FROM REGIONS;

 REGION_ID REGION_NAME                                                                                                                                                                                  
---------- -------------------------                                                                                                                                                                    
         1 Europe                                                                                                                                                                                       
         2 Americas                                                                                                                                                                                     
         3 Asia                                                                                                                                                                                         
         4 Middle East and Africa                                                                                                                                                                       

SQL> REM COUNTRY_NAME , REGION_NAME
SQL> 
SQL> REM E D L C R
SQL> 
SQL> REM 1 NATURAL JOIN 2 INNER USING 3 INNER ON TABLENAME 3 INNER ON TABLEALIAS
SQL> 
SQL> REM 1 NATURAL JOIN 2 INNER USING 3 INNER ON TABLENAME 4 INNER ON TABLEALIAS
SQL> 
SQL> SELECT COUNTRY_NAME , REGION_NAME
  2  FROM COUNTRIES
  3  NATURAL JOIN REGIONS ;

COUNTRY_NAME                             REGION_NAME                                                                                                                                                    
---------------------------------------- -------------------------                                                                                                                                      
Germany                                  Europe                                                                                                                                                         
United Kingdom                           Europe                                                                                                                                                         
Canada                                   Americas                                                                                                                                                       
United States of America                 Americas                                                                                                                                                       

SQL> SELECT COUNTRY_NAME,REGION_NAME FROM COUNTRIES INNER JOIN  REGIONS USING REGION_ID;
SELECT COUNTRY_NAME,REGION_NAME FROM COUNTRIES INNER JOIN  REGIONS USING REGION_ID
                                                                         *
ERROR at line 1:
ORA-00905: missing keyword 


SQL> SELECT COUNTRY_NAME,REGION_NAME FROM COUNTRIES INNER JOIN  REGIONS USING (REGION_ID);

COUNTRY_NAME                             REGION_NAME                                                                                                                                                    
---------------------------------------- -------------------------                                                                                                                                      
Germany                                  Europe                                                                                                                                                         
United Kingdom                           Europe                                                                                                                                                         
Canada                                   Americas                                                                                                                                                       
United States of America                 Americas                                                                                                                                                       

SQL> SELECT COUNTRY_NAME , REGION_NAME
  2  FROM COUNTRIES
  3  JOIN REGIONS ON COUNTRIES.REGION_ID = REGIONS.REGION_ID ;

COUNTRY_NAME                             REGION_NAME                                                                                                                                                    
---------------------------------------- -------------------------                                                                                                                                      
Germany                                  Europe                                                                                                                                                         
United Kingdom                           Europe                                                                                                                                                         
Canada                                   Americas                                                                                                                                                       
United States of America                 Americas                                                                                                                                                       

SQL> SELECT COUNTRY_NAME, REGION_NAME FROM COUNTRIES C INNER JOIN REGIONS R ON C.REGION_ID = R.REGION_ID;

COUNTRY_NAME                             REGION_NAME                                                                                                                                                    
---------------------------------------- -------------------------                                                                                                                                      
Germany                                  Europe                                                                                                                                                         
United Kingdom                           Europe                                                                                                                                                         
Canada                                   Americas                                                                                                                                                       
United States of America                 Americas                                                                                                                                                       

SQL> SELECT * FROM DEPARTMENTS;

DEPARTMENT_ID DEPARTMENT_NAME                MANAGER_ID LOCATION_ID                                                                                                                                     
------------- ------------------------------ ---------- -----------                                                                                                                                     
           10 Administration                        200        1700                                                                                                                                     
           20 Marketing                             201        1800                                                                                                                                     
           50 Shiping                               124        1500                                                                                                                                     
           60 IT                                    103        1400                                                                                                                                     
           80 Sales                                 149        2500                                                                                                                                     
           90 Executive                             100        1700                                                                                                                                     
          110 Accounting                            205        1700                                                                                                                                     
          190 Contracting                                      1700                                                                                                                                     

8 rows selected.

SQL> SELECT * FROM LOCATIONS;

LOCATION_ID STREET_ADRESS                            POSTAL_CODE  CITY                           STATE_PROVINCE            CO                                                                           
----------- ---------------------------------------- ------------ ------------------------------ ------------------------- --                                                                           
       1400 2014 Jabberwocky Rd                      26192        Southlake                      Texas                     US                                                                           
       1500 2011 Interiors Blvd                      99236        South San Francisco            California                US                                                                           
       1700 2004 Charade Rd                          98199        Seattle                        Washington                US                                                                           
       1800 460 Bloor St. W.                         ON M5S 1X8   Toronto                        Ontario                   CA                                                                           
       2500 Magdalen Centre, The Oxford Science Park OX9 9ZB      Oxford                         Oxford                    UK                                                                           

SQL> SELECT * FROM COUNTRIES;

CO COUNTRY_NAME                              REGION_ID                                                                                                                                                  
-- ---------------------------------------- ----------                                                                                                                                                  
CA Canada                                            2                                                                                                                                                  
DE Germany                                           1                                                                                                                                                  
UK United Kingdom                                    1                                                                                                                                                  
US United States of America                          2                                                                                                                                                  

SQL> SELECT DEPARTMENT_NAME , CITY , COUNTRY_NAME
  2  FROM DEPARTMENTS
  3  NATURAL JOIN LOCATIONS
  4  NATURAL JOIN COUNTRIES;

DEPARTMENT_NAME                CITY                           COUNTRY_NAME                                                                                                                              
------------------------------ ------------------------------ ----------------------------------------                                                                                                  
Administration                 Seattle                        United States of America                                                                                                                  
Marketing                      Toronto                        Canada                                                                                                                                    
Shiping                        South San Francisco            United States of America                                                                                                                  
IT                             Southlake                      United States of America                                                                                                                  
Sales                          Oxford                         United Kingdom                                                                                                                            
Executive                      Seattle                        United States of America                                                                                                                  
Accounting                     Seattle                        United States of America                                                                                                                  
Contracting                    Seattle                        United States of America                                                                                                                  

8 rows selected.

SQL> SELECT DEPARTMENT_NAME , CITY , COUNTRY_NAME
  2  FROM DEPARTMENTS
  3  JOIN LOCATIONS   USING (LOCATION_ID)
  4  JOIN COUNTRIES   USING (COUNTRY_ID);

DEPARTMENT_NAME                CITY                           COUNTRY_NAME                                                                                                                              
------------------------------ ------------------------------ ----------------------------------------                                                                                                  
Administration                 Seattle                        United States of America                                                                                                                  
Marketing                      Toronto                        Canada                                                                                                                                    
Shiping                        South San Francisco            United States of America                                                                                                                  
IT                             Southlake                      United States of America                                                                                                                  
Sales                          Oxford                         United Kingdom                                                                                                                            
Executive                      Seattle                        United States of America                                                                                                                  
Accounting                     Seattle                        United States of America                                                                                                                  
Contracting                    Seattle                        United States of America                                                                                                                  

8 rows selected.

SQL> SELECT DEPARTMENT_NAME , CITY , COUNTRY_NAME
  2  FROM DEPARTMENTS
  3  JOIN LOCATIONS   ON DEPARTMENTS.LOCATION_ID = LOCATIONS.LOCATION_ID
  4  JOIN COUNTRIES   ON LOCATIONS.COUNTRY_ID    = COUNTRIES.COUNTRY_ID;

DEPARTMENT_NAME                CITY                           COUNTRY_NAME                                                                                                                              
------------------------------ ------------------------------ ----------------------------------------                                                                                                  
Administration                 Seattle                        United States of America                                                                                                                  
Marketing                      Toronto                        Canada                                                                                                                                    
Shiping                        South San Francisco            United States of America                                                                                                                  
IT                             Southlake                      United States of America                                                                                                                  
Sales                          Oxford                         United Kingdom                                                                                                                            
Executive                      Seattle                        United States of America                                                                                                                  
Accounting                     Seattle                        United States of America                                                                                                                  
Contracting                    Seattle                        United States of America                                                                                                                  

8 rows selected.

SQL> SELECT DEPARTMENT_NAME , CITY , COUNTRY_NAME
  2  FROM DEPARTMENTS D
  3  JOIN LOCATIONS   L ON D.LOCATION_ID = L.LOCATION_ID
  4  JOIN COUNTRIES   C ON L.COUNTRY_ID  = C.COUNTRY_ID;

DEPARTMENT_NAME                CITY                           COUNTRY_NAME                                                                                                                              
------------------------------ ------------------------------ ----------------------------------------                                                                                                  
Administration                 Seattle                        United States of America                                                                                                                  
Marketing                      Toronto                        Canada                                                                                                                                    
Shiping                        South San Francisco            United States of America                                                                                                                  
IT                             Southlake                      United States of America                                                                                                                  
Sales                          Oxford                         United Kingdom                                                                                                                            
Executive                      Seattle                        United States of America                                                                                                                  
Accounting                     Seattle                        United States of America                                                                                                                  
Contracting                    Seattle                        United States of America                                                                                                                  

8 rows selected.

SQL> SELECT * FROM LOCATIONS;

LOCATION_ID STREET_ADRESS                            POSTAL_CODE  CITY                           STATE_PROVINCE            CO                                                                           
----------- ---------------------------------------- ------------ ------------------------------ ------------------------- --                                                                           
       1400 2014 Jabberwocky Rd                      26192        Southlake                      Texas                     US                                                                           
       1500 2011 Interiors Blvd                      99236        South San Francisco            California                US                                                                           
       1700 2004 Charade Rd                          98199        Seattle                        Washington                US                                                                           
       1800 460 Bloor St. W.                         ON M5S 1X8   Toronto                        Ontario                   CA                                                                           
       2500 Magdalen Centre, The Oxford Science Park OX9 9ZB      Oxford                         Oxford                    UK                                                                           

SQL> SELECT * FROM COUNTRIES;

CO COUNTRY_NAME                              REGION_ID                                                                                                                                                  
-- ---------------------------------------- ----------                                                                                                                                                  
CA Canada                                            2                                                                                                                                                  
DE Germany                                           1                                                                                                                                                  
UK United Kingdom                                    1                                                                                                                                                  
US United States of America                          2                                                                                                                                                  

SQL> SELECT * FROM REGIONS;

 REGION_ID REGION_NAME                                                                                                                                                                                  
---------- -------------------------                                                                                                                                                                    
         1 Europe                                                                                                                                                                                       
         2 Americas                                                                                                                                                                                     
         3 Asia                                                                                                                                                                                         
         4 Middle East and Africa                                                                                                                                                                       

SQL> REM CITY , COUNTRY_NAME , REGION_NAME
SQL> 
SQL> REM 1 NATURAL JOIN 2 INNER USING 3 INNER ON TABLENAME 4 INNER ON TABLEALIAS
SQL> 
SQL> SELECT CITY,COUNTRY_NAME,REGION_NAME FROM LOCATIONS NATURAL JOIN COUNTRIES NATURAL JOIN REGIONS;

CITY                           COUNTRY_NAME                             REGION_NAME                                                                                                                     
------------------------------ ---------------------------------------- -------------------------                                                                                                       
Southlake                      United States of America                 Americas                                                                                                                        
South San Francisco            United States of America                 Americas                                                                                                                        
Seattle                        United States of America                 Americas                                                                                                                        
Toronto                        Canada                                   Americas                                                                                                                        
Oxford                         United Kingdom                           Europe                                                                                                                          

SQL> SELECT CITY,COUNTRY_NAME,REGION_NAME FROM LOCATIONS INNER JOIN COUNTRIES USING (COUNTRY_ID) INNER JOIN REGIONS USING (REGION_ID);

CITY                           COUNTRY_NAME                             REGION_NAME                                                                                                                     
------------------------------ ---------------------------------------- -------------------------                                                                                                       
Southlake                      United States of America                 Americas                                                                                                                        
South San Francisco            United States of America                 Americas                                                                                                                        
Seattle                        United States of America                 Americas                                                                                                                        
Toronto                        Canada                                   Americas                                                                                                                        
Oxford                         United Kingdom                           Europe                                                                                                                          

SQL> SELECT CITY,COUNTRY_NAME,REGION_NAME FROM LOCATIONS INNER JOIN  COUNTRIES ON LOCATIONS.COUNTRY_ID = COUNTRIES.COUNTRY_ID INNER JOIN  REGIONS ON REGIONS.REGION_ID = COUNTRIES.REGION_ID ;

CITY                           COUNTRY_NAME                             REGION_NAME                                                                                                                     
------------------------------ ---------------------------------------- -------------------------                                                                                                       
Southlake                      United States of America                 Americas                                                                                                                        
South San Francisco            United States of America                 Americas                                                                                                                        
Seattle                        United States of America                 Americas                                                                                                                        
Toronto                        Canada                                   Americas                                                                                                                        
Oxford                         United Kingdom                           Europe                                                                                                                          

SQL> SELECT CITY,COUNTRY_NAME,REGION_NAME FROM LOCATIONS L INNER JOIN  COUNTRIES C ON L.COUNTRY_ID = C.COUNTRY_ID INNER JOIN  REGIONS R ON R.REGION_ID = C.REGION_ID ;

CITY                           COUNTRY_NAME                             REGION_NAME                                                                                                                     
------------------------------ ---------------------------------------- -------------------------                                                                                                       
Southlake                      United States of America                 Americas                                                                                                                        
South San Francisco            United States of America                 Americas                                                                                                                        
Seattle                        United States of America                 Americas                                                                                                                        
Toronto                        Canada                                   Americas                                                                                                                        
Oxford                         United Kingdom                           Europe                                                                                                                          

SQL> REM COUNTRY_NAME , DEPARTMENT_ID , REGION_NAME, CITY , STATE_PROVINCE
SQL> 
SQL> REM 1 NATURAL JOIN 2 INNER USING 3 INNER ON TABLENAME 4 INNER ON TABLEALIAS
SQL> 
SQL> REM COUNTRY_NAME , DEPARTMENT_NAME , REGION_NAME, CITY , STATE_PROVINCE
SQL> 
SQL> SELECT DEPARTMENT_NAME,COUNTRY_NAME,REGION_NAME,CITY,STATE_PROVINCE FROM DEPARTMENTS NATURAL JOIN LOCATIONS NATURAL JOIN COUNTRIES NATURAL JOIN REGIONS;

DEPARTMENT_NAME                COUNTRY_NAME                             REGION_NAME               CITY                           STATE_PROVINCE                                                         
------------------------------ ---------------------------------------- ------------------------- ------------------------------ -------------------------                                              
Administration                 United States of America                 Americas                  Seattle                        Washington                                                             
Marketing                      Canada                                   Americas                  Toronto                        Ontario                                                                
Shiping                        United States of America                 Americas                  South San Francisco            California                                                             
IT                             United States of America                 Americas                  Southlake                      Texas                                                                  
Sales                          United Kingdom                           Europe                    Oxford                         Oxford                                                                 
Executive                      United States of America                 Americas                  Seattle                        Washington                                                             
Accounting                     United States of America                 Americas                  Seattle                        Washington                                                             
Contracting                    United States of America                 Americas                  Seattle                        Washington                                                             

8 rows selected.

SQL> SELECT DEPARTMENT_NAME,COUNTRY_NAME,REGION_NAME,CITY,STATE_PROVINCE FROM DEPARTMENTS INNER JOIN  LOCATIONS USING (LOCATION_ID) INNER JOIN COUNTRIES USING (COUNTRY_ID) INNER JOIN REGIONS USING (REGION_ID);

DEPARTMENT_NAME                COUNTRY_NAME                             REGION_NAME               CITY                           STATE_PROVINCE                                                         
------------------------------ ---------------------------------------- ------------------------- ------------------------------ -------------------------                                              
Administration                 United States of America                 Americas                  Seattle                        Washington                                                             
Marketing                      Canada                                   Americas                  Toronto                        Ontario                                                                
Shiping                        United States of America                 Americas                  South San Francisco            California                                                             
IT                             United States of America                 Americas                  Southlake                      Texas                                                                  
Sales                          United Kingdom                           Europe                    Oxford                         Oxford                                                                 
Executive                      United States of America                 Americas                  Seattle                        Washington                                                             
Accounting                     United States of America                 Americas                  Seattle                        Washington                                                             
Contracting                    United States of America                 Americas                  Seattle                        Washington                                                             

8 rows selected.

SQL> SELECT DEPARTMENT_NAME,COUNTRY_NAME,REGION_NAME,CITY,STATE_PROVINCE FROM DEPARTMENTS INNER JOIN  LOCATIONS ON DEPARTMENTS.LOCATION_ID = LOCATIONS.LOCATION_ID INNER JOIN  COUNTRIES ON COUNTRIES.COUNTRY_ID = LOCATIONS.COUNTRY_ID INNER JOIN  REGIONS ON  COUNTRIES.REGION_ID = REGIONS.REGION_ID;

DEPARTMENT_NAME                COUNTRY_NAME                             REGION_NAME               CITY                           STATE_PROVINCE                                                         
------------------------------ ---------------------------------------- ------------------------- ------------------------------ -------------------------                                              
Administration                 United States of America                 Americas                  Seattle                        Washington                                                             
Marketing                      Canada                                   Americas                  Toronto                        Ontario                                                                
Shiping                        United States of America                 Americas                  South San Francisco            California                                                             
IT                             United States of America                 Americas                  Southlake                      Texas                                                                  
Sales                          United Kingdom                           Europe                    Oxford                         Oxford                                                                 
Executive                      United States of America                 Americas                  Seattle                        Washington                                                             
Accounting                     United States of America                 Americas                  Seattle                        Washington                                                             
Contracting                    United States of America                 Americas                  Seattle                        Washington                                                             

8 rows selected.

SQL> SELECT DEPARTMENT_NAME,COUNTRY_NAME,REGION_NAME,CITY,STATE_PROVINCE FROM DEPARTMENTS D INNER JOIN  LOCATIONS L ON D.LOCATION_ID = L.LOCATION_ID INNER JOIN  COUNTRIES C ON C.COUNTRY_ID = L.COUNTRY_ID INNER JOIN  REGIONS R ON C.REGION_ID = R.REGION_ID;

DEPARTMENT_NAME                COUNTRY_NAME                             REGION_NAME               CITY                           STATE_PROVINCE                                                         
------------------------------ ---------------------------------------- ------------------------- ------------------------------ -------------------------                                              
Administration                 United States of America                 Americas                  Seattle                        Washington                                                             
Marketing                      Canada                                   Americas                  Toronto                        Ontario                                                                
Shiping                        United States of America                 Americas                  South San Francisco            California                                                             
IT                             United States of America                 Americas                  Southlake                      Texas                                                                  
Sales                          United Kingdom                           Europe                    Oxford                         Oxford                                                                 
Executive                      United States of America                 Americas                  Seattle                        Washington                                                             
Accounting                     United States of America                 Americas                  Seattle                        Washington                                                             
Contracting                    United States of America                 Americas                  Seattle                        Washington                                                             

8 rows selected.

SQL> 1: SELECT COUNTRY_NAME, DEPARTMENT_NAME, REGION_NAME, CITY, STATE_PROVINCE FROM DEPARTMENTS NATURAL JOIN LOCATIONS NATURAL JOIN COUNTRIES NATURAL JOIN REGIONS;
SP2-0734: unknown command beginning "1: SELECT ..." - rest of line ignored.
SQL> 
SQL> 2:SELECT COUNTRY_NAME, DEPARTMENT_NAME, REGION_NAME, CITY, STATE_PROVINCE FROM DEPARTMENTS INNER JOIN LOCATIONS USING (LOCATION_ID)
SP2-0734: unknown command beginning "2:SELECT C..." - rest of line ignored.
SQL> INNER JOIN COUNTRIES USING (COUNTRY_ID)
SP2-0734: unknown command beginning "INNER JOIN..." - rest of line ignored.
SQL> INNER JOIN REGIONS USING (REGION_ID);
SP2-0734: unknown command beginning "INNER JOIN..." - rest of line ignored.
SP2-0044: For a list of known commands enter HELP
and to leave enter EXIT.
SQL> 
SQL> 3:SELECT COUNTRY_NAME, DEPARTMENT_NAME, REGION_NAME, CITY, STATE_PROVINCE FROM DEPARTMENTS INNER JOIN LOCATIONS ON DEPARTMENTS.LOCATION_ID = LOCATIONS.LOCATION_ID
SP2-0734: unknown command beginning "3:SELECT C..." - rest of line ignored.
SQL> INNER JOIN COUNTRIES ON LOCATIONS.COUNTRY_ID = COUNTRIES.COUNTRY_ID
SP2-0734: unknown command beginning "INNER JOIN..." - rest of line ignored.
SQL> INNER JOIN REGIONS ON COUNTRIES.REGION_ID = REGIONS.REGION_ID;
SP2-0734: unknown command beginning "INNER JOIN..." - rest of line ignored.
SQL> 
SQL> 4:SELECT COUNTRY_NAME, DEPARTMENT_NAME, REGION_NAME, CITY, STATE_PROVINCE FROM DEPARTMENTS D INNER JOIN LOCATIONS L ON D.LOCATION_ID = L.LOCATION_ID
SP2-0734: unknown command beginning "4:SELECT C..." - rest of line ignored.
SP2-0044: For a list of known commands enter HELP
and to leave enter EXIT.
SQL> INNER JOIN COUNTRIES C ON L.COUNTRY_ID = C.COUNTRY_ID
SP2-0734: unknown command beginning "INNER JOIN..." - rest of line ignored.
SQL> INNER JOIN REGIONS R ON C.REGION_ID = R.REGION_ID;
SP2-0734: unknown command beginning "INNER JOIN..." - rest of line ignored.
SQL> 
SQL> 
SQL> SELECT COUNTRY_NAME, DEPARTMENT_NAME, REGION_NAME, CITY, STATE_PROVINCE FROM DEPARTMENTS NATURAL JOIN LOCATIONS NATURAL JOIN COUNTRIES NATURAL JOIN REGIONS;

COUNTRY_NAME                             DEPARTMENT_NAME                REGION_NAME               CITY                           STATE_PROVINCE                                                         
---------------------------------------- ------------------------------ ------------------------- ------------------------------ -------------------------                                              
United States of America                 Administration                 Americas                  Seattle                        Washington                                                             
Canada                                   Marketing                      Americas                  Toronto                        Ontario                                                                
United States of America                 Shiping                        Americas                  South San Francisco            California                                                             
United States of America                 IT                             Americas                  Southlake                      Texas                                                                  
United Kingdom                           Sales                          Europe                    Oxford                         Oxford                                                                 
United States of America                 Executive                      Americas                  Seattle                        Washington                                                             
United States of America                 Accounting                     Americas                  Seattle                        Washington                                                             
United States of America                 Contracting                    Americas                  Seattle                        Washington                                                             

8 rows selected.

SQL> SELECT COUNTRY_NAME, DEPARTMENT_NAME, REGION_NAME, CITY, STATE_PROVINCE FROM DEPARTMENTS INNER JOIN LOCATIONS USING (LOCATION_ID)
  2  INNER JOIN COUNTRIES USING (COUNTRY_ID)
  3  INNER JOIN REGIONS USING (REGION_ID);

COUNTRY_NAME                             DEPARTMENT_NAME                REGION_NAME               CITY                           STATE_PROVINCE                                                         
---------------------------------------- ------------------------------ ------------------------- ------------------------------ -------------------------                                              
United States of America                 Administration                 Americas                  Seattle                        Washington                                                             
Canada                                   Marketing                      Americas                  Toronto                        Ontario                                                                
United States of America                 Shiping                        Americas                  South San Francisco            California                                                             
United States of America                 IT                             Americas                  Southlake                      Texas                                                                  
United Kingdom                           Sales                          Europe                    Oxford                         Oxford                                                                 
United States of America                 Executive                      Americas                  Seattle                        Washington                                                             
United States of America                 Accounting                     Americas                  Seattle                        Washington                                                             
United States of America                 Contracting                    Americas                  Seattle                        Washington                                                             

8 rows selected.

SQL> SELECT COUNTRY_NAME, DEPARTMENT_NAME, REGION_NAME, CITY, STATE_PROVINCE FROM DEPARTMENTS INNER JOIN LOCATIONS ON DEPARTMENTS.LOCAT
  2  INNER JOIN COUNTRIES C ON L.COUNTRY_ID = C.COUNTRY_ID
  3  INNER JOIN REGIONS R ON C.REGION_ID = R.REGION_ID;
INNER JOIN COUNTRIES C ON L.COUNTRY_ID = C.COUNTRY_ID
*
ERROR at line 2:
ORA-00920: invalid relational operator 


SQL> SELECT COUNTRY_NAME, DEPARTMENT_NAME, REGION_NAME, CITY, STATE_PROVINCE FROM DEPARTMENTS INNER JOIN LOCATIONS ON DEPARTMENTS.LOCATION_ID = LOCATIONS.LOCATION_ID
  2  INNER JOIN COUNTRIES C ON L.COUNTRY_ID = C.COUNTRY_ID
  3  INNER JOIN REGIONS R ON C.REGION_ID = R.REGION_ID;
INNER JOIN COUNTRIES C ON L.COUNTRY_ID = C.COUNTRY_ID
                          *
ERROR at line 2:
ORA-00904: "L"."COUNTRY_ID": invalid identifier 


SQL> SELECT COUNTRY_NAME, DEPARTMENT_NAME, REGION_NAME, CITY, STATE_PROVINCE
  2  FROM DEPARTMENTS
  3  INNER JOIN LOCATIONS ON DEPARTMENTS.LOCATION_ID = LOCATIONS.LOCATION_ID
  4  INNER JOIN COUNTRIES ON LOCATIONS.COUNTRY_ID = COUNTRIES.COUNTRY_ID
  5  INNER JOIN REGIONS ON COUNTRIES.REGION_ID = REGIONS.REGION_ID;

COUNTRY_NAME                             DEPARTMENT_NAME                REGION_NAME               CITY                           STATE_PROVINCE                                                         
---------------------------------------- ------------------------------ ------------------------- ------------------------------ -------------------------                                              
United States of America                 Administration                 Americas                  Seattle                        Washington                                                             
Canada                                   Marketing                      Americas                  Toronto                        Ontario                                                                
United States of America                 Shiping                        Americas                  South San Francisco            California                                                             
United States of America                 IT                             Americas                  Southlake                      Texas                                                                  
United Kingdom                           Sales                          Europe                    Oxford                         Oxford                                                                 
United States of America                 Executive                      Americas                  Seattle                        Washington                                                             
United States of America                 Accounting                     Americas                  Seattle                        Washington                                                             
United States of America                 Contracting                    Americas                  Seattle                        Washington                                                             

8 rows selected.

SQL> SELECT COUNTRY_NAME, DEPARTMENT_NAME, REGION_NAME, CITY, STATE_PROVINCE FROM DEPARTMENTS D INNER JOIN LOCATIONS L ON D.LOCATION_ID = L.LOCATION_ID
  2  INNER JOIN COUNTRIES C ON L.COUNTRY_ID = C.COUNTRY_ID
  3  INNER JOIN REGIONS R ON C.REGION_ID = R.REGION_ID;

COUNTRY_NAME                             DEPARTMENT_NAME                REGION_NAME               CITY                           STATE_PROVINCE                                                         
---------------------------------------- ------------------------------ ------------------------- ------------------------------ -------------------------                                              
United States of America                 Administration                 Americas                  Seattle                        Washington                                                             
Canada                                   Marketing                      Americas                  Toronto                        Ontario                                                                
United States of America                 Shiping                        Americas                  South San Francisco            California                                                             
United States of America                 IT                             Americas                  Southlake                      Texas                                                                  
United Kingdom                           Sales                          Europe                    Oxford                         Oxford                                                                 
United States of America                 Executive                      Americas                  Seattle                        Washington                                                             
United States of America                 Accounting                     Americas                  Seattle                        Washington                                                             
United States of America                 Contracting                    Americas                  Seattle                        Washington                                                             

8 rows selected.

SQL> SELECT COUNTRY_NAME , DEPARTMENT_NAME , REGION_NAME , CITY , STATE_PROVINCE
  2  FROM DEPARTMENTS
  3  NATURAL JOIN LOCATIONS
  4  NATURAL JOIN COUNTRIES
  5  NATURAL JOIN REGIONS ;

COUNTRY_NAME                             DEPARTMENT_NAME                REGION_NAME               CITY                           STATE_PROVINCE                                                         
---------------------------------------- ------------------------------ ------------------------- ------------------------------ -------------------------                                              
United States of America                 Administration                 Americas                  Seattle                        Washington                                                             
Canada                                   Marketing                      Americas                  Toronto                        Ontario                                                                
United States of America                 Shiping                        Americas                  South San Francisco            California                                                             
United States of America                 IT                             Americas                  Southlake                      Texas                                                                  
United Kingdom                           Sales                          Europe                    Oxford                         Oxford                                                                 
United States of America                 Executive                      Americas                  Seattle                        Washington                                                             
United States of America                 Accounting                     Americas                  Seattle                        Washington                                                             
United States of America                 Contracting                    Americas                  Seattle                        Washington                                                             

8 rows selected.

SQL> 
SQL> SELECT COUNTRY_NAME , DEPARTMENT_NAME , REGION_NAME , CITY , STATE_PROVINCE
  2  FROM DEPARTMENTS
  3  JOIN LOCATIONS USING (LOCATION_ID)
  4  JOIN COUNTRIES USING (COUNTRY_ID)
  5  JOIN REGIONS USING (REGION_ID) ;

COUNTRY_NAME                             DEPARTMENT_NAME                REGION_NAME               CITY                           STATE_PROVINCE                                                         
---------------------------------------- ------------------------------ ------------------------- ------------------------------ -------------------------                                              
United States of America                 Administration                 Americas                  Seattle                        Washington                                                             
Canada                                   Marketing                      Americas                  Toronto                        Ontario                                                                
United States of America                 Shiping                        Americas                  South San Francisco            California                                                             
United States of America                 IT                             Americas                  Southlake                      Texas                                                                  
United Kingdom                           Sales                          Europe                    Oxford                         Oxford                                                                 
United States of America                 Executive                      Americas                  Seattle                        Washington                                                             
United States of America                 Accounting                     Americas                  Seattle                        Washington                                                             
United States of America                 Contracting                    Americas                  Seattle                        Washington                                                             

8 rows selected.

SQL> 
SQL> SELECT COUNTRY_NAME , DEPARTMENT_NAME , REGION_NAME , CITY , STATE_PROVINCE
  2  FROM DEPARTMENTS
  3  JOIN LOCATIONS ON DEPARTMENTS.LOCATION_ID = LOCATIONS.LOCATION_ID
  4  JOIN COUNTRIES ON LOCATIONS.COUNTRY_ID = COUNTRIES.COUNTRY_ID
  5  JOIN REGIONS ON COUNTRIES.REGION_ID = REGIONS.REGION_ID ;

COUNTRY_NAME                             DEPARTMENT_NAME                REGION_NAME               CITY                           STATE_PROVINCE                                                         
---------------------------------------- ------------------------------ ------------------------- ------------------------------ -------------------------                                              
United States of America                 Administration                 Americas                  Seattle                        Washington                                                             
Canada                                   Marketing                      Americas                  Toronto                        Ontario                                                                
United States of America                 Shiping                        Americas                  South San Francisco            California                                                             
United States of America                 IT                             Americas                  Southlake                      Texas                                                                  
United Kingdom                           Sales                          Europe                    Oxford                         Oxford                                                                 
United States of America                 Executive                      Americas                  Seattle                        Washington                                                             
United States of America                 Accounting                     Americas                  Seattle                        Washington                                                             
United States of America                 Contracting                    Americas                  Seattle                        Washington                                                             

8 rows selected.

SQL> 
SQL> SELECT COUNTRY_NAME , DEPARTMENT_NAME , REGION_NAME , CITY , STATE_PROVINCE
  2  FROM DEPARTMENTS D
  3  JOIN LOCATIONS L ON D.LOCATION_ID = L.LOCATION_ID
  4  JOIN COUNTRIES C ON L.COUNTRY_ID = C.COUNTRY_ID
  5  JOIN REGIONS R ON C.REGION_ID = R.REGION_ID ;

COUNTRY_NAME                             DEPARTMENT_NAME                REGION_NAME               CITY                           STATE_PROVINCE                                                         
---------------------------------------- ------------------------------ ------------------------- ------------------------------ -------------------------                                              
United States of America                 Administration                 Americas                  Seattle                        Washington                                                             
Canada                                   Marketing                      Americas                  Toronto                        Ontario                                                                
United States of America                 Shiping                        Americas                  South San Francisco            California                                                             
United States of America                 IT                             Americas                  Southlake                      Texas                                                                  
United Kingdom                           Sales                          Europe                    Oxford                         Oxford                                                                 
United States of America                 Executive                      Americas                  Seattle                        Washington                                                             
United States of America                 Accounting                     Americas                  Seattle                        Washington                                                             
United States of America                 Contracting                    Americas                  Seattle                        Washington                                                             

8 rows selected.

SQL> SELECT * FROM DEPARTMENTS;

DEPARTMENT_ID DEPARTMENT_NAME                MANAGER_ID LOCATION_ID                                                                                                                                     
------------- ------------------------------ ---------- -----------                                                                                                                                     
           10 Administration                        200        1700                                                                                                                                     
           20 Marketing                             201        1800                                                                                                                                     
           50 Shiping                               124        1500                                                                                                                                     
           60 IT                                    103        1400                                                                                                                                     
           80 Sales                                 149        2500                                                                                                                                     
           90 Executive                             100        1700                                                                                                                                     
          110 Accounting                            205        1700                                                                                                                                     
          190 Contracting                                      1700                                                                                                                                     

8 rows selected.

SQL> SELECT * FROM LOCATIONS;

LOCATION_ID STREET_ADRESS                            POSTAL_CODE  CITY                           STATE_PROVINCE            CO                                                                           
----------- ---------------------------------------- ------------ ------------------------------ ------------------------- --                                                                           
       1400 2014 Jabberwocky Rd                      26192        Southlake                      Texas                     US                                                                           
       1500 2011 Interiors Blvd                      99236        South San Francisco            California                US                                                                           
       1700 2004 Charade Rd                          98199        Seattle                        Washington                US                                                                           
       1800 460 Bloor St. W.                         ON M5S 1X8   Toronto                        Ontario                   CA                                                                           
       2500 Magdalen Centre, The Oxford Science Park OX9 9ZB      Oxford                         Oxford                    UK                                                                           

SQL> SELECT *
  2  FROM DEPARTMENTS
  3  NATURAL JOIN LOCATIONS;

LOCATION_ID DEPARTMENT_ID DEPARTMENT_NAME                MANAGER_ID STREET_ADRESS                            POSTAL_CODE  CITY                           STATE_PROVINCE            CO                   
----------- ------------- ------------------------------ ---------- ---------------------------------------- ------------ ------------------------------ ------------------------- --                   
       1700            10 Administration                        200 2004 Charade Rd                          98199        Seattle                        Washington                US                   
       1800            20 Marketing                             201 460 Bloor St. W.                         ON M5S 1X8   Toronto                        Ontario                   CA                   
       1500            50 Shiping                               124 2011 Interiors Blvd                      99236        South San Francisco            California                US                   
       1400            60 IT                                    103 2014 Jabberwocky Rd                      26192        Southlake                      Texas                     US                   
       2500            80 Sales                                 149 Magdalen Centre, The Oxford Science Park OX9 9ZB      Oxford                         Oxford                    UK                   
       1700            90 Executive                             100 2004 Charade Rd                          98199        Seattle                        Washington                US                   
       1700           110 Accounting                            205 2004 Charade Rd                          98199        Seattle                        Washington                US                   
       1700           190 Contracting                               2004 Charade Rd                          98199        Seattle                        Washington                US                   

8 rows selected.

SQL> REM NATURAL JOIN REMOVES ALL COMMON COLUMN DUPLICATIONS
SQL> 
SQL> SET LINES 300
SQL> 
SQL> SELECT * FROM EMPLOYEES;

EMPLOYEE_ID FIRST_NAME      LAST_NAME       EMAIL      PHONE_NUMBER         HIRE_DATE JOB_ID         SALARY COMMISSION_PCT MANAGER_ID DEPARTMENT_ID                                                                                                                                                         
----------- --------------- --------------- ---------- -------------------- --------- ---------- ---------- -------------- ---------- -------------                                                                                                                                                         
        100 Steven          King            SKING      515.123.4567         17-JUL-87 AD_PRES         24000                                      90                                                                                                                                                         
        101 Neena           Kochhar         NKOCHHAR   515.123.4568         21-SEP-89 AD_VP           17000                       100            90                                                                                                                                                         
        102 Lex             De Haan         LDEHAAN    515.123.4569         13-JAN-93 AD_VP           17000                       100            90                                                                                                                                                         
        103 Alexander       Hunold          AHUNOLD    590.423.4567         03-JAN-90 IT_PROG          9000                       102            60                                                                                                                                                         
        104 Bruce           Ernst           BERNST     590.423.4568         21-MAY-91 IT_PROG          6000                       103            60                                                                                                                                                         
        107 Diana           Lorentz         DLORENTZ   590.423.5567         07-FEB-99 IT_PROG          4200                       103            60                                                                                                                                                         
        124 Kevin           Mourgos         KMOURGOS   650.123.5234         16-NOV-99 ST_MAN           5800                       100            50                                                                                                                                                         
        141 Trenna          Rajs            TRAJS      650.121.8009         17-OCT-95 ST_CLERK         3500                       124            50                                                                                                                                                         
        142 Curtis          Davies          CDAVIES    650.121.2994         29-JAN-97 ST_CLERK         3100                       124            50                                                                                                                                                         
        143 Randall         Matos           RMATOS     650.121.2874         15-MAR-98 ST_CLERK         2600                       124            50                                                                                                                                                         
        144 Peter           Vargas          PVARGAS    650.121.2004         09-JUL-98 ST_CLERK         2500                       124            50                                                                                                                                                         
        149 Eleni           Zlotkey         EZLOTKEY   011.44.1344.429018   29-JAN-00 SA_MAN          10500             .2        100            80                                                                                                                                                         
        174 Ellen           Abel            EABEL      011.44.1644.429267   11-MAY-96 SA_REP          11000             .3        149            80                                                                                                                                                         
        176 Jonathon        Taylor          JTAYLOR    011.44.1644.429265   24-MAR-98 SA_REP           8600             .3        149            80                                                                                                                                                         
        178 Kimerely        Grant           KGRANT     011.44.1644.429263   24-MAY-99 SA_REP           7000            .15        149                                                                                                                                                                       
        200 Jennifer        Whalen          JWHALEN    515.123.4444         17-SEP-87 AD_ASST          4400                       101            10                                                                                                                                                         
        201 Michael         Hartstein       MHARTSTE   515.123.5555         17-FEB-96 MK_MAN          13000                       100            20                                                                                                                                                         
        202 Pat             Fay             PFAY       603.123.6666         17-AUG-97 MK_REP           6000                       201            20                                                                                                                                                         
        205 Shelley         Higgins         SHIGGINS   515.123.8080         07-JUN-94 AC_MGR          12000                       101           110                                                                                                                                                         
        206 William         Gietz           WGIETZ     515.123.8181         07-JUN-94 AC_ACCOUNT       8300                       205           110                                                                                                                                                         

20 rows selected.

SQL> SELECT * FROM DEPARTMENTS;

DEPARTMENT_ID DEPARTMENT_NAME                MANAGER_ID LOCATION_ID                                                                                                                                                                                                                                         
------------- ------------------------------ ---------- -----------                                                                                                                                                                                                                                         
           10 Administration                        200        1700                                                                                                                                                                                                                                         
           20 Marketing                             201        1800                                                                                                                                                                                                                                         
           50 Shiping                               124        1500                                                                                                                                                                                                                                         
           60 IT                                    103        1400                                                                                                                                                                                                                                         
           80 Sales                                 149        2500                                                                                                                                                                                                                                         
           90 Executive                             100        1700                                                                                                                                                                                                                                         
          110 Accounting                            205        1700                                                                                                                                                                                                                                         
          190 Contracting                                      1700                                                                                                                                                                                                                                         

8 rows selected.

SQL> SELECT *
  2  FROM EMPLOYEES
  3  NATURAL JOIN DEPARTMENTS;

MANAGER_ID DEPARTMENT_ID EMPLOYEE_ID FIRST_NAME      LAST_NAME       EMAIL      PHONE_NUMBER         HIRE_DATE JOB_ID         SALARY COMMISSION_PCT DEPARTMENT_NAME                LOCATION_ID                                                                                                              
---------- ------------- ----------- --------------- --------------- ---------- -------------------- --------- ---------- ---------- -------------- ------------------------------ -----------                                                                                                              
       100            90         101 Neena           Kochhar         NKOCHHAR   515.123.4568         21-SEP-89 AD_VP           17000                Executive                             1700                                                                                                              
       100            90         102 Lex             De Haan         LDEHAAN    515.123.4569         13-JAN-93 AD_VP           17000                Executive                             1700                                                                                                              
       103            60         104 Bruce           Ernst           BERNST     590.423.4568         21-MAY-91 IT_PROG          6000                IT                                    1400                                                                                                              
       103            60         107 Diana           Lorentz         DLORENTZ   590.423.5567         07-FEB-99 IT_PROG          4200                IT                                    1400                                                                                                              
       124            50         141 Trenna          Rajs            TRAJS      650.121.8009         17-OCT-95 ST_CLERK         3500                Shiping                               1500                                                                                                              
       124            50         142 Curtis          Davies          CDAVIES    650.121.2994         29-JAN-97 ST_CLERK         3100                Shiping                               1500                                                                                                              
       124            50         143 Randall         Matos           RMATOS     650.121.2874         15-MAR-98 ST_CLERK         2600                Shiping                               1500                                                                                                              
       124            50         144 Peter           Vargas          PVARGAS    650.121.2004         09-JUL-98 ST_CLERK         2500                Shiping                               1500                                                                                                              
       149            80         174 Ellen           Abel            EABEL      011.44.1644.429267   11-MAY-96 SA_REP          11000             .3 Sales                                 2500                                                                                                              
       149            80         176 Jonathon        Taylor          JTAYLOR    011.44.1644.429265   24-MAR-98 SA_REP           8600             .3 Sales                                 2500                                                                                                              
       201            20         202 Pat             Fay             PFAY       603.123.6666         17-AUG-97 MK_REP           6000                Marketing                             1800                                                                                                              
       205           110         206 William         Gietz           WGIETZ     515.123.8181         07-JUN-94 AC_ACCOUNT       8300                Accounting                            1700                                                                                                              

12 rows selected.

SQL> NATURAL JOIN DEPARTMENTS;SELECT E.FIRST_NAME , D.DEPARTMENT_NAME
SP2-0734: unknown command beginning "NATURAL JO..." - rest of line ignored.
SQL> 
SQL> 
SQL> 
SQL> SELECT E.FIRST_NAME , D.DEPARTMENT_NAME
  2  FROM EMPLOYEES
  3  
SQL> 
SQL> SELECT E.FIRST_NAME , D.DEPARTMENT_NAME
  2  FROM EMPLOYEES E
  3  NATURAL JOIN DEPARTMENTS D;

FIRST_NAME      DEPARTMENT_NAME                                                                                                                                                                                                                                                                             
--------------- ------------------------------                                                                                                                                                                                                                                                              
Neena           Executive                                                                                                                                                                                                                                                                                   
Lex             Executive                                                                                                                                                                                                                                                                                   
Bruce           IT                                                                                                                                                                                                                                                                                          
Diana           IT                                                                                                                                                                                                                                                                                          
Trenna          Shiping                                                                                                                                                                                                                                                                                     
Curtis          Shiping                                                                                                                                                                                                                                                                                     
Randall         Shiping                                                                                                                                                                                                                                                                                     
Peter           Shiping                                                                                                                                                                                                                                                                                     
Ellen           Sales                                                                                                                                                                                                                                                                                       
Jonathon        Sales                                                                                                                                                                                                                                                                                       
Pat             Marketing                                                                                                                                                                                                                                                                                   
William         Accounting                                                                                                                                                                                                                                                                                  

12 rows selected.

SQL> REM WE CAN'T QUALIFY ANY COMMON COLUMN WHEN WE USE NATURAL JOIN.
SQL> 
SQL> SELECT E.DEPARTMENT_ID , E.FIRST_NAME , D.DEPARTMENT_NAME
  2  FROM EMPLOYEES E
  3  NATURAL JOIN DEPARTMENTS D;
SELECT E.DEPARTMENT_ID , E.FIRST_NAME , D.DEPARTMENT_NAME
       *
ERROR at line 1:
ORA-25155: column used in NATURAL join cannot have qualifier 


SQL> SELECT E.MANAGER_ID , E.FIRST_NAME , D.DEPARTMENT_NAME
  2  FROM EMPLOYEES E
  3  NATURAL JOIN DEPARTMENTS D;
SELECT E.MANAGER_ID , E.FIRST_NAME , D.DEPARTMENT_NAME
       *
ERROR at line 1:
ORA-25155: column used in NATURAL join cannot have qualifier 


SQL> SELECT FIRST_NAME , DEPARTMENT_NAME
  2  FROM EMPLOYEES
  3  INNER JOIN DEPARTMENTS USING (DEPARTMENT_ID , MANAGER_ID);

FIRST_NAME      DEPARTMENT_NAME                                                                                                                                                                                                                                                                             
--------------- ------------------------------                                                                                                                                                                                                                                                              
Neena           Executive                                                                                                                                                                                                                                                                                   
Lex             Executive                                                                                                                                                                                                                                                                                   
Bruce           IT                                                                                                                                                                                                                                                                                          
Diana           IT                                                                                                                                                                                                                                                                                          
Trenna          Shiping                                                                                                                                                                                                                                                                                     
Curtis          Shiping                                                                                                                                                                                                                                                                                     
Randall         Shiping                                                                                                                                                                                                                                                                                     
Peter           Shiping                                                                                                                                                                                                                                                                                     
Ellen           Sales                                                                                                                                                                                                                                                                                       
Jonathon        Sales                                                                                                                                                                                                                                                                                       
Pat             Marketing                                                                                                                                                                                                                                                                                   
William         Accounting                                                                                                                                                                                                                                                                                  

12 rows selected.

SQL> SELECT E.DEPARTMENT_ID , FIRST_NAME , DEPARTMENT_NAME
  2  FROM EMPLOYEES
  3  INNER JOIN DEPARTMENTS USING (DEPARTMENT_ID , MANAGER_ID);
SELECT E.DEPARTMENT_ID , FIRST_NAME , DEPARTMENT_NAME
       *
ERROR at line 1:
ORA-00904: "E"."DEPARTMENT_ID": invalid identifier 


SQL> REM WE CAN'T QUALIFY COMMON COLUMNS WHICH ARE PART OF USING CLAUSE.
SQL> 
SQL> SELECT E.MANAGER_ID , FIRST_NAME , DEPARTMENT_NAME
  2  FROM EMPLOYEES
  3  INNER JOIN DEPARTMENTS USING (DEPARTMENT_ID);
SELECT E.MANAGER_ID , FIRST_NAME , DEPARTMENT_NAME
       *
ERROR at line 1:
ORA-00904: "E"."MANAGER_ID": invalid identifier 


SQL> SELECT *
  2  FROM EMPLOYEES
  3  INNER JOIN DEPARTMENTS USING (DEPARTMENT_ID , MANAGER_ID);

DEPARTMENT_ID MANAGER_ID EMPLOYEE_ID FIRST_NAME      LAST_NAME       EMAIL      PHONE_NUMBER         HIRE_DATE JOB_ID         SALARY COMMISSION_PCT DEPARTMENT_NAME                LOCATION_ID                                                                                                              
------------- ---------- ----------- --------------- --------------- ---------- -------------------- --------- ---------- ---------- -------------- ------------------------------ -----------                                                                                                              
           90        100         101 Neena           Kochhar         NKOCHHAR   515.123.4568         21-SEP-89 AD_VP           17000                Executive                             1700                                                                                                              
           90        100         102 Lex             De Haan         LDEHAAN    515.123.4569         13-JAN-93 AD_VP           17000                Executive                             1700                                                                                                              
           60        103         104 Bruce           Ernst           BERNST     590.423.4568         21-MAY-91 IT_PROG          6000                IT                                    1400                                                                                                              
           60        103         107 Diana           Lorentz         DLORENTZ   590.423.5567         07-FEB-99 IT_PROG          4200                IT                                    1400                                                                                                              
           50        124         141 Trenna          Rajs            TRAJS      650.121.8009         17-OCT-95 ST_CLERK         3500                Shiping                               1500                                                                                                              
           50        124         142 Curtis          Davies          CDAVIES    650.121.2994         29-JAN-97 ST_CLERK         3100                Shiping                               1500                                                                                                              
           50        124         143 Randall         Matos           RMATOS     650.121.2874         15-MAR-98 ST_CLERK         2600                Shiping                               1500                                                                                                              
           50        124         144 Peter           Vargas          PVARGAS    650.121.2004         09-JUL-98 ST_CLERK         2500                Shiping                               1500                                                                                                              
           80        149         174 Ellen           Abel            EABEL      011.44.1644.429267   11-MAY-96 SA_REP          11000             .3 Sales                                 2500                                                                                                              
           80        149         176 Jonathon        Taylor          JTAYLOR    011.44.1644.429265   24-MAR-98 SA_REP           8600             .3 Sales                                 2500                                                                                                              
           20        201         202 Pat             Fay             PFAY       603.123.6666         17-AUG-97 MK_REP           6000                Marketing                             1800                                                                                                              
          110        205         206 William         Gietz           WGIETZ     515.123.8181         07-JUN-94 AC_ACCOUNT       8300                Accounting                            1700                                                                                                              

12 rows selected.

SQL> SELECT *
  2  FROM EMPLOYEES
  3  INNER JOIN DEPARTMENTS USING (DEPARTMENT_ID);

DEPARTMENT_ID EMPLOYEE_ID FIRST_NAME      LAST_NAME       EMAIL      PHONE_NUMBER         HIRE_DATE JOB_ID         SALARY COMMISSION_PCT MANAGER_ID DEPARTMENT_NAME                MANAGER_ID LOCATION_ID                                                                                                   
------------- ----------- --------------- --------------- ---------- -------------------- --------- ---------- ---------- -------------- ---------- ------------------------------ ---------- -----------                                                                                                   
           10         200 Jennifer        Whalen          JWHALEN    515.123.4444         17-SEP-87 AD_ASST          4400                       101 Administration                        200        1700                                                                                                   
           20         201 Michael         Hartstein       MHARTSTE   515.123.5555         17-FEB-96 MK_MAN          13000                       100 Marketing                             201        1800                                                                                                   
           20         202 Pat             Fay             PFAY       603.123.6666         17-AUG-97 MK_REP           6000                       201 Marketing                             201        1800                                                                                                   
           50         124 Kevin           Mourgos         KMOURGOS   650.123.5234         16-NOV-99 ST_MAN           5800                       100 Shiping                               124        1500                                                                                                   
           50         144 Peter           Vargas          PVARGAS    650.121.2004         09-JUL-98 ST_CLERK         2500                       124 Shiping                               124        1500                                                                                                   
           50         143 Randall         Matos           RMATOS     650.121.2874         15-MAR-98 ST_CLERK         2600                       124 Shiping                               124        1500                                                                                                   
           50         142 Curtis          Davies          CDAVIES    650.121.2994         29-JAN-97 ST_CLERK         3100                       124 Shiping                               124        1500                                                                                                   
           50         141 Trenna          Rajs            TRAJS      650.121.8009         17-OCT-95 ST_CLERK         3500                       124 Shiping                               124        1500                                                                                                   
           60         107 Diana           Lorentz         DLORENTZ   590.423.5567         07-FEB-99 IT_PROG          4200                       103 IT                                    103        1400                                                                                                   
           60         104 Bruce           Ernst           BERNST     590.423.4568         21-MAY-91 IT_PROG          6000                       103 IT                                    103        1400                                                                                                   
           60         103 Alexander       Hunold          AHUNOLD    590.423.4567         03-JAN-90 IT_PROG          9000                       102 IT                                    103        1400                                                                                                   
           80         174 Ellen           Abel            EABEL      011.44.1644.429267   11-MAY-96 SA_REP          11000             .3        149 Sales                                 149        2500                                                                                                   
           80         149 Eleni           Zlotkey         EZLOTKEY   011.44.1344.429018   29-JAN-00 SA_MAN          10500             .2        100 Sales                                 149        2500                                                                                                   
           80         176 Jonathon        Taylor          JTAYLOR    011.44.1644.429265   24-MAR-98 SA_REP           8600             .3        149 Sales                                 149        2500                                                                                                   
           90         102 Lex             De Haan         LDEHAAN    515.123.4569         13-JAN-93 AD_VP           17000                       100 Executive                             100        1700                                                                                                   
           90         100 Steven          King            SKING      515.123.4567         17-JUL-87 AD_PRES         24000                           Executive                             100        1700                                                                                                   
           90         101 Neena           Kochhar         NKOCHHAR   515.123.4568         21-SEP-89 AD_VP           17000                       100 Executive                             100        1700                                                                                                   
          110         206 William         Gietz           WGIETZ     515.123.8181         07-JUN-94 AC_ACCOUNT       8300                       205 Accounting                            205        1700                                                                                                   
          110         205 Shelley         Higgins         SHIGGINS   515.123.8080         07-JUN-94 AC_MGR          12000                       101 Accounting                            205        1700                                                                                                   

19 rows selected.

SQL> REM NATURAL JOIN REMOVES DUPLICATION OF ALL COMMON COLUMNS
SQL> 
SQL> REM INNER JOIN USING REMOVES DUPLICATIONS OF ONLY THOSE COMMON COLUMNS WHICH ARE LISTED IN USING CLAUSE.
SQL> 
SQL> REM INNER JOIN WITH ON DOESN'T REMOVE ANY DUPLICATIONS OF COMMON COLUMNS.
SQL> 
SQL> SELECT DEPARTMENT_ID , MANAGER_ID , FIRST_NAME , DEPARTMENT_NAME
  2  FROM EMPLOYEES
  3  NATURAL JOIN DEPARTMENTS;

DEPARTMENT_ID MANAGER_ID FIRST_NAME      DEPARTMENT_NAME                                                                                                                                                                                                                                                    
------------- ---------- --------------- ------------------------------                                                                                                                                                                                                                                     
           90        100 Neena           Executive                                                                                                                                                                                                                                                          
           90        100 Lex             Executive                                                                                                                                                                                                                                                          
           60        103 Bruce           IT                                                                                                                                                                                                                                                                 
           60        103 Diana           IT                                                                                                                                                                                                                                                                 
           50        124 Trenna          Shiping                                                                                                                                                                                                                                                            
           50        124 Curtis          Shiping                                                                                                                                                                                                                                                            
           50        124 Randall         Shiping                                                                                                                                                                                                                                                            
           50        124 Peter           Shiping                                                                                                                                                                                                                                                            
           80        149 Ellen           Sales                                                                                                                                                                                                                                                              
           80        149 Jonathon        Sales                                                                                                                                                                                                                                                              
           20        201 Pat             Marketing                                                                                                                                                                                                                                                          
          110        205 William         Accounting                                                                                                                                                                                                                                                         

12 rows selected.

SQL> SELECT DEPARTMENT_ID , MANAGER_ID , FIRST_NAME , DEPARTMENT_NAME
  2  FROM EMPLOYEES
  3  INNER JOIN DEPARTMENTS USING (DEPARTMENT_ID);
SELECT DEPARTMENT_ID , MANAGER_ID , FIRST_NAME , DEPARTMENT_NAME
                       *
ERROR at line 1:
ORA-00918: column ambiguously defined 


SQL> SELECT DEPARTMENT_ID , E.MANAGER_ID , FIRST_NAME , DEPARTMENT_NAME
  2  FROM EMPLOYEES E
  3  INNER JOIN DEPARTMENTS USING (DEPARTMENT_ID);

DEPARTMENT_ID MANAGER_ID FIRST_NAME      DEPARTMENT_NAME                                                                                                                                                                                                                                                    
------------- ---------- --------------- ------------------------------                                                                                                                                                                                                                                     
           10        101 Jennifer        Administration                                                                                                                                                                                                                                                     
           20        100 Michael         Marketing                                                                                                                                                                                                                                                          
           20        201 Pat             Marketing                                                                                                                                                                                                                                                          
           50        100 Kevin           Shiping                                                                                                                                                                                                                                                            
           50        124 Peter           Shiping                                                                                                                                                                                                                                                            
           50        124 Randall         Shiping                                                                                                                                                                                                                                                            
           50        124 Curtis          Shiping                                                                                                                                                                                                                                                            
           50        124 Trenna          Shiping                                                                                                                                                                                                                                                            
           60        103 Diana           IT                                                                                                                                                                                                                                                                 
           60        103 Bruce           IT                                                                                                                                                                                                                                                                 
           60        102 Alexander       IT                                                                                                                                                                                                                                                                 
           80        149 Ellen           Sales                                                                                                                                                                                                                                                              
           80        100 Eleni           Sales                                                                                                                                                                                                                                                              
           80        149 Jonathon        Sales                                                                                                                                                                                                                                                              
           90        100 Lex             Executive                                                                                                                                                                                                                                                          
           90            Steven          Executive                                                                                                                                                                                                                                                          
           90        100 Neena           Executive                                                                                                                                                                                                                                                          
          110        205 William         Accounting                                                                                                                                                                                                                                                         
          110        101 Shelley         Accounting                                                                                                                                                                                                                                                         

19 rows selected.

SQL> SELECT DEPARTMENT_ID , E.MANAGER_ID EMP_MGR, D.MANAGER_ID DEPT_MGR , FIRST_NAME , DEPARTMENT_NAME
  2  FROM EMPLOYEES E
  3  INNER JOIN DEPARTMENTS USING (DEPARTMENT_ID);
SELECT DEPARTMENT_ID , E.MANAGER_ID EMP_MGR, D.MANAGER_ID DEPT_MGR , FIRST_NAME , DEPARTMENT_NAME
                                             *
ERROR at line 1:
ORA-00904: "D"."MANAGER_ID": invalid identifier 


SQL> SELECT DEPARTMENT_ID , E.MANAGER_ID EMP_MGR, D.MANAGER_ID DEPT_MGR , FIRST_NAME , DEPARTMENT_NAME
  2  FROM EMPLOYEES E
  3  INNER JOIN DEPARTMENTS D USING (DEPARTMENT_ID);

DEPARTMENT_ID    EMP_MGR   DEPT_MGR FIRST_NAME      DEPARTMENT_NAME                                                                                                                                                                                                                                         
------------- ---------- ---------- --------------- ------------------------------                                                                                                                                                                                                                          
           10        101        200 Jennifer        Administration                                                                                                                                                                                                                                          
           20        100        201 Michael         Marketing                                                                                                                                                                                                                                               
           20        201        201 Pat             Marketing                                                                                                                                                                                                                                               
           50        100        124 Kevin           Shiping                                                                                                                                                                                                                                                 
           50        124        124 Peter           Shiping                                                                                                                                                                                                                                                 
           50        124        124 Randall         Shiping                                                                                                                                                                                                                                                 
           50        124        124 Curtis          Shiping                                                                                                                                                                                                                                                 
           50        124        124 Trenna          Shiping                                                                                                                                                                                                                                                 
           60        103        103 Diana           IT                                                                                                                                                                                                                                                      
           60        103        103 Bruce           IT                                                                                                                                                                                                                                                      
           60        102        103 Alexander       IT                                                                                                                                                                                                                                                      
           80        149        149 Ellen           Sales                                                                                                                                                                                                                                                   
           80        100        149 Eleni           Sales                                                                                                                                                                                                                                                   
           80        149        149 Jonathon        Sales                                                                                                                                                                                                                                                   
           90        100        100 Lex             Executive                                                                                                                                                                                                                                               
           90                   100 Steven          Executive                                                                                                                                                                                                                                               
           90        100        100 Neena           Executive                                                                                                                                                                                                                                               
          110        205        205 William         Accounting                                                                                                                                                                                                                                              
          110        101        205 Shelley         Accounting                                                                                                                                                                                                                                              

19 rows selected.

SQL> SELECT E.DEPARTMENT_ID , E.MANAGER_ID EMP_MGR, D.MANAGER_ID DEPT_MGR , FIRST_NAME , DEPARTMENT_NAME
  2  FROM EMPLOYEES E
  3  INNER JOIN DEPARTMENTS D USING (DEPARTMENT_ID);
SELECT E.DEPARTMENT_ID , E.MANAGER_ID EMP_MGR, D.MANAGER_ID DEPT_MGR , FIRST_NAME , DEPARTMENT_NAME
       *
ERROR at line 1:
ORA-25154: column part of USING clause cannot have qualifier 


SQL> SELECT DEPARTMENT_ID , MANAGER_ID EMP_MGR, D.MANAGER_ID DEPT_MGR , FIRST_NAME , DEPARTMENT_NAME
  2  FROM EMPLOYEES E
  3  INNER JOIN DEPARTMENTS D USING (DEPARTMENT_ID);
SELECT DEPARTMENT_ID , MANAGER_ID EMP_MGR, D.MANAGER_ID DEPT_MGR , FIRST_NAME , DEPARTMENT_NAME
                       *
ERROR at line 1:
ORA-00918: column ambiguously defined 


SQL> SELECT DEPARTMENT_ID , MANAGER_ID , FIRST_NAME , DEPARMENT_NAME
  2  FROM EMPLOYEES
  3  JOIN DEPARTMENTS ON DEPARTMENT_ID = DEPARTMENT_ID;
JOIN DEPARTMENTS ON DEPARTMENT_ID = DEPARTMENT_ID
                                    *
ERROR at line 3:
ORA-00918: column ambiguously defined 


SQL> SELECT DEPARTMENTS.DEPARTMENT_ID , DEPARTMENTS.MANAGER_ID , FIRST_NAME , DEPARMENT_NAME
  2  FROM EMPLOYEES
  3  JOIN DEPARTMENTS ON EMPLOYEES.DEPARTMENT_ID = DEPARTMENTS.DEPARTMENT_ID;
SELECT DEPARTMENTS.DEPARTMENT_ID , DEPARTMENTS.MANAGER_ID , FIRST_NAME , DEPARMENT_NAME
                                                                         *
ERROR at line 1:
ORA-00904: "DEPARMENT_NAME": invalid identifier 


SQL> SELECT DEPARTMENTS.DEPARTMENT_ID , DEPARTMENTS.MANAGER_ID , FIRST_NAME , DEPARTMENT_NAME
  2  FROM EMPLOYEES
  3  JOIN DEPARTMENTS ON EMPLOYEES.DEPARTMENT_ID = DEPARTMENTS.DEPARTMENT_ID;

DEPARTMENT_ID MANAGER_ID FIRST_NAME      DEPARTMENT_NAME                                                                                                                                                                                                                                                    
------------- ---------- --------------- ------------------------------                                                                                                                                                                                                                                     
           10        200 Jennifer        Administration                                                                                                                                                                                                                                                     
           20        201 Michael         Marketing                                                                                                                                                                                                                                                          
           20        201 Pat             Marketing                                                                                                                                                                                                                                                          
           50        124 Kevin           Shiping                                                                                                                                                                                                                                                            
           50        124 Peter           Shiping                                                                                                                                                                                                                                                            
           50        124 Randall         Shiping                                                                                                                                                                                                                                                            
           50        124 Curtis          Shiping                                                                                                                                                                                                                                                            
           50        124 Trenna          Shiping                                                                                                                                                                                                                                                            
           60        103 Diana           IT                                                                                                                                                                                                                                                                 
           60        103 Bruce           IT                                                                                                                                                                                                                                                                 
           60        103 Alexander       IT                                                                                                                                                                                                                                                                 
           80        149 Ellen           Sales                                                                                                                                                                                                                                                              
           80        149 Eleni           Sales                                                                                                                                                                                                                                                              
           80        149 Jonathon        Sales                                                                                                                                                                                                                                                              
           90        100 Lex             Executive                                                                                                                                                                                                                                                          
           90        100 Steven          Executive                                                                                                                                                                                                                                                          
           90        100 Neena           Executive                                                                                                                                                                                                                                                          
          110        205 William         Accounting                                                                                                                                                                                                                                                         
          110        205 Shelley         Accounting                                                                                                                                                                                                                                                         

19 rows selected.

SQL> REM NATURAL JOIN REMOVES ALL COMMON COLUMNS, SO WE CAN'T QUALIFY ANY COMMON COLUMN.
SQL> 
SQL> REM INNER JOIN WITH 'ON' DOESN'T REMOVE ANY COMMON COLUMN, SO WE MUST QUALIFY ALL COMMON COLUMNS.
SQL> 
SQL> REM INNER JOIN WITH 'USING' REMOVES DUPLICATION OF COLUMNS LISTED IN 'USING' CLAUSE SO WE CAN'T QUALIFY THEM, BUT KEEPS ALL OTHER COMMON COLUMN DUPLICATION, SO WE MUST QUALIFY THEM.
SQL> 
SQL> 
SQL> REM DEPARTMENT_ID , FIRST_NAME , DEPARTMENT_NAME
SQL> 
SQL> REM 1 NATURAL 2 INNER USING 3 INNER ON
SQL> 
SQL> REM DEPARTMENT_ID , MANAGER_ID , FIRST_NAME , DEPARTMENT_NAME
SQL> 
SQL> SELECT DEPARTMENT_ID,MANAGER_ID, FIRST_NAME, DEPARTMENT_NAME FROM EMPLOYEES NATURAL JOIN DEPARTMENTS;

DEPARTMENT_ID MANAGER_ID FIRST_NAME      DEPARTMENT_NAME                                                                                                                                                                                                                                                    
------------- ---------- --------------- ------------------------------                                                                                                                                                                                                                                     
           90        100 Neena           Executive                                                                                                                                                                                                                                                          
           90        100 Lex             Executive                                                                                                                                                                                                                                                          
           60        103 Bruce           IT                                                                                                                                                                                                                                                                 
           60        103 Diana           IT                                                                                                                                                                                                                                                                 
           50        124 Trenna          Shiping                                                                                                                                                                                                                                                            
           50        124 Curtis          Shiping                                                                                                                                                                                                                                                            
           50        124 Randall         Shiping                                                                                                                                                                                                                                                            
           50        124 Peter           Shiping                                                                                                                                                                                                                                                            
           80        149 Ellen           Sales                                                                                                                                                                                                                                                              
           80        149 Jonathon        Sales                                                                                                                                                                                                                                                              
           20        201 Pat             Marketing                                                                                                                                                                                                                                                          
          110        205 William         Accounting                                                                                                                                                                                                                                                         

12 rows selected.

SQL> 
SQL> SELECT EMPLOYEES.DEPARTMENT_ID,MANAGER_ID, FIRST_NAME, DEPARTMENT_NAME FROM EMPLOYEES INNER JOIN DEPARTMENTS USING (DEPARTMENT_ID)
  2  
SQL> 
SQL> SELECT EMPLOYEES.DEPARTMENT_ID,MANAGER_ID, FIRST_NAME, DEPARTMENT_NAME FROM EMPLOYEES INNER JOIN DEPARTMENTS ON EMPLOYEES.DEPANTMENT_ID = DEPARTMENTS.DEPARTMENT_ID;
SELECT EMPLOYEES.DEPARTMENT_ID,MANAGER_ID, FIRST_NAME, DEPARTMENT_NAME FROM EMPLOYEES INNER JOIN DEPARTMENTS ON EMPLOYEES.DEPANTMENT_ID = DEPARTMENTS.DEPARTMENT_ID
                                                                                                                *
ERROR at line 1:
ORA-00904: "EMPLOYEES"."DEPANTMENT_ID": invalid identifier 


SQL> SELECT DEPARTMENT_ID, EMPLOYEES.MANAGER_ID, FIRST_NAME, DEPARTMENT_NAME FROM EMPLOYEES INNER JOIN DEPARTMENTS USING (DEPARTMENT_ID)
  2  ;

DEPARTMENT_ID MANAGER_ID FIRST_NAME      DEPARTMENT_NAME                                                                                                                                                                                                                                                    
------------- ---------- --------------- ------------------------------                                                                                                                                                                                                                                     
           10        101 Jennifer        Administration                                                                                                                                                                                                                                                     
           20        100 Michael         Marketing                                                                                                                                                                                                                                                          
           20        201 Pat             Marketing                                                                                                                                                                                                                                                          
           50        100 Kevin           Shiping                                                                                                                                                                                                                                                            
           50        124 Peter           Shiping                                                                                                                                                                                                                                                            
           50        124 Randall         Shiping                                                                                                                                                                                                                                                            
           50        124 Curtis          Shiping                                                                                                                                                                                                                                                            
           50        124 Trenna          Shiping                                                                                                                                                                                                                                                            
           60        103 Diana           IT                                                                                                                                                                                                                                                                 
           60        103 Bruce           IT                                                                                                                                                                                                                                                                 
           60        102 Alexander       IT                                                                                                                                                                                                                                                                 
           80        149 Ellen           Sales                                                                                                                                                                                                                                                              
           80        100 Eleni           Sales                                                                                                                                                                                                                                                              
           80        149 Jonathon        Sales                                                                                                                                                                                                                                                              
           90        100 Lex             Executive                                                                                                                                                                                                                                                          
           90            Steven          Executive                                                                                                                                                                                                                                                          
           90        100 Neena           Executive                                                                                                                                                                                                                                                          
          110        205 William         Accounting                                                                                                                                                                                                                                                         
          110        101 Shelley         Accounting                                                                                                                                                                                                                                                         

19 rows selected.

SQL> SELECT DEPARTMENT_ID, EMPLOYEES.MANAGER_ID, FIRST_NAME, DEPARTMENT_NAME FROM EMPLOYEES INNER JOIN DEPARTMENTS ON EMPLOYEES.DEPANTMENT_ID = DEPARTMENTS.DEPARTMENT_ID;
SELECT DEPARTMENT_ID, EMPLOYEES.MANAGER_ID, FIRST_NAME, DEPARTMENT_NAME FROM EMPLOYEES INNER JOIN DEPARTMENTS ON EMPLOYEES.DEPANTMENT_ID = DEPARTMENTS.DEPARTMENT_ID
                                                                                                                 *
ERROR at line 1:
ORA-00904: "EMPLOYEES"."DEPANTMENT_ID": invalid identifier 


SQL> SELECT DEPARTMENT_ID, EMPLOYEES.MANAGER_ID, FIRST_NAME, DEPARTMENT_NAME FROM EMPLOYEES INNER JOIN DEPARTMENTS ON EMPLOYEES.DEPARTMENT_ID = DEPARTMENTS.DEPARTMENT_ID;
SELECT DEPARTMENT_ID, EMPLOYEES.MANAGER_ID, FIRST_NAME, DEPARTMENT_NAME FROM EMPLOYEES INNER JOIN DEPARTMENTS ON EMPLOYEES.DEPARTMENT_ID = DEPARTMENTS.DEPARTMENT_ID
       *
ERROR at line 1:
ORA-00918: column ambiguously defined 


SQL> SELECT EMPLOYEES.DEPARTMENT_ID, EMPLOYEES.MANAGER_ID, FIRST_NAME, DEPARTMENT_NAME FROM EMPLOYEES INNER JOIN DEPARTMENTS ON EMPLOYEES.DEPARTMENT_ID = DEPARTMENTS.DEPARTMENT_ID;

DEPARTMENT_ID MANAGER_ID FIRST_NAME      DEPARTMENT_NAME                                                                                                                                                                                                                                                    
------------- ---------- --------------- ------------------------------                                                                                                                                                                                                                                     
           10        101 Jennifer        Administration                                                                                                                                                                                                                                                     
           20        100 Michael         Marketing                                                                                                                                                                                                                                                          
           20        201 Pat             Marketing                                                                                                                                                                                                                                                          
           50        100 Kevin           Shiping                                                                                                                                                                                                                                                            
           50        124 Peter           Shiping                                                                                                                                                                                                                                                            
           50        124 Randall         Shiping                                                                                                                                                                                                                                                            
           50        124 Curtis          Shiping                                                                                                                                                                                                                                                            
           50        124 Trenna          Shiping                                                                                                                                                                                                                                                            
           60        103 Diana           IT                                                                                                                                                                                                                                                                 
           60        103 Bruce           IT                                                                                                                                                                                                                                                                 
           60        102 Alexander       IT                                                                                                                                                                                                                                                                 
           80        149 Ellen           Sales                                                                                                                                                                                                                                                              
           80        100 Eleni           Sales                                                                                                                                                                                                                                                              
           80        149 Jonathon        Sales                                                                                                                                                                                                                                                              
           90        100 Lex             Executive                                                                                                                                                                                                                                                          
           90            Steven          Executive                                                                                                                                                                                                                                                          
           90        100 Neena           Executive                                                                                                                                                                                                                                                          
          110        205 William         Accounting                                                                                                                                                                                                                                                         
          110        101 Shelley         Accounting                                                                                                                                                                                                                                                         

19 rows selected.

SQL> SELECT DEPARTMENT_ID,MANAGER_ID,FIRST_NAME,DEPARTMENT_NAME FROM EMPLOYEES NATURAL JOIN DEPARTMENTS;

DEPARTMENT_ID MANAGER_ID FIRST_NAME      DEPARTMENT_NAME                                                                                                                                                                                                                                                    
------------- ---------- --------------- ------------------------------                                                                                                                                                                                                                                     
           90        100 Neena           Executive                                                                                                                                                                                                                                                          
           90        100 Lex             Executive                                                                                                                                                                                                                                                          
           60        103 Bruce           IT                                                                                                                                                                                                                                                                 
           60        103 Diana           IT                                                                                                                                                                                                                                                                 
           50        124 Trenna          Shiping                                                                                                                                                                                                                                                            
           50        124 Curtis          Shiping                                                                                                                                                                                                                                                            
           50        124 Randall         Shiping                                                                                                                                                                                                                                                            
           50        124 Peter           Shiping                                                                                                                                                                                                                                                            
           80        149 Ellen           Sales                                                                                                                                                                                                                                                              
           80        149 Jonathon        Sales                                                                                                                                                                                                                                                              
           20        201 Pat             Marketing                                                                                                                                                                                                                                                          
          110        205 William         Accounting                                                                                                                                                                                                                                                         

12 rows selected.

SQL> SELECT DEPARTMENT_ID,D.MANAGER_ID,FIRST_NAME,DEPARTMENT_NAME FROM EMPLOYEES  INNER JOIN DEPARTMENTS D USING (DEPARTMENT_ID);

DEPARTMENT_ID MANAGER_ID FIRST_NAME      DEPARTMENT_NAME                                                                                                                                                                                                                                                    
------------- ---------- --------------- ------------------------------                                                                                                                                                                                                                                     
           10        200 Jennifer        Administration                                                                                                                                                                                                                                                     
           20        201 Michael         Marketing                                                                                                                                                                                                                                                          
           20        201 Pat             Marketing                                                                                                                                                                                                                                                          
           50        124 Kevin           Shiping                                                                                                                                                                                                                                                            
           50        124 Peter           Shiping                                                                                                                                                                                                                                                            
           50        124 Randall         Shiping                                                                                                                                                                                                                                                            
           50        124 Curtis          Shiping                                                                                                                                                                                                                                                            
           50        124 Trenna          Shiping                                                                                                                                                                                                                                                            
           60        103 Diana           IT                                                                                                                                                                                                                                                                 
           60        103 Bruce           IT                                                                                                                                                                                                                                                                 
           60        103 Alexander       IT                                                                                                                                                                                                                                                                 
           80        149 Ellen           Sales                                                                                                                                                                                                                                                              
           80        149 Eleni           Sales                                                                                                                                                                                                                                                              
           80        149 Jonathon        Sales                                                                                                                                                                                                                                                              
           90        100 Lex             Executive                                                                                                                                                                                                                                                          
           90        100 Steven          Executive                                                                                                                                                                                                                                                          
           90        100 Neena           Executive                                                                                                                                                                                                                                                          
          110        205 William         Accounting                                                                                                                                                                                                                                                         
          110        205 Shelley         Accounting                                                                                                                                                                                                                                                         

19 rows selected.

SQL> SELECT E.DEPARTMENT_ID,E.MANAGER_ID,FIRST_NAME,DEPARTMENT_NAME FROM EMPLOYEES E INNER JOIN DEPARTMENTS D ON E.DEPARTMENT_ID = D.DEPARTMENT_ID;

DEPARTMENT_ID MANAGER_ID FIRST_NAME      DEPARTMENT_NAME                                                                                                                                                                                                                                                    
------------- ---------- --------------- ------------------------------                                                                                                                                                                                                                                     
           10        101 Jennifer        Administration                                                                                                                                                                                                                                                     
           20        100 Michael         Marketing                                                                                                                                                                                                                                                          
           20        201 Pat             Marketing                                                                                                                                                                                                                                                          
           50        100 Kevin           Shiping                                                                                                                                                                                                                                                            
           50        124 Peter           Shiping                                                                                                                                                                                                                                                            
           50        124 Randall         Shiping                                                                                                                                                                                                                                                            
           50        124 Curtis          Shiping                                                                                                                                                                                                                                                            
           50        124 Trenna          Shiping                                                                                                                                                                                                                                                            
           60        103 Diana           IT                                                                                                                                                                                                                                                                 
           60        103 Bruce           IT                                                                                                                                                                                                                                                                 
           60        102 Alexander       IT                                                                                                                                                                                                                                                                 
           80        149 Ellen           Sales                                                                                                                                                                                                                                                              
           80        100 Eleni           Sales                                                                                                                                                                                                                                                              
           80        149 Jonathon        Sales                                                                                                                                                                                                                                                              
           90        100 Lex             Executive                                                                                                                                                                                                                                                          
           90            Steven          Executive                                                                                                                                                                                                                                                          
           90        100 Neena           Executive                                                                                                                                                                                                                                                          
          110        205 William         Accounting                                                                                                                                                                                                                                                         
          110        101 Shelley         Accounting                                                                                                                                                                                                                                                         

19 rows selected.

SQL> SELECT DEPARTMENT_ID , MANAGER_ID , FIRST_NAME , DEPARTMENT_NAME
  2  FROM EMPLOYEES
  3  NATURAL JOIN DEPARTMENTS;

DEPARTMENT_ID MANAGER_ID FIRST_NAME      DEPARTMENT_NAME                                                                                                                                                                                                                                                    
------------- ---------- --------------- ------------------------------                                                                                                                                                                                                                                     
           90        100 Neena           Executive                                                                                                                                                                                                                                                          
           90        100 Lex             Executive                                                                                                                                                                                                                                                          
           60        103 Bruce           IT                                                                                                                                                                                                                                                                 
           60        103 Diana           IT                                                                                                                                                                                                                                                                 
           50        124 Trenna          Shiping                                                                                                                                                                                                                                                            
           50        124 Curtis          Shiping                                                                                                                                                                                                                                                            
           50        124 Randall         Shiping                                                                                                                                                                                                                                                            
           50        124 Peter           Shiping                                                                                                                                                                                                                                                            
           80        149 Ellen           Sales                                                                                                                                                                                                                                                              
           80        149 Jonathon        Sales                                                                                                                                                                                                                                                              
           20        201 Pat             Marketing                                                                                                                                                                                                                                                          
          110        205 William         Accounting                                                                                                                                                                                                                                                         

12 rows selected.

SQL> 
SQL> SELECT DEPARTMENT_ID , E.MANAGER_ID EMP_MGR , D.MANAGER_ID DEP_MGR , FIRST_NAME , DEPARTMENT_NAME
  2  FROM EMPLOYEES E
  3  JOIN DEPARTMENTS D USING (DEPARTMENT_ID) ;

DEPARTMENT_ID    EMP_MGR    DEP_MGR FIRST_NAME      DEPARTMENT_NAME                                                                                                                                                                                                                                         
------------- ---------- ---------- --------------- ------------------------------                                                                                                                                                                                                                          
           10        101        200 Jennifer        Administration                                                                                                                                                                                                                                          
           20        100        201 Michael         Marketing                                                                                                                                                                                                                                               
           20        201        201 Pat             Marketing                                                                                                                                                                                                                                               
           50        100        124 Kevin           Shiping                                                                                                                                                                                                                                                 
           50        124        124 Peter           Shiping                                                                                                                                                                                                                                                 
           50        124        124 Randall         Shiping                                                                                                                                                                                                                                                 
           50        124        124 Curtis          Shiping                                                                                                                                                                                                                                                 
           50        124        124 Trenna          Shiping                                                                                                                                                                                                                                                 
           60        103        103 Diana           IT                                                                                                                                                                                                                                                      
           60        103        103 Bruce           IT                                                                                                                                                                                                                                                      
           60        102        103 Alexander       IT                                                                                                                                                                                                                                                      
           80        149        149 Ellen           Sales                                                                                                                                                                                                                                                   
           80        100        149 Eleni           Sales                                                                                                                                                                                                                                                   
           80        149        149 Jonathon        Sales                                                                                                                                                                                                                                                   
           90        100        100 Lex             Executive                                                                                                                                                                                                                                               
           90                   100 Steven          Executive                                                                                                                                                                                                                                               
           90        100        100 Neena           Executive                                                                                                                                                                                                                                               
          110        205        205 William         Accounting                                                                                                                                                                                                                                              
          110        101        205 Shelley         Accounting                                                                                                                                                                                                                                              

19 rows selected.

SQL> 
SQL> SELECT E.DEPARTMENT_ID , E.MANAGER_ID EMP_MGR , D.MANAGER_ID DEP_MGR , FIRST_NAME , DEPARTMENT_NAME
  2  FROM EMPLOYEES E
  3  JOIN DEPARTMENTS D ON E.DEPARTMENT_ID = D.DEPARTMENT_ID;

DEPARTMENT_ID    EMP_MGR    DEP_MGR FIRST_NAME      DEPARTMENT_NAME                                                                                                                                                                                                                                         
------------- ---------- ---------- --------------- ------------------------------                                                                                                                                                                                                                          
           10        101        200 Jennifer        Administration                                                                                                                                                                                                                                          
           20        100        201 Michael         Marketing                                                                                                                                                                                                                                               
           20        201        201 Pat             Marketing                                                                                                                                                                                                                                               
           50        100        124 Kevin           Shiping                                                                                                                                                                                                                                                 
           50        124        124 Peter           Shiping                                                                                                                                                                                                                                                 
           50        124        124 Randall         Shiping                                                                                                                                                                                                                                                 
           50        124        124 Curtis          Shiping                                                                                                                                                                                                                                                 
           50        124        124 Trenna          Shiping                                                                                                                                                                                                                                                 
           60        103        103 Diana           IT                                                                                                                                                                                                                                                      
           60        103        103 Bruce           IT                                                                                                                                                                                                                                                      
           60        102        103 Alexander       IT                                                                                                                                                                                                                                                      
           80        149        149 Ellen           Sales                                                                                                                                                                                                                                                   
           80        100        149 Eleni           Sales                                                                                                                                                                                                                                                   
           80        149        149 Jonathon        Sales                                                                                                                                                                                                                                                   
           90        100        100 Lex             Executive                                                                                                                                                                                                                                               
           90                   100 Steven          Executive                                                                                                                                                                                                                                               
           90        100        100 Neena           Executive                                                                                                                                                                                                                                               
          110        205        205 William         Accounting                                                                                                                                                                                                                                              
          110        101        205 Shelley         Accounting                                                                                                                                                                                                                                              

19 rows selected.

SQL> SPOOL OFF
