SQL> 
SQL> CL SCR

SQL> SET LINES 200 PAGES 24
SQL> 
SQL> REM DISPLAY THOSE WHO GETS LOWER SALARY THAN AVERAGE SALARY PAID BY COMPANY.
SQL> 
SQL> SELECT FIRSTNAME ,SALARY FROM EMPLOYEES WHERE SALARY < (SELECT AVG(SALARY)  FROM EMPLOYEES);
SELECT FIRSTNAME ,SALARY FROM EMPLOYEES WHERE SALARY < (SELECT AVG(SALARY)  FROM EMPLOYEES)
       *
ERROR at line 1:
ORA-00904: "FIRSTNAME": invalid identifier 


SQL> SELECT FIRST_NAME ,SALARY FROM EMPLOYEES WHERE SALARY < (SELECT AVG(SALARY)  FROM EMPLOYEES);

FIRST_NAME          SALARY                                                                                                                                                                              
--------------- ----------                                                                                                                                                                              
Bruce                 6000                                                                                                                                                                              
Diana                 4200                                                                                                                                                                              
Kevin                 5800                                                                                                                                                                              
Trenna                3500                                                                                                                                                                              
Curtis                3100                                                                                                                                                                              
Randall               2600                                                                                                                                                                              
Peter                 2500                                                                                                                                                                              
Jonathon              8600                                                                                                                                                                              
Kimerely              7000                                                                                                                                                                              
Jennifer              4400                                                                                                                                                                              
Pat                   6000                                                                                                                                                                              
William               8300                                                                                                                                                                              

12 rows selected.

SQL> REM DISPLAY THOSE WHO GETS HIGHER SALARY THAN AVERAGE SALARY PAID TO IT_PROG
SQL> 
SQL> SELECT FIRST_NAME, SALARY FROM EMPLOYEES WHERE SALARY > (SELECT AVG(SALARY) FROM EMPLOYEES WHERE JOB_ID = 'IT_PROG');

FIRST_NAME          SALARY                                                                                                                                                                              
--------------- ----------                                                                                                                                                                              
Steven               24000                                                                                                                                                                              
Neena                17000                                                                                                                                                                              
Lex                  17000                                                                                                                                                                              
Alexander             9000                                                                                                                                                                              
Eleni                10500                                                                                                                                                                              
Ellen                11000                                                                                                                                                                              
Jonathon              8600                                                                                                                                                                              
Kimerely              7000                                                                                                                                                                              
Michael              13000                                                                                                                                                                              
Shelley              12000                                                                                                                                                                              
William               8300                                                                                                                                                                              

11 rows selected.

SQL> REM DISPLAY THOSE WHO GETS LOWER SALARY THAN HIGHEST SALARY PAID TO DEPARTMENT 50
SQL> 
SQL> SELECT FIRST_NAME,SALARY FROM EMPLOYEES   WHERE SALARY < (SELECT MAX(SALARY)  FROM EMPLOYEES WHERE DEPARTMENT_ID = 50);

FIRST_NAME          SALARY                                                                                                                                                                              
--------------- ----------                                                                                                                                                                              
Diana                 4200                                                                                                                                                                              
Trenna                3500                                                                                                                                                                              
Curtis                3100                                                                                                                                                                              
Randall               2600                                                                                                                                                                              
Peter                 2500                                                                                                                                                                              
Jennifer              4400                                                                                                                                                                              

6 rows selected.

SQL> REM DISPLAY THOSE WHO GETS SALARY BETWEEN LOWEST SALARY PAID TO IT_PROG AND HIGHEST SALARY PAID TO DEPARTMENT_ID 80.
SQL> 
SQL> SELECT FIRST_NAME,SALARY FROM EMPLOYEES  WHERE SALARY BETWEEN (SELECT MIN(SALARY)  FROM EMPLOYEES WHERE JOB_ID = 'IT_PROG') AND (SELECT MAX(SALARY) FROM EMPLOYEES WHERE DEPARTMENT_ID = 80);

FIRST_NAME          SALARY                                                                                                                                                                              
--------------- ----------                                                                                                                                                                              
Alexander             9000                                                                                                                                                                              
Bruce                 6000                                                                                                                                                                              
Diana                 4200                                                                                                                                                                              
Kevin                 5800                                                                                                                                                                              
Eleni                10500                                                                                                                                                                              
Ellen                11000                                                                                                                                                                              
Jonathon              8600                                                                                                                                                                              
Kimerely              7000                                                                                                                                                                              
Jennifer              4400                                                                                                                                                                              
Pat                   6000                                                                                                                                                                              
William               8300                                                                                                                                                                              

11 rows selected.

SQL> SELECT FIRST_NAME, SALARY FROM EMPLOYEES WHERE SALARY < (SELECT MIN(SALARY) FROM EMPLOYEES WHERE JOB_ID = 'IT_PROG') AND SALARY > (SELECT MAX(SALARY) FROM EMPLOYEES WHERE DEPARTMENT_ID = 80);

no rows selected

SQL> SELECT FIRST_NAME, SALARY FROM EMPLOYEES WHERE SALARY > (SELECT MIN(SALARY) FROM EMPLOYEES WHERE JOB_ID = 'IT_PROG') AND SALARY < (SELECT MAX(SALARY) FROM EMPLOYEES WHERE DEPARTMENT_ID = 80);

FIRST_NAME          SALARY                                                                                                                                                                              
--------------- ----------                                                                                                                                                                              
Alexander             9000                                                                                                                                                                              
Bruce                 6000                                                                                                                                                                              
Kevin                 5800                                                                                                                                                                              
Eleni                10500                                                                                                                                                                              
Jonathon              8600                                                                                                                                                                              
Kimerely              7000                                                                                                                                                                              
Jennifer              4400                                                                                                                                                                              
Pat                   6000                                                                                                                                                                              
William               8300                                                                                                                                                                              

9 rows selected.

SQL> SELECT FIRST_NAME, SALARY FROM EMPLOYEES WHERE SALARY >= (SELECT MIN(SALARY) FROM EMPLOYEES WHERE JOB_ID = 'IT_PROG') AND SALARY <= (SELECT MAX(SALARY) FROM EMPLOYEES WHERE DEPARTMENT_ID = 80);

FIRST_NAME          SALARY                                                                                                                                                                              
--------------- ----------                                                                                                                                                                              
Alexander             9000                                                                                                                                                                              
Bruce                 6000                                                                                                                                                                              
Diana                 4200                                                                                                                                                                              
Kevin                 5800                                                                                                                                                                              
Eleni                10500                                                                                                                                                                              
Ellen                11000                                                                                                                                                                              
Jonathon              8600                                                                                                                                                                              
Kimerely              7000                                                                                                                                                                              
Jennifer              4400                                                                                                                                                                              
Pat                   6000                                                                                                                                                                              
William               8300                                                                                                                                                                              

11 rows selected.

SQL> REM DISPLAY THOSE EMPLOYEES WHO WORKS IN DEPARTMENT 20 AND GETS HIGHER SALARY THAN AVERAGE SALARY PAID BY COMPANY.
SQL> 
SQL> SELECT FIRST_NAME, SALARY FROM EMPLOYEES WHERE DEPARTMENT_ID = 20 AND SALARY > (SELECT AVG(SALARY) FROM EMPLOYEES);

FIRST_NAME          SALARY                                                                                                                                                                              
--------------- ----------                                                                                                                                                                              
Michael              13000                                                                                                                                                                              

SQL> REM DISPLAY THOSE WHO WORKS IN DEPARTMENT 80 AND GETS LOWER SALARY THAN AVERAGE SALARY PAID TO IT_PROG.
SQL> 
SQL> SELECT FIRST_NAME, SALARY FROM EMPLOYEES WHERE DEPARTMENT_ID = 80 AND SALARY < (SELECT AVG(SALARY) FROM EMPLOYEES WHERE JOB_ID = 'IT_PROG');

no rows selected

SQL> REM DISPLAY THOSE WHO WORKS IN DEPARTMENT 20 AND GETS LOWER SALARY THAN AVERAGE SALARY PAID TO IT_PROG.
SQL> 
SQL> SELECT FIRST_NAME, SALARY FROM EMPLOYEES WHERE DEPARTMENT_ID = 20 AND SALARY < (SELECT AVG(SALARY) FROM EMPLOYEES WHERE JOB_ID = 'IT_PROG');

FIRST_NAME          SALARY                                                                                                                                                                              
--------------- ----------                                                                                                                                                                              
Pat                   6000                                                                                                                                                                              

SQL> REM DISPLAY THOSE WHO GETS HIGHEST SALARY IN THEIR DEPARTMENT_ID
SQL> 
SQL> SELECT FIRST_NAME , DEPARTMENT_ID , SALARY FROM EMPLOYEES WHERE SALARY IN
  2  (SELECT MAX(SALARY) FROM EMPLOYEES GROUP BY DEPARTMENT_ID);

FIRST_NAME      DEPARTMENT_ID     SALARY                                                                                                                                                                
--------------- ------------- ----------                                                                                                                                                                
Steven                     90      24000                                                                                                                                                                
Alexander                  60       9000                                                                                                                                                                
Kevin                      50       5800                                                                                                                                                                
Ellen                      80      11000                                                                                                                                                                
Kimerely                            7000                                                                                                                                                                
Jennifer                   10       4400                                                                                                                                                                
Michael                    20      13000                                                                                                                                                                
Shelley                   110      12000                                                                                                                                                                

8 rows selected.

SQL> SELECT FIRST_NAME , DEPARTMENT_ID , SALARY FROM EMPLOYEES WHERE SALARY IN
  2  (SELECT MAX(SALARY) FROM EMPLOYEES GROUP BY DEPARTMENT_ID)
  3  ORDER BY 2;

FIRST_NAME      DEPARTMENT_ID     SALARY                                                                                                                                                                
--------------- ------------- ----------                                                                                                                                                                
Jennifer                   10       4400                                                                                                                                                                
Michael                    20      13000                                                                                                                                                                
Kevin                      50       5800                                                                                                                                                                
Alexander                  60       9000                                                                                                                                                                
Ellen                      80      11000                                                                                                                                                                
Steven                     90      24000                                                                                                                                                                
Shelley                   110      12000                                                                                                                                                                
Kimerely                            7000                                                                                                                                                                

8 rows selected.

SQL> SELECT DEPARTMENT_ID , FIRST_NAME , SALARY FROM EMPLOYEES ORDER BY 1,3 DESC;

DEPARTMENT_ID FIRST_NAME          SALARY                                                                                                                                                                
------------- --------------- ----------                                                                                                                                                                
           10 Jennifer              4400                                                                                                                                                                
           20 Michael              13000                                                                                                                                                                
           20 Pat                   6000                                                                                                                                                                
           50 Kevin                 5800                                                                                                                                                                
           50 Trenna                3500                                                                                                                                                                
           50 Curtis                3100                                                                                                                                                                
           50 Randall               2600                                                                                                                                                                
           50 Peter                 2500                                                                                                                                                                
           60 Alexander             9000                                                                                                                                                                
           60 Bruce                 6000                                                                                                                                                                
           60 Diana                 4200                                                                                                                                                                
           80 Ellen                11000                                                                                                                                                                
           80 Eleni                10500                                                                                                                                                                
           80 Jonathon              8600                                                                                                                                                                
           90 Steven               24000                                                                                                                                                                
           90 Lex                  17000                                                                                                                                                                
           90 Neena                17000                                                                                                                                                                
          110 Shelley              12000                                                                                                                                                                
          110 William               8300                                                                                                                                                                
              Kimerely              7000                                                                                                                                                                

20 rows selected.

SQL> REM DISPLAY THOSE WHO GETS LOWEST SALARY IN THEIR DEPARTMENT_ID
SQL> 
SQL> SELECT FIRST_NAME , DEPARTMENT_ID , SALARY FROM EMPLOYEES WHERE SALARY IN
  2  (SELECT MIN(SALARY) FROM EMPLOYEES GROUP BY DEPARTMENT_ID)
  3  ORDER BY 2;

FIRST_NAME      DEPARTMENT_ID     SALARY                                                                                                                                                                
--------------- ------------- ----------                                                                                                                                                                
Jennifer                   10       4400                                                                                                                                                                
Pat                        20       6000                                                                                                                                                                
Peter                      50       2500                                                                                                                                                                
Bruce                      60       6000                                                                                                                                                                
Diana                      60       4200                                                                                                                                                                
Jonathon                   80       8600                                                                                                                                                                
Lex                        90      17000                                                                                                                                                                
Neena                      90      17000                                                                                                                                                                
William                   110       8300                                                                                                                                                                
Kimerely                            7000                                                                                                                                                                

10 rows selected.

SQL> SELECT DEPARTMENT_ID , FIRST_NAME , SALARY FROM EMPLOYEES ORDER BY 1,3;

DEPARTMENT_ID FIRST_NAME          SALARY                                                                                                                                                                
------------- --------------- ----------                                                                                                                                                                
           10 Jennifer              4400                                                                                                                                                                
           20 Pat                   6000                                                                                                                                                                
           20 Michael              13000                                                                                                                                                                
           50 Peter                 2500                                                                                                                                                                
           50 Randall               2600                                                                                                                                                                
           50 Curtis                3100                                                                                                                                                                
           50 Trenna                3500                                                                                                                                                                
           50 Kevin                 5800                                                                                                                                                                
           60 Diana                 4200                                                                                                                                                                
           60 Bruce                 6000                                                                                                                                                                
           60 Alexander             9000                                                                                                                                                                
           80 Jonathon              8600                                                                                                                                                                
           80 Eleni                10500                                                                                                                                                                
           80 Ellen                11000                                                                                                                                                                
           90 Lex                  17000                                                                                                                                                                
           90 Neena                17000                                                                                                                                                                
           90 Steven               24000                                                                                                                                                                
          110 William               8300                                                                                                                                                                
          110 Shelley              12000                                                                                                                                                                
              Kimerely              7000                                                                                                                                                                

20 rows selected.

SQL> SELECT FIRST_NAME , DEPARTMENT_ID , SALARY FROM EMPLOYEES WHERE (DEPARTMENT_ID , SALARY) IN
  2  (SELECT DEPARTMENT_ID , MIN(SALARY) FROM EMPLOYEES GROUP BY DEPARTMENT_ID)
  3  ORDER BY 2;

FIRST_NAME      DEPARTMENT_ID     SALARY                                                                                                                                                                
--------------- ------------- ----------                                                                                                                                                                
Jennifer                   10       4400                                                                                                                                                                
Pat                        20       6000                                                                                                                                                                
Peter                      50       2500                                                                                                                                                                
Diana                      60       4200                                                                                                                                                                
Jonathon                   80       8600                                                                                                                                                                
Neena                      90      17000                                                                                                                                                                
Lex                        90      17000                                                                                                                                                                
William                   110       8300                                                                                                                                                                

8 rows selected.

SQL> SELECT MIN(SALARY) FROM EMPLOYEES GROUP BY DEPARTMENT_ID;

MIN(SALARY)                                                                                                                                                                                             
-----------                                                                                                                                                                                             
       7000                                                                                                                                                                                             
      17000                                                                                                                                                                                             
       6000                                                                                                                                                                                             
       8300                                                                                                                                                                                             
       2500                                                                                                                                                                                             
       8600                                                                                                                                                                                             
       4200                                                                                                                                                                                             
       4400                                                                                                                                                                                             

8 rows selected.

SQL> SELECT DEPARTMENT_ID , MIN(SALARY) FROM EMPLOYEES GROUP BY DEPARTMENT_ID;

DEPARTMENT_ID MIN(SALARY)                                                                                                                                                                               
------------- -----------                                                                                                                                                                               
                     7000                                                                                                                                                                               
           90       17000                                                                                                                                                                               
           20        6000                                                                                                                                                                               
          110        8300                                                                                                                                                                               
           50        2500                                                                                                                                                                               
           80        8600                                                                                                                                                                               
           60        4200                                                                                                                                                                               
           10        4400                                                                                                                                                                               

8 rows selected.

SQL> REM DISPLAY THOSE WHO GETS HIGHEST SALARY FOR THEIR JOB_ID
SQL> 
SQL> SELECT  FIRST_NAME , JOB_ID , SALARY FROM EMPLOYEES WHERE (JOB_ID , SALARY) IN
  2  (SELECT JOB_ID , MAX(SALARY) FROM EMPLOYEES GROUP BY JOB_ID);

FIRST_NAME      JOB_ID         SALARY                                                                                                                                                                   
--------------- ---------- ----------                                                                                                                                                                   
Alexander       IT_PROG          9000                                                                                                                                                                   
Shelley         AC_MGR          12000                                                                                                                                                                   
William         AC_ACCOUNT       8300                                                                                                                                                                   
Kevin           ST_MAN           5800                                                                                                                                                                   
Jennifer        AD_ASST          4400                                                                                                                                                                   
Neena           AD_VP           17000                                                                                                                                                                   
Lex             AD_VP           17000                                                                                                                                                                   
Eleni           SA_MAN          10500                                                                                                                                                                   
Michael         MK_MAN          13000                                                                                                                                                                   
Steven          AD_PRES         24000                                                                                                                                                                   
Ellen           SA_REP          11000                                                                                                                                                                   
Pat             MK_REP           6000                                                                                                                                                                   
Trenna          ST_CLERK         3500                                                                                                                                                                   

13 rows selected.

SQL> SELECT  FIRST_NAME , JOB_ID , SALARY FROM EMPLOYEES WHERE (JOB_ID , SALARY) IN
  2  (SELECT JOB_ID , MAX(SALARY) FROM EMPLOYEES GROUP BY JOB_ID)
  3  ORDER BY 2;

FIRST_NAME      JOB_ID         SALARY                                                                                                                                                                   
--------------- ---------- ----------                                                                                                                                                                   
William         AC_ACCOUNT       8300                                                                                                                                                                   
Shelley         AC_MGR          12000                                                                                                                                                                   
Jennifer        AD_ASST          4400                                                                                                                                                                   
Steven          AD_PRES         24000                                                                                                                                                                   
Neena           AD_VP           17000                                                                                                                                                                   
Lex             AD_VP           17000                                                                                                                                                                   
Alexander       IT_PROG          9000                                                                                                                                                                   
Michael         MK_MAN          13000                                                                                                                                                                   
Pat             MK_REP           6000                                                                                                                                                                   
Eleni           SA_MAN          10500                                                                                                                                                                   
Ellen           SA_REP          11000                                                                                                                                                                   
Trenna          ST_CLERK         3500                                                                                                                                                                   
Kevin           ST_MAN           5800                                                                                                                                                                   

13 rows selected.

SQL> REM DISPLAY ALL OTHER THAN THOSE WHO GETS LOWEST SALARY FOR THEIR MANAGER
SQL> 
SQL> SELECT FIRST_NAME, SALARY FROM EMPLOYEES WHERE (MANAGER_ID, SALARY) NOT IN (SELECT MANAGER_ID, MIN(SALARY) FROM EMPLOYEES GROUPBY MANAGER_ID);
SELECT FIRST_NAME, SALARY FROM EMPLOYEES WHERE (MANAGER_ID, SALARY) NOT IN (SELECT MANAGER_ID, MIN(SALARY) FROM EMPLOYEES GROUPBY MANAGER_ID)
                                                                                                                                  *
ERROR at line 1:
ORA-00920: invalid relational operator 


SQL> SELECT FIRST_NAME, SALARY FROM EMPLOYEES WHERE (MANAGER_ID, SALARY) NOT IN (SELECT MANAGER_ID, MIN(SALARY) FROM EMPLOYEES GROUP BY MANAGER_ID);

FIRST_NAME          SALARY                                                                                                                                                                              
--------------- ----------                                                                                                                                                                              
Eleni                10500                                                                                                                                                                              
Michael              13000                                                                                                                                                                              
Neena                17000                                                                                                                                                                              
Lex                  17000                                                                                                                                                                              
Shelley              12000                                                                                                                                                                              
Bruce                 6000                                                                                                                                                                              
Randall               2600                                                                                                                                                                              
Curtis                3100                                                                                                                                                                              
Trenna                3500                                                                                                                                                                              
Jonathon              8600                                                                                                                                                                              
Ellen                11000                                                                                                                                                                              

11 rows selected.

SQL> SELECT FIRST_NAME, MANAGER_ID , SALARY FROM EMPLOYEES WHERE (MANAGER_ID, SALARY) NOT IN (SELECT MANAGER_ID, MIN(SALARY) FROM EMPLOYEES GROUP BY MANAGER_ID);

FIRST_NAME      MANAGER_ID     SALARY                                                                                                                                                                   
--------------- ---------- ----------                                                                                                                                                                   
Eleni                  100      10500                                                                                                                                                                   
Michael                100      13000                                                                                                                                                                   
Neena                  100      17000                                                                                                                                                                   
Lex                    100      17000                                                                                                                                                                   
Shelley                101      12000                                                                                                                                                                   
Bruce                  103       6000                                                                                                                                                                   
Randall                124       2600                                                                                                                                                                   
Curtis                 124       3100                                                                                                                                                                   
Trenna                 124       3500                                                                                                                                                                   
Jonathon               149       8600                                                                                                                                                                   
Ellen                  149      11000                                                                                                                                                                   

11 rows selected.

SQL> REM DISPLAY THOSE WHO GETS HIGHEST SALARY FOR THEIR HIRE YEAR.
SQL> 
SQL> SELECT FIRST_NAME , TO_CHAR(HIRE_DATE,'RRRR') , SALARY
  2  FROM EMPLOYEES
  3  WHERE (TO_CHAR(HIRE_DATE,'RRRR') , SALARY) IN
  4  (SELECT TO_CHAR(HIRE_DATE,'RRRR' , MAX(SALARY) FROM EMPLOYEES
  5  GROUP BY TO_CHAR(HIRE_DATE,'RRRR'))
  6  
SQL> 
SQL> SELECT FIRST_NAME , TO_CHAR(HIRE_DATE,'RRRR') , SALARY
  2  FROM EMPLOYEES
  3  WHERE (TO_CHAR(HIRE_DATE,'RRRR') , SALARY) IN
  4  (SELECT TO_CHAR(HIRE_DATE,'RRRR') , MAX(SALARY) FROM EMPLOYEES
  5  GROUP BY TO_CHAR(HIRE_DATE,'RRRR'));

FIRST_NAME      TO_C     SALARY                                                                                                                                                                         
--------------- ---- ----------                                                                                                                                                                         
Bruce           1991       6000                                                                                                                                                                         
Trenna          1995       3500                                                                                                                                                                         
Jonathon        1998       8600                                                                                                                                                                         
Kimerely        1999       7000                                                                                                                                                                         
Michael         1996      13000                                                                                                                                                                         
Steven          1987      24000                                                                                                                                                                         
Lex             1993      17000                                                                                                                                                                         
Alexander       1990       9000                                                                                                                                                                         
Eleni           2000      10500                                                                                                                                                                         
Pat             1997       6000                                                                                                                                                                         
Neena           1989      17000                                                                                                                                                                         
Shelley         1994      12000                                                                                                                                                                         

12 rows selected.

SQL> SELECT FIRST_NAME , TO_CHAR(HIRE_DATE,'RRRR') , SALARY
  2  FROM EMPLOYEES
  3  WHERE (TO_CHAR(HIRE_DATE,'RRRR') , SALARY) IN
  4  (SELECT TO_CHAR(HIRE_DATE,'RRRR') , MAX(SALARY) FROM EMPLOYEES
  5  GROUP BY TO_CHAR(HIRE_DATE,'RRRR'))
  6  ORDER BY 2;

FIRST_NAME      TO_C     SALARY                                                                                                                                                                         
--------------- ---- ----------                                                                                                                                                                         
Steven          1987      24000                                                                                                                                                                         
Neena           1989      17000                                                                                                                                                                         
Alexander       1990       9000                                                                                                                                                                         
Bruce           1991       6000                                                                                                                                                                         
Lex             1993      17000                                                                                                                                                                         
Shelley         1994      12000                                                                                                                                                                         
Trenna          1995       3500                                                                                                                                                                         
Michael         1996      13000                                                                                                                                                                         
Pat             1997       6000                                                                                                                                                                         
Jonathon        1998       8600                                                                                                                                                                         
Kimerely        1999       7000                                                                                                                                                                         
Eleni           2000      10500                                                                                                                                                                         

12 rows selected.

SQL> REM DISPLAY THOSE WHO GETS EITHER LOWEST OR HIGHEST SALARY FOR THEIR HIRE YEAR.
SQL> 
SQL> SELECT FIRST_NAME, SALARY, TO_CHAR(HIRE_DATE, 'RRRR') FROM EMPLOYEES WHERE (TO_CHAR(HIRE_DATE, 'RRRR'),SALARY) IN (SELECT TO_CHAR(HIRE_DATE, 'RRRR'), MIN(SALARY) GROUP BY TO_CHAR(HIRE_DATE,'RRRR')) OR (TO_CHAR(HIRE_DATE, 'RRRR'),SALARY) IN (SELECT TO_CHAR(HIRE_DATE, 'RRRR'), MAX(SALARY) GROUP BY TO_CHAR(HIRE_DATE,'RRRR'));
SELECT FIRST_NAME, SALARY, TO_CHAR(HIRE_DATE, 'RRRR') FROM EMPLOYEES WHERE (TO_CHAR(HIRE_DATE, 'RRRR'),SALARY) IN (SELECT TO_CHAR(HIRE_DATE, 'RRRR'), MIN(SALARY) GROUP BY TO_CHAR(HIRE_DATE,'RRRR')) OR (TO_CHAR(HIRE_DATE, 'RRRR'),SALARY) IN (SELECT TO_CHAR(HIRE_DATE, 'RRRR'), MAX(SALARY) GROUP BY TO_CHAR(HIRE_DATE,'RRRR'))
                                                                                                                                                                  *
ERROR at line 1:
ORA-00920: invalid relational operator 


SQL> SELECT FIRST_NAME, SALARY, TO_CHAR(HIRE_DATE, 'RRRR') FROM EMPLOYEES
  2  WHERE (TO_CHAR(HIRE_DATE, 'RRRR'),SALARY) IN
  3  (SELECT TO_CHAR(HIRE_DATE, 'RRRR'), MIN(SALARY) FROM EMPLOYEES GROUP BY TO_CHAR(HIRE_DATE,'RRRR')) OR
  4  (SELECT TO_CHAR(HIRE_DATE, 'RRRR'), MAX(SALARY) FROM EMPLOYEES GROUP BY TO_CHAR(HIRE_DATE,'RRRR'))
  5  
SQL> 
SQL> SELECT FIRST_NAME, SALARY, TO_CHAR(HIRE_DATE, 'RRRR') FROM EMPLOYEES
  2  WHERE (TO_CHAR(HIRE_DATE, 'RRRR'),SALARY) IN
  3  ((SELECT TO_CHAR(HIRE_DATE, 'RRRR'), MIN(SALARY) FROM EMPLOYEES GROUP BY TO_CHAR(HIRE_DATE,'RRRR')) OR
  4  (SELECT TO_CHAR(HIRE_DATE, 'RRRR'), MAX(SALARY) FROM EMPLOYEES GROUP BY TO_CHAR(HIRE_DATE,'RRRR')))
  5  
SQL> SELECT FIRST_NAME, SALARY, TO_CHAR(HIRE_DATE, 'RRRR') FROM EMPLOYEES
  2  WHERE (TO_CHAR(HIRE_DATE, 'RRRR'),SALARY) IN
  3  ((SELECT TO_CHAR(HIRE_DATE, 'RRRR'), MIN(SALARY) FROM EMPLOYEES GROUP BY TO_CHAR(HIRE_DATE,'RRRR')),
  4  (SELECT TO_CHAR(HIRE_DATE, 'RRRR'), MAX(SALARY) FROM EMPLOYEES GROUP BY TO_CHAR(HIRE_DATE,'RRRR')));
((SELECT TO_CHAR(HIRE_DATE, 'RRRR'), MIN(SALARY) FROM EMPLOYEES GROUP BY TO_CHAR(HIRE_DATE,'RRRR')),
                                                                                                   *
ERROR at line 3:
ORA-00920: invalid relational operator 


SQL> SELECT FIRST_NAME, SALARY, TO_CHAR(HIRE_DATE, 'RRRR') FROM EMPLOYEES
  2  WHERE (TO_CHAR(HIRE_DATE, 'RRRR'),SALARY) IN
  3  (SELECT TO_CHAR(HIRE_DATE, 'RRRR'), MIN(SALARY) FROM EMPLOYEES GROUP BY TO_CHAR(HIRE_DATE,'RRRR')) OR
  4  (TO_CHAR(HIRE_DATE, 'RRRR'),SALARY) IN
  5  (SELECT TO_CHAR(HIRE_DATE, 'RRRR'), MAX(SALARY) FROM EMPLOYEES GROUP BY TO_CHAR(HIRE_DATE,'RRRR'));

FIRST_NAME          SALARY TO_C                                                                                                                                                                         
--------------- ---------- ----                                                                                                                                                                         
Steven               24000 1987                                                                                                                                                                         
Neena                17000 1989                                                                                                                                                                         
Lex                  17000 1993                                                                                                                                                                         
Alexander             9000 1990                                                                                                                                                                         
Bruce                 6000 1991                                                                                                                                                                         
Diana                 4200 1999                                                                                                                                                                         
Trenna                3500 1995                                                                                                                                                                         
Curtis                3100 1997                                                                                                                                                                         
Peter                 2500 1998                                                                                                                                                                         
Eleni                10500 2000                                                                                                                                                                         
Ellen                11000 1996                                                                                                                                                                         
Jonathon              8600 1998                                                                                                                                                                         
Kimerely              7000 1999                                                                                                                                                                         
Jennifer              4400 1987                                                                                                                                                                         
Michael              13000 1996                                                                                                                                                                         
Pat                   6000 1997                                                                                                                                                                         
Shelley              12000 1994                                                                                                                                                                         
William               8300 1994                                                                                                                                                                         

18 rows selected.

SQL> SELECT FIRST_NAME, SALARY, TO_CHAR(HIRE_DATE, 'RRRR') YEAR
  2  FROM EMPLOYEES
  3  WHERE (TO_CHAR(HIRE_DATE, 'RRRR'),SALARY) IN
  4  (SELECT TO_CHAR(HIRE_DATE, 'RRRR'), MIN(SALARY) FROM EMPLOYEES GROUP BY TO_CHAR(HIRE_DATE,'RRRR')) OR
  5  (TO_CHAR(HIRE_DATE, 'RRRR'),SALARY) IN
  6  (SELECT TO_CHAR(HIRE_DATE, 'RRRR'), MAX(SALARY) FROM EMPLOYEES GROUP BY TO_CHAR(HIRE_DATE,'RRRR'))
  7  ORDER BY 3,2;

FIRST_NAME          SALARY YEAR                                                                                                                                                                         
--------------- ---------- ----                                                                                                                                                                         
Jennifer              4400 1987                                                                                                                                                                         
Steven               24000 1987                                                                                                                                                                         
Neena                17000 1989                                                                                                                                                                         
Alexander             9000 1990                                                                                                                                                                         
Bruce                 6000 1991                                                                                                                                                                         
Lex                  17000 1993                                                                                                                                                                         
William               8300 1994                                                                                                                                                                         
Shelley              12000 1994                                                                                                                                                                         
Trenna                3500 1995                                                                                                                                                                         
Ellen                11000 1996                                                                                                                                                                         
Michael              13000 1996                                                                                                                                                                         
Curtis                3100 1997                                                                                                                                                                         
Pat                   6000 1997                                                                                                                                                                         
Peter                 2500 1998                                                                                                                                                                         
Jonathon              8600 1998                                                                                                                                                                         
Diana                 4200 1999                                                                                                                                                                         
Kimerely              7000 1999                                                                                                                                                                         
Eleni                10500 2000                                                                                                                                                                         

18 rows selected.

SQL> REM  DISPLAY ALL WHO GETS HIGHEST SALARY FOR THEIR GRADE_LEVEL.
SQL> 
SQL> SELECT * FROM JOB_GRADES;

GRA LOWEST_SAL HIGHEST_SAL                                                                                                                                                                              
--- ---------- -----------                                                                                                                                                                              
A         1000        2999                                                                                                                                                                              
B         3000        5999                                                                                                                                                                              
C         6000        9999                                                                                                                                                                              
D        10000       14999                                                                                                                                                                              
E        15000       24999                                                                                                                                                                              
F        25000       40000                                                                                                                                                                              

6 rows selected.

SQL> SELECT FIRST_NAME , SALARY FROM EMPLOYEES ORDER BY 2;

FIRST_NAME          SALARY                                                                                                                                                                              
--------------- ----------                                                                                                                                                                              
Peter                 2500                                                                                                                                                                              
Randall               2600                                                                                                                                                                              
Curtis                3100                                                                                                                                                                              
Trenna                3500                                                                                                                                                                              
Diana                 4200                                                                                                                                                                              
Jennifer              4400                                                                                                                                                                              
Kevin                 5800                                                                                                                                                                              
Bruce                 6000                                                                                                                                                                              
Pat                   6000                                                                                                                                                                              
Kimerely              7000                                                                                                                                                                              
William               8300                                                                                                                                                                              
Jonathon              8600                                                                                                                                                                              
Alexander             9000                                                                                                                                                                              
Eleni                10500                                                                                                                                                                              
Ellen                11000                                                                                                                                                                              
Shelley              12000                                                                                                                                                                              
Michael              13000                                                                                                                                                                              
Neena                17000                                                                                                                                                                              
Lex                  17000                                                                                                                                                                              
Steven               24000                                                                                                                                                                              

20 rows selected.

SQL> SELECT FIRST_NAME , SALARY , GRADE_LEVEL
  2  FROM EMPLOYEES
  3  JOIN JOB_GRADES ON SALARY BETWEEN LOWEST_SAL AND HIGHEST_SAL
  4  WHERE (GRADE_LEVEL , SALARY) IN (SELECT
  5  
SQL> 
SQL> 
SQL> SELECT FIRST_NAME , SALARY
  2  FROM EMPLOYEES
  3  WHERE SALARY IN (SELECT MAX(SALARY) FROM EMPLOYEES JOIN JOB_GRADES ON SALARY BETWEEN LOWEST_SAL AND HIGHEST_SAL GROUP BY GRADE_LEVEL);

FIRST_NAME          SALARY                                                                                                                                                                              
--------------- ----------                                                                                                                                                                              
Steven               24000                                                                                                                                                                              
Alexander             9000                                                                                                                                                                              
Kevin                 5800                                                                                                                                                                              
Randall               2600                                                                                                                                                                              
Michael              13000                                                                                                                                                                              

SQL> SELECT FIRST_NAME , SALARY
  2  FROM EMPLOYEES
  3  WHERE SALARY IN (SELECT MAX(SALARY) FROM EMPLOYEES JOIN JOB_GRADES ON SALARY BETWEEN LOWEST_SAL AND HIGHEST_SAL GROUP BY GRADE_LEVEL)
  4  ORDER BY 2;

FIRST_NAME          SALARY                                                                                                                                                                              
--------------- ----------                                                                                                                                                                              
Randall               2600                                                                                                                                                                              
Kevin                 5800                                                                                                                                                                              
Alexander             9000                                                                                                                                                                              
Michael              13000                                                                                                                                                                              
Steven               24000                                                                                                                                                                              

SQL> SELECT * FROM JOB_GRADES;

GRA LOWEST_SAL HIGHEST_SAL                                                                                                                                                                              
--- ---------- -----------                                                                                                                                                                              
A         1000        2999                                                                                                                                                                              
B         3000        5999                                                                                                                                                                              
C         6000        9999                                                                                                                                                                              
D        10000       14999                                                                                                                                                                              
E        15000       24999                                                                                                                                                                              
F        25000       40000                                                                                                                                                                              

6 rows selected.

SQL> SELECT FIRST_NAME , SALARY FROM EMPLOYEES ORDER BY 2;

FIRST_NAME          SALARY                                                                                                                                                                              
--------------- ----------                                                                                                                                                                              
Peter                 2500                                                                                                                                                                              
Randall               2600                                                                                                                                                                              
Curtis                3100                                                                                                                                                                              
Trenna                3500                                                                                                                                                                              
Diana                 4200                                                                                                                                                                              
Jennifer              4400                                                                                                                                                                              
Kevin                 5800                                                                                                                                                                              
Bruce                 6000                                                                                                                                                                              
Pat                   6000                                                                                                                                                                              
Kimerely              7000                                                                                                                                                                              
William               8300                                                                                                                                                                              
Jonathon              8600                                                                                                                                                                              
Alexander             9000                                                                                                                                                                              
Eleni                10500                                                                                                                                                                              
Ellen                11000                                                                                                                                                                              
Shelley              12000                                                                                                                                                                              
Michael              13000                                                                                                                                                                              
Neena                17000                                                                                                                                                                              
Lex                  17000                                                                                                                                                                              
Steven               24000                                                                                                                                                                              

20 rows selected.

SQL> SELECT * FROM EMPLOYEES;

EMPLOYEE_ID FIRST_NAME      LAST_NAME       EMAIL      PHONE_NUMBER         HIRE_DATE JOB_ID         SALARY COMMISSION_PCT MANAGER_ID DEPARTMENT_ID                                                     
----------- --------------- --------------- ---------- -------------------- --------- ---------- ---------- -------------- ---------- -------------                                                     
        100 Steven          King            SKING      515.123.4567         17-JUL-87 AD_PRES         24000                                      90                                                     
        101 Neena           Kochhar         NKOCHHAR   515.123.4568         21-SEP-89 AD_VP           17000                       100            90                                                     
        102 Lex             De Haan         LDEHAAN    515.123.4569         13-JAN-93 AD_VP           17000                       100            90                                                     
        103 Alexander       Hunold          AHUNOLD    590.423.4567         03-JAN-90 IT_PROG          9000                       102            60                                                     
        104 Bruce           Ernst           BERNST     590.423.4568         21-MAY-91 IT_PROG          6000                       103            60                                                     
        107 Diana           Lorentz         DLORENTZ   590.423.5567         07-FEB-99 IT_PROG          4200                       103            60                                                     
        124 Kevin           Mourgos         KMOURGOS   650.123.5234         16-NOV-99 ST_MAN           5800                       100            50                                                     
        141 Trenna          Rajs            TRAJS      650.121.8009         17-OCT-95 ST_CLERK         3500                       124            50                                                     
        142 Curtis          Davies          CDAVIES    650.121.2994         29-JAN-97 ST_CLERK         3100                       124            50                                                     
        143 Randall         Matos           RMATOS     650.121.2874         15-MAR-98 ST_CLERK         2600                       124            50                                                     
        144 Peter           Vargas          PVARGAS    650.121.2004         09-JUL-98 ST_CLERK         2500                       124            50                                                     
        149 Eleni           Zlotkey         EZLOTKEY   011.44.1344.429018   29-JAN-00 SA_MAN          10500             .2        100            80                                                     
        174 Ellen           Abel            EABEL      011.44.1644.429267   11-MAY-96 SA_REP          11000             .3        149            80                                                     
        176 Jonathon        Taylor          JTAYLOR    011.44.1644.429265   24-MAR-98 SA_REP           8600             .3        149            80                                                     
        178 Kimerely        Grant           KGRANT     011.44.1644.429263   24-MAY-99 SA_REP           7000            .15        149                                                                   
        200 Jennifer        Whalen          JWHALEN    515.123.4444         17-SEP-87 AD_ASST          4400                       101            10                                                     
        201 Michael         Hartstein       MHARTSTE   515.123.5555         17-FEB-96 MK_MAN          13000                       100            20                                                     
        202 Pat             Fay             PFAY       603.123.6666         17-AUG-97 MK_REP           6000                       201            20                                                     
        205 Shelley         Higgins         SHIGGINS   515.123.8080         07-JUN-94 AC_MGR          12000                       101           110                                                     
        206 William         Gietz           WGIETZ     515.123.8181         07-JUN-94 AC_ACCOUNT       8300                       205           110                                                     

20 rows selected.

SQL> SELECT * FROM JOB_GRADES;

GRA LOWEST_SAL HIGHEST_SAL                                                                                                                                                                              
--- ---------- -----------                                                                                                                                                                              
A         1000        2999                                                                                                                                                                              
B         3000        5999                                                                                                                                                                              
C         6000        9999                                                                                                                                                                              
D        10000       14999                                                                                                                                                                              
E        15000       24999                                                                                                                                                                              
F        25000       40000                                                                                                                                                                              

6 rows selected.

SQL> SPOOL OFF
