SQL> 
SQL> CL S CR
SP2-0158: unknown CLEAR option "S"
SP2-0158: unknown CLEAR option "CR"
SQL> CL SCR

SQL> REM SUB QUERY IS NOTHING BUT SELECT STATEMENT WITHIN ANOTHER STATEMENT.
SQL> 
SQL> REM OUTER STATEMENT MAY BE SELECT , INSERT , UPDATE , DELETE , CREATE ..., BUT INNER STATEMENT IS GENERALLY SELECT ONLY.
SQL> 
SQL> REM PARENT/CHILD
SQL> 
SQL> REM OUTER/INNER
SQL> 
SQL> REM MAIN/SUB
SQL> 
SQL> 
SQL> REM WHEN WE USE SUB QUERY, IT GETS EXECUTED FIRST, IT'S RESULT IS REPLACED AND IS USED BY MAIN QUERY.
SQL> 
SQL> REM THERE ARE 4 SITUATIONS WHEN WE NEED SUB QUERY :
SQL> 
SQL> REM 1 WHEN WE WANT TO COMPARE SUMMARY ITEM (MIN,MAX,SUM,COUNT,AVG) IN 'WHERE' CLAUSE.
SQL> 
SQL> REM 2 WHEN OUR MAIN REQUIREMENT HAS SOME HIDDEN REQUIREMENT.
SQL> 
SQL> REM 3 WHEN WE WANT TO COMPARE NESTED SUMMARY ITEM IN 'HAVING' CLAUSE.
SQL> 
SQL> REM 4 WHEN WE WANT TO USE RESULT OF SUB QUERY AS TABLE OF MAIN QUERY.
SQL> 
SQL> 
SQL> 
SQL> 
SQL> REM 1 WHEN WE WANT TO COMPARE SUMMARY ITEM (MIN,MAX,SUM,COUNT,AVG) IN 'WHERE' CLAUSE.
SQL> 
SQL> REM SELECT SYNTACTICAL PRECEDENCE : SELECT ... FROM ... WHERE ... GROUP BY / HAVING ... ORDER BY ... OFSET ... FETCH ...;
SQL> 
SQL> REM EXECUTION PRECEDENCE SELECT : FROM -> WHERE -> GROUP BY -> HAVING -> COLUMN ALIAS -> ORDER BY -> OFFSET -> FETCH -> SELECT ...;
SQL> 
SQL> REM FROM : TO READ ALL ROWS OF TABLE FROM HARDDISK AND PUT IT INTO RAM/MEMORY.
SQL> 
SQL> REM WHERE : TO SEPARATE ONLY THOSE ROWS WHICH SATISFIES OUR CONDITION. (FILTERATION OF TABLE'S ORIGINAL ROWS)
SQL> 
SQL> REM GROUP BY : 1 FINDS DISTINCT VALUES OF GROUP BY COLUMN 2 SEPARATES ROWS IN GROUPS 3 GENERATES SUMMARY ROW FOR EACH GROUP
SQL> 
SQL> REM HAVING : TO SEPARATE ONLY THOSE SUMMARY ROWS WHICH SATISFIES OUR CONDITION. (FILTERATION OF SUMMARY ROWS)
SQL> 
SQL> REM ORDER BY : TO SORT ROWS
SQL> 
SQL> REM OFFSET : TO FIX FIRST ROW TO BE DISPLAYED IN RESULT SET
SQL> 
SQL> REM FETCH : TO FIX COUNT OF ROWS TO BE DISPLAYED IN RESULT SET
SQL> 
SQL> REM SELECT : TO DISPLAY/RETURN ROWS ON SCREEN/TO MAIN STATEMENT
SQL> 
SQL> 
SQL> REM DISPLAY INFO. ABOUT EMPLOYEE WHO GETS HIGHEST SALARY IN COMPANY
SQL> 
SQL> REM SALARY = MAX(SALARY)
SQL> 
SQL> REM NON-SUMMARY ITEM = SUMMARY ITEM
SQL> 
SQL> SELECT FIRST_NAME , SALARY FROM EMPLOYEES WHERE SALARY = MAX(SALARY);
SELECT FIRST_NAME , SALARY FROM EMPLOYEES WHERE SALARY = MAX(SALARY)
                                                         *
ERROR at line 1:
ORA-00934: group function is not allowed here 


SQL> SELECT FIRST_NAME , SALARY FROM EMPLOYEES HAVING SALARY = MAX(SALARY);
SELECT FIRST_NAME , SALARY FROM EMPLOYEES HAVING SALARY = MAX(SALARY)
                                                 *
ERROR at line 1:
ORA-00979: not a GROUP BY expression 


SQL> SELECT FIRST_NAME , SALARY FROM EMPLOYEES WHERE SALARY = (SELECT MAX(SALARY) FROM EMPLOYEES);

FIRST_NAME          SALARY                                                      
--------------- ----------                                                      
Steven               24000                                                      

SQL> REM DISPLAY INFO. ABOUT EMPLOYEE WHO WAS HIRED FIRST IN COMPANY.
SQL> 
SQL> SELECT FIRST,NAME,HIRE_DATE FROM EMPLOYEES WHERE = (SELECT MIN(HIRE_DATE) FROM EMPLOYEES);
SELECT FIRST,NAME,HIRE_DATE FROM EMPLOYEES WHERE = (SELECT MIN(HIRE_DATE) FROM EMPLOYEES)
                                                 *
ERROR at line 1:
ORA-00936: missing expression 


SQL> SELECT FIRST,NAME,HIRE_DATE FROM EMPLOYEES WHERE HIRE_DATE = (SELECT MIN(HIRE_DATE) FROM EMPLOYEES);
SELECT FIRST,NAME,HIRE_DATE FROM EMPLOYEES WHERE HIRE_DATE = (SELECT MIN(HIRE_DATE) FROM EMPLOYEES)
             *
ERROR at line 1:
ORA-00904: "NAME": invalid identifier 


SQL> SELECT FIRST_NAME,HIRE_DATE FROM EMPLOYEES WHERE HIRE_DATE = (SELECT MIN(HIRE_DATE) FROM EMPLOYEES);

FIRST_NAME      HIRE_DATE                                                       
--------------- ---------                                                       
Steven          17-JUL-87                                                       

SQL> REM DISPLAY INFO. ABOUT EMPLOYEE WHO GETS HIGHEST COMMISSION_PCT
SQL> 
SQL> SELECT FIRST_NAME,COMMISSION_PCT FROM EMPLOYEES WHERE COMMISSION_PCT = (SELECT MAX(COMMISSION_PCT) FROM EMPLOYEES);

FIRST_NAME      COMMISSION_PCT                                                  
--------------- --------------                                                  
Ellen                       .3                                                  
Jonathon                    .3                                                  

SQL> REM DISPLAY INFO. ABOUT EMPLOYEE WHO GETS LOWEST COMMISSION AMOUNT
SQL> 
SQL> SELECT FIRST_NAME,COMMISSION_PCT FROM EMPLOYEES WHERE COMMISSION_PCT*SALARY =
  2  (SELECT MIN(COMMISSION_PCT*SALARY) FROM EMPLOYEES);

FIRST_NAME      COMMISSION_PCT                                                  
--------------- --------------                                                  
Kimerely                   .15                                                  

SQL> SELECT FIRST_NAME,COMMISSION_PCT * SALARY COMM_AMOUNT FROM EMPLOYEES WHERE COMMISSION_PCT*SALARY =
  2  (SELECT MIN(COMMISSION_PCT*SALARY) FROM EMPLOYEES);

FIRST_NAME      COMM_AMOUNT                                                     
--------------- -----------                                                     
Kimerely               1050                                                     

SQL> REM DISPLAY INFO. ABOUT EMPLOYEES WHO GETS LOWER SALARY THAN THE AVERAGE SALARY PAID BY COMPANY.
SQL> 
SQL> SELECT FIRST_NAME,SALARY FROM EMPLOYEES WHERE SALARY <
  2  (SELECT AVG(SALARY) FROM EMPLOYEES);

FIRST_NAME          SALARY                                                      
--------------- ----------                                                      
Bruce                 6000                                                      
Diana                 4200                                                      
Kevin                 5800                                                      
Trenna                3500                                                      
Curtis                3100                                                      
Randall               2600                                                      
Peter                 2500                                                      
Jonathon              8600                                                      
Kimerely              7000                                                      
Jennifer              4400                                                      
Pat                   6000                                                      

FIRST_NAME          SALARY                                                      
--------------- ----------                                                      
William               8300                                                      

12 rows selected.

SQL> SET LINES 200 PAGES 24
SQL> 
SQL> SELECT * FROM EMPLOYEES;

EMPLOYEE_ID FIRST_NAME      LAST_NAME       EMAIL      PHONE_NUMBER         HIRE_DATE JOB_ID         SALARY COMMISSION_PCT MANAGER_ID DEPARTMENT_ID                                                     
----------- --------------- --------------- ---------- -------------------- --------- ---------- ---------- -------------- ---------- -------------                                                     
        100 Steven          King            SKING      515.123.4567         17-JUL-87 AD_PRES         24000                                      90                                                     
        101 Neena           Kochhar         NKOCHHAR   515.123.4568         21-SEP-89 AD_VP           17000                       100            90                                                     
        102 Lex             De Haan         LDEHAAN    515.123.4569         13-JAN-93 AD_VP           17000                       100            90                                                     
        103 Alexander       Hunold          AHUNOLD    590.423.4567         03-JAN-90 IT_PROG          9000                       102            60                                                     
        104 Bruce           Ernst           BERNST     590.423.4568         21-MAY-91 IT_PROG          6000                       103            60                                                     
        107 Diana           Lorentz         DLORENTZ   590.423.5567         07-FEB-99 IT_PROG          4200                       103            60                                                     
        124 Kevin           Mourgos         KMOURGOS   650.123.5234         16-NOV-99 ST_MAN           5800                       100            50                                                     
        141 Trenna          Rajs            TRAJS      650.121.8009         17-OCT-95 ST_CLERK         3500                       124            50                                                     
        142 Curtis          Davies          CDAVIES    650.121.2994         29-JAN-97 ST_CLERK         3100                       124            50                                                     
        143 Randall         Matos           RMATOS     650.121.2874         15-MAR-98 ST_CLERK         2600                       124            50                                                     
        144 Peter           Vargas          PVARGAS    650.121.2004         09-JUL-98 ST_CLERK         2500                       124            50                                                     
        149 Eleni           Zlotkey         EZLOTKEY   011.44.1344.429018   29-JAN-00 SA_MAN          10500             .2        100            80                                                     
        174 Ellen           Abel            EABEL      011.44.1644.429267   11-MAY-96 SA_REP          11000             .3        149            80                                                     
        176 Jonathon        Taylor          JTAYLOR    011.44.1644.429265   24-MAR-98 SA_REP           8600             .3        149            80                                                     
        178 Kimerely        Grant           KGRANT     011.44.1644.429263   24-MAY-99 SA_REP           7000            .15        149                                                                   
        200 Jennifer        Whalen          JWHALEN    515.123.4444         17-SEP-87 AD_ASST          4400                       101            10                                                     
        201 Michael         Hartstein       MHARTSTE   515.123.5555         17-FEB-96 MK_MAN          13000                       100            20                                                     
        202 Pat             Fay             PFAY       603.123.6666         17-AUG-97 MK_REP           6000                       201            20                                                     
        205 Shelley         Higgins         SHIGGINS   515.123.8080         07-JUN-94 AC_MGR          12000                       101           110                                                     
        206 William         Gietz           WGIETZ     515.123.8181         07-JUN-94 AC_ACCOUNT       8300                       205           110                                                     

20 rows selected.

SQL> REM DISPLAY ALL OTHER THAN THOSE WHO GETS HIGHEST SALARY IN COMPANY,.
SQL> 
SQL> SELECT FIRST_NAME FROM EMPLOYEES WHERE SALARY < (SELECT MAX(SALARY) FROM EMPLOYEES);

FIRST_NAME                                                                                                                                                                                              
---------------                                                                                                                                                                                         
Neena                                                                                                                                                                                                   
Lex                                                                                                                                                                                                     
Alexander                                                                                                                                                                                               
Bruce                                                                                                                                                                                                   
Diana                                                                                                                                                                                                   
Kevin                                                                                                                                                                                                   
Trenna                                                                                                                                                                                                  
Curtis                                                                                                                                                                                                  
Randall                                                                                                                                                                                                 
Peter                                                                                                                                                                                                   
Eleni                                                                                                                                                                                                   
Ellen                                                                                                                                                                                                   
Jonathon                                                                                                                                                                                                
Kimerely                                                                                                                                                                                                
Jennifer                                                                                                                                                                                                
Michael                                                                                                                                                                                                 
Pat                                                                                                                                                                                                     
Shelley                                                                                                                                                                                                 
William                                                                                                                                                                                                 

19 rows selected.

SQL> SELECT FIRST_NAME , SALARY FROM EMPLOYEES WHERE SALARY < (SELECT MAX(SALARY) FROM EMPLOYEES);

FIRST_NAME          SALARY                                                                                                                                                                              
--------------- ----------                                                                                                                                                                              
Neena                17000                                                                                                                                                                              
Lex                  17000                                                                                                                                                                              
Alexander             9000                                                                                                                                                                              
Bruce                 6000                                                                                                                                                                              
Diana                 4200                                                                                                                                                                              
Kevin                 5800                                                                                                                                                                              
Trenna                3500                                                                                                                                                                              
Curtis                3100                                                                                                                                                                              
Randall               2600                                                                                                                                                                              
Peter                 2500                                                                                                                                                                              
Eleni                10500                                                                                                                                                                              
Ellen                11000                                                                                                                                                                              
Jonathon              8600                                                                                                                                                                              
Kimerely              7000                                                                                                                                                                              
Jennifer              4400                                                                                                                                                                              
Michael              13000                                                                                                                                                                              
Pat                   6000                                                                                                                                                                              
Shelley              12000                                                                                                                                                                              
William               8300                                                                                                                                                                              

19 rows selected.

SQL> SELECT FIRST_NAME , SALARY FROM EMPLOYEES WHERE SALARY < (SELECT MAX(SALARY) FROM EMPLOYEES) ORDER BY 2;

FIRST_NAME          SALARY                                                                                                                                                                              
--------------- ----------                                                                                                                                                                              
Peter                 2500                                                                                                                                                                              
Randall               2600                                                                                                                                                                              
Curtis                3100                                                                                                                                                                              
Trenna                3500                                                                                                                                                                              
Diana                 4200                                                                                                                                                                              
Jennifer              4400                                                                                                                                                                              
Kevin                 5800                                                                                                                                                                              
Bruce                 6000                                                                                                                                                                              
Pat                   6000                                                                                                                                                                              
Kimerely              7000                                                                                                                                                                              
William               8300                                                                                                                                                                              
Jonathon              8600                                                                                                                                                                              
Alexander             9000                                                                                                                                                                              
Eleni                10500                                                                                                                                                                              
Ellen                11000                                                                                                                                                                              
Shelley              12000                                                                                                                                                                              
Michael              13000                                                                                                                                                                              
Lex                  17000                                                                                                                                                                              
Neena                17000                                                                                                                                                                              

19 rows selected.

SQL> SELECT FIRST_NAME,SALARY FROM EMPLOYEES WHERE NOT SALARY =
  2  (SELECT MAX(SALARY) FROM EMPLOYEES);

FIRST_NAME          SALARY                                                                                                                                                                              
--------------- ----------                                                                                                                                                                              
Neena                17000                                                                                                                                                                              
Lex                  17000                                                                                                                                                                              
Alexander             9000                                                                                                                                                                              
Bruce                 6000                                                                                                                                                                              
Diana                 4200                                                                                                                                                                              
Kevin                 5800                                                                                                                                                                              
Trenna                3500                                                                                                                                                                              
Curtis                3100                                                                                                                                                                              
Randall               2600                                                                                                                                                                              
Peter                 2500                                                                                                                                                                              
Eleni                10500                                                                                                                                                                              
Ellen                11000                                                                                                                                                                              
Jonathon              8600                                                                                                                                                                              
Kimerely              7000                                                                                                                                                                              
Jennifer              4400                                                                                                                                                                              
Michael              13000                                                                                                                                                                              
Pat                   6000                                                                                                                                                                              
Shelley              12000                                                                                                                                                                              
William               8300                                                                                                                                                                              

19 rows selected.

SQL> SELECT FIRST_NAME,SALARY FROM EMPLOYEES WHERE SALARY !=
  2  (SELECT MAX(SALARY) FROM EMPLOYEES);

FIRST_NAME          SALARY                                                                                                                                                                              
--------------- ----------                                                                                                                                                                              
Neena                17000                                                                                                                                                                              
Lex                  17000                                                                                                                                                                              
Alexander             9000                                                                                                                                                                              
Bruce                 6000                                                                                                                                                                              
Diana                 4200                                                                                                                                                                              
Kevin                 5800                                                                                                                                                                              
Trenna                3500                                                                                                                                                                              
Curtis                3100                                                                                                                                                                              
Randall               2600                                                                                                                                                                              
Peter                 2500                                                                                                                                                                              
Eleni                10500                                                                                                                                                                              
Ellen                11000                                                                                                                                                                              
Jonathon              8600                                                                                                                                                                              
Kimerely              7000                                                                                                                                                                              
Jennifer              4400                                                                                                                                                                              
Michael              13000                                                                                                                                                                              
Pat                   6000                                                                                                                                                                              
Shelley              12000                                                                                                                                                                              
William               8300                                                                                                                                                                              

19 rows selected.

SQL> SELECT FIRST_NAME,SALARY FROM EMPLOYEES WHERE SALARY NOT IN
  2  (SELECT MAX(SALARY) FROM EMPLOYEES);

FIRST_NAME          SALARY                                                                                                                                                                              
--------------- ----------                                                                                                                                                                              
Neena                17000                                                                                                                                                                              
Lex                  17000                                                                                                                                                                              
Alexander             9000                                                                                                                                                                              
Bruce                 6000                                                                                                                                                                              
Diana                 4200                                                                                                                                                                              
Kevin                 5800                                                                                                                                                                              
Trenna                3500                                                                                                                                                                              
Curtis                3100                                                                                                                                                                              
Randall               2600                                                                                                                                                                              
Peter                 2500                                                                                                                                                                              
Eleni                10500                                                                                                                                                                              
Ellen                11000                                                                                                                                                                              
Jonathon              8600                                                                                                                                                                              
Kimerely              7000                                                                                                                                                                              
Jennifer              4400                                                                                                                                                                              
Michael              13000                                                                                                                                                                              
Pat                   6000                                                                                                                                                                              
Shelley              12000                                                                                                                                                                              
William               8300                                                                                                                                                                              

19 rows selected.

SQL> REM DISPLAY THOSE WHO WERE HIRED EITHER FIRST OR LAST IN COMPANY.
SQL> 
SQL> SELECT FIRST_NAME FROM EMPLOYEES WHERE HIRE_DATE = (SELECT MIN(HIRE_DATE) FROM EMPLOYEES) OR HIRE_DATE = (SELECT MAX(HIRE_DATE) FROM EMPLOYEES)
  2  ;

FIRST_NAME                                                                                                                                                                                              
---------------                                                                                                                                                                                         
Steven                                                                                                                                                                                                  
Eleni                                                                                                                                                                                                   

SQL> SELECT FIRST_NAME , HIRE_DATE FROM EMPLOYEES WHERE HIRE_DATE = (SELECT MIN(HIRE_DATE) FROM EMPLOYEES) OR HIRE_DATE = (SELECT MAX(HIRE_DATE) FROM EMPLOYEES);

FIRST_NAME      HIRE_DATE                                                                                                                                                                               
--------------- ---------                                                                                                                                                                               
Steven          17-JUL-87                                                                                                                                                                               
Eleni           29-JAN-00                                                                                                                                                                               

SQL> REM DISPLAY THOSE WHO WERE HIRED EITHER FIRST OR LAST IN COMPANY. (USING MULTI ROW OPERATOR)
SQL> 
SQL> SELECT FIRST_NAME,HIRE_DATE FROM EMPLOYEES WHERE HIRE_DATE = SOME((SELECT MIN(HIRE_DATE) FROM EMPLOYEES),(SELECT MAX(HIRE_DATE) FROM EMPLOYEES));

FIRST_NAME      HIRE_DATE                                                                                                                                                                               
--------------- ---------                                                                                                                                                                               
Steven          17-JUL-87                                                                                                                                                                               
Eleni           29-JAN-00                                                                                                                                                                               

SQL> SELECT FIRST_NAME FROM EMPLOYEES WHERE HIRE_DATE = ANY(SELECT MIN(HIRE_DATE) FROM EMPLOYEES,SELECT MAX(HIRE_DATE) FROM EMPLOYEES)
  2  ;
SELECT FIRST_NAME FROM EMPLOYEES WHERE HIRE_DATE = ANY(SELECT MIN(HIRE_DATE) FROM EMPLOYEES,SELECT MAX(HIRE_DATE) FROM EMPLOYEES)
                                                                                            *
ERROR at line 1:
ORA-00903: invalid table name 


SQL> SELECT FIRST_NAME FROM EMPLOYEES WHERE HIRE_DATE = ANY((SELECT MIN(HIRE_DATE) FROM EMPLOYEES),(SELECT MAX(HIRE_DATE) FROM EMPLOYEES));

FIRST_NAME                                                                                                                                                                                              
---------------                                                                                                                                                                                         
Steven                                                                                                                                                                                                  
Eleni                                                                                                                                                                                                   

SQL> SELECT FIRST_NAME , HIRE_DATE FROM EMPLOYEES WHERE HIRE_DATE = ANY((SELECT MIN(HIRE_DATE) FROM EMPLOYEES),(SELECT MAX(HIRE_DATE) FROM EMPLOYEES));

FIRST_NAME      HIRE_DATE                                                                                                                                                                               
--------------- ---------                                                                                                                                                                               
Steven          17-JUL-87                                                                                                                                                                               
Eleni           29-JAN-00                                                                                                                                                                               

SQL> REN DISPLAY ALL EXCEPT THOSE WHO GETS EITHER LOWEST OR HIGHEST SALARY.
SP2-0734: unknown command beginning "REN DISPLA..." - rest of line ignored.
SQL> 
SQL> REM DISPLAY ALL EXCEPT THOSE WHO GETS EITHER LOWEST OR HIGHEST SALARY.
SQL> 
SQL> SELECT FIRST_NAME,SALARY FROM EMPLOYEES WHERE SALARY <> ALL((SELECT MIN(SALARY) FROM EMPLOYEES),(SELECT MAX(SALARY) FROM EMPLOYEES));

FIRST_NAME          SALARY                                                                                                                                                                              
--------------- ----------                                                                                                                                                                              
Neena                17000                                                                                                                                                                              
Lex                  17000                                                                                                                                                                              
Alexander             9000                                                                                                                                                                              
Bruce                 6000                                                                                                                                                                              
Diana                 4200                                                                                                                                                                              
Kevin                 5800                                                                                                                                                                              
Trenna                3500                                                                                                                                                                              
Curtis                3100                                                                                                                                                                              
Randall               2600                                                                                                                                                                              
Eleni                10500                                                                                                                                                                              
Ellen                11000                                                                                                                                                                              
Jonathon              8600                                                                                                                                                                              
Kimerely              7000                                                                                                                                                                              
Jennifer              4400                                                                                                                                                                              
Michael              13000                                                                                                                                                                              
Pat                   6000                                                                                                                                                                              
Shelley              12000                                                                                                                                                                              
William               8300                                                                                                                                                                              

18 rows selected.

SQL> SELECT FIRST_NAME FROM EMPLOYEES WHERE SALARY < (SELECT MAX(SALARY) FROM EMPLOYEES) OR SALARY > (SELECT MIN(SALARY) FROM
  2  EMPLOYEES);

FIRST_NAME                                                                                                                                                                                              
---------------                                                                                                                                                                                         
Steven                                                                                                                                                                                                  
Neena                                                                                                                                                                                                   
Lex                                                                                                                                                                                                     
Alexander                                                                                                                                                                                               
Bruce                                                                                                                                                                                                   
Diana                                                                                                                                                                                                   
Kevin                                                                                                                                                                                                   
Trenna                                                                                                                                                                                                  
Curtis                                                                                                                                                                                                  
Randall                                                                                                                                                                                                 
Peter                                                                                                                                                                                                   
Eleni                                                                                                                                                                                                   
Ellen                                                                                                                                                                                                   
Jonathon                                                                                                                                                                                                
Kimerely                                                                                                                                                                                                
Jennifer                                                                                                                                                                                                
Michael                                                                                                                                                                                                 
Pat                                                                                                                                                                                                     
Shelley                                                                                                                                                                                                 
William                                                                                                                                                                                                 

20 rows selected.

SQL> SELECT FIRST_NAME FROM EMPLOYEES WHERE SALARY < (SELECT MAX(SALARY) FROM EMPLOYEES) AND SALARY > (SELECT MIN(SALARY) FROM
  2  EMPLOYEES);

FIRST_NAME                                                                                                                                                                                              
---------------                                                                                                                                                                                         
Neena                                                                                                                                                                                                   
Lex                                                                                                                                                                                                     
Alexander                                                                                                                                                                                               
Bruce                                                                                                                                                                                                   
Diana                                                                                                                                                                                                   
Kevin                                                                                                                                                                                                   
Trenna                                                                                                                                                                                                  
Curtis                                                                                                                                                                                                  
Randall                                                                                                                                                                                                 
Eleni                                                                                                                                                                                                   
Ellen                                                                                                                                                                                                   
Jonathon                                                                                                                                                                                                
Kimerely                                                                                                                                                                                                
Jennifer                                                                                                                                                                                                
Michael                                                                                                                                                                                                 
Pat                                                                                                                                                                                                     
Shelley                                                                                                                                                                                                 
William                                                                                                                                                                                                 

18 rows selected.

SQL> SPOOL 'G:\CH5-3.TXT'
