SQL> 
SQL> REM DISPLAY THE DEPARTMENT_ID , JOB_ID AND AVERAGE SALARY FOR THE DEPARTMENT_ID AND JOB_ID (COMBINATION) TO WHICH HIGHEST AVERAGE SALARY IS PAID
SQL> 
SQL> SELECT DEPARTMENT_ID , JOB_ID , AVG(SALARY)
  2  FROM EMPLOYEES
  3  GROUP BY DEPARTMENT_ID , JOB_ID
  4  HAVING AVG(SALARY) = (SELECT MAX(AVG(SALARY)) FROM EMPLOYEES GROUP BY DEPARTMENT_ID , JOB_ID);

DEPARTMENT_ID JOB_ID     AVG(SALARY)                                            
------------- ---------- -----------                                            
           90 AD_PRES          24000                                            

SQL> REM DISPLAY JOB_ID , MANAGER_ID AND COUNT OF EMPLOYEES FOR ALL JOB_ID AND MANAGER_ID OTHER THAN THOSE WHICH EMPLOYS MINIMUM OR MAXIMUM EMPLOYEES (DON'T USE IN OPERATOR)
SQL> 
SQL> SELECT JOB_ID , MANAGER_ID , COUNT(*)
  2  FROM EMPLOYEES
  3  GROUP BY JOB_ID , MANAGER_ID
  4  HAVING COUNT(*) NOT IN ((SELECT MIN(COUNT(*)) FROM EMPLOYEES GROUP BY JOB_ID , MANAGER_ID),
  5                          (SELECT MAX(COUNT(*)) FROM EMPLOYEES GROUP BY JOB_ID , MANAGER_ID));

JOB_ID     MANAGER_ID   COUNT(*)                                                
---------- ---------- ----------                                                
IT_PROG           103          2                                                
AD_VP             100          2                                                
SA_REP            149          3                                                

SQL> REM SET OPERATOR
SQL> 
SQL> REM SET OPERATORS : 1 UNION ALL 2 UNION 3 INTERSECT 4 MINUS
SQL> 
SQL> 
SQL> REM SET OPERATORS ARE USED TO MAKE COMPOUND QUERY.
SQL> 
SQL> 
SQL> REM SYNTAX COMPOUND QUERY : SELECT ... FROM ... WHERE ... GROUP BY / HAVING     SET OPERATOR   SELECT ... FROM ... WHERE ... GROUP BY / HAVING    ORDER BY ... OFFSET ... FETCH ... ;
SQL> 
SQL> REM RESULT SET : NO. OF ROWS WHICH WE GET AS RESULT OF ANY SELECT STATEMENT.
SQL> 
SQL> 
SQL> REM SET OPERATORS ARE USED TO COMBINE TWO RESULT SETS.
SQL> 
SQL> 
SQL> REM SET OPERATORS ARE USED TO CLUB VERTICALLY TWO RESULT SETS.
SQL> 
SQL> 
SQL> REM UNION ALL : IT WILL SIMPLY CLUB BOTH THE RESULT VERTICALLY.
SQL> 
SQL> REM REMAINING 3 SET OPERATORS PERFORM TWO COMMON TASKS : 1 IT REMOVES DUPLICATE ROWS 2 IT SORTS RESULT IN ASCENDING ORDER
SQL> 
SQL> 
SQL> REM UNION : IT WILL PERFORM ONLY ABOVE TWO COMMON TASKS.
SQL> 
SQL> REM INTERSECT : 1 IT WILL PERFORM ABOVE TWO COMMON TASKS. 2 IT WILL RETURN ONLY ONLY THOSE ROWS WHICH ARE COMMON TO BOTH RESULT SETS.
SQL> 
SQL> REM MINUS : 1 IT WILL PERFORM ABOVE TWO COMMON TASKS. 2 IT WILL REMOVE ALL COMMON ROWS FROM FIRST RESULT SET.
SQL> 
SQL> 
SQL> REM THERE ARE SOME PRE-REQUISITES FOR USING SET OPERATORS
SQL> 
SQL> REM 1 NO. OF ITEMS IN SELECT MUST BE SAME FOR ALL STATEMENTS
SQL> 
SQL> REM 2 WE MAY USE NULL OR ANY LITERAL VALUE INSTEAD TO MAKE THEM SAME IN NUMBERS.
SQL> 
SQL> REM 3 DATA TYPES OF CORRESPONDING ITEMS IN ALL SELECT SHOULD MATCH.
SQL> 
SQL> REM 4 IF DATA TYPES ARE NOT MATCHING, WE CAN EXPLICITLY CONVERT THEM USING CONVERSION FUNCTION.
SQL> 
SQL> REM 5 ORDER BY CLAUSE IS AVAILABLE ONCE PER COMPOUND STATEMENT (A STATEMENT WITH SET OPERATOR)
SQL> 
SQL> REM 6 ORDER BY , OFFSET , FETCH CLAUSES ARE PART OF FIRST/MAIN STATEMENT, BUT IT IS PLACED AT THE END OF COMPOUND STATEMENT.
SQL> 
SQL> REM 7 IF ORDER BY CLAUSE IS NOT PLACED PROPERLY, IT WILL RAISE ERROR.
SQL> 
SQL> REM 8 COLUMN ALIAS OF FIRST STATEMENT WILL BE DISPLAYED/USED.
SQL> 
SQL> REM 9 IF WE USE COLUMN ALIAS IN ANY OTHER STATEMENT, IT WILL BE SILENTLY IGNORED.
SQL> 
SQL> 
SQL> REM RESULT SET 1 : A B D A C
SQL> 
SQL> REM RESULT SET 2 : C D F D E
SQL> 
SQL> 
SQL> REM UNION ALL : A B D A C C D F D E
SQL> 
SQL> REM UNION : A B C D E F
SQL> 
SQL> REM INTERSECT : C D
SQL> 
SQL> REM MINUS : A B
SQL> 
SQL> REM RESULT SET 2 MINUS RESULT SET 1 : E F
SQL> 
SQL> SET LINES 200 PAGES 24
SQL> 
SQL> REM SYNTAX COMPOUND QUERY : SELECT ... FROM ... WHERE ... GROUP BY / HAVING     SET OPERATOR   SELECT ... FROM ... WHERE ... GROUP BY / HAVING ...           ORDER BY ... OFFSET ... FETCH ...;
SQL> 
SQL> 
SQL> SELECT * FROM MPSEMP;

     EMPNO ENAME      JOB               MGR HIREDATE         SAL       COMM     DEPTNO                                                                                                                  
---------- ---------- ---------- ---------- --------- ---------- ---------- ----------                                                                                                                  
      7839 KING       PRESIDENT             17-NOV-81       5000                    10                                                                                                                  
      7782 CLARK      MANAGER          7839 09-JUN-81       2450                    10                                                                                                                  
      7566 JONES      MANAGER          7839 02-APR-81       2975                    20                                                                                                                  
      7902 FORD       ANALYST          7566 04-DEC-81                  3000         20                                                                                                                  
      7698 BLAKE      MANAGER          7839 01-MAY-91       2850                    30                                                                                                                  
      7369 SMITH      CLERK            7902 17-DEC-80        800                    20                                                                                                                  
      7499 ALLEN      SALESMAN         7698 20-FEB-81       1600        300         30                                                                                                                  
      7521 WARD       SALESMAN         7698 22-FEB-81       1250        500         30                                                                                                                  
      7654 MARTIN     SALESMAN         7698 28-SEP-81       1250       1400         30                                                                                                                  
      7788 SCOTT      ANALYST          7566 09-DEC-82       3000                    20                                                                                                                  
      7844 TURNER     SALESMAN         7698 08-SEP-81       1500          0         30                                                                                                                  
      7876 ADAMS      CLERK            7788 12-JAN-89                  1100         20                                                                                                                  
      7900 JAMES      CLERK            7698 03-DEC-81                   950         30                                                                                                                  
      7934 MILLER     CLERK            7782 23-JAN-82       1300                    10                                                                                                                  

14 rows selected.

SQL> SELECT JOB FROM MPSEMP;

JOB                                                                                                                                                                                                     
----------                                                                                                                                                                                              
PRESIDENT                                                                                                                                                                                               
MANAGER                                                                                                                                                                                                 
MANAGER                                                                                                                                                                                                 
ANALYST                                                                                                                                                                                                 
MANAGER                                                                                                                                                                                                 
CLERK                                                                                                                                                                                                   
SALESMAN                                                                                                                                                                                                
SALESMAN                                                                                                                                                                                                
SALESMAN                                                                                                                                                                                                
ANALYST                                                                                                                                                                                                 
SALESMAN                                                                                                                                                                                                
CLERK                                                                                                                                                                                                   
CLERK                                                                                                                                                                                                   
CLERK                                                                                                                                                                                                   

14 rows selected.

SQL> SELECT JOB FROM MPSEMP WHERE DEPTNO = 10;

JOB                                                                                                                                                                                                     
----------                                                                                                                                                                                              
PRESIDENT                                                                                                                                                                                               
MANAGER                                                                                                                                                                                                 
CLERK                                                                                                                                                                                                   

SQL> SELECT JOB FROM MPSEMP WHERE DEPTNO = 20;

JOB                                                                                                                                                                                                     
----------                                                                                                                                                                                              
MANAGER                                                                                                                                                                                                 
ANALYST                                                                                                                                                                                                 
CLERK                                                                                                                                                                                                   
ANALYST                                                                                                                                                                                                 
CLERK                                                                                                                                                                                                   

SQL> SELECT JOB FROM MPSEMP WHERE DEPTNO = 30;

JOB                                                                                                                                                                                                     
----------                                                                                                                                                                                              
MANAGER                                                                                                                                                                                                 
SALESMAN                                                                                                                                                                                                
SALESMAN                                                                                                                                                                                                
SALESMAN                                                                                                                                                                                                
SALESMAN                                                                                                                                                                                                
CLERK                                                                                                                                                                                                   

6 rows selected.

SQL> REM UNION ALL :
SQL> 
SQL> SELECT JOB FROM MPSEMP WHERE DEPTNO = 10
  2  UNION ALL
  3  SELECT JOB FROM MPSEMP WHERE DEPTNO = 20;

JOB                                                                                                                                                                                                     
----------                                                                                                                                                                                              
PRESIDENT                                                                                                                                                                                               
MANAGER                                                                                                                                                                                                 
CLERK                                                                                                                                                                                                   
MANAGER                                                                                                                                                                                                 
ANALYST                                                                                                                                                                                                 
CLERK                                                                                                                                                                                                   
ANALYST                                                                                                                                                                                                 
CLERK                                                                                                                                                                                                   

8 rows selected.

SQL> SELECT JOB FROM MPSEMP WHERE DEPTNO = 10;

JOB                                                                                                                                                                                                     
----------                                                                                                                                                                                              
PRESIDENT                                                                                                                                                                                               
MANAGER                                                                                                                                                                                                 
CLERK                                                                                                                                                                                                   

SQL> SELECT JOB FROM MPSEMP WHERE DEPTNO = 20;

JOB                                                                                                                                                                                                     
----------                                                                                                                                                                                              
MANAGER                                                                                                                                                                                                 
ANALYST                                                                                                                                                                                                 
CLERK                                                                                                                                                                                                   
ANALYST                                                                                                                                                                                                 
CLERK                                                                                                                                                                                                   

SQL> SELECT JOB FROM MPSEMP WHERE DEPTNO = 30;

JOB                                                                                                                                                                                                     
----------                                                                                                                                                                                              
MANAGER                                                                                                                                                                                                 
SALESMAN                                                                                                                                                                                                
SALESMAN                                                                                                                                                                                                
SALESMAN                                                                                                                                                                                                
SALESMAN                                                                                                                                                                                                
CLERK                                                                                                                                                                                                   

6 rows selected.

SQL> REM 20 UNION ALL 30
SQL> 
SQL> REM COUNT : 11 -> MANAGER ANALYST CLERK ANALYST CLERK MANAGER SALESMAN SALESMAN SALESMAN SALESMAN CLERK
SQL> 
SQL> SELECT JOB FROM MPSEMP WHERE DEPTNO = 20
  2  UNION ALL
  3  SELECT JOB FROM MPSEMP WHERE DEPTNO = 30;

JOB                                                                                                                                                                                                     
----------                                                                                                                                                                                              
MANAGER                                                                                                                                                                                                 
ANALYST                                                                                                                                                                                                 
CLERK                                                                                                                                                                                                   
ANALYST                                                                                                                                                                                                 
CLERK                                                                                                                                                                                                   
MANAGER                                                                                                                                                                                                 
SALESMAN                                                                                                                                                                                                
SALESMAN                                                                                                                                                                                                
SALESMAN                                                                                                                                                                                                
SALESMAN                                                                                                                                                                                                
CLERK                                                                                                                                                                                                   

11 rows selected.

SQL> SELECT JOB FROM MPSEMP WHERE DEPTNO = 30
  2  UNION ALL
  3  SELECT JOB FROM MPSEMP WHERE DEPTNO = 20;

JOB                                                                                                                                                                                                     
----------                                                                                                                                                                                              
MANAGER                                                                                                                                                                                                 
SALESMAN                                                                                                                                                                                                
SALESMAN                                                                                                                                                                                                
SALESMAN                                                                                                                                                                                                
SALESMAN                                                                                                                                                                                                
CLERK                                                                                                                                                                                                   
MANAGER                                                                                                                                                                                                 
ANALYST                                                                                                                                                                                                 
CLERK                                                                                                                                                                                                   
ANALYST                                                                                                                                                                                                 
CLERK                                                                                                                                                                                                   

11 rows selected.

SQL> REM UNION :
SQL> 
SQL> SELECT JOB FROM MPSEMP WHERE DEPTNO = 10;

JOB                                                                                                                                                                                                     
----------                                                                                                                                                                                              
PRESIDENT                                                                                                                                                                                               
MANAGER                                                                                                                                                                                                 
CLERK                                                                                                                                                                                                   

SQL> SELECT JOB FROM MPSEMP WHERE DEPTNO = 20;

JOB                                                                                                                                                                                                     
----------                                                                                                                                                                                              
MANAGER                                                                                                                                                                                                 
ANALYST                                                                                                                                                                                                 
CLERK                                                                                                                                                                                                   
ANALYST                                                                                                                                                                                                 
CLERK                                                                                                                                                                                                   

SQL> SELECT JOB FROM MPSEMP WHERE DEPTNO = 30;

JOB                                                                                                                                                                                                     
----------                                                                                                                                                                                              
MANAGER                                                                                                                                                                                                 
SALESMAN                                                                                                                                                                                                
SALESMAN                                                                                                                                                                                                
SALESMAN                                                                                                                                                                                                
SALESMAN                                                                                                                                                                                                
CLERK                                                                                                                                                                                                   

6 rows selected.

SQL> SELECT JOB FROM MPSEMP WHERE DEPTNO = 10
  2  UNION
  3  SELECT JOB FROM MPSEMP WHERE DEPTNO = 20;

JOB                                                                                                                                                                                                     
----------                                                                                                                                                                                              
ANALYST                                                                                                                                                                                                 
CLERK                                                                                                                                                                                                   
MANAGER                                                                                                                                                                                                 
PRESIDENT                                                                                                                                                                                               

SQL> REM 20 UNION 30
SQL> 
SQL> REM COUNT : 4 : ANALYST CLERK MANAGER SALES
SQL> 
SQL> SELECT JOB FROM MPSEMP WHERE DEPTNO = 20
  2  UNION
  3  SELECT JOB FROM MPSEMP WHERE DEPTNO = 30;

JOB                                                                                                                                                                                                     
----------                                                                                                                                                                                              
ANALYST                                                                                                                                                                                                 
CLERK                                                                                                                                                                                                   
MANAGER                                                                                                                                                                                                 
SALESMAN                                                                                                                                                                                                

SQL> REM 30 UNION 20
SQL> 
SQL> SELECT JOB FROM MPSEMP WHERE DEPTNO = 30
  2  UNION
  3  SELECT JOB FROM MPSEMP WHERE DEPTNO = 20;

JOB                                                                                                                                                                                                     
----------                                                                                                                                                                                              
ANALYST                                                                                                                                                                                                 
CLERK                                                                                                                                                                                                   
MANAGER                                                                                                                                                                                                 
SALESMAN                                                                                                                                                                                                

SQL> 
SQL> SELECT JOB FROM MPSEMP WHERE DEPTNO = 10;

JOB                                                                                                                                                                                                     
----------                                                                                                                                                                                              
PRESIDENT                                                                                                                                                                                               
MANAGER                                                                                                                                                                                                 
CLERK                                                                                                                                                                                                   

SQL> SELECT JOB FROM MPSEMP WHERE DEPTNO = 20;

JOB                                                                                                                                                                                                     
----------                                                                                                                                                                                              
MANAGER                                                                                                                                                                                                 
ANALYST                                                                                                                                                                                                 
CLERK                                                                                                                                                                                                   
ANALYST                                                                                                                                                                                                 
CLERK                                                                                                                                                                                                   

SQL> SELECT JOB FROM MPSEMP WHERE DEPTNO = 30;

JOB                                                                                                                                                                                                     
----------                                                                                                                                                                                              
MANAGER                                                                                                                                                                                                 
SALESMAN                                                                                                                                                                                                
SALESMAN                                                                                                                                                                                                
SALESMAN                                                                                                                                                                                                
SALESMAN                                                                                                                                                                                                
CLERK                                                                                                                                                                                                   

6 rows selected.

SQL> REM 10 INTERSECT 20 : COMMON ROWS
SQL> 
SQL> REM COUNT : 2 : CLERK MANAGER
SQL> 
SQL> SELECT JOB FROM MPSEMP WHERE DEPTNO = 10
  2  INTERSECT
  3  SELECT JOB FROM MPSEMP WHERE DEPTNO = 20;

JOB                                                                                                                                                                                                     
----------                                                                                                                                                                                              
CLERK                                                                                                                                                                                                   
MANAGER                                                                                                                                                                                                 

SQL> REM 20 INTERSECT 30 : 2 : CLERK MANAGER
SQL> 
SQL> SELECT JOB FROM MPSEMP WHERE DEPTNO = 20
  2  INTERSECT
  3  SELECT JOB FROM MPSEMP WHERE DEPTNO = 30;

JOB                                                                                                                                                                                                     
----------                                                                                                                                                                                              
CLERK                                                                                                                                                                                                   
MANAGER                                                                                                                                                                                                 

SQL> REM 30 INTERSECT 20 :
SQL> 
SQL> SELECT JOB FROM MPSEMP WHERE DEPTNO = 30
  2  INTERSECT
  3  SELECT JOB FROM MPSEMP WHERE DEPTNO = 20;

JOB                                                                                                                                                                                                     
----------                                                                                                                                                                                              
CLERK                                                                                                                                                                                                   
MANAGER                                                                                                                                                                                                 

SQL> REM MINUS
SQL> 
SQL> SELECT JOB FROM MPSEMP WHERE DEPTNO = 10;

JOB                                                                                                                                                                                                     
----------                                                                                                                                                                                              
PRESIDENT                                                                                                                                                                                               
MANAGER                                                                                                                                                                                                 
CLERK                                                                                                                                                                                                   

SQL> SELECT JOB FROM MPSEMP WHERE DEPTNO = 20;

JOB                                                                                                                                                                                                     
----------                                                                                                                                                                                              
MANAGER                                                                                                                                                                                                 
ANALYST                                                                                                                                                                                                 
CLERK                                                                                                                                                                                                   
ANALYST                                                                                                                                                                                                 
CLERK                                                                                                                                                                                                   

SQL> SELECT JOB FROM MPSEMP WHERE DEPTNO = 30;

JOB                                                                                                                                                                                                     
----------                                                                                                                                                                                              
MANAGER                                                                                                                                                                                                 
SALESMAN                                                                                                                                                                                                
SALESMAN                                                                                                                                                                                                
SALESMAN                                                                                                                                                                                                
SALESMAN                                                                                                                                                                                                
CLERK                                                                                                                                                                                                   

6 rows selected.

SQL> REM 10 MINUS 20 :
SQL> 
SQL> REM COUNT : PRESIDENT
SQL> 
SQL> SELECT JOB FROM MPSEMP WHERE DEPTNO = 10
  2  MINUS
  3  SELECT JOB FROM MPSEMP WHERE DEPTNO = 20;

JOB                                                                                                                                                                                                     
----------                                                                                                                                                                                              
PRESIDENT                                                                                                                                                                                               

SQL> REM 20 MINUS 10 :
SQL> 
SQL> SELECT JOB FROM MPSEMP WHERE DEPTNO = 20
  2  MINUS
  3  SELECT JOB FROM MPSEMP WHERE DEPTNO = 10;

JOB                                                                                                                                                                                                     
----------                                                                                                                                                                                              
ANALYST                                                                                                                                                                                                 

SQL> SELECT JOB FROM MPSEMP WHERE DEPTNO = 10;

JOB                                                                                                                                                                                                     
----------                                                                                                                                                                                              
PRESIDENT                                                                                                                                                                                               
MANAGER                                                                                                                                                                                                 
CLERK                                                                                                                                                                                                   

SQL> SELECT JOB FROM MPSEMP WHERE DEPTNO = 20;

JOB                                                                                                                                                                                                     
----------                                                                                                                                                                                              
MANAGER                                                                                                                                                                                                 
ANALYST                                                                                                                                                                                                 
CLERK                                                                                                                                                                                                   
ANALYST                                                                                                                                                                                                 
CLERK                                                                                                                                                                                                   

SQL> SELECT JOB FROM MPSEMP WHERE DEPTNO = 30;

JOB                                                                                                                                                                                                     
----------                                                                                                                                                                                              
MANAGER                                                                                                                                                                                                 
SALESMAN                                                                                                                                                                                                
SALESMAN                                                                                                                                                                                                
SALESMAN                                                                                                                                                                                                
SALESMAN                                                                                                                                                                                                
CLERK                                                                                                                                                                                                   

6 rows selected.

SQL> REM 30 MINUS 20
SQL> 
SQL> SELECT JOB FROM MPSEMP WHERE DEPTNO = 30
  2  MINUS
  3  SELECT JOB FROM MPSEMP WHERE DEPTNO = 20;

JOB                                                                                                                                                                                                     
----------                                                                                                                                                                                              
SALESMAN                                                                                                                                                                                                

SQL> REM 20 MINUS 30
SQL> 
SQL> SELECT JOB FROM MPSEMP WHERE DEPTNO = 20
  2  MINUS
  3  SELECT JOB FROM MPSEMP WHERE DEPTNO = 30;

JOB                                                                                                                                                                                                     
----------                                                                                                                                                                                              
ANALYST                                                                                                                                                                                                 

SQL> SELECT JOB FROM MPSEMP WHERE DEPTNO = 10;

JOB                                                                                                                                                                                                     
----------                                                                                                                                                                                              
PRESIDENT                                                                                                                                                                                               
MANAGER                                                                                                                                                                                                 
CLERK                                                                                                                                                                                                   

SQL> 
SQL> SELECT JOB FROM MPSEMP WHERE DEPTNO = 20;

JOB                                                                                                                                                                                                     
----------                                                                                                                                                                                              
MANAGER                                                                                                                                                                                                 
ANALYST                                                                                                                                                                                                 
CLERK                                                                                                                                                                                                   
ANALYST                                                                                                                                                                                                 
CLERK                                                                                                                                                                                                   

SQL> SELECT JOB FROM MPSEMP WHERE DEPTNO = 30;

JOB                                                                                                                                                                                                     
----------                                                                                                                                                                                              
MANAGER                                                                                                                                                                                                 
SALESMAN                                                                                                                                                                                                
SALESMAN                                                                                                                                                                                                
SALESMAN                                                                                                                                                                                                
SALESMAN                                                                                                                                                                                                
CLERK                                                                                                                                                                                                   

6 rows selected.

SQL> REM 10 UNION ALL 20 UNION ALL 30
SQL> 
SQL> REM COUNT : 14 ROWS : ORDER : 10(3) + 20(5) + 30(6)
SQL> 
SQL> SELECT JOB FROM MPSEMP WHERE DEPTNO = 10
  2  UNION ALL
  3  SELECT JOB FROM MPSEMP WHERE DEPTNO = 20
  4  UNION ALL
  5  SELECT JOB FROM MPSEMP WHERE DEPTNO = 30;

JOB                                                                                                                                                                                                     
----------                                                                                                                                                                                              
PRESIDENT                                                                                                                                                                                               
MANAGER                                                                                                                                                                                                 
CLERK                                                                                                                                                                                                   
MANAGER                                                                                                                                                                                                 
ANALYST                                                                                                                                                                                                 
CLERK                                                                                                                                                                                                   
ANALYST                                                                                                                                                                                                 
CLERK                                                                                                                                                                                                   
MANAGER                                                                                                                                                                                                 
SALESMAN                                                                                                                                                                                                
SALESMAN                                                                                                                                                                                                
SALESMAN                                                                                                                                                                                                
SALESMAN                                                                                                                                                                                                
CLERK                                                                                                                                                                                                   

14 rows selected.

SQL> SELECT JOB FROM MPSEMP WHERE DEPTNO = 10;

JOB                                                                                                                                                                                                     
----------                                                                                                                                                                                              
PRESIDENT                                                                                                                                                                                               
MANAGER                                                                                                                                                                                                 
CLERK                                                                                                                                                                                                   

SQL> SELECT JOB FROM MPSEMP WHERE DEPTNO = 20;

JOB                                                                                                                                                                                                     
----------                                                                                                                                                                                              
MANAGER                                                                                                                                                                                                 
ANALYST                                                                                                                                                                                                 
CLERK                                                                                                                                                                                                   
ANALYST                                                                                                                                                                                                 
CLERK                                                                                                                                                                                                   

SQL> SELECT JOB FROM MPSEMP WHERE DEPTNO = 30;

JOB                                                                                                                                                                                                     
----------                                                                                                                                                                                              
MANAGER                                                                                                                                                                                                 
SALESMAN                                                                                                                                                                                                
SALESMAN                                                                                                                                                                                                
SALESMAN                                                                                                                                                                                                
SALESMAN                                                                                                                                                                                                
CLERK                                                                                                                                                                                                   

6 rows selected.

SQL> REM 20 UNION ALL 10 UNION ALL 30 :14 (20+10+30)
SQL> 
SQL> REM 10 UNION 20 UNION 30 : COUNT : 5 ORDER : ANALYST CLERK MANAGER PRESIDENT SALESMAN
SQL> 
SQL> SELECT JOB FROM MPSEMP WHERE DEPTNO = 10
  2  UNION
  3  SELECT JOB FROM MPSEMP WHERE DEPTNO = 20
  4  UNION
  5  SELECT JOB FROM MPSEMP WHERE DEPTNO = 30;

JOB                                                                                                                                                                                                     
----------                                                                                                                                                                                              
ANALYST                                                                                                                                                                                                 
CLERK                                                                                                                                                                                                   
MANAGER                                                                                                                                                                                                 
PRESIDENT                                                                                                                                                                                               
SALESMAN                                                                                                                                                                                                

SQL> REM 20 UNION 30 UNION 10 :NO DIFFERENCE
SQL> 
SQL> SELECT JOB FROM MPSEMP WHERE DEPTNO = 10;

JOB                                                                                                                                                                                                     
----------                                                                                                                                                                                              
PRESIDENT                                                                                                                                                                                               
MANAGER                                                                                                                                                                                                 
CLERK                                                                                                                                                                                                   

SQL> SELECT JOB FROM MPSEMP WHERE DEPTNO = 20;

JOB                                                                                                                                                                                                     
----------                                                                                                                                                                                              
MANAGER                                                                                                                                                                                                 
ANALYST                                                                                                                                                                                                 
CLERK                                                                                                                                                                                                   
ANALYST                                                                                                                                                                                                 
CLERK                                                                                                                                                                                                   

SQL> SELECT JOB FROM MPSEMP WHERE DEPTNO = 30;

JOB                                                                                                                                                                                                     
----------                                                                                                                                                                                              
MANAGER                                                                                                                                                                                                 
SALESMAN                                                                                                                                                                                                
SALESMAN                                                                                                                                                                                                
SALESMAN                                                                                                                                                                                                
SALESMAN                                                                                                                                                                                                
CLERK                                                                                                                                                                                                   

6 rows selected.

SQL> REM 10 INTERSECT 20 INTERSECT 30
SQL> 
SQL> REM COUNT : 2   ORDER : CLERK MANAGER
SQL> 
SQL> SELECT JOB FROM MPSEMP WHERE DEPTNO = 10
  2  INTERSECT
  3  SELECT JOB FROM MPSEMP WHERE DEPTNO = 20
  4  INTERSECT
  5  SELECT JOB FROM MPSEMP WHERE DEPTNO = 30;

JOB                                                                                                                                                                                                     
----------                                                                                                                                                                                              
CLERK                                                                                                                                                                                                   
MANAGER                                                                                                                                                                                                 

SQL> REM 10 INTERSECT 30 INTERSECT 20 : NO DIFFERENCE
SQL> 
SQL> SELECT JOB FROM MPSEMP WHERE DEPTNO = 10;

JOB                                                                                                                                                                                                     
----------                                                                                                                                                                                              
PRESIDENT                                                                                                                                                                                               
MANAGER                                                                                                                                                                                                 
CLERK                                                                                                                                                                                                   

SQL> SELECT JOB FROM MPSEMP WHERE DEPTNO = 20;

JOB                                                                                                                                                                                                     
----------                                                                                                                                                                                              
MANAGER                                                                                                                                                                                                 
ANALYST                                                                                                                                                                                                 
CLERK                                                                                                                                                                                                   
ANALYST                                                                                                                                                                                                 
CLERK                                                                                                                                                                                                   

SQL> SELECT JOB FROM MPSEMP WHERE DEPTNO = 30;

JOB                                                                                                                                                                                                     
----------                                                                                                                                                                                              
MANAGER                                                                                                                                                                                                 
SALESMAN                                                                                                                                                                                                
SALESMAN                                                                                                                                                                                                
SALESMAN                                                                                                                                                                                                
SALESMAN                                                                                                                                                                                                
CLERK                                                                                                                                                                                                   

6 rows selected.

SQL> REM 10 MINUS 20 MINUS 30 : COUNT : 1  ORDER : PRESIDENT
SQL> 
SQL> SELECT JOB FROM MPSEMP WHERE DEPTNO = 10
  2  MINUS
  3  SELECT JOB FROM MPSEMP WHERE DEPTNO = 20
  4  MINUS
  5  SELECT JOB FROM MPSEMP WHERE DEPTNO = 30;

JOB                                                                                                                                                                                                     
----------                                                                                                                                                                                              
PRESIDENT                                                                                                                                                                                               

SQL> REM 20 MINUS 30 MINUS 10 : ANALYST
SQL> 
SQL> REM 20 MINUS 10 MINUS 30 : ANALYST
SQL> 
SQL> REM 30 MINUS 10 MINUS 20 : SALESMAN
SQL> 
SQL> SELECT JOB FROM MPSEMP WHERE DEPTNO = 10
  2  MINUS
  3  SELECT JOB FROM MPSEMP WHERE DEPTNO = 30
  4  MINUS
  5  SELECT JOB FROM MPSEMP WHERE DEPTNO = 20;

JOB                                                                                                                                                                                                     
----------                                                                                                                                                                                              
PRESIDENT                                                                                                                                                                                               

SQL> SELECT JOB FROM MPSEMP WHERE DEPTNO = 10
  2  MINUS
  3  SELECT JOB FROM MPSEMP WHERE DEPTNO = 20
  4  MINUS
  5  SELECT JOB FROM MPSEMP WHERE DEPTNO = 30;

JOB                                                                                                                                                                                                     
----------                                                                                                                                                                                              
PRESIDENT                                                                                                                                                                                               

SQL> SELECT JOB FROM MPSEMP WHERE DEPTNO = 20
  2  MINUS
  3  SELECT JOB FROM MPSEMP WHERE DEPTNO = 10
  4  MINUS
  5  SELECT JOB FROM MPSEMP WHERE DEPTNO = 30
  6  ;

JOB                                                                                                                                                                                                     
----------                                                                                                                                                                                              
ANALYST                                                                                                                                                                                                 

SQL> SELECT JOB FROM MPSEMP WHERE DEPTNO = 30
  2  MINUS
  3  SELECT JOB FROM MPSEMP WHERE DEPTNO = 10
  4  MINUS
  5  SELECT JOB FROM MPSEMP WHERE DEPTNO = 20;

JOB                                                                                                                                                                                                     
----------                                                                                                                                                                                              
SALESMAN                                                                                                                                                                                                

SQL> REM COMBINATIONS
SQL> 
SQL> SELECT JOB FROM MPSEMP WHERE DEPTNO = 10;

JOB                                                                                                                                                                                                     
----------                                                                                                                                                                                              
PRESIDENT                                                                                                                                                                                               
MANAGER                                                                                                                                                                                                 
CLERK                                                                                                                                                                                                   

SQL> SELECT JOB FROM MPSEMP WHERE DEPTNO = 20;

JOB                                                                                                                                                                                                     
----------                                                                                                                                                                                              
MANAGER                                                                                                                                                                                                 
ANALYST                                                                                                                                                                                                 
CLERK                                                                                                                                                                                                   
ANALYST                                                                                                                                                                                                 
CLERK                                                                                                                                                                                                   

SQL> SELECT JOB FROM MPSEMP WHERE DEPTNO = 30;

JOB                                                                                                                                                                                                     
----------                                                                                                                                                                                              
MANAGER                                                                                                                                                                                                 
SALESMAN                                                                                                                                                                                                
SALESMAN                                                                                                                                                                                                
SALESMAN                                                                                                                                                                                                
SALESMAN                                                                                                                                                                                                
CLERK                                                                                                                                                                                                   

6 rows selected.

SQL> REM DEFAULT EXECUTION PRECEDENCE IS FROM TOP TO BOTTOM AND LEFT TO RIGHT
SQL> 
SQL> REM WE CAN CHANGE PRECEDENCE BY PUTTING STATEMENTS IN ( )
SQL> 
SQL> REM 10 UNION ALL 20 UNION 30
SQL> 
SQL> SELECT JOB FROM MPSEMP WHERE DEPTNO = 10
  2  UNION ALL
  3  SELECT JOB FROM MPSEMP WHERE DEPTNO = 20
  4  UNION
  5  SELECT JOB FROM MPSEMP WHERE DEPTNO = 30;

JOB                                                                                                                                                                                                     
----------                                                                                                                                                                                              
ANALYST                                                                                                                                                                                                 
CLERK                                                                                                                                                                                                   
MANAGER                                                                                                                                                                                                 
PRESIDENT                                                                                                                                                                                               
SALESMAN                                                                                                                                                                                                

SQL> REM 10 UNION 20 UNION ALL 30
SQL> 
SQL> SELECT JOB FROM MPSEMP WHERE DEPTNO = 10
  2  UNION
  3  SELECT JOB FROM MPSEMP WHERE DEPTNO = 20
  4  UNION ALL
  5  SELECT JOB FROM MPSEMP WHERE DEPTNO = 30;

JOB                                                                                                                                                                                                     
----------                                                                                                                                                                                              
ANALYST                                                                                                                                                                                                 
CLERK                                                                                                                                                                                                   
MANAGER                                                                                                                                                                                                 
PRESIDENT                                                                                                                                                                                               
MANAGER                                                                                                                                                                                                 
SALESMAN                                                                                                                                                                                                
SALESMAN                                                                                                                                                                                                
SALESMAN                                                                                                                                                                                                
SALESMAN                                                                                                                                                                                                
CLERK                                                                                                                                                                                                   

10 rows selected.

SQL> SELECT JOB FROM MPSEMP WHERE DEPTNO = 10;

JOB                                                                                                                                                                                                     
----------                                                                                                                                                                                              
PRESIDENT                                                                                                                                                                                               
MANAGER                                                                                                                                                                                                 
CLERK                                                                                                                                                                                                   

SQL> SELECT JOB FROM MPSEMP WHERE DEPTNO = 20;

JOB                                                                                                                                                                                                     
----------                                                                                                                                                                                              
MANAGER                                                                                                                                                                                                 
ANALYST                                                                                                                                                                                                 
CLERK                                                                                                                                                                                                   
ANALYST                                                                                                                                                                                                 
CLERK                                                                                                                                                                                                   

SQL> SELECT JOB FROM MPSEMP WHERE DEPTNO = 30;

JOB                                                                                                                                                                                                     
----------                                                                                                                                                                                              
MANAGER                                                                                                                                                                                                 
SALESMAN                                                                                                                                                                                                
SALESMAN                                                                                                                                                                                                
SALESMAN                                                                                                                                                                                                
SALESMAN                                                                                                                                                                                                
CLERK                                                                                                                                                                                                   

6 rows selected.

SQL> REM 10 UNION ALL 20 INTERSECT 30
SQL> 
SQL> SELECT JOB FROM MPSEMP WHERE DEPTNO = 10
  2  UNION ALL
  3  SELECT JOB FROM MPSEMP WHERE DEPTNO = 20
  4  INTERSECT
  5  SELECT JOB FROM MPSEMP WHERE DEPTNO = 30;

JOB                                                                                                                                                                                                     
----------                                                                                                                                                                                              
CLERK                                                                                                                                                                                                   
MANAGER                                                                                                                                                                                                 

SQL> REM 10 INTERSECT 20 UNION ALL 30
SQL> 
SQL> SELECT JOB FROM MPSEMP WHERE DEPTNO = 10
  2  INTERSECT
  3  SELECT JOB FROM MPSEMP WHERE DEPTNO = 20
  4  UNION ALL
  5  SELECT JOB FROM MPSEMP WHERE DEPTNO = 30;

JOB                                                                                                                                                                                                     
----------                                                                                                                                                                                              
CLERK                                                                                                                                                                                                   
MANAGER                                                                                                                                                                                                 
MANAGER                                                                                                                                                                                                 
SALESMAN                                                                                                                                                                                                
SALESMAN                                                                                                                                                                                                
SALESMAN                                                                                                                                                                                                
SALESMAN                                                                                                                                                                                                
CLERK                                                                                                                                                                                                   

8 rows selected.

SQL> SELECT JOB FROM MPSEMP WHERE DEPTNO = 10;

JOB                                                                                                                                                                                                     
----------                                                                                                                                                                                              
PRESIDENT                                                                                                                                                                                               
MANAGER                                                                                                                                                                                                 
CLERK                                                                                                                                                                                                   

SQL> SELECT JOB FROM MPSEMP WHERE DEPTNO = 20;

JOB                                                                                                                                                                                                     
----------                                                                                                                                                                                              
MANAGER                                                                                                                                                                                                 
ANALYST                                                                                                                                                                                                 
CLERK                                                                                                                                                                                                   
ANALYST                                                                                                                                                                                                 
CLERK                                                                                                                                                                                                   

SQL> SELECT JOB FROM MPSEMP WHERE DEPTNO = 30;

JOB                                                                                                                                                                                                     
----------                                                                                                                                                                                              
MANAGER                                                                                                                                                                                                 
SALESMAN                                                                                                                                                                                                
SALESMAN                                                                                                                                                                                                
SALESMAN                                                                                                                                                                                                
SALESMAN                                                                                                                                                                                                
CLERK                                                                                                                                                                                                   

6 rows selected.

SQL> REM 10 UNION ALL 20 MINUS 30
SQL> 
SQL> SELECT JOB FROM MPSEMP WHERE DEPTNO = 10
  2  UNION ALL
  3  SELECT JOB FROM MPSEMP WHERE DEPTNO = 20
  4  MINUS
  5  SELECT JOB FROM MPSEMP WHERE DEPTNO = 30;

JOB                                                                                                                                                                                                     
----------                                                                                                                                                                                              
ANALYST                                                                                                                                                                                                 
PRESIDENT                                                                                                                                                                                               

SQL> REM 10 MINUS 20 UNION ALL 30
SQL> 
SQL> SELECT JOB FROM MPSEMP WHERE DEPTNO = 10
  2  MINUS
  3  SELECT JOB FROM MPSEMP WHERE DEPTNO = 20
  4  UNION ALL
  5  SELECT JOB FROM MPSEMP WHERE DEPTNO = 30;

JOB                                                                                                                                                                                                     
----------                                                                                                                                                                                              
PRESIDENT                                                                                                                                                                                               
MANAGER                                                                                                                                                                                                 
SALESMAN                                                                                                                                                                                                
SALESMAN                                                                                                                                                                                                
SALESMAN                                                                                                                                                                                                
SALESMAN                                                                                                                                                                                                
CLERK                                                                                                                                                                                                   

7 rows selected.

SQL> SELECT JOB FROM MPSEMP WHERE DEPTNO = 10;

JOB                                                                                                                                                                                                     
----------                                                                                                                                                                                              
PRESIDENT                                                                                                                                                                                               
MANAGER                                                                                                                                                                                                 
CLERK                                                                                                                                                                                                   

SQL> SELECT JOB FROM MPSEMP WHERE DEPTNO = 20;

JOB                                                                                                                                                                                                     
----------                                                                                                                                                                                              
MANAGER                                                                                                                                                                                                 
ANALYST                                                                                                                                                                                                 
CLERK                                                                                                                                                                                                   
ANALYST                                                                                                                                                                                                 
CLERK                                                                                                                                                                                                   

SQL> SELECT JOB FROM MPSEMP WHERE DEPTNO = 30;

JOB                                                                                                                                                                                                     
----------                                                                                                                                                                                              
MANAGER                                                                                                                                                                                                 
SALESMAN                                                                                                                                                                                                
SALESMAN                                                                                                                                                                                                
SALESMAN                                                                                                                                                                                                
SALESMAN                                                                                                                                                                                                
CLERK                                                                                                                                                                                                   

6 rows selected.

SQL> REM 10 UNION 20 INTERSECT 30
SQL> 
SQL> SELECT JOB FROM MPSEMP WHERE DEPTNO = 10
  2  UNION
  3  SELECT JOB FROM MPSEMP WHERE DEPTNO = 20
  4  INTERSECT
  5  SELECT JOB FROM MPSEMP WHERE DEPTNO = 30;

JOB                                                                                                                                                                                                     
----------                                                                                                                                                                                              
CLERK                                                                                                                                                                                                   
MANAGER                                                                                                                                                                                                 

SQL> REM 10 INTERSECT 20 UNION 30
SQL> 
SQL> SELECT JOB FROM MPSEMP WHERE DEPTNO = 10
  2  INTERSECT
  3  SELECT JOB FROM MPSEMP WHERE DEPTNO = 20
  4  UNION
  5  SELECT JOB FROM MPSEMP WHERE DEPTNO = 30;

JOB                                                                                                                                                                                                     
----------                                                                                                                                                                                              
CLERK                                                                                                                                                                                                   
MANAGER                                                                                                                                                                                                 
SALESMAN                                                                                                                                                                                                

SQL> SELECT JOB FROM MPSEMP WHERE DEPTNO = 10;

JOB                                                                                                                                                                                                     
----------                                                                                                                                                                                              
PRESIDENT                                                                                                                                                                                               
MANAGER                                                                                                                                                                                                 
CLERK                                                                                                                                                                                                   

SQL> SELECT JOB FROM MPSEMP WHERE DEPTNO = 20;

JOB                                                                                                                                                                                                     
----------                                                                                                                                                                                              
MANAGER                                                                                                                                                                                                 
ANALYST                                                                                                                                                                                                 
CLERK                                                                                                                                                                                                   
ANALYST                                                                                                                                                                                                 
CLERK                                                                                                                                                                                                   

SQL> SELECT JOB FROM MPSEMP WHERE DEPTNO = 30;

JOB                                                                                                                                                                                                     
----------                                                                                                                                                                                              
MANAGER                                                                                                                                                                                                 
SALESMAN                                                                                                                                                                                                
SALESMAN                                                                                                                                                                                                
SALESMAN                                                                                                                                                                                                
SALESMAN                                                                                                                                                                                                
CLERK                                                                                                                                                                                                   

6 rows selected.

SQL> REM 10 UNION 20 MINUS 30
SQL> 
SQL> SELECT JOB FROM MPSEMP WHERE DEPTNO = 10
  2  UNION
  3  SELECT JOB FROM MPSEMP WHERE DEPTNO = 20
  4  MINUS
  5  SELECT JOB FROM MPSEMP WHERE DEPTNO = 30;

JOB                                                                                                                                                                                                     
----------                                                                                                                                                                                              
ANALYST                                                                                                                                                                                                 
PRESIDENT                                                                                                                                                                                               

SQL> REM 10 MINUS 20 UNION 30
SQL> 
SQL> SELECT JOB FROM MPSEMP WHERE DEPTNO = 10
  2  MINUS
  3  SELECT JOB FROM MPSEMP WHERE DEPTNO = 20
  4  UNION
  5  SELECT JOB FROM MPSEMP WHERE DEPTNO = 30;

JOB                                                                                                                                                                                                     
----------                                                                                                                                                                                              
CLERK                                                                                                                                                                                                   
MANAGER                                                                                                                                                                                                 
PRESIDENT                                                                                                                                                                                               
SALESMAN                                                                                                                                                                                                

SQL> SELECT JOB FROM MPSEMP WHERE DEPTNO = 10;

JOB                                                                                                                                                                                                     
----------                                                                                                                                                                                              
PRESIDENT                                                                                                                                                                                               
MANAGER                                                                                                                                                                                                 
CLERK                                                                                                                                                                                                   

SQL> SELECT JOB FROM MPSEMP WHERE DEPTNO = 20;

JOB                                                                                                                                                                                                     
----------                                                                                                                                                                                              
MANAGER                                                                                                                                                                                                 
ANALYST                                                                                                                                                                                                 
CLERK                                                                                                                                                                                                   
ANALYST                                                                                                                                                                                                 
CLERK                                                                                                                                                                                                   

SQL> SELECT JOB FROM MPSEMP WHERE DEPTNO = 30;

JOB                                                                                                                                                                                                     
----------                                                                                                                                                                                              
MANAGER                                                                                                                                                                                                 
SALESMAN                                                                                                                                                                                                
SALESMAN                                                                                                                                                                                                
SALESMAN                                                                                                                                                                                                
SALESMAN                                                                                                                                                                                                
CLERK                                                                                                                                                                                                   

6 rows selected.

SQL> REM 10 INTERSECT 20 MINUS 30
SQL> 
SQL> SELECT JOB FROM MPSEMP WHERE DEPTNO = 10
  2  INTERSECT
  3  SELECT JOB FROM MPSEMP WHERE DEPTNO = 20
  4  MINUS
  5  SELECT JOB FROM MPSEMP WHERE DEPTNO = 30;

no rows selected

SQL> REM 10 MINUS 20 INTERSECT 30
SQL> 
SQL> SELECT JOB FROM MPSEMP WHERE DEPTNO = 10
  2  MINUS
  3  SELECT JOB FROM MPSEMP WHERE DEPTNO = 20
  4  INTERSECT
  5  SELECT JOB FROM MPSEMP WHERE DEPTNO = 30;

no rows selected

SQL> SELECT JOB FROM MPSEMP WHERE DEPTNO = 10
  2  UNION
  3  SELECT JOB FROM MPSEMP WHERE DEPTNO = 20
  4  MINUS
  5  SELECT JOB FROM MPSEMP WHERE DEPTNO = 30;

JOB                                                                                                                                                                                                     
----------                                                                                                                                                                                              
ANALYST                                                                                                                                                                                                 
PRESIDENT                                                                                                                                                                                               

SQL> SELECT JOB FROM MPSEMP WHERE DEPTNO = 10
  2  UNION
  3  (SELECT JOB FROM MPSEMP WHERE DEPTNO = 20
  4  MINUS
  5  SELECT JOB FROM MPSEMP WHERE DEPTNO = 30);

JOB                                                                                                                                                                                                     
----------                                                                                                                                                                                              
ANALYST                                                                                                                                                                                                 
CLERK                                                                                                                                                                                                   
MANAGER                                                                                                                                                                                                 
PRESIDENT                                                                                                                                                                                               

SQL> SELECT JOB FROM MPSEMP WHERE DEPTNO = 10
  2  UNION
  3  SELECT JOB FROM MPSEMP WHERE DEPTNO = 20
  4  INTERSECT
  5  SELECT JOB FROM MPSEMP WHERE DEPTNO = 30;

JOB                                                                                                                                                                                                     
----------                                                                                                                                                                                              
CLERK                                                                                                                                                                                                   
MANAGER                                                                                                                                                                                                 

SQL> SELECT JOB FROM MPSEMP WHERE DEPTNO = 10
  2  UNION
  3  (SELECT JOB FROM MPSEMP WHERE DEPTNO = 20
  4  INTERSECT
  5  SELECT JOB FROM MPSEMP WHERE DEPTNO = 30);

JOB                                                                                                                                                                                                     
----------                                                                                                                                                                                              
CLERK                                                                                                                                                                                                   
MANAGER                                                                                                                                                                                                 
PRESIDENT                                                                                                                                                                                               

SQL> SELECT JOB FROM MPSEMP WHERE DEPTNO = 10
  2  INTERSECT
  3  SELECT JOB FROM MPSEMP WHERE DEPTNO = 20
  4  UNION ALL
  5  SELECT JOB FROM MPSEMP WHERE DEPTNO = 30;

JOB                                                                                                                                                                                                     
----------                                                                                                                                                                                              
CLERK                                                                                                                                                                                                   
MANAGER                                                                                                                                                                                                 
MANAGER                                                                                                                                                                                                 
SALESMAN                                                                                                                                                                                                
SALESMAN                                                                                                                                                                                                
SALESMAN                                                                                                                                                                                                
SALESMAN                                                                                                                                                                                                
CLERK                                                                                                                                                                                                   

8 rows selected.

SQL> SELECT JOB FROM MPSEMP WHERE DEPTNO = 10
  2  INTERSECT
  3  (SELECT JOB FROM MPSEMP WHERE DEPTNO = 20
  4  UNION ALL
  5  SELECT JOB FROM MPSEMP WHERE DEPTNO = 30);

JOB                                                                                                                                                                                                     
----------                                                                                                                                                                                              
CLERK                                                                                                                                                                                                   
MANAGER                                                                                                                                                                                                 

SQL> SELECT JOB FROM MPSEMP WHERE DEPTNO = 10
  2  UNION ALL
  3  SELECT JOB FROM MPSEMP WHERE DEPTNO = 20
  4  UNION
  5  SELECT JOB FROM MPSEMP WHERE DEPTNO = 30;

JOB                                                                                                                                                                                                     
----------                                                                                                                                                                                              
ANALYST                                                                                                                                                                                                 
CLERK                                                                                                                                                                                                   
MANAGER                                                                                                                                                                                                 
PRESIDENT                                                                                                                                                                                               
SALESMAN                                                                                                                                                                                                

SQL> SELECT JOB FROM MPSEMP WHERE DEPTNO = 10
  2  UNION ALL
  3  (SELECT JOB FROM MPSEMP WHERE DEPTNO = 20
  4  UNION
  5  SELECT JOB FROM MPSEMP WHERE DEPTNO = 30);

JOB                                                                                                                                                                                                     
----------                                                                                                                                                                                              
PRESIDENT                                                                                                                                                                                               
MANAGER                                                                                                                                                                                                 
CLERK                                                                                                                                                                                                   
ANALYST                                                                                                                                                                                                 
CLERK                                                                                                                                                                                                   
MANAGER                                                                                                                                                                                                 
SALESMAN                                                                                                                                                                                                

7 rows selected.

SQL> REM THERE ARE SOME PRE-REQUISITES FOR USING SET OPERATORS
SQL> 
SQL> REM 1 NO. OF ITEMS IN SELECT MUST BE SAME FOR ALL STATEMENTS
SQL> 
SQL> REM 2 WE MAY USE NULL OR ANY LITERAL VALUE INSTEAD TO MAKE THEM SAME IN NUMBERS.
SQL> 
SQL> REM 3 DATA TYPES OF CORRESPONDING ITEMS IN ALL SELECT SHOULD MATCH.
SQL> 
SQL> REM 4 IF DATA TYPES ARE NOT MATCHING, WE CAN EXPLICITLY CONVERT THEM USING CONVERSION FUNCTION.
SQL> 
SQL> REM 5 ORDER BY CLAUS IS AVAILABLE ONCE PER COMPOUND STATEMENT (A STATEMENT WITH SET OPERATOR)
SQL> 
SQL> REM 6 ORDER BY CLAUSE IS PART OF FIRST/MAIN STATEMENT, BUT IT IS PLACED AT THE END OF COMPOUND STATEMENT.
SQL> 
SQL> REM 7 COLUMN ALIAS OF FIRST STATEMENT WILL BE DISPLAYED/USED.
SQL> 
SQL> REM 8 IF WE USE COLUMN ALIAS IN ANY OTHER STATEMENT, IT WILL BE SILENTLY IGNORED.
SQL> 
SQL> REM 9 IF ORDER BY CLAUSE IS NOT PLACED PROPERLY, IT WILL RAISE ERROR.
SQL> 
SQL> 
SQL> 
SQL> REM 1 NO. OF ITEMS IN SELECT MUST BE SAME FOR ALL STATEMENTS
SQL> 
SQL> REM 2 WE MAY USE NULL OR ANY LITERAL VALUE INSTEAD TO MAKE THEM SAME IN NUMBERS.
SQL> 
SQL> SELECT EMPLOYEE_ID , FIRST_NAME FROM EMPLOYEES
  2  UNION ALL
  3  SELECT DEPARTMENT_ID FROM EMPLOYEES;
SELECT EMPLOYEE_ID , FIRST_NAME FROM EMPLOYEES
*
ERROR at line 1:
ORA-01789: query block has incorrect number of result columns 


SQL> SELECT EMPLOYEE_ID , FIRST_NAME FROM EMPLOYEES
  2  UNION ALL
  3  SELECT DEPARTMENT_ID , NULL FROM EMPLOYEES;

EMPLOYEE_ID FIRST_NAME                                                                                                                                                                                  
----------- ---------------                                                                                                                                                                             
        100 Steven                                                                                                                                                                                      
        101 Neena                                                                                                                                                                                       
        102 Lex                                                                                                                                                                                         
        103 Alexander                                                                                                                                                                                   
        104 Bruce                                                                                                                                                                                       
        107 Diana                                                                                                                                                                                       
        124 Kevin                                                                                                                                                                                       
        141 Trenna                                                                                                                                                                                      
        142 Curtis                                                                                                                                                                                      
        143 Randall                                                                                                                                                                                     
        144 Peter                                                                                                                                                                                       
        149 Eleni                                                                                                                                                                                       
        174 Ellen                                                                                                                                                                                       
        176 Jonathon                                                                                                                                                                                    
        178 Kimerely                                                                                                                                                                                    
        200 Jennifer                                                                                                                                                                                    
        201 Michael                                                                                                                                                                                     
        202 Pat                                                                                                                                                                                         
        205 Shelley                                                                                                                                                                                     
        206 William                                                                                                                                                                                     
         90                                                                                                                                                                                             

EMPLOYEE_ID FIRST_NAME                                                                                                                                                                                  
----------- ---------------                                                                                                                                                                             
         90                                                                                                                                                                                             
         90                                                                                                                                                                                             
         60                                                                                                                                                                                             
         60                                                                                                                                                                                             
         60                                                                                                                                                                                             
         50                                                                                                                                                                                             
         50                                                                                                                                                                                             
         50                                                                                                                                                                                             
         50                                                                                                                                                                                             
         50                                                                                                                                                                                             
         80                                                                                                                                                                                             
         80                                                                                                                                                                                             
         80                                                                                                                                                                                             
                                                                                                                                                                                                        
         10                                                                                                                                                                                             
         20                                                                                                                                                                                             
         20                                                                                                                                                                                             
        110                                                                                                                                                                                             
        110                                                                                                                                                                                             

40 rows selected.

SQL> SELECT EMPLOYEE_ID , FIRST_NAME FROM EMPLOYEES
  2  UNION ALL
  3  SELECT DEPARTMENT_ID , NULL FROM DEPARTMENTS;

EMPLOYEE_ID FIRST_NAME                                                                                                                                                                                  
----------- ---------------                                                                                                                                                                             
        100 Steven                                                                                                                                                                                      
        101 Neena                                                                                                                                                                                       
        102 Lex                                                                                                                                                                                         
        103 Alexander                                                                                                                                                                                   
        104 Bruce                                                                                                                                                                                       
        107 Diana                                                                                                                                                                                       
        124 Kevin                                                                                                                                                                                       
        141 Trenna                                                                                                                                                                                      
        142 Curtis                                                                                                                                                                                      
        143 Randall                                                                                                                                                                                     
        144 Peter                                                                                                                                                                                       
        149 Eleni                                                                                                                                                                                       
        174 Ellen                                                                                                                                                                                       
        176 Jonathon                                                                                                                                                                                    
        178 Kimerely                                                                                                                                                                                    
        200 Jennifer                                                                                                                                                                                    
        201 Michael                                                                                                                                                                                     
        202 Pat                                                                                                                                                                                         
        205 Shelley                                                                                                                                                                                     
        206 William                                                                                                                                                                                     
         10                                                                                                                                                                                             

EMPLOYEE_ID FIRST_NAME                                                                                                                                                                                  
----------- ---------------                                                                                                                                                                             
         20                                                                                                                                                                                             
         50                                                                                                                                                                                             
         60                                                                                                                                                                                             
         80                                                                                                                                                                                             
         90                                                                                                                                                                                             
        110                                                                                                                                                                                             
        190                                                                                                                                                                                             

28 rows selected.

SQL> SELECT EMPLOYEE_ID , FIRST_NAME FROM EMPLOYEES
  2  UNION ALL
  3  SELECT DEPARTMENT_ID , DEPARTMENT_NAME FROM DEPARTMENTS;

EMPLOYEE_ID FIRST_NAME                                                                                                                                                                                  
----------- ------------------------------                                                                                                                                                              
        100 Steven                                                                                                                                                                                      
        101 Neena                                                                                                                                                                                       
        102 Lex                                                                                                                                                                                         
        103 Alexander                                                                                                                                                                                   
        104 Bruce                                                                                                                                                                                       
        107 Diana                                                                                                                                                                                       
        124 Kevin                                                                                                                                                                                       
        141 Trenna                                                                                                                                                                                      
        142 Curtis                                                                                                                                                                                      
        143 Randall                                                                                                                                                                                     
        144 Peter                                                                                                                                                                                       
        149 Eleni                                                                                                                                                                                       
        174 Ellen                                                                                                                                                                                       
        176 Jonathon                                                                                                                                                                                    
        178 Kimerely                                                                                                                                                                                    
        200 Jennifer                                                                                                                                                                                    
        201 Michael                                                                                                                                                                                     
        202 Pat                                                                                                                                                                                         
        205 Shelley                                                                                                                                                                                     
        206 William                                                                                                                                                                                     
         10 Administration                                                                                                                                                                              

EMPLOYEE_ID FIRST_NAME                                                                                                                                                                                  
----------- ------------------------------                                                                                                                                                              
         20 Marketing                                                                                                                                                                                   
         50 Shiping                                                                                                                                                                                     
         60 IT                                                                                                                                                                                          
         80 Sales                                                                                                                                                                                       
         90 Executive                                                                                                                                                                                   
        110 Accounting                                                                                                                                                                                  
        190 Contracting                                                                                                                                                                                 

28 rows selected.

SQL> SELECT EMPLOYEE_ID , FIRST_NAME FROM EMPLOYEES
  2  UNION ALL
  3  SELECT DEPARTMENT_ID , 'HARI OM' FROM DEPARTMENTS;

EMPLOYEE_ID FIRST_NAME                                                                                                                                                                                  
----------- ---------------                                                                                                                                                                             
        100 Steven                                                                                                                                                                                      
        101 Neena                                                                                                                                                                                       
        102 Lex                                                                                                                                                                                         
        103 Alexander                                                                                                                                                                                   
        104 Bruce                                                                                                                                                                                       
        107 Diana                                                                                                                                                                                       
        124 Kevin                                                                                                                                                                                       
        141 Trenna                                                                                                                                                                                      
        142 Curtis                                                                                                                                                                                      
        143 Randall                                                                                                                                                                                     
        144 Peter                                                                                                                                                                                       
        149 Eleni                                                                                                                                                                                       
        174 Ellen                                                                                                                                                                                       
        176 Jonathon                                                                                                                                                                                    
        178 Kimerely                                                                                                                                                                                    
        200 Jennifer                                                                                                                                                                                    
        201 Michael                                                                                                                                                                                     
        202 Pat                                                                                                                                                                                         
        205 Shelley                                                                                                                                                                                     
        206 William                                                                                                                                                                                     
         10 HARI OM                                                                                                                                                                                     

EMPLOYEE_ID FIRST_NAME                                                                                                                                                                                  
----------- ---------------                                                                                                                                                                             
         20 HARI OM                                                                                                                                                                                     
         50 HARI OM                                                                                                                                                                                     
         60 HARI OM                                                                                                                                                                                     
         80 HARI OM                                                                                                                                                                                     
         90 HARI OM                                                                                                                                                                                     
        110 HARI OM                                                                                                                                                                                     
        190 HARI OM                                                                                                                                                                                     

28 rows selected.

SQL> SET PAGES 100
SQL> 
SQL> R
  1  SELECT EMPLOYEE_ID , FIRST_NAME FROM EMPLOYEES
  2  UNION ALL
  3* SELECT DEPARTMENT_ID , 'HARI OM' FROM DEPARTMENTS

EMPLOYEE_ID FIRST_NAME                                                                                                                                                                                  
----------- ---------------                                                                                                                                                                             
        100 Steven                                                                                                                                                                                      
        101 Neena                                                                                                                                                                                       
        102 Lex                                                                                                                                                                                         
        103 Alexander                                                                                                                                                                                   
        104 Bruce                                                                                                                                                                                       
        107 Diana                                                                                                                                                                                       
        124 Kevin                                                                                                                                                                                       
        141 Trenna                                                                                                                                                                                      
        142 Curtis                                                                                                                                                                                      
        143 Randall                                                                                                                                                                                     
        144 Peter                                                                                                                                                                                       
        149 Eleni                                                                                                                                                                                       
        174 Ellen                                                                                                                                                                                       
        176 Jonathon                                                                                                                                                                                    
        178 Kimerely                                                                                                                                                                                    
        200 Jennifer                                                                                                                                                                                    
        201 Michael                                                                                                                                                                                     
        202 Pat                                                                                                                                                                                         
        205 Shelley                                                                                                                                                                                     
        206 William                                                                                                                                                                                     
         10 HARI OM                                                                                                                                                                                     
         20 HARI OM                                                                                                                                                                                     
         50 HARI OM                                                                                                                                                                                     
         60 HARI OM                                                                                                                                                                                     
         80 HARI OM                                                                                                                                                                                     
         90 HARI OM                                                                                                                                                                                     
        110 HARI OM                                                                                                                                                                                     
        190 HARI OM                                                                                                                                                                                     

28 rows selected.

SQL> REM 3 DATA TYPES OF CORRESPONDING ITEMS IN ALL SELECT SHOULD MATCH.
SQL> 
SQL> REM 4 IF DATA TYPES ARE NOT MATCHING, WE CAN EXPLICITLY CONVERT THEM USING CONVERSION FUNCTION.
SQL> 
SQL> 
SQL> SELECT EMPLOYEE_ID , FIRST_NAME FROM EMPLOYEES
  2  UNION ALL
  3  SELECT DEPARTMENT_ID , DEPARTMENT_NAME FROM DEPARTMENTS;

EMPLOYEE_ID FIRST_NAME                                                                                                                                                                                  
----------- ------------------------------                                                                                                                                                              
        100 Steven                                                                                                                                                                                      
        101 Neena                                                                                                                                                                                       
        102 Lex                                                                                                                                                                                         
        103 Alexander                                                                                                                                                                                   
        104 Bruce                                                                                                                                                                                       
        107 Diana                                                                                                                                                                                       
        124 Kevin                                                                                                                                                                                       
        141 Trenna                                                                                                                                                                                      
        142 Curtis                                                                                                                                                                                      
        143 Randall                                                                                                                                                                                     
        144 Peter                                                                                                                                                                                       
        149 Eleni                                                                                                                                                                                       
        174 Ellen                                                                                                                                                                                       
        176 Jonathon                                                                                                                                                                                    
        178 Kimerely                                                                                                                                                                                    
        200 Jennifer                                                                                                                                                                                    
        201 Michael                                                                                                                                                                                     
        202 Pat                                                                                                                                                                                         
        205 Shelley                                                                                                                                                                                     
        206 William                                                                                                                                                                                     
         10 Administration                                                                                                                                                                              
         20 Marketing                                                                                                                                                                                   
         50 Shiping                                                                                                                                                                                     
         60 IT                                                                                                                                                                                          
         80 Sales                                                                                                                                                                                       
         90 Executive                                                                                                                                                                                   
        110 Accounting                                                                                                                                                                                  
        190 Contracting                                                                                                                                                                                 

28 rows selected.

SQL> SELECT EMPLOYEE_ID , FIRST_NAME FROM EMPLOYEES
  2  UION ALL
  3  
SQL> 
SQL> SELECT EMPLOYEE_ID , FIRST_NAME FROM EMPLOYEES
  2  UNION ALL
  3  SELECT DEPARTMENT_NAME , DEPARTMENT_ID FROM DEPARTMENTS;
SELECT EMPLOYEE_ID , FIRST_NAME FROM EMPLOYEES
       *
ERROR at line 1:
ORA-01790: expression must have same datatype as corresponding expression 


SQL> SELECT EMPLOYEE_ID , FIRST_NAME FROM EMPLOYEES
  2  UNION ALL
  3  SELECT DEPARTMENT_NAME , TO_CHAR(DEPARTMENT_ID) FROM DEPARTMENTS;
SELECT EMPLOYEE_ID , FIRST_NAME FROM EMPLOYEES
       *
ERROR at line 1:
ORA-01790: expression must have same datatype as corresponding expression 


SQL> SELECT TO_CHAR(EMPLOYEE_ID) , FIRST_NAME FROM EMPLOYEES
  2  UNION ALL
  3  SELECT DEPARTMENT_NAME , TO_CHAR(DEPARTMENT_ID) FROM DEPARTMENTS;

TO_CHAR(EMPLOYEE_ID)                     FIRST_NAME                                                                                                                                                     
---------------------------------------- ----------------------------------------                                                                                                                       
100                                      Steven                                                                                                                                                         
101                                      Neena                                                                                                                                                          
102                                      Lex                                                                                                                                                            
103                                      Alexander                                                                                                                                                      
104                                      Bruce                                                                                                                                                          
107                                      Diana                                                                                                                                                          
124                                      Kevin                                                                                                                                                          
141                                      Trenna                                                                                                                                                         
142                                      Curtis                                                                                                                                                         
143                                      Randall                                                                                                                                                        
144                                      Peter                                                                                                                                                          
149                                      Eleni                                                                                                                                                          
174                                      Ellen                                                                                                                                                          
176                                      Jonathon                                                                                                                                                       
178                                      Kimerely                                                                                                                                                       
200                                      Jennifer                                                                                                                                                       
201                                      Michael                                                                                                                                                        
202                                      Pat                                                                                                                                                            
205                                      Shelley                                                                                                                                                        
206                                      William                                                                                                                                                        
Administration                           10                                                                                                                                                             
Marketing                                20                                                                                                                                                             
Shiping                                  50                                                                                                                                                             
IT                                       60                                                                                                                                                             
Sales                                    80                                                                                                                                                             
Executive                                90                                                                                                                                                             
Accounting                               110                                                                                                                                                            
Contracting                              190                                                                                                                                                            

28 rows selected.

SQL> SELECT EMPLOYEE_ID , HIRE_DATE FROM EMPLOYEES
  2  UNION ALL
  3  SELECT DEPARTMENT_ID , MANAGER_ID FROM DEPARTMENTS;
SELECT EMPLOYEE_ID , HIRE_DATE FROM EMPLOYEES
                     *
ERROR at line 1:
ORA-01790: expression must have same datatype as corresponding expression 


SQL> SELECT EMPLOYEE_ID , TO_CHAR(HIRE_DATE) FROM EMPLOYEES
  2  UNION ALL
  3  SELECT DEPARTMENT_ID , TO_CHAR(MANAGER_ID) FROM DEPARTMENTS;

EMPLOYEE_ID TO_CHAR(HIRE_DATE)                                                                                                                                                                          
----------- ----------------------------------------                                                                                                                                                    
        100 17-JUL-87                                                                                                                                                                                   
        101 21-SEP-89                                                                                                                                                                                   
        102 13-JAN-93                                                                                                                                                                                   
        103 03-JAN-90                                                                                                                                                                                   
        104 21-MAY-91                                                                                                                                                                                   
        107 07-FEB-99                                                                                                                                                                                   
        124 16-NOV-99                                                                                                                                                                                   
        141 17-OCT-95                                                                                                                                                                                   
        142 29-JAN-97                                                                                                                                                                                   
        143 15-MAR-98                                                                                                                                                                                   
        144 09-JUL-98                                                                                                                                                                                   
        149 29-JAN-00                                                                                                                                                                                   
        174 11-MAY-96                                                                                                                                                                                   
        176 24-MAR-98                                                                                                                                                                                   
        178 24-MAY-99                                                                                                                                                                                   
        200 17-SEP-87                                                                                                                                                                                   
        201 17-FEB-96                                                                                                                                                                                   
        202 17-AUG-97                                                                                                                                                                                   
        205 07-JUN-94                                                                                                                                                                                   
        206 07-JUN-94                                                                                                                                                                                   
         10 200                                                                                                                                                                                         
         20 201                                                                                                                                                                                         
         50 124                                                                                                                                                                                         
         60 103                                                                                                                                                                                         
         80 149                                                                                                                                                                                         
         90 100                                                                                                                                                                                         
        110 205                                                                                                                                                                                         
        190                                                                                                                                                                                             

28 rows selected.

SQL> SELECT HIRE_DATE , EMPLOYEE_ID FROM EMPLOYEES
  2  UNION ALL
  3  SELECT DEPARTMENT_ID , DEPARTMENT_NAME FROM DEPARTMENTS;
SELECT HIRE_DATE , EMPLOYEE_ID FROM EMPLOYEES
       *
ERROR at line 1:
ORA-01790: expression must have same datatype as corresponding expression 


SQL> SELECT TO_CHAR(HIRE_DATE) , TO_CHAR(EMPLOYEE_ID) FROM EMPLOYEES
  2  UNION ALL
  3  SELECT TO_CHAR(DEPARTMENT_ID) , TO_CHAR(DEPARTMENT_NAME) FROM DEPARTMENTS;

TO_CHAR(HIRE_DATE)                       TO_CHAR(EMPLOYEE_ID)                                                                                                                                           
---------------------------------------- ----------------------------------------                                                                                                                       
17-JUL-87                                100                                                                                                                                                            
21-SEP-89                                101                                                                                                                                                            
13-JAN-93                                102                                                                                                                                                            
03-JAN-90                                103                                                                                                                                                            
21-MAY-91                                104                                                                                                                                                            
07-FEB-99                                107                                                                                                                                                            
16-NOV-99                                124                                                                                                                                                            
17-OCT-95                                141                                                                                                                                                            
29-JAN-97                                142                                                                                                                                                            
15-MAR-98                                143                                                                                                                                                            
09-JUL-98                                144                                                                                                                                                            
29-JAN-00                                149                                                                                                                                                            
11-MAY-96                                174                                                                                                                                                            
24-MAR-98                                176                                                                                                                                                            
24-MAY-99                                178                                                                                                                                                            
17-SEP-87                                200                                                                                                                                                            
17-FEB-96                                201                                                                                                                                                            
17-AUG-97                                202                                                                                                                                                            
07-JUN-94                                205                                                                                                                                                            
07-JUN-94                                206                                                                                                                                                            
10                                       Administration                                                                                                                                                 
20                                       Marketing                                                                                                                                                      
50                                       Shiping                                                                                                                                                        
60                                       IT                                                                                                                                                             
80                                       Sales                                                                                                                                                          
90                                       Executive                                                                                                                                                      
110                                      Accounting                                                                                                                                                     
190                                      Contracting                                                                                                                                                    

28 rows selected.

SQL> REM 5 ORDER BY CLAUS IS AVAILABLE ONCE PER COMPOUND STATEMENT (A STATEMENT WITH SET OPERATOR)
SQL> 
SQL> REM 6 ORDER BY CLAUSE IS PART OF WHOLE COMPOUND STATEMENT, IT IS PLACED AT THE END OF COMPOUND STATEMENT.
SQL> 
SQL> REM 9 IF ORDER BY CLAUSE IS NOT PLACED PROPERLY, IT WILL RAISE ERROR.
SQL> 
SQL> REM ABOVE 3 POINTS ARE FOR ORDER BY ... OFFSET ... FETCH ... CLAUSES
SQL> 
SQL> 
SQL> SELECT DEPARTMENT_ID , DEPARTMENT_NAME
  2  FROM
  3  
SQL> SELECT DEPARTMENT_ID , DEPARTMENT_NAME FROM DEPARTMENTS
  2  UNION ALL
  3  SELECT EMPLOYEE_ID , FIRST_NAME FROM EMPLOYEES;

DEPARTMENT_ID DEPARTMENT_NAME                                                                                                                                                                           
------------- ------------------------------                                                                                                                                                            
           10 Administration                                                                                                                                                                            
           20 Marketing                                                                                                                                                                                 
           50 Shiping                                                                                                                                                                                   
           60 IT                                                                                                                                                                                        
           80 Sales                                                                                                                                                                                     
           90 Executive                                                                                                                                                                                 
          110 Accounting                                                                                                                                                                                
          190 Contracting                                                                                                                                                                               
          100 Steven                                                                                                                                                                                    
          101 Neena                                                                                                                                                                                     
          102 Lex                                                                                                                                                                                       
          103 Alexander                                                                                                                                                                                 
          104 Bruce                                                                                                                                                                                     
          107 Diana                                                                                                                                                                                     
          124 Kevin                                                                                                                                                                                     
          141 Trenna                                                                                                                                                                                    
          142 Curtis                                                                                                                                                                                    
          143 Randall                                                                                                                                                                                   
          144 Peter                                                                                                                                                                                     
          149 Eleni                                                                                                                                                                                     
          174 Ellen                                                                                                                                                                                     
          176 Jonathon                                                                                                                                                                                  
          178 Kimerely                                                                                                                                                                                  
          200 Jennifer                                                                                                                                                                                  
          201 Michael                                                                                                                                                                                   
          202 Pat                                                                                                                                                                                       
          205 Shelley                                                                                                                                                                                   
          206 William                                                                                                                                                                                   

28 rows selected.

SQL> SELECT DEPARTMENT_ID , DEPARTMENT_NAME FROM DEPARTMENTS
  2  UNION ALL
  3  SELECT EMPLOYEE_ID , FIRST_NAME FROM EMPLOYEES ORDER BY 2;

DEPARTMENT_ID DEPARTMENT_NAME                                                                                                                                                                           
------------- ------------------------------                                                                                                                                                            
          110 Accounting                                                                                                                                                                                
           10 Administration                                                                                                                                                                            
          103 Alexander                                                                                                                                                                                 
          104 Bruce                                                                                                                                                                                     
          190 Contracting                                                                                                                                                                               
          142 Curtis                                                                                                                                                                                    
          107 Diana                                                                                                                                                                                     
          149 Eleni                                                                                                                                                                                     
          174 Ellen                                                                                                                                                                                     
           90 Executive                                                                                                                                                                                 
           60 IT                                                                                                                                                                                        
          200 Jennifer                                                                                                                                                                                  
          176 Jonathon                                                                                                                                                                                  
          124 Kevin                                                                                                                                                                                     
          178 Kimerely                                                                                                                                                                                  
          102 Lex                                                                                                                                                                                       
           20 Marketing                                                                                                                                                                                 
          201 Michael                                                                                                                                                                                   
          101 Neena                                                                                                                                                                                     
          202 Pat                                                                                                                                                                                       
          144 Peter                                                                                                                                                                                     
          143 Randall                                                                                                                                                                                   
           80 Sales                                                                                                                                                                                     
          205 Shelley                                                                                                                                                                                   
           50 Shiping                                                                                                                                                                                   
          100 Steven                                                                                                                                                                                    
          141 Trenna                                                                                                                                                                                    
          206 William                                                                                                                                                                                   

28 rows selected.

SQL> SELECT DEPARTMENT_ID , DEPARTMENT_NAME FROM DEPARTMENTS
  2  UNION ALL
  3  (SELECT EMPLOYEE_ID , FIRST_NAME FROM EMPLOYEES ORDER BY 2);
(SELECT EMPLOYEE_ID , FIRST_NAME FROM EMPLOYEES ORDER BY 2)
                                                *
ERROR at line 3:
ORA-00907: missing right parenthesis 


SQL> SELECT DEPARTMENT_ID , DEPARTMENT_NAME FROM DEPARTMENTS
  2  UNION ALL
  3  (SELECT EMPLOYEE_ID , FIRST_NAME FROM EMPLOYEES) ORDER BY 2;

DEPARTMENT_ID DEPARTMENT_NAME                                                                                                                                                                           
------------- ------------------------------                                                                                                                                                            
          110 Accounting                                                                                                                                                                                
           10 Administration                                                                                                                                                                            
          103 Alexander                                                                                                                                                                                 
          104 Bruce                                                                                                                                                                                     
          190 Contracting                                                                                                                                                                               
          142 Curtis                                                                                                                                                                                    
          107 Diana                                                                                                                                                                                     
          149 Eleni                                                                                                                                                                                     
          174 Ellen                                                                                                                                                                                     
           90 Executive                                                                                                                                                                                 
           60 IT                                                                                                                                                                                        
          200 Jennifer                                                                                                                                                                                  
          176 Jonathon                                                                                                                                                                                  
          124 Kevin                                                                                                                                                                                     
          178 Kimerely                                                                                                                                                                                  
          102 Lex                                                                                                                                                                                       
           20 Marketing                                                                                                                                                                                 
          201 Michael                                                                                                                                                                                   
          101 Neena                                                                                                                                                                                     
          202 Pat                                                                                                                                                                                       
          144 Peter                                                                                                                                                                                     
          143 Randall                                                                                                                                                                                   
           80 Sales                                                                                                                                                                                     
          205 Shelley                                                                                                                                                                                   
           50 Shiping                                                                                                                                                                                   
          100 Steven                                                                                                                                                                                    
          141 Trenna                                                                                                                                                                                    
          206 William                                                                                                                                                                                   

28 rows selected.

SQL> SELECT DEPARTMENT_ID , DEPARTMENT_NAME FROM DEPARTMENTS
  2  UNION ALL
  3  (SELECT EMPLOYEE_ID , FIRST_NAME FROM EMPLOYEES) ORDER BY 2 FETCH FIRST 10 ROWS ONLY;

DEPARTMENT_ID DEPARTMENT_NAME                                                                                                                                                                           
------------- ------------------------------                                                                                                                                                            
          110 Accounting                                                                                                                                                                                
           10 Administration                                                                                                                                                                            
          103 Alexander                                                                                                                                                                                 
          104 Bruce                                                                                                                                                                                     
          190 Contracting                                                                                                                                                                               
          142 Curtis                                                                                                                                                                                    
          107 Diana                                                                                                                                                                                     
          149 Eleni                                                                                                                                                                                     
          174 Ellen                                                                                                                                                                                     
           90 Executive                                                                                                                                                                                 

10 rows selected.

SQL> SELECT DEPARTMENT_ID , DEPARTMENT_NAME FROM DEPARTMENTS
  2  UNION ALL
  3  (SELECT EMPLOYEE_ID , FIRST_NAME FROM EMPLOYEES) ORDER BY 2 OFFSET 20 ROWS;

DEPARTMENT_ID DEPARTMENT_NAME                                                                                                                                                                           
------------- ------------------------------                                                                                                                                                            
          144 Peter                                                                                                                                                                                     
          143 Randall                                                                                                                                                                                   
           80 Sales                                                                                                                                                                                     
          205 Shelley                                                                                                                                                                                   
           50 Shiping                                                                                                                                                                                   
          100 Steven                                                                                                                                                                                    
          141 Trenna                                                                                                                                                                                    
          206 William                                                                                                                                                                                   

8 rows selected.

SQL> SELECT DEPARTMENT_ID , DEPARTMENT_NAME FROM DEPARTMENTS
  2  UNION ALL
  3  (SELECT EMPLOYEE_ID , FIRST_NAME FROM EMPLOYEES) ORDER BY 2 OFFSET 20 ROWS FETCH NEXT 4 ROWS ONLY;

DEPARTMENT_ID DEPARTMENT_NAME                                                                                                                                                                           
------------- ------------------------------                                                                                                                                                            
          144 Peter                                                                                                                                                                                     
          143 Randall                                                                                                                                                                                   
           80 Sales                                                                                                                                                                                     
          205 Shelley                                                                                                                                                                                   

SQL> REM 7 COLUMN ALIAS OF FIRST STATEMENT WILL BE DISPLAYED/USED.
SQL> 
SQL> REM 8 IF WE USE COLUMN ALIAS IN ANY OTHER STATEMENT, IT WILL BE SILENTLY IGNORED.
SQL> 
SQL> SELECT TO_CHAR(HIRE_DATE) , TO_CHAR(EMPLOYEE_ID) FROM EMPLOYEES
  2  UNION ALL
  3  SELECT TO_CHAR(DEPARTMENT_ID) , TO_CHAR(DEPARTMENT_NAME) FROM DEPARTMENTS;

TO_CHAR(HIRE_DATE)                       TO_CHAR(EMPLOYEE_ID)                                                                                                                                           
---------------------------------------- ----------------------------------------                                                                                                                       
17-JUL-87                                100                                                                                                                                                            
21-SEP-89                                101                                                                                                                                                            
13-JAN-93                                102                                                                                                                                                            
03-JAN-90                                103                                                                                                                                                            
21-MAY-91                                104                                                                                                                                                            
07-FEB-99                                107                                                                                                                                                            
16-NOV-99                                124                                                                                                                                                            
17-OCT-95                                141                                                                                                                                                            
29-JAN-97                                142                                                                                                                                                            
15-MAR-98                                143                                                                                                                                                            
09-JUL-98                                144                                                                                                                                                            
29-JAN-00                                149                                                                                                                                                            
11-MAY-96                                174                                                                                                                                                            
24-MAR-98                                176                                                                                                                                                            
24-MAY-99                                178                                                                                                                                                            
17-SEP-87                                200                                                                                                                                                            
17-FEB-96                                201                                                                                                                                                            
17-AUG-97                                202                                                                                                                                                            
07-JUN-94                                205                                                                                                                                                            
07-JUN-94                                206                                                                                                                                                            
10                                       Administration                                                                                                                                                 
20                                       Marketing                                                                                                                                                      
50                                       Shiping                                                                                                                                                        
60                                       IT                                                                                                                                                             
80                                       Sales                                                                                                                                                          
90                                       Executive                                                                                                                                                      
110                                      Accounting                                                                                                                                                     
190                                      Contracting                                                                                                                                                    

28 rows selected.

SQL> SELECT TO_CHAR(HIRE_DATE) "HIRE DATE AND DEPT ID", TO_CHAR(EMPLOYEE_ID) FROM EMPLOYEES
  2  UNION ALL
  3  SELECT TO_CHAR(DEPARTMENT_ID) , TO_CHAR(DEPARTMENT_NAME) "EMP ID AND DEPT NAME" FROM DEPARTMENTS;

HIRE DATE AND DEPT ID                    TO_CHAR(EMPLOYEE_ID)                                                                                                                                           
---------------------------------------- ----------------------------------------                                                                                                                       
17-JUL-87                                100                                                                                                                                                            
21-SEP-89                                101                                                                                                                                                            
13-JAN-93                                102                                                                                                                                                            
03-JAN-90                                103                                                                                                                                                            
21-MAY-91                                104                                                                                                                                                            
07-FEB-99                                107                                                                                                                                                            
16-NOV-99                                124                                                                                                                                                            
17-OCT-95                                141                                                                                                                                                            
29-JAN-97                                142                                                                                                                                                            
15-MAR-98                                143                                                                                                                                                            
09-JUL-98                                144                                                                                                                                                            
29-JAN-00                                149                                                                                                                                                            
11-MAY-96                                174                                                                                                                                                            
24-MAR-98                                176                                                                                                                                                            
24-MAY-99                                178                                                                                                                                                            
17-SEP-87                                200                                                                                                                                                            
17-FEB-96                                201                                                                                                                                                            
17-AUG-97                                202                                                                                                                                                            
07-JUN-94                                205                                                                                                                                                            
07-JUN-94                                206                                                                                                                                                            
10                                       Administration                                                                                                                                                 
20                                       Marketing                                                                                                                                                      
50                                       Shiping                                                                                                                                                        
60                                       IT                                                                                                                                                             
80                                       Sales                                                                                                                                                          
90                                       Executive                                                                                                                                                      
110                                      Accounting                                                                                                                                                     
190                                      Contracting                                                                                                                                                    

28 rows selected.

SQL> SPOOL OFF
