SQL> 
SQL> REM CONVERSION FUNCTIONS : TO CONVERT VALUE FROM ONE DATA TYPE TO ANOTHER DATA TYPE
SQL> 
SQL> REM LIST OF CONVERSION FUNCTIONS : 1 TO_NUMBER 2 TO_DATE 3 TO_CHAR
SQL> 
SQL> REM TO -> CONVERT IT TO ...
SQL> 
SQL> REM TO_NUMBER : CHARACTER TO NUMBER
SQL> 
SQL> REM TO_DATE : CHARACTER TO DATE
SQL> 
SQL> REM TO_CHAR : 1 NUMBER TO CHARACTER 2 DATE TO CHARACTER
SQL> 
SQL> 
SQL> 
SQL> REM TO_NUMBER : PURPOSES : 1 FOR CALCULATION 2 FOR COMPARISON
SQL> 
SQL> REM TO_DATE : PURPOSES : 1 FOR CALCULATION 2 FOR COMPARISON
SQL> 
SQL> REM TO_CHAR : PURPOSES : TO DISPLAY NUMBER OR DATE TYPE VALUES IN USER DEFINED/NON-DEFAULT FORMATS
SQL> 
SQL> 
SQL> 
SQL> 
SQL> REM TO_NUMBER : PURPOSES : 1 FOR CALCULATION 2 FOR COMPARISON
SQL> 
SQL> 
SQL> REM TO_NUMBER : PURPOSES : 1 FOR CALCULATION
SQL> 
SQL> SELECT 12345 + 45 FROM DUAL;

  12345+45                                                                      
----------                                                                      
     12390                                                                      

SQL> SELECT '12345' + 45 FROM DUAL;

'12345'+45                                                                      
----------                                                                      
     12390                                                                      

SQL> SELECT '12345.78' + 45 FROM DUAL;

'12345.78'+45                                                                   
-------------                                                                   
     12390.78                                                                   

SQL> SELECT '-12345.78' + 45 FROM DUAL;

'-12345.78'+45                                                                  
--------------                                                                  
     -12300.78                                                                  

SQL> REM TYPE OF CONVERSIONS : 1 IMPLICIT/AUTOMATIC 2 EXPLICIT/MANUAL USING CONVERSION FUNCTION
SQL> 
SQL> REM IMPLICIT CONVERSION IS NOT RELIABLE.
SQL> 
SQL> SELECT '12,345' + 45 FROM DUAL;
SELECT '12,345' + 45 FROM DUAL
       *
ERROR at line 1:
ORA-01722: invalid number 


SQL> SELECT TO_NUMBER('12,345','99,000') + 45 FROM DUAL;

TO_NUMBER('12,345','99,000')+45                                                 
-------------------------------                                                 
                          12390                                                 

SQL> SELECT '$12345' + 45 FROM DUAL;
SELECT '$12345' + 45 FROM DUAL
       *
ERROR at line 1:
ORA-01722: invalid number 


SQL> SELECT TO_CHAR('$12345','$90909') + 45 FROM DUAL;
SELECT TO_CHAR('$12345','$90909') + 45 FROM DUAL
               *
ERROR at line 1:
ORA-01722: invalid number 


SQL> SELECT TO_NUMBER('$12345','$90909') + 45 FROM DUAL;

TO_NUMBER('$12345','$90909')+45                                                 
-------------------------------                                                 
                          12390                                                 

SQL> SELECT '$12,345' + 45 FROM DUAL;
SELECT '$12,345' + 45 FROM DUAL
       *
ERROR at line 1:
ORA-01722: invalid number 


SQL> SELECT TO_NUMBER('$12,345','$99,009') + 45 FROM DUAL;

TO_NUMBER('$12,345','$99,009')+45                                               
---------------------------------                                               
                            12390                                               

SQL> REM TO_NUMBER : PURPOSES : 2 FOR COMPARISON
SQL> 
SQL> SELECT FIRST_NAME , SALARY FROM EMPLOYEES WHERE SALARY > 10000;

FIRST_NAME          SALARY                                                      
--------------- ----------                                                      
Steven               24000                                                      
Neena                17000                                                      
Lex                  17000                                                      
Michael              13000                                                      
Shelley              12000                                                      
Ellen                11000                                                      
Eleni                10500                                                      

7 rows selected.

SQL> SELECT FIRST_NAME , SALARY FROM EMPLOYEES WHERE SALARY > '10000';

FIRST_NAME          SALARY                                                      
--------------- ----------                                                      
Steven               24000                                                      
Neena                17000                                                      
Lex                  17000                                                      
Michael              13000                                                      
Shelley              12000                                                      
Ellen                11000                                                      
Eleni                10500                                                      

7 rows selected.

SQL> SELECT FIRST_NAME , SALARY FROM EMPLOYEES WHERE SALARY > '10000.50';

FIRST_NAME          SALARY                                                      
--------------- ----------                                                      
Steven               24000                                                      
Neena                17000                                                      
Lex                  17000                                                      
Michael              13000                                                      
Shelley              12000                                                      
Ellen                11000                                                      
Eleni                10500                                                      

7 rows selected.

SQL> SELECT FIRST_NAME , SALARY FROM EMPLOYEES WHERE SALARY > '10,000.50';
SELECT FIRST_NAME , SALARY FROM EMPLOYEES WHERE SALARY > '10,000.50'
                                                         *
ERROR at line 1:
ORA-01722: invalid number 


SQL> SELECT FIRST_NAME , SALARY FROM EMPLOYEES WHERE SALARY > '$10000.50';
SELECT FIRST_NAME , SALARY FROM EMPLOYEES WHERE SALARY > '$10000.50'
                                                         *
ERROR at line 1:
ORA-01722: invalid number 


SQL> SELECT FIRST_NAME , SALARY FROM EMPLOYEES WHERE SALARY > '$10,000.50';
SELECT FIRST_NAME , SALARY FROM EMPLOYEES WHERE SALARY > '$10,000.50'
                                                         *
ERROR at line 1:
ORA-01722: invalid number 


SQL> SELECT FIRST_NAME , SALARY FROM EMPLOYEES WHERE SALARY > TO_NUMBER('10,000.50','99,999.99');

FIRST_NAME          SALARY                                                      
--------------- ----------                                                      
Steven               24000                                                      
Neena                17000                                                      
Lex                  17000                                                      
Michael              13000                                                      
Shelley              12000                                                      
Ellen                11000                                                      
Eleni                10500                                                      

7 rows selected.

SQL> SELECT FIRST_NAME , SALARY FROM EMPLOYEES WHERE SALARY > TO_NUMBER('$10000.50','$99999.99');

FIRST_NAME          SALARY                                                      
--------------- ----------                                                      
Steven               24000                                                      
Neena                17000                                                      
Lex                  17000                                                      
Michael              13000                                                      
Shelley              12000                                                      
Ellen                11000                                                      
Eleni                10500                                                      

7 rows selected.

SQL> SELECT FIRST_NAME , SALARY FROM EMPLOYEES WHERE SALARY > TO_NUMBER('$10,000.50','$99,999.99');

FIRST_NAME          SALARY                                                      
--------------- ----------                                                      
Steven               24000                                                      
Neena                17000                                                      
Lex                  17000                                                      
Michael              13000                                                      
Shelley              12000                                                      
Ellen                11000                                                      
Eleni                10500                                                      

7 rows selected.

SQL> SELECT FIRST_NAME , SALARY FROM EMPLOYEES WHERE SALARY > TO_NUMBER('$10,000.50','$99,99,999.99');

FIRST_NAME          SALARY                                                      
--------------- ----------                                                      
Steven               24000                                                      
Neena                17000                                                      
Lex                  17000                                                      
Michael              13000                                                      
Shelley              12000                                                      
Ellen                11000                                                      
Eleni                10500                                                      

7 rows selected.

SQL> REM TO_DATE :
SQL> 
SQL> REM TO_DATE : 1 FOR CALCULATION
SQL> 
SQL> SELECT FIRST_NAME , SYSDATE , HIRE_DATE , SYSDATE - HIRE_DATE DAYS_WORKED FROM EMPOYEES;
SELECT FIRST_NAME , SYSDATE , HIRE_DATE , SYSDATE - HIRE_DATE DAYS_WORKED FROM EMPOYEES
                                                                               *
ERROR at line 1:
ORA-00942: table or view does not exist 


SQL> SELECT FIRST_NAME , SYSDATE , HIRE_DATE , SYSDATE - HIRE_DATE DAYS_WORKED FROM EMPLOYEES;

FIRST_NAME      SYSDATE   HIRE_DATE DAYS_WORKED                                 
--------------- --------- --------- -----------                                 
Steven          19-MAY-22 17-JUL-87  12725.3494                                 
Neena           19-MAY-22 21-SEP-89  11928.3494                                 
Lex             19-MAY-22 13-JAN-93  10718.3494                                 
Alexander       19-MAY-22 03-JAN-90  11824.3494                                 
Bruce           19-MAY-22 21-MAY-91  11321.3494                                 
Diana           19-MAY-22 07-FEB-99   8502.3494                                 
Kevin           19-MAY-22 16-NOV-99   8220.3494                                 
Trenna          19-MAY-22 17-OCT-95   9711.3494                                 
Curtis          19-MAY-22 29-JAN-97   9241.3494                                 
Randall         19-MAY-22 15-MAR-98   8831.3494                                 
Peter           19-MAY-22 09-JUL-98   8715.3494                                 

FIRST_NAME      SYSDATE   HIRE_DATE DAYS_WORKED                                 
--------------- --------- --------- -----------                                 
Eleni           19-MAY-22 29-JAN-00   8146.3494                                 
Ellen           19-MAY-22 11-MAY-96   9504.3494                                 
Jonathon        19-MAY-22 24-MAR-98   8822.3494                                 
Kimerely        19-MAY-22 24-MAY-99   8396.3494                                 
Jennifer        19-MAY-22 17-SEP-87  12663.3494                                 
Michael         19-MAY-22 17-FEB-96   9588.3494                                 
Pat             19-MAY-22 17-AUG-97   9041.3494                                 
Shelley         19-MAY-22 07-JUN-94  10208.3494                                 
William         19-MAY-22 07-JUN-94  10208.3494                                 

20 rows selected.

SQL> SET LINES 200 PAGES 24
SQL> 
SQL> R
  1* SELECT FIRST_NAME , SYSDATE , HIRE_DATE , SYSDATE - HIRE_DATE DAYS_WORKED FROM EMPLOYEES

FIRST_NAME      SYSDATE   HIRE_DATE DAYS_WORKED                                                                                                                                                         
--------------- --------- --------- -----------                                                                                                                                                         
Steven          19-MAY-22 17-JUL-87  12725.3495                                                                                                                                                         
Neena           19-MAY-22 21-SEP-89  11928.3495                                                                                                                                                         
Lex             19-MAY-22 13-JAN-93  10718.3495                                                                                                                                                         
Alexander       19-MAY-22 03-JAN-90  11824.3495                                                                                                                                                         
Bruce           19-MAY-22 21-MAY-91  11321.3495                                                                                                                                                         
Diana           19-MAY-22 07-FEB-99  8502.34949                                                                                                                                                         
Kevin           19-MAY-22 16-NOV-99  8220.34949                                                                                                                                                         
Trenna          19-MAY-22 17-OCT-95  9711.34949                                                                                                                                                         
Curtis          19-MAY-22 29-JAN-97  9241.34949                                                                                                                                                         
Randall         19-MAY-22 15-MAR-98  8831.34949                                                                                                                                                         
Peter           19-MAY-22 09-JUL-98  8715.34949                                                                                                                                                         
Eleni           19-MAY-22 29-JAN-00  8146.34949                                                                                                                                                         
Ellen           19-MAY-22 11-MAY-96  9504.34949                                                                                                                                                         
Jonathon        19-MAY-22 24-MAR-98  8822.34949                                                                                                                                                         
Kimerely        19-MAY-22 24-MAY-99  8396.34949                                                                                                                                                         
Jennifer        19-MAY-22 17-SEP-87  12663.3495                                                                                                                                                         
Michael         19-MAY-22 17-FEB-96  9588.34949                                                                                                                                                         
Pat             19-MAY-22 17-AUG-97  9041.34949                                                                                                                                                         
Shelley         19-MAY-22 07-JUN-94  10208.3495                                                                                                                                                         
William         19-MAY-22 07-JUN-94  10208.3495                                                                                                                                                         

20 rows selected.

SQL> REM MOTHER'S BDT - FATHER'S BDT
SQL> 
SQL> SELECT '13-MAR-73' - '15-JAN-71' FROM DUAL;
SELECT '13-MAR-73' - '15-JAN-71' FROM DUAL
       *
ERROR at line 1:
ORA-01722: invalid number 


SQL> SELECT TO_DATE('13-MAR-73') - TO_DATE('15-JAN-71') FROM DUAL;

TO_DATE('13-MAR-73')-TO_DATE('15-JAN-71')                                                                                                                                                               
-----------------------------------------                                                                                                                                                               
                                      788                                                                                                                                                               

SQL> SELECT TO_DATE('13-MAR-73') - TO_DATE('15-JAN-71') DAYS FROM DUAL;

      DAYS                                                                                                                                                                                              
----------                                                                                                                                                                                              
       788                                                                                                                                                                                              

SQL> SELECT TO_DATE('13-MARCH-73') - TO_DATE('15JAN1971') DAYS FROM DUAL;

      DAYS                                                                                                                                                                                              
----------                                                                                                                                                                                              
       788                                                                                                                                                                                              

SQL> SELECT TO_DATE('13-03-73') - TO_DATE('15JAN1971') DAYS FROM DUAL;
SELECT TO_DATE('13-03-73') - TO_DATE('15JAN1971') DAYS FROM DUAL
               *
ERROR at line 1:
ORA-01843: not a valid month 


SQL> SELECT TO_DATE('13-03-73','DD-MM-RR') - TO_DATE('15JAN1971') DAYS FROM DUAL;

      DAYS                                                                                                                                                                                              
----------                                                                                                                                                                                              
       788                                                                                                                                                                                              

SQL> SELECT '13-03-73' - '15-01-71' DAYS FROM DUAL;
SELECT '13-03-73' - '15-01-71' DAYS FROM DUAL
       *
ERROR at line 1:
ORA-01722: invalid number 


SQL> SELECT 13-03-73 - 15-01-71 DAYS FROM DUAL;

      DAYS                                                                                                                                                                                              
----------                                                                                                                                                                                              
      -150                                                                                                                                                                                              

SQL> COL PARAMETER FORMAT A30
SQL> COL VALUE FORMAT A30
SQL> 
SQL> SELECT * FROM NLS_SESSION_PARAMETERS
  2  ;

PARAMETER                      VALUE                                                                                                                                                                    
------------------------------ ------------------------------                                                                                                                                           
NLS_LANGUAGE                   AMERICAN                                                                                                                                                                 
NLS_TERRITORY                  AMERICA                                                                                                                                                                  
NLS_CURRENCY                   $                                                                                                                                                                        
NLS_ISO_CURRENCY               AMERICA                                                                                                                                                                  
NLS_NUMERIC_CHARACTERS         .,                                                                                                                                                                       
NLS_CALENDAR                   GREGORIAN                                                                                                                                                                
NLS_DATE_FORMAT                DD-MON-RR                                                                                                                                                                
NLS_DATE_LANGUAGE              AMERICAN                                                                                                                                                                 
NLS_SORT                       BINARY                                                                                                                                                                   
NLS_TIME_FORMAT                HH.MI.SSXFF AM                                                                                                                                                           
NLS_TIMESTAMP_FORMAT           DD-MON-RR HH.MI.SSXFF AM                                                                                                                                                 
NLS_TIME_TZ_FORMAT             HH.MI.SSXFF AM TZR                                                                                                                                                       
NLS_TIMESTAMP_TZ_FORMAT        DD-MON-RR HH.MI.SSXFF AM TZR                                                                                                                                             
NLS_DUAL_CURRENCY              $                                                                                                                                                                        
NLS_COMP                       BINARY                                                                                                                                                                   
NLS_LENGTH_SEMANTICS           BYTE                                                                                                                                                                     
NLS_NCHAR_CONV_EXCP            FALSE                                                                                                                                                                    

17 rows selected.

SQL> ALTER SESSION SET NLS_DATE_FORMAT = 'DD-MM-RR';

Session altered.

SQL> 
SQL> 
SQL> SELECT '13-03-73' - '15-01-71' DAYS FROM DUAL;
SELECT '13-03-73' - '15-01-71' DAYS FROM DUAL
       *
ERROR at line 1:
ORA-01722: invalid number 


SQL> SELECT TO_DATE('13-03-73') - TO_DATE('15-01-71') DAYS FROM DUAL;

      DAYS                                                                                                                                                                                              
----------                                                                                                                                                                                              
       788                                                                                                                                                                                              

SQL> CONN SCOTT/TIGER
Connected.
SQL> 
SQL> SELECT * FROM NLS_SESSION_PARAMETERS;

PARAMETER                      VALUE                                                                                                                                                                    
------------------------------ ------------------------------                                                                                                                                           
NLS_LANGUAGE                   AMERICAN                                                                                                                                                                 
NLS_TERRITORY                  AMERICA                                                                                                                                                                  
NLS_CURRENCY                   $                                                                                                                                                                        
NLS_ISO_CURRENCY               AMERICA                                                                                                                                                                  
NLS_NUMERIC_CHARACTERS         .,                                                                                                                                                                       
NLS_CALENDAR                   GREGORIAN                                                                                                                                                                
NLS_DATE_FORMAT                DD-MON-RR                                                                                                                                                                
NLS_DATE_LANGUAGE              AMERICAN                                                                                                                                                                 
NLS_SORT                       BINARY                                                                                                                                                                   
NLS_TIME_FORMAT                HH.MI.SSXFF AM                                                                                                                                                           
NLS_TIMESTAMP_FORMAT           DD-MON-RR HH.MI.SSXFF AM                                                                                                                                                 
NLS_TIME_TZ_FORMAT             HH.MI.SSXFF AM TZR                                                                                                                                                       
NLS_TIMESTAMP_TZ_FORMAT        DD-MON-RR HH.MI.SSXFF AM TZR                                                                                                                                             
NLS_DUAL_CURRENCY              $                                                                                                                                                                        
NLS_COMP                       BINARY                                                                                                                                                                   
NLS_LENGTH_SEMANTICS           BYTE                                                                                                                                                                     
NLS_NCHAR_CONV_EXCP            FALSE                                                                                                                                                                    

17 rows selected.

SQL> REM TO_DATE : FOR COMPARISON
SQL> 
SQL> SELECT FIRST_NAME , HIRE_DATE FROM EMPLOYEES WHERE HIRE_DATE > '31-DEC-95';

FIRST_NAME      HIRE_DATE                                                                                                                                                                               
--------------- ---------                                                                                                                                                                               
Diana           07-FEB-99                                                                                                                                                                               
Kevin           16-NOV-99                                                                                                                                                                               
Curtis          29-JAN-97                                                                                                                                                                               
Randall         15-MAR-98                                                                                                                                                                               
Peter           09-JUL-98                                                                                                                                                                               
Eleni           29-JAN-00                                                                                                                                                                               
Ellen           11-MAY-96                                                                                                                                                                               
Jonathon        24-MAR-98                                                                                                                                                                               
Kimerely        24-MAY-99                                                                                                                                                                               
Michael         17-FEB-96                                                                                                                                                                               
Pat             17-AUG-97                                                                                                                                                                               

11 rows selected.

SQL> SELECT FIRST_NAME , HIRE_DATE FROM EMPLOYEES WHERE HIRE_DATE > '31-DEC-1995';

FIRST_NAME      HIRE_DATE                                                                                                                                                                               
--------------- ---------                                                                                                                                                                               
Diana           07-FEB-99                                                                                                                                                                               
Kevin           16-NOV-99                                                                                                                                                                               
Curtis          29-JAN-97                                                                                                                                                                               
Randall         15-MAR-98                                                                                                                                                                               
Peter           09-JUL-98                                                                                                                                                                               
Eleni           29-JAN-00                                                                                                                                                                               
Ellen           11-MAY-96                                                                                                                                                                               
Jonathon        24-MAR-98                                                                                                                                                                               
Kimerely        24-MAY-99                                                                                                                                                                               
Michael         17-FEB-96                                                                                                                                                                               
Pat             17-AUG-97                                                                                                                                                                               

11 rows selected.

SQL> SELECT FIRST_NAME , HIRE_DATE FROM EMPLOYEES WHERE HIRE_DATE > '31DEC1995';

FIRST_NAME      HIRE_DATE                                                                                                                                                                               
--------------- ---------                                                                                                                                                                               
Diana           07-FEB-99                                                                                                                                                                               
Kevin           16-NOV-99                                                                                                                                                                               
Curtis          29-JAN-97                                                                                                                                                                               
Randall         15-MAR-98                                                                                                                                                                               
Peter           09-JUL-98                                                                                                                                                                               
Eleni           29-JAN-00                                                                                                                                                                               
Ellen           11-MAY-96                                                                                                                                                                               
Jonathon        24-MAR-98                                                                                                                                                                               
Kimerely        24-MAY-99                                                                                                                                                                               
Michael         17-FEB-96                                                                                                                                                                               
Pat             17-AUG-97                                                                                                                                                                               

11 rows selected.

SQL> SELECT FIRST_NAME , HIRE_DATE FROM EMPLOYEES WHERE HIRE_DATE > '31-12-95';
SELECT FIRST_NAME , HIRE_DATE FROM EMPLOYEES WHERE HIRE_DATE > '31-12-95'
                                                               *
ERROR at line 1:
ORA-01843: not a valid month 


SQL> SELECT FIRST_NAME , HIRE_DATE FROM EMPLOYEES WHERE HIRE_DATE > TO_DATE('31-12-95');
SELECT FIRST_NAME , HIRE_DATE FROM EMPLOYEES WHERE HIRE_DATE > TO_DATE('31-12-95')
                                                                       *
ERROR at line 1:
ORA-01843: not a valid month 


SQL> SELECT FIRST_NAME , HIRE_DATE FROM EMPLOYEES WHERE HIRE_DATE > TO_DATE('31-12-95','DD-MM-RR');

FIRST_NAME      HIRE_DATE                                                                                                                                                                               
--------------- ---------                                                                                                                                                                               
Diana           07-FEB-99                                                                                                                                                                               
Kevin           16-NOV-99                                                                                                                                                                               
Curtis          29-JAN-97                                                                                                                                                                               
Randall         15-MAR-98                                                                                                                                                                               
Peter           09-JUL-98                                                                                                                                                                               
Eleni           29-JAN-00                                                                                                                                                                               
Ellen           11-MAY-96                                                                                                                                                                               
Jonathon        24-MAR-98                                                                                                                                                                               
Kimerely        24-MAY-99                                                                                                                                                                               
Michael         17-FEB-96                                                                                                                                                                               
Pat             17-AUG-97                                                                                                                                                                               

11 rows selected.

SQL> REM WHEN WE OMIT CENTURY VALUE IN DATE, YY ALWAYS PICKS CURRENT CENTURY VALUE AND ATTACHES THE SAME.
SQL> 
SQL> SELECT FIRST_NAME , HIRE_DATE FROM EMPLOYEES WHERE HIRE_DATE > TO_DATE('31-12-95','DD-MM-YY');

no rows selected

SQL> REM WHEN WE OMIT CENTURY VALUE IN DATE, RR PICKS CENTURY SMARTLY.
SQL> 
SQL> REM CURRENT YEAR : 2022
SQL> 
SQL> REM CURRENT 50 YEARS : 2000 - 2049
SQL> 
SQL> REM PREVIOUS 50 YEARS : 1950 - 1999
SQL> 
SQL> REM YY CENTURY : 2000 TO 2099 : ALWAYS CENTURY VALUE IS 20
SQL> 
SQL> REM RR CENTURY : PREVIOUS 50 YEARS + CURRENT 50 YEARS = 100 YEARS
SQL> 
SQL> REM RR CENTURY : 1950 TO 2049 : FOR FIRST 50 YEARS, CENTURY VALUE IS 19, FOR LAST 50 YEARS, CENTURY VALUE IS 20
SQL> 
SQL> SELECT FIRST_NAME , HIRE_DATE FROM EMPLOYEES WHERE HIRE_DATE > TO_DATE('31-12-95','DD-MM-RR');

FIRST_NAME      HIRE_DATE                                                                                                                                                                               
--------------- ---------                                                                                                                                                                               
Diana           07-FEB-99                                                                                                                                                                               
Kevin           16-NOV-99                                                                                                                                                                               
Curtis          29-JAN-97                                                                                                                                                                               
Randall         15-MAR-98                                                                                                                                                                               
Peter           09-JUL-98                                                                                                                                                                               
Eleni           29-JAN-00                                                                                                                                                                               
Ellen           11-MAY-96                                                                                                                                                                               
Jonathon        24-MAR-98                                                                                                                                                                               
Kimerely        24-MAY-99                                                                                                                                                                               
Michael         17-FEB-96                                                                                                                                                                               
Pat             17-AUG-97                                                                                                                                                                               

11 rows selected.

SQL> SELECT FIRST_NAME , HIRE_DATE FROM EMPLOYEES WHERE HIRE_DATE > TO_DATE('31-12-05','DD-MM-RR');

no rows selected

SQL> SELECT * FROM EMPLOYEES;

EMPLOYEE_ID FIRST_NAME      LAST_NAME       EMAIL      PHONE_NUMBER         HIRE_DATE JOB_ID         SALARY COMMISSION_PCT MANAGER_ID DEPARTMENT_ID                                                     
----------- --------------- --------------- ---------- -------------------- --------- ---------- ---------- -------------- ---------- -------------                                                     
        100 Steven          King            SKING      515.123.4567         17-JUL-87 AD_PRES         24000                                      90                                                     
        101 Neena           Kochhar         NKOCHHAR   515.123.4568         21-SEP-89 AD_VP           17000                       100            90                                                     
        102 Lex             De Haan         LDEHAAN    515.123.4569         13-JAN-93 AD_VP           17000                       100            90                                                     
        103 Alexander       Hunold          AHUNOLD    590.423.4567         03-JAN-90 IT_PROG          9000                       102            60                                                     
        104 Bruce           Ernst           BERNST     590.423.4568         21-MAY-91 IT_PROG          6000                       103            60                                                     
        107 Diana           Lorentz         DLORENTZ   590.423.5567         07-FEB-99 IT_PROG          4200                       103            60                                                     
        124 Kevin           Mourgos         KMOURGOS   650.123.5234         16-NOV-99 ST_MAN           5800                       100            50                                                     
        141 Trenna          Rajs            TRAJS      650.121.8009         17-OCT-95 ST_CLERK         3500                       124            50                                                     
        142 Curtis          Davies          CDAVIES    650.121.2994         29-JAN-97 ST_CLERK         3100                       124            50                                                     
        143 Randall         Matos           RMATOS     650.121.2874         15-MAR-98 ST_CLERK         2600                       124            50                                                     
        144 Peter           Vargas          PVARGAS    650.121.2004         09-JUL-98 ST_CLERK         2500                       124            50                                                     
        149 Eleni           Zlotkey         EZLOTKEY   011.44.1344.429018   29-JAN-00 SA_MAN          10500             .2        100            80                                                     
        174 Ellen           Abel            EABEL      011.44.1644.429267   11-MAY-96 SA_REP          11000             .3        149            80                                                     
        176 Jonathon        Taylor          JTAYLOR    011.44.1644.429265   24-MAR-98 SA_REP           8600             .3        149            80                                                     
        178 Kimerely        Grant           KGRANT     011.44.1644.429263   24-MAY-99 SA_REP           7000            .15        149                                                                   
        200 Jennifer        Whalen          JWHALEN    515.123.4444         17-SEP-87 AD_ASST          4400                       101            10                                                     
        201 Michael         Hartstein       MHARTSTE   515.123.5555         17-FEB-96 MK_MAN          13000                       100            20                                                     
        202 Pat             Fay             PFAY       603.123.6666         17-AUG-97 MK_REP           6000                       201            20                                                     
        205 Shelley         Higgins         SHIGGINS   515.123.8080         07-JUN-94 AC_MGR          12000                       101           110                                                     
        206 William         Gietz           WGIETZ     515.123.8181         07-JUN-94 AC_ACCOUNT       8300                       205           110                                                     

20 rows selected.

SQL> REM TO_CHAR : 1 NUMBER TO CHAR 2 DATE TO CHAR
SQL> 
SQL> REM TO_CHAR : TO DISPLAY NUMBER AND DATE VALUES IN USER DEFINED/NON-DEFAULT FORMATS
SQL> 
SQL> SELECT FIRST_NAME , SALARY FROM EMPLOYEES;

FIRST_NAME          SALARY                                                                                                                                                                              
--------------- ----------                                                                                                                                                                              
Steven               24000                                                                                                                                                                              
Neena                17000                                                                                                                                                                              
Lex                  17000                                                                                                                                                                              
Alexander             9000                                                                                                                                                                              
Bruce                 6000                                                                                                                                                                              
Diana                 4200                                                                                                                                                                              
Kevin                 5800                                                                                                                                                                              
Trenna                3500                                                                                                                                                                              
Curtis                3100                                                                                                                                                                              
Randall               2600                                                                                                                                                                              
Peter                 2500                                                                                                                                                                              
Eleni                10500                                                                                                                                                                              
Ellen                11000                                                                                                                                                                              
Jonathon              8600                                                                                                                                                                              
Kimerely              7000                                                                                                                                                                              
Jennifer              4400                                                                                                                                                                              
Michael              13000                                                                                                                                                                              
Pat                   6000                                                                                                                                                                              
Shelley              12000                                                                                                                                                                              
William               8300                                                                                                                                                                              

20 rows selected.

SQL> REM TO_CHAR FOR CONVERTING NUMBER VALUES IN CHARACTER TYPE.
SQL> 
SQL> REM LIST OF VALID FORMAT CHARACTERS FOR NUMBER : 0 9   . ,   D G   $ L U   S PR MI   EEEE   V
SQL> 
SQL> SELECT FIRST_NAME , SALARY , TO_CHAR(SALARY,'99999') FROM EMPLOYEES;

FIRST_NAME          SALARY TO_CHA                                                                                                                                                                       
--------------- ---------- ------                                                                                                                                                                       
Steven               24000  24000                                                                                                                                                                       
Neena                17000  17000                                                                                                                                                                       
Lex                  17000  17000                                                                                                                                                                       
Alexander             9000   9000                                                                                                                                                                       
Bruce                 6000   6000                                                                                                                                                                       
Diana                 4200   4200                                                                                                                                                                       
Kevin                 5800   5800                                                                                                                                                                       
Trenna                3500   3500                                                                                                                                                                       
Curtis                3100   3100                                                                                                                                                                       
Randall               2600   2600                                                                                                                                                                       
Peter                 2500   2500                                                                                                                                                                       
Eleni                10500  10500                                                                                                                                                                       
Ellen                11000  11000                                                                                                                                                                       
Jonathon              8600   8600                                                                                                                                                                       
Kimerely              7000   7000                                                                                                                                                                       
Jennifer              4400   4400                                                                                                                                                                       
Michael              13000  13000                                                                                                                                                                       
Pat                   6000   6000                                                                                                                                                                       
Shelley              12000  12000                                                                                                                                                                       
William               8300   8300                                                                                                                                                                       

20 rows selected.

SQL> SELECT FIRST_NAME , SALARY , TO_CHAR(SALARY,'00000') FROM EMPLOYEES;

FIRST_NAME          SALARY TO_CHA                                                                                                                                                                       
--------------- ---------- ------                                                                                                                                                                       
Steven               24000  24000                                                                                                                                                                       
Neena                17000  17000                                                                                                                                                                       
Lex                  17000  17000                                                                                                                                                                       
Alexander             9000  09000                                                                                                                                                                       
Bruce                 6000  06000                                                                                                                                                                       
Diana                 4200  04200                                                                                                                                                                       
Kevin                 5800  05800                                                                                                                                                                       
Trenna                3500  03500                                                                                                                                                                       
Curtis                3100  03100                                                                                                                                                                       
Randall               2600  02600                                                                                                                                                                       
Peter                 2500  02500                                                                                                                                                                       
Eleni                10500  10500                                                                                                                                                                       
Ellen                11000  11000                                                                                                                                                                       
Jonathon              8600  08600                                                                                                                                                                       
Kimerely              7000  07000                                                                                                                                                                       
Jennifer              4400  04400                                                                                                                                                                       
Michael              13000  13000                                                                                                                                                                       
Pat                   6000  06000                                                                                                                                                                       
Shelley              12000  12000                                                                                                                                                                       
William               8300  08300                                                                                                                                                                       

20 rows selected.

SQL> SELECT FIRST_NAME , SALARY , TO_CHAR(SALARY,'99000') FROM EMPLOYEES;

FIRST_NAME          SALARY TO_CHA                                                                                                                                                                       
--------------- ---------- ------                                                                                                                                                                       
Steven               24000  24000                                                                                                                                                                       
Neena                17000  17000                                                                                                                                                                       
Lex                  17000  17000                                                                                                                                                                       
Alexander             9000   9000                                                                                                                                                                       
Bruce                 6000   6000                                                                                                                                                                       
Diana                 4200   4200                                                                                                                                                                       
Kevin                 5800   5800                                                                                                                                                                       
Trenna                3500   3500                                                                                                                                                                       
Curtis                3100   3100                                                                                                                                                                       
Randall               2600   2600                                                                                                                                                                       
Peter                 2500   2500                                                                                                                                                                       
Eleni                10500  10500                                                                                                                                                                       
Ellen                11000  11000                                                                                                                                                                       
Jonathon              8600   8600                                                                                                                                                                       
Kimerely              7000   7000                                                                                                                                                                       
Jennifer              4400   4400                                                                                                                                                                       
Michael              13000  13000                                                                                                                                                                       
Pat                   6000   6000                                                                                                                                                                       
Shelley              12000  12000                                                                                                                                                                       
William               8300   8300                                                                                                                                                                       

20 rows selected.

SQL> SELECT FIRST_NAME , SALARY , TO_CHAR(SALARY,'00999') FROM EMPLOYEES;

FIRST_NAME          SALARY TO_CHA                                                                                                                                                                       
--------------- ---------- ------                                                                                                                                                                       
Steven               24000  24000                                                                                                                                                                       
Neena                17000  17000                                                                                                                                                                       
Lex                  17000  17000                                                                                                                                                                       
Alexander             9000  09000                                                                                                                                                                       
Bruce                 6000  06000                                                                                                                                                                       
Diana                 4200  04200                                                                                                                                                                       
Kevin                 5800  05800                                                                                                                                                                       
Trenna                3500  03500                                                                                                                                                                       
Curtis                3100  03100                                                                                                                                                                       
Randall               2600  02600                                                                                                                                                                       
Peter                 2500  02500                                                                                                                                                                       
Eleni                10500  10500                                                                                                                                                                       
Ellen                11000  11000                                                                                                                                                                       
Jonathon              8600  08600                                                                                                                                                                       
Kimerely              7000  07000                                                                                                                                                                       
Jennifer              4400  04400                                                                                                                                                                       
Michael              13000  13000                                                                                                                                                                       
Pat                   6000  06000                                                                                                                                                                       
Shelley              12000  12000                                                                                                                                                                       
William               8300  08300                                                                                                                                                                       

20 rows selected.

SQL> SELECT FIRST_NAME , SALARY , TO_CHAR(SALARY,'099000') FROM EMPLOYEES;

FIRST_NAME          SALARY TO_CHAR                                                                                                                                                                      
--------------- ---------- -------                                                                                                                                                                      
Steven               24000  024000                                                                                                                                                                      
Neena                17000  017000                                                                                                                                                                      
Lex                  17000  017000                                                                                                                                                                      
Alexander             9000  009000                                                                                                                                                                      
Bruce                 6000  006000                                                                                                                                                                      
Diana                 4200  004200                                                                                                                                                                      
Kevin                 5800  005800                                                                                                                                                                      
Trenna                3500  003500                                                                                                                                                                      
Curtis                3100  003100                                                                                                                                                                      
Randall               2600  002600                                                                                                                                                                      
Peter                 2500  002500                                                                                                                                                                      
Eleni                10500  010500                                                                                                                                                                      
Ellen                11000  011000                                                                                                                                                                      
Jonathon              8600  008600                                                                                                                                                                      
Kimerely              7000  007000                                                                                                                                                                      
Jennifer              4400  004400                                                                                                                                                                      
Michael              13000  013000                                                                                                                                                                      
Pat                   6000  006000                                                                                                                                                                      
Shelley              12000  012000                                                                                                                                                                      
William               8300  008300                                                                                                                                                                      

20 rows selected.

SQL> SELECT FIRST_NAME , SALARY , TO_CHAR(SALARY,'00999.00') FROM EMPLOYEES;

FIRST_NAME          SALARY TO_CHAR(S                                                                                                                                                                    
--------------- ---------- ---------                                                                                                                                                                    
Steven               24000  24000.00                                                                                                                                                                    
Neena                17000  17000.00                                                                                                                                                                    
Lex                  17000  17000.00                                                                                                                                                                    
Alexander             9000  09000.00                                                                                                                                                                    
Bruce                 6000  06000.00                                                                                                                                                                    
Diana                 4200  04200.00                                                                                                                                                                    
Kevin                 5800  05800.00                                                                                                                                                                    
Trenna                3500  03500.00                                                                                                                                                                    
Curtis                3100  03100.00                                                                                                                                                                    
Randall               2600  02600.00                                                                                                                                                                    
Peter                 2500  02500.00                                                                                                                                                                    
Eleni                10500  10500.00                                                                                                                                                                    
Ellen                11000  11000.00                                                                                                                                                                    
Jonathon              8600  08600.00                                                                                                                                                                    
Kimerely              7000  07000.00                                                                                                                                                                    
Jennifer              4400  04400.00                                                                                                                                                                    
Michael              13000  13000.00                                                                                                                                                                    
Pat                   6000  06000.00                                                                                                                                                                    
Shelley              12000  12000.00                                                                                                                                                                    
William               8300  08300.00                                                                                                                                                                    

20 rows selected.

SQL> SELECT FIRST_NAME , SALARY , TO_CHAR(SALARY,'00,999.00') FROM EMPLOYEES;

FIRST_NAME          SALARY TO_CHAR(SA                                                                                                                                                                   
--------------- ---------- ----------                                                                                                                                                                   
Steven               24000  24,000.00                                                                                                                                                                   
Neena                17000  17,000.00                                                                                                                                                                   
Lex                  17000  17,000.00                                                                                                                                                                   
Alexander             9000  09,000.00                                                                                                                                                                   
Bruce                 6000  06,000.00                                                                                                                                                                   
Diana                 4200  04,200.00                                                                                                                                                                   
Kevin                 5800  05,800.00                                                                                                                                                                   
Trenna                3500  03,500.00                                                                                                                                                                   
Curtis                3100  03,100.00                                                                                                                                                                   
Randall               2600  02,600.00                                                                                                                                                                   
Peter                 2500  02,500.00                                                                                                                                                                   
Eleni                10500  10,500.00                                                                                                                                                                   
Ellen                11000  11,000.00                                                                                                                                                                   
Jonathon              8600  08,600.00                                                                                                                                                                   
Kimerely              7000  07,000.00                                                                                                                                                                   
Jennifer              4400  04,400.00                                                                                                                                                                   
Michael              13000  13,000.00                                                                                                                                                                   
Pat                   6000  06,000.00                                                                                                                                                                   
Shelley              12000  12,000.00                                                                                                                                                                   
William               8300  08,300.00                                                                                                                                                                   

20 rows selected.

SQL> SELECT FIRST_NAME , SALARY , TO_CHAR(SALARY,'00~999|00') FROM EMPLOYEES;
SELECT FIRST_NAME , SALARY , TO_CHAR(SALARY,'00~999|00') FROM EMPLOYEES
                                            *
ERROR at line 1:
ORA-01481: invalid number format model 


SQL> REM LIST OF VALID FORMAT CHARACTERS FOR NUMBER : 0 9   . ,   D G   $ L U   S PR MI   EEEE   V
SQL> 
SQL> SELECT * FROM NLS_sESSION_PARAMETERS;

PARAMETER                      VALUE                                                                                                                                                                    
------------------------------ ------------------------------                                                                                                                                           
NLS_LANGUAGE                   AMERICAN                                                                                                                                                                 
NLS_TERRITORY                  AMERICA                                                                                                                                                                  
NLS_CURRENCY                   $                                                                                                                                                                        
NLS_ISO_CURRENCY               AMERICA                                                                                                                                                                  
NLS_NUMERIC_CHARACTERS         .,                                                                                                                                                                       
NLS_CALENDAR                   GREGORIAN                                                                                                                                                                
NLS_DATE_FORMAT                DD-MON-RR                                                                                                                                                                
NLS_DATE_LANGUAGE              AMERICAN                                                                                                                                                                 
NLS_SORT                       BINARY                                                                                                                                                                   
NLS_TIME_FORMAT                HH.MI.SSXFF AM                                                                                                                                                           
NLS_TIMESTAMP_FORMAT           DD-MON-RR HH.MI.SSXFF AM                                                                                                                                                 
NLS_TIME_TZ_FORMAT             HH.MI.SSXFF AM TZR                                                                                                                                                       
NLS_TIMESTAMP_TZ_FORMAT        DD-MON-RR HH.MI.SSXFF AM TZR                                                                                                                                             
NLS_DUAL_CURRENCY              $                                                                                                                                                                        
NLS_COMP                       BINARY                                                                                                                                                                   
NLS_LENGTH_SEMANTICS           BYTE                                                                                                                                                                     
NLS_NCHAR_CONV_EXCP            FALSE                                                                                                                                                                    

17 rows selected.

SQL> SELECT FIRST_NAME , SALARY , TO_CHAR(SALARY,'00G999D00') FROM EMPLOYEES;

FIRST_NAME          SALARY TO_CHAR(SA                                                                                                                                                                   
--------------- ---------- ----------                                                                                                                                                                   
Steven               24000  24,000.00                                                                                                                                                                   
Neena                17000  17,000.00                                                                                                                                                                   
Lex                  17000  17,000.00                                                                                                                                                                   
Alexander             9000  09,000.00                                                                                                                                                                   
Bruce                 6000  06,000.00                                                                                                                                                                   
Diana                 4200  04,200.00                                                                                                                                                                   
Kevin                 5800  05,800.00                                                                                                                                                                   
Trenna                3500  03,500.00                                                                                                                                                                   
Curtis                3100  03,100.00                                                                                                                                                                   
Randall               2600  02,600.00                                                                                                                                                                   
Peter                 2500  02,500.00                                                                                                                                                                   
Eleni                10500  10,500.00                                                                                                                                                                   
Ellen                11000  11,000.00                                                                                                                                                                   
Jonathon              8600  08,600.00                                                                                                                                                                   
Kimerely              7000  07,000.00                                                                                                                                                                   
Jennifer              4400  04,400.00                                                                                                                                                                   
Michael              13000  13,000.00                                                                                                                                                                   
Pat                   6000  06,000.00                                                                                                                                                                   
Shelley              12000  12,000.00                                                                                                                                                                   
William               8300  08,300.00                                                                                                                                                                   

20 rows selected.

SQL> ALTER SESSION SET NLS_NUMERIC_CHARACTERS = '|~';

Session altered.

SQL> SELECT FIRST_NAME , SALARY , TO_CHAR(SALARY,'00~999|00') FROM EMPLOYEES;
SELECT FIRST_NAME , SALARY , TO_CHAR(SALARY,'00~999|00') FROM EMPLOYEES
                                            *
ERROR at line 1:
ORA-01481: invalid number format model 


SQL> SELECT * FROM NLS_sESSION_PARAMETERS;

PARAMETER                      VALUE                                                                                                                                                                    
------------------------------ ------------------------------                                                                                                                                           
NLS_LANGUAGE                   AMERICAN                                                                                                                                                                 
NLS_TERRITORY                  AMERICA                                                                                                                                                                  
NLS_CURRENCY                   $                                                                                                                                                                        
NLS_ISO_CURRENCY               AMERICA                                                                                                                                                                  
NLS_NUMERIC_CHARACTERS         |~                                                                                                                                                                       
NLS_CALENDAR                   GREGORIAN                                                                                                                                                                
NLS_DATE_FORMAT                DD-MON-RR                                                                                                                                                                
NLS_DATE_LANGUAGE              AMERICAN                                                                                                                                                                 
NLS_SORT                       BINARY                                                                                                                                                                   
NLS_TIME_FORMAT                HH.MI.SSXFF AM                                                                                                                                                           
NLS_TIMESTAMP_FORMAT           DD-MON-RR HH.MI.SSXFF AM                                                                                                                                                 
NLS_TIME_TZ_FORMAT             HH.MI.SSXFF AM TZR                                                                                                                                                       
NLS_TIMESTAMP_TZ_FORMAT        DD-MON-RR HH.MI.SSXFF AM TZR                                                                                                                                             
NLS_DUAL_CURRENCY              $                                                                                                                                                                        
NLS_COMP                       BINARY                                                                                                                                                                   
NLS_LENGTH_SEMANTICS           BYTE                                                                                                                                                                     
NLS_NCHAR_CONV_EXCP            FALSE                                                                                                                                                                    

17 rows selected.

SQL> SELECT FIRST_NAME , SALARY , TO_CHAR(SALARY,'00G999D00') FROM EMPLOYEES;

FIRST_NAME          SALARY TO_CHAR(SA                                                                                                                                                                   
--------------- ---------- ----------                                                                                                                                                                   
Steven               24000  24~000|00                                                                                                                                                                   
Neena                17000  17~000|00                                                                                                                                                                   
Lex                  17000  17~000|00                                                                                                                                                                   
Alexander             9000  09~000|00                                                                                                                                                                   
Bruce                 6000  06~000|00                                                                                                                                                                   
Diana                 4200  04~200|00                                                                                                                                                                   
Kevin                 5800  05~800|00                                                                                                                                                                   
Trenna                3500  03~500|00                                                                                                                                                                   
Curtis                3100  03~100|00                                                                                                                                                                   
Randall               2600  02~600|00                                                                                                                                                                   
Peter                 2500  02~500|00                                                                                                                                                                   
Eleni                10500  10~500|00                                                                                                                                                                   
Ellen                11000  11~000|00                                                                                                                                                                   
Jonathon              8600  08~600|00                                                                                                                                                                   
Kimerely              7000  07~000|00                                                                                                                                                                   
Jennifer              4400  04~400|00                                                                                                                                                                   
Michael              13000  13~000|00                                                                                                                                                                   
Pat                   6000  06~000|00                                                                                                                                                                   
Shelley              12000  12~000|00                                                                                                                                                                   
William               8300  08~300|00                                                                                                                                                                   

20 rows selected.

SQL> SELECT FIRST_NAME , SALARY , TO_CHAR(SALARY,'00,999.00') FROM EMPLOYEES;

FIRST_NAME          SALARY TO_CHAR(SA                                                                                                                                                                   
--------------- ---------- ----------                                                                                                                                                                   
Steven               24000  24,000.00                                                                                                                                                                   
Neena                17000  17,000.00                                                                                                                                                                   
Lex                  17000  17,000.00                                                                                                                                                                   
Alexander             9000  09,000.00                                                                                                                                                                   
Bruce                 6000  06,000.00                                                                                                                                                                   
Diana                 4200  04,200.00                                                                                                                                                                   
Kevin                 5800  05,800.00                                                                                                                                                                   
Trenna                3500  03,500.00                                                                                                                                                                   
Curtis                3100  03,100.00                                                                                                                                                                   
Randall               2600  02,600.00                                                                                                                                                                   
Peter                 2500  02,500.00                                                                                                                                                                   
Eleni                10500  10,500.00                                                                                                                                                                   
Ellen                11000  11,000.00                                                                                                                                                                   
Jonathon              8600  08,600.00                                                                                                                                                                   
Kimerely              7000  07,000.00                                                                                                                                                                   
Jennifer              4400  04,400.00                                                                                                                                                                   
Michael              13000  13,000.00                                                                                                                                                                   
Pat                   6000  06,000.00                                                                                                                                                                   
Shelley              12000  12,000.00                                                                                                                                                                   
William               8300  08,300.00                                                                                                                                                                   

20 rows selected.

SQL> SELECT FIRST_NAME , SALARY , TO_CHAR(SALARY,'00,999D00') FROM EMPLOYEES;
SELECT FIRST_NAME , SALARY , TO_CHAR(SALARY,'00,999D00') FROM EMPLOYEES
                                            *
ERROR at line 1:
ORA-01481: invalid number format model 


SQL> ALTER SESSION SET NLS_NUMERIC_CHARACTERS = '.~';

Session altered.

SQL> SELECT FIRST_NAME , SALARY , TO_CHAR(SALARY,'00G999D00') FROM EMPLOYEES;

FIRST_NAME          SALARY TO_CHAR(SA                                                                                                                                                                   
--------------- ---------- ----------                                                                                                                                                                   
Steven               24000  24~000.00                                                                                                                                                                   
Neena                17000  17~000.00                                                                                                                                                                   
Lex                  17000  17~000.00                                                                                                                                                                   
Alexander             9000  09~000.00                                                                                                                                                                   
Bruce                 6000  06~000.00                                                                                                                                                                   
Diana                 4200  04~200.00                                                                                                                                                                   
Kevin                 5800  05~800.00                                                                                                                                                                   
Trenna                3500  03~500.00                                                                                                                                                                   
Curtis                3100  03~100.00                                                                                                                                                                   
Randall               2600  02~600.00                                                                                                                                                                   
Peter                 2500  02~500.00                                                                                                                                                                   
Eleni                10500  10~500.00                                                                                                                                                                   
Ellen                11000  11~000.00                                                                                                                                                                   
Jonathon              8600  08~600.00                                                                                                                                                                   
Kimerely              7000  07~000.00                                                                                                                                                                   
Jennifer              4400  04~400.00                                                                                                                                                                   
Michael              13000  13~000.00                                                                                                                                                                   
Pat                   6000  06~000.00                                                                                                                                                                   
Shelley              12000  12~000.00                                                                                                                                                                   
William               8300  08~300.00                                                                                                                                                                   

20 rows selected.

SQL> SELECT FIRST_NAME , SALARY , TO_CHAR(SALARY,'$00G999D00') FROM EMPLOYEES;

FIRST_NAME          SALARY TO_CHAR(SAL                                                                                                                                                                  
--------------- ---------- -----------                                                                                                                                                                  
Steven               24000  $24~000.00                                                                                                                                                                  
Neena                17000  $17~000.00                                                                                                                                                                  
Lex                  17000  $17~000.00                                                                                                                                                                  
Alexander             9000  $09~000.00                                                                                                                                                                  
Bruce                 6000  $06~000.00                                                                                                                                                                  
Diana                 4200  $04~200.00                                                                                                                                                                  
Kevin                 5800  $05~800.00                                                                                                                                                                  
Trenna                3500  $03~500.00                                                                                                                                                                  
Curtis                3100  $03~100.00                                                                                                                                                                  
Randall               2600  $02~600.00                                                                                                                                                                  
Peter                 2500  $02~500.00                                                                                                                                                                  
Eleni                10500  $10~500.00                                                                                                                                                                  
Ellen                11000  $11~000.00                                                                                                                                                                  
Jonathon              8600  $08~600.00                                                                                                                                                                  
Kimerely              7000  $07~000.00                                                                                                                                                                  
Jennifer              4400  $04~400.00                                                                                                                                                                  
Michael              13000  $13~000.00                                                                                                                                                                  
Pat                   6000  $06~000.00                                                                                                                                                                  
Shelley              12000  $12~000.00                                                                                                                                                                  
William               8300  $08~300.00                                                                                                                                                                  

20 rows selected.

SQL> REM LIST OF VALID FORMAT CHARACTERS FOR NUMBER : 0 9   . ,   D G   $ L U   S PR MI   EEEE   V
SQL> 
SQL> SELECT FIRST_NAME , SALARY , TO_CHAR(SALARY,'Rs.00~999|00') FROM EMPLOYEES;
SELECT FIRST_NAME , SALARY , TO_CHAR(SALARY,'Rs.00~999|00') FROM EMPLOYEES
                                            *
ERROR at line 1:
ORA-01481: invalid number format model 


SQL> SELECT FIRST_NAME , SALARY , TO_CHAR(SALARY,'00~999|00 CAD') FROM EMPLOYEES;
SELECT FIRST_NAME , SALARY , TO_CHAR(SALARY,'00~999|00 CAD') FROM EMPLOYEES
                                            *
ERROR at line 1:
ORA-01481: invalid number format model 


SQL> SELECT FIRST_NAME , SALARY , TO_CHAR(SALARY,'L00~999|00') FROM EMPLOYEES;
SELECT FIRST_NAME , SALARY , TO_CHAR(SALARY,'L00~999|00') FROM EMPLOYEES
                                            *
ERROR at line 1:
ORA-01481: invalid number format model 


SQL> SELECT FIRST_NAME , SALARY , TO_CHAR(SALARY,'L00G999D00') FROM EMPLOYEES;

FIRST_NAME          SALARY TO_CHAR(SALARY,'L00G                                                                                                                                                         
--------------- ---------- --------------------                                                                                                                                                         
Steven               24000           $24~000.00                                                                                                                                                         
Neena                17000           $17~000.00                                                                                                                                                         
Lex                  17000           $17~000.00                                                                                                                                                         
Alexander             9000           $09~000.00                                                                                                                                                         
Bruce                 6000           $06~000.00                                                                                                                                                         
Diana                 4200           $04~200.00                                                                                                                                                         
Kevin                 5800           $05~800.00                                                                                                                                                         
Trenna                3500           $03~500.00                                                                                                                                                         
Curtis                3100           $03~100.00                                                                                                                                                         
Randall               2600           $02~600.00                                                                                                                                                         
Peter                 2500           $02~500.00                                                                                                                                                         
Eleni                10500           $10~500.00                                                                                                                                                         
Ellen                11000           $11~000.00                                                                                                                                                         
Jonathon              8600           $08~600.00                                                                                                                                                         
Kimerely              7000           $07~000.00                                                                                                                                                         
Jennifer              4400           $04~400.00                                                                                                                                                         
Michael              13000           $13~000.00                                                                                                                                                         
Pat                   6000           $06~000.00                                                                                                                                                         
Shelley              12000           $12~000.00                                                                                                                                                         
William               8300           $08~300.00                                                                                                                                                         

20 rows selected.

SQL> SELECT FIRST_NAME , SALARY , TO_CHAR(SALARY,'U00G999D00') FROM EMPLOYEES;

FIRST_NAME          SALARY TO_CHAR(SALARY,'U00G                                                                                                                                                         
--------------- ---------- --------------------                                                                                                                                                         
Steven               24000           $24~000.00                                                                                                                                                         
Neena                17000           $17~000.00                                                                                                                                                         
Lex                  17000           $17~000.00                                                                                                                                                         
Alexander             9000           $09~000.00                                                                                                                                                         
Bruce                 6000           $06~000.00                                                                                                                                                         
Diana                 4200           $04~200.00                                                                                                                                                         
Kevin                 5800           $05~800.00                                                                                                                                                         
Trenna                3500           $03~500.00                                                                                                                                                         
Curtis                3100           $03~100.00                                                                                                                                                         
Randall               2600           $02~600.00                                                                                                                                                         
Peter                 2500           $02~500.00                                                                                                                                                         
Eleni                10500           $10~500.00                                                                                                                                                         
Ellen                11000           $11~000.00                                                                                                                                                         
Jonathon              8600           $08~600.00                                                                                                                                                         
Kimerely              7000           $07~000.00                                                                                                                                                         
Jennifer              4400           $04~400.00                                                                                                                                                         
Michael              13000           $13~000.00                                                                                                                                                         
Pat                   6000           $06~000.00                                                                                                                                                         
Shelley              12000           $12~000.00                                                                                                                                                         
William               8300           $08~300.00                                                                                                                                                         

20 rows selected.

SQL> SELECT * FROM NLS_SESSION_PARAMETERS;

PARAMETER                      VALUE                                                                                                                                                                    
------------------------------ ------------------------------                                                                                                                                           
NLS_LANGUAGE                   AMERICAN                                                                                                                                                                 
NLS_TERRITORY                  AMERICA                                                                                                                                                                  
NLS_CURRENCY                   $                                                                                                                                                                        
NLS_ISO_CURRENCY               AMERICA                                                                                                                                                                  
NLS_NUMERIC_CHARACTERS         .~                                                                                                                                                                       
NLS_CALENDAR                   GREGORIAN                                                                                                                                                                
NLS_DATE_FORMAT                DD-MON-RR                                                                                                                                                                
NLS_DATE_LANGUAGE              AMERICAN                                                                                                                                                                 
NLS_SORT                       BINARY                                                                                                                                                                   
NLS_TIME_FORMAT                HH.MI.SSXFF AM                                                                                                                                                           
NLS_TIMESTAMP_FORMAT           DD-MON-RR HH.MI.SSXFF AM                                                                                                                                                 
NLS_TIME_TZ_FORMAT             HH.MI.SSXFF AM TZR                                                                                                                                                       
NLS_TIMESTAMP_TZ_FORMAT        DD-MON-RR HH.MI.SSXFF AM TZR                                                                                                                                             
NLS_DUAL_CURRENCY              $                                                                                                                                                                        
NLS_COMP                       BINARY                                                                                                                                                                   
NLS_LENGTH_SEMANTICS           BYTE                                                                                                                                                                     
NLS_NCHAR_CONV_EXCP            FALSE                                                                                                                                                                    

17 rows selected.

SQL> REM D = DECIMAL CHARACTER
SQL> 
SQL> REM G = GROUP SEPARATOR
SQL> 
SQL> REM L = LOCAL CURRENCY -> NLS_CURRENCY
SQL> 
SQL> REM U = DUAL CURRENCY -> NLS_DUAL_CURRENCY
SQL> 
SQL> REM D = DECIMAL CHARACTER : NLS_NUMERIC_CHARACTERS
SQL> 
SQL> REM G = GROUP SEPARATOR : NLS_NUMERIC_CHARACTERS
SQL> 
SQL> 
SQL> ALTER SESSION SET NLS_CURRENCY = 'Rs.';

Session altered.

SQL> 
SQL> ALTER SESSION SET NLS_DUAL_CURRENCY = ' CAD';

Session altered.

SQL> 
SQL> SELECT FIRST_NAME , SALARY , TO_CHAR(SALARY,'L00G999D00') FROM EMPLOYEES;

FIRST_NAME          SALARY TO_CHAR(SALARY,'L00G                                                                                                                                                         
--------------- ---------- --------------------                                                                                                                                                         
Steven               24000         Rs.24~000.00                                                                                                                                                         
Neena                17000         Rs.17~000.00                                                                                                                                                         
Lex                  17000         Rs.17~000.00                                                                                                                                                         
Alexander             9000         Rs.09~000.00                                                                                                                                                         
Bruce                 6000         Rs.06~000.00                                                                                                                                                         
Diana                 4200         Rs.04~200.00                                                                                                                                                         
Kevin                 5800         Rs.05~800.00                                                                                                                                                         
Trenna                3500         Rs.03~500.00                                                                                                                                                         
Curtis                3100         Rs.03~100.00                                                                                                                                                         
Randall               2600         Rs.02~600.00                                                                                                                                                         
Peter                 2500         Rs.02~500.00                                                                                                                                                         
Eleni                10500         Rs.10~500.00                                                                                                                                                         
Ellen                11000         Rs.11~000.00                                                                                                                                                         
Jonathon              8600         Rs.08~600.00                                                                                                                                                         
Kimerely              7000         Rs.07~000.00                                                                                                                                                         
Jennifer              4400         Rs.04~400.00                                                                                                                                                         
Michael              13000         Rs.13~000.00                                                                                                                                                         
Pat                   6000         Rs.06~000.00                                                                                                                                                         
Shelley              12000         Rs.12~000.00                                                                                                                                                         
William               8300         Rs.08~300.00                                                                                                                                                         

20 rows selected.

SQL> SELECT FIRST_NAME , SALARY , TO_CHAR(SALARY,'00G999D00U') FROM EMPLOYEES;

FIRST_NAME          SALARY TO_CHAR(SALARY,'00G9                                                                                                                                                         
--------------- ---------- --------------------                                                                                                                                                         
Steven               24000        24~000.00 CAD                                                                                                                                                         
Neena                17000        17~000.00 CAD                                                                                                                                                         
Lex                  17000        17~000.00 CAD                                                                                                                                                         
Alexander             9000        09~000.00 CAD                                                                                                                                                         
Bruce                 6000        06~000.00 CAD                                                                                                                                                         
Diana                 4200        04~200.00 CAD                                                                                                                                                         
Kevin                 5800        05~800.00 CAD                                                                                                                                                         
Trenna                3500        03~500.00 CAD                                                                                                                                                         
Curtis                3100        03~100.00 CAD                                                                                                                                                         
Randall               2600        02~600.00 CAD                                                                                                                                                         
Peter                 2500        02~500.00 CAD                                                                                                                                                         
Eleni                10500        10~500.00 CAD                                                                                                                                                         
Ellen                11000        11~000.00 CAD                                                                                                                                                         
Jonathon              8600        08~600.00 CAD                                                                                                                                                         
Kimerely              7000        07~000.00 CAD                                                                                                                                                         
Jennifer              4400        04~400.00 CAD                                                                                                                                                         
Michael              13000        13~000.00 CAD                                                                                                                                                         
Pat                   6000        06~000.00 CAD                                                                                                                                                         
Shelley              12000        12~000.00 CAD                                                                                                                                                         
William               8300        08~300.00 CAD                                                                                                                                                         

20 rows selected.

SQL> SELECT FIRST_NAME , SALARY , TO_CHAR(SALARY,'$00G999D00') FROM EMPLOYEES;

FIRST_NAME          SALARY TO_CHAR(SAL                                                                                                                                                                  
--------------- ---------- -----------                                                                                                                                                                  
Steven               24000  $24~000.00                                                                                                                                                                  
Neena                17000  $17~000.00                                                                                                                                                                  
Lex                  17000  $17~000.00                                                                                                                                                                  
Alexander             9000  $09~000.00                                                                                                                                                                  
Bruce                 6000  $06~000.00                                                                                                                                                                  
Diana                 4200  $04~200.00                                                                                                                                                                  
Kevin                 5800  $05~800.00                                                                                                                                                                  
Trenna                3500  $03~500.00                                                                                                                                                                  
Curtis                3100  $03~100.00                                                                                                                                                                  
Randall               2600  $02~600.00                                                                                                                                                                  
Peter                 2500  $02~500.00                                                                                                                                                                  
Eleni                10500  $10~500.00                                                                                                                                                                  
Ellen                11000  $11~000.00                                                                                                                                                                  
Jonathon              8600  $08~600.00                                                                                                                                                                  
Kimerely              7000  $07~000.00                                                                                                                                                                  
Jennifer              4400  $04~400.00                                                                                                                                                                  
Michael              13000  $13~000.00                                                                                                                                                                  
Pat                   6000  $06~000.00                                                                                                                                                                  
Shelley              12000  $12~000.00                                                                                                                                                                  
William               8300  $08~300.00                                                                                                                                                                  

20 rows selected.

SQL> SELECT FIRST_NAME , SALARY , TO_CHAR(SALARY,'00G999D00$') FROM EMPLOYEES;

FIRST_NAME          SALARY TO_CHAR(SAL                                                                                                                                                                  
--------------- ---------- -----------                                                                                                                                                                  
Steven               24000  $24~000.00                                                                                                                                                                  
Neena                17000  $17~000.00                                                                                                                                                                  
Lex                  17000  $17~000.00                                                                                                                                                                  
Alexander             9000  $09~000.00                                                                                                                                                                  
Bruce                 6000  $06~000.00                                                                                                                                                                  
Diana                 4200  $04~200.00                                                                                                                                                                  
Kevin                 5800  $05~800.00                                                                                                                                                                  
Trenna                3500  $03~500.00                                                                                                                                                                  
Curtis                3100  $03~100.00                                                                                                                                                                  
Randall               2600  $02~600.00                                                                                                                                                                  
Peter                 2500  $02~500.00                                                                                                                                                                  
Eleni                10500  $10~500.00                                                                                                                                                                  
Ellen                11000  $11~000.00                                                                                                                                                                  
Jonathon              8600  $08~600.00                                                                                                                                                                  
Kimerely              7000  $07~000.00                                                                                                                                                                  
Jennifer              4400  $04~400.00                                                                                                                                                                  
Michael              13000  $13~000.00                                                                                                                                                                  
Pat                   6000  $06~000.00                                                                                                                                                                  
Shelley              12000  $12~000.00                                                                                                                                                                  
William               8300  $08~300.00                                                                                                                                                                  

20 rows selected.

SQL> SELECT FIRST_NAME , SALARY , TO_CHAR(SALARY,'00G9$99D00') FROM EMPLOYEES;

FIRST_NAME          SALARY TO_CHAR(SAL                                                                                                                                                                  
--------------- ---------- -----------                                                                                                                                                                  
Steven               24000  $24~000.00                                                                                                                                                                  
Neena                17000  $17~000.00                                                                                                                                                                  
Lex                  17000  $17~000.00                                                                                                                                                                  
Alexander             9000  $09~000.00                                                                                                                                                                  
Bruce                 6000  $06~000.00                                                                                                                                                                  
Diana                 4200  $04~200.00                                                                                                                                                                  
Kevin                 5800  $05~800.00                                                                                                                                                                  
Trenna                3500  $03~500.00                                                                                                                                                                  
Curtis                3100  $03~100.00                                                                                                                                                                  
Randall               2600  $02~600.00                                                                                                                                                                  
Peter                 2500  $02~500.00                                                                                                                                                                  
Eleni                10500  $10~500.00                                                                                                                                                                  
Ellen                11000  $11~000.00                                                                                                                                                                  
Jonathon              8600  $08~600.00                                                                                                                                                                  
Kimerely              7000  $07~000.00                                                                                                                                                                  
Jennifer              4400  $04~400.00                                                                                                                                                                  
Michael              13000  $13~000.00                                                                                                                                                                  
Pat                   6000  $06~000.00                                                                                                                                                                  
Shelley              12000  $12~000.00                                                                                                                                                                  
William               8300  $08~300.00                                                                                                                                                                  

20 rows selected.

SQL> REM LIST OF VALID FORMAT CHARACTERS FOR NUMBER : 0 9   . ,   D G   $ L U   S PR MI   EEEE   V
SQL> 
SQL> CONN SCOTT/TIGER
Connected.
SQL> SELECT * FROM POSNEGNO;

        NO                                                                                                                                                                                              
----------                                                                                                                                                                                              
        12                                                                                                                                                                                              
                                                                                                                                                                                                        
         0                                                                                                                                                                                              
       -12                                                                                                                                                                                              

SQL> SELECT NO , TO_CHAR(NO,'99') FROM POSNEGNO;

        NO TO_                                                                                                                                                                                          
---------- ---                                                                                                                                                                                          
        12  12                                                                                                                                                                                          
                                                                                                                                                                                                        
         0   0                                                                                                                                                                                          
       -12 -12                                                                                                                                                                                          

SQL> SELECT NO , TO_CHAR(NO,'S99') FROM POSNEGNO;

        NO TO_                                                                                                                                                                                          
---------- ---                                                                                                                                                                                          
        12 +12                                                                                                                                                                                          
                                                                                                                                                                                                        
         0  +0                                                                                                                                                                                          
       -12 -12                                                                                                                                                                                          

SQL> SELECT NO , TO_CHAR(NO,'99S') FROM POSNEGNO;

        NO TO_                                                                                                                                                                                          
---------- ---                                                                                                                                                                                          
        12 12+                                                                                                                                                                                          
                                                                                                                                                                                                        
         0  0+                                                                                                                                                                                          
       -12 12-                                                                                                                                                                                          

SQL> SELECT NO , TO_CHAR(NO,'99MI') FROM POSNEGNO;

        NO TO_                                                                                                                                                                                          
---------- ---                                                                                                                                                                                          
        12 12                                                                                                                                                                                           
                                                                                                                                                                                                        
         0  0                                                                                                                                                                                           
       -12 12-                                                                                                                                                                                          

SQL> SELECT NO , TO_CHAR(NO,'MI99') FROM POSNEGNO;
SELECT NO , TO_CHAR(NO,'MI99') FROM POSNEGNO
                       *
ERROR at line 1:
ORA-01481: invalid number format model 


SQL> SELECT NO , TO_CHAR(NO,'99PR') FROM POSNEGNO;

        NO TO_C                                                                                                                                                                                         
---------- ----                                                                                                                                                                                         
        12  12                                                                                                                                                                                          
                                                                                                                                                                                                        
         0   0                                                                                                                                                                                          
       -12 <12>                                                                                                                                                                                         

SQL> SELECT NO , TO_CHAR(NO,'PR99') FROM POSNEGNO;
SELECT NO , TO_CHAR(NO,'PR99') FROM POSNEGNO
                       *
ERROR at line 1:
ORA-01481: invalid number format model 


SQL> REM MI = MINUS
SQL> 
SQL> REM PR = PARENTHESIZED
SQL> 
SQL> REM LIST OF VALID FORMAT CHARACTERS FOR NUMBER : 0 9   . ,   D G   $ L U   S PR MI   EEEE   V
SQL> 
SQL> REM EEEE : EXPONENT FORMAT / SCIENTIFIC NOTATION
SQL> 
SQL> REM EEEE : EXPONENT FORMAT / SCIENTIFIC NOTATION : TO DISPLAY VERY BIG AND VERY SMALL VALUES IN IDENTICAL FORMATS
SQL> 
SQL> SELECT FIRST_NAME , SALARY , TO_CHAR(SALARY,
  2  
SQL> SELECT FIRST_NAME , SALARY , TO_CHAR(SALARY,'99.99EEEE') FROM EMPLOYEES;

FIRST_NAME          SALARY TO_CHAR(SA                                                                                                                                                                   
--------------- ---------- ----------                                                                                                                                                                   
Steven               24000   2.40E+04                                                                                                                                                                   
Neena                17000   1.70E+04                                                                                                                                                                   
Lex                  17000   1.70E+04                                                                                                                                                                   
Alexander             9000   9.00E+03                                                                                                                                                                   
Bruce                 6000   6.00E+03                                                                                                                                                                   
Diana                 4200   4.20E+03                                                                                                                                                                   
Kevin                 5800   5.80E+03                                                                                                                                                                   
Trenna                3500   3.50E+03                                                                                                                                                                   
Curtis                3100   3.10E+03                                                                                                                                                                   
Randall               2600   2.60E+03                                                                                                                                                                   
Peter                 2500   2.50E+03                                                                                                                                                                   
Eleni                10500   1.05E+04                                                                                                                                                                   
Ellen                11000   1.10E+04                                                                                                                                                                   
Jonathon              8600   8.60E+03                                                                                                                                                                   
Kimerely              7000   7.00E+03                                                                                                                                                                   
Jennifer              4400   4.40E+03                                                                                                                                                                   
Michael              13000   1.30E+04                                                                                                                                                                   
Pat                   6000   6.00E+03                                                                                                                                                                   
Shelley              12000   1.20E+04                                                                                                                                                                   
William               8300   8.30E+03                                                                                                                                                                   

20 rows selected.

SQL> REM 2.4E+04 = 2.4 * POWER(10,4)
SQL> 
SQL> SELECT 2.4 * POWER(10,4) FROM DUAL;

2.4*POWER(10,4)                                                                                                                                                                                         
---------------                                                                                                                                                                                         
          24000                                                                                                                                                                                         

SQL> SELECT TO_CHAR(123456789123456789,'99.99EEEE') , TO_CHAR(.0000000000000000000000000001234','99.99EEEE') FROM DUAL;
ERROR:
ORA-01756: quoted string not properly terminated 


SQL> SELECT TO_CHAR(123456789123456789,'99.99EEEE') , TO_CHAR(.000000000000000001234,'99.99EEEE') FROM DUAL;

TO_CHAR(12 TO_CHAR(.0                                                                                                                                                                                   
---------- ----------                                                                                                                                                                                   
  1.23E+17   1.23E-18                                                                                                                                                                                   

SQL> SELECT 345 , TO_CHAR(345,'999V99999') FROM DUAL;

       345 TO_CHAR(3                                                                                                                                                                                    
---------- ---------                                                                                                                                                                                    
       345  34500000                                                                                                                                                                                    

SQL> SELECT 345 , TO_CHAR(345,'999V0000000') FROM DUAL;

       345 TO_CHAR(345                                                                                                                                                                                  
---------- -----------                                                                                                                                                                                  
       345  3450000000                                                                                                                                                                                  

SQL> SELECT 34.5 , TO_CHAR(34.5,'999V0000000') FROM DUAL;

      34.5 TO_CHAR(34.                                                                                                                                                                                  
---------- -----------                                                                                                                                                                                  
      34.5   345000000                                                                                                                                                                                  

SQL> SELECT 3.45 , TO_CHAR(3.45,'999V0000000') FROM DUAL;

      3.45 TO_CHAR(3.4                                                                                                                                                                                  
---------- -----------                                                                                                                                                                                  
      3.45    34500000                                                                                                                                                                                  

SQL> SPOOL OFF
