SQL> 
SQL> REM GROUP BY , HAVING
SQL> 
SQL> SET LINES 200 PAGES 24
SQL> 
SQL> SELECT SALARY FROM EMPLOYEES;

    SALARY                                                                                                                                                                                              
----------                                                                                                                                                                                              
     24000                                                                                                                                                                                              
     17000                                                                                                                                                                                              
     17000                                                                                                                                                                                              
      9000                                                                                                                                                                                              
      6000                                                                                                                                                                                              
      4200                                                                                                                                                                                              
      5800                                                                                                                                                                                              
      3500                                                                                                                                                                                              
      3100                                                                                                                                                                                              
      2600                                                                                                                                                                                              
      2500                                                                                                                                                                                              
     10500                                                                                                                                                                                              
     11000                                                                                                                                                                                              
      8600                                                                                                                                                                                              
      7000                                                                                                                                                                                              
      4400                                                                                                                                                                                              
     13000                                                                                                                                                                                              
      6000                                                                                                                                                                                              
     12000                                                                                                                                                                                              
      8300                                                                                                                                                                                              

20 rows selected.

SQL> SELECT SALARY FROM EMPLOYEES ORDER BY 1;

    SALARY                                                                                                                                                                                              
----------                                                                                                                                                                                              
      2500                                                                                                                                                                                              
      2600                                                                                                                                                                                              
      3100                                                                                                                                                                                              
      3500                                                                                                                                                                                              
      4200                                                                                                                                                                                              
      4400                                                                                                                                                                                              
      5800                                                                                                                                                                                              
      6000                                                                                                                                                                                              
      6000                                                                                                                                                                                              
      7000                                                                                                                                                                                              
      8300                                                                                                                                                                                              
      8600                                                                                                                                                                                              
      9000                                                                                                                                                                                              
     10500                                                                                                                                                                                              
     11000                                                                                                                                                                                              
     12000                                                                                                                                                                                              
     13000                                                                                                                                                                                              
     17000                                                                                                                                                                                              
     17000                                                                                                                                                                                              
     24000                                                                                                                                                                                              

20 rows selected.

SQL> SELECT MIN(SALARY) FROM EMPLOYEES ORDER BY 1;

MIN(SALARY)                                                                                                                                                                                             
-----------                                                                                                                                                                                             
       2500                                                                                                                                                                                             

SQL> SELECT DEPARTMENT_ID , SALARY FROM EMPLOYEES ORDER BY 1,2;

DEPARTMENT_ID     SALARY                                                                                                                                                                                
------------- ----------                                                                                                                                                                                
           10       4400                                                                                                                                                                                
           20       6000                                                                                                                                                                                
           20      13000                                                                                                                                                                                
           50       2500                                                                                                                                                                                
           50       2600                                                                                                                                                                                
           50       3100                                                                                                                                                                                
           50       3500                                                                                                                                                                                
           50       5800                                                                                                                                                                                
           60       4200                                                                                                                                                                                
           60       6000                                                                                                                                                                                
           60       9000                                                                                                                                                                                
           80       8600                                                                                                                                                                                
           80      10500                                                                                                                                                                                
           80      11000                                                                                                                                                                                
           90      17000                                                                                                                                                                                
           90      17000                                                                                                                                                                                
           90      24000                                                                                                                                                                                
          110       8300                                                                                                                                                                                
          110      12000                                                                                                                                                                                
                    7000                                                                                                                                                                                

20 rows selected.

SQL> SELECT MIN(SALARY) FROM EMPLOYEES WHERE DEPARTMENT_ID = 60 ORDER BY 1,2;
SELECT MIN(SALARY) FROM EMPLOYEES WHERE DEPARTMENT_ID = 60 ORDER BY 1,2
                                                                      *
ERROR at line 1:
ORA-01785: ORDER BY item must be the number of a SELECT-list expression 


SQL> SELECT MIN(SALARY) FROM EMPLOYEES WHERE DEPARTMENT_ID = 60;

MIN(SALARY)                                                                                                                                                                                             
-----------                                                                                                                                                                                             
       4200                                                                                                                                                                                             

SQL> SELECT MIN(SALARY) FROM EMPLOYEES WHERE DEPARTMENT_ID = 90;

MIN(SALARY)                                                                                                                                                                                             
-----------                                                                                                                                                                                             
      17000                                                                                                                                                                                             

SQL> SELECT MIN(SALARY) FROM EMPLOYEES WHERE DEPARTMENT_ID = 20;

MIN(SALARY)                                                                                                                                                                                             
-----------                                                                                                                                                                                             
       6000                                                                                                                                                                                             

SQL> REM DEPARTMENT_ID MIN(SALARY)
SQL> REM ------------- -----------
> 
SQL> REM            10        4400
SQL> REM            20        6000
SQL> REM            50        2500
SQL> 
SQL> 
SQL> 
SQL> 
SQL> SELECT DEPARTMENT_ID , MIN(SALARY) FROM EMPLOYEES;
SELECT DEPARTMENT_ID , MIN(SALARY) FROM EMPLOYEES
       *
ERROR at line 1:
ORA-00937: not a single-group group function 


SQL> REM SUMMARY ITEMS/FUNCTIONS : MIN MAX COUNT SUM AVG
SQL> 
SQL> REM NON-SUMMARY ITEMS ARE ALL EXCEPT THE ABOVE 5 LISTED.
SQL> 
SQL> SELECT DEPARTMENT_ID FROM EMPLOYEES;

DEPARTMENT_ID                                                                                                                                                                                           
-------------                                                                                                                                                                                           
           90                                                                                                                                                                                           
           90                                                                                                                                                                                           
           90                                                                                                                                                                                           
           60                                                                                                                                                                                           
           60                                                                                                                                                                                           
           60                                                                                                                                                                                           
           50                                                                                                                                                                                           
           50                                                                                                                                                                                           
           50                                                                                                                                                                                           
           50                                                                                                                                                                                           
           50                                                                                                                                                                                           
           80                                                                                                                                                                                           
           80                                                                                                                                                                                           
           80                                                                                                                                                                                           
                                                                                                                                                                                                        
           10                                                                                                                                                                                           
           20                                                                                                                                                                                           
           20                                                                                                                                                                                           
          110                                                                                                                                                                                           
          110                                                                                                                                                                                           

20 rows selected.

SQL> SELECT MIN(SALARY) FROM EMPLOYEES;

MIN(SALARY)                                                                                                                                                                                             
-----------                                                                                                                                                                                             
       2500                                                                                                                                                                                             

SQL> SELECT AVG(SALARY) FROM EMPLOYEES;

AVG(SALARY)                                                                                                                                                                                             
-----------                                                                                                                                                                                             
       8775                                                                                                                                                                                             

SQL> SELECT SUM(SALARY) FROM EMPLOYEES;

SUM(SALARY)                                                                                                                                                                                             
-----------                                                                                                                                                                                             
     175500                                                                                                                                                                                             

SQL> SELECT DEPARTMENT_ID , MIN(SALARY) FROM EMPLOYEES ORDER BY 1,2;
SELECT DEPARTMENT_ID , MIN(SALARY) FROM EMPLOYEES ORDER BY 1,2
       *
ERROR at line 1:
ORA-00937: not a single-group group function 


SQL> SELECT DEPARTMENT_ID , SALARY FROM EMPLOYEES ORDER BY 1,2;

DEPARTMENT_ID     SALARY                                                                                                                                                                                
------------- ----------                                                                                                                                                                                
           10       4400                                                                                                                                                                                
           20       6000                                                                                                                                                                                
           20      13000                                                                                                                                                                                
           50       2500                                                                                                                                                                                
           50       2600                                                                                                                                                                                
           50       3100                                                                                                                                                                                
           50       3500                                                                                                                                                                                
           50       5800                                                                                                                                                                                
           60       4200                                                                                                                                                                                
           60       6000                                                                                                                                                                                
           60       9000                                                                                                                                                                                
           80       8600                                                                                                                                                                                
           80      10500                                                                                                                                                                                
           80      11000                                                                                                                                                                                
           90      17000                                                                                                                                                                                
           90      17000                                                                                                                                                                                
           90      24000                                                                                                                                                                                
          110       8300                                                                                                                                                                                
          110      12000                                                                                                                                                                                
                    7000                                                                                                                                                                                

20 rows selected.

SQL> SELECT DISTINCT DEPARTMENT_ID FROM EMPLOYEES ORDER BY 1;

DEPARTMENT_ID                                                                                                                                                                                           
-------------                                                                                                                                                                                           
           10                                                                                                                                                                                           
           20                                                                                                                                                                                           
           50                                                                                                                                                                                           
           60                                                                                                                                                                                           
           80                                                                                                                                                                                           
           90                                                                                                                                                                                           
          110                                                                                                                                                                                           
                                                                                                                                                                                                        

8 rows selected.

SQL> REM 10 : 4400
SQL> 
SQL> REM 20 : 6000 , 13000
SQL> 
SQL> REM 50 : 2500 , 2600 , 3100 , 3500 , 5800
SQL> 
SQL> SELECT DEPARTMENT_ID , MIN(SALARY) FROM EMPLOYEES GROUP BY DEPARTMENT_ID ORDER BY 1,2;

DEPARTMENT_ID MIN(SALARY)                                                                                                                                                                               
------------- -----------                                                                                                                                                                               
           10        4400                                                                                                                                                                               
           20        6000                                                                                                                                                                               
           50        2500                                                                                                                                                                               
           60        4200                                                                                                                                                                               
           80        8600                                                                                                                                                                               
           90       17000                                                                                                                                                                               
          110        8300                                                                                                                                                                               
                     7000                                                                                                                                                                               

8 rows selected.

SQL> REM WHEN WE USE NON-SUMMARY ITEM WITH SUMMARY ITEM IN SELECT, ALL NON-SUMMARY ITEMS MUST BE PART OF GROUP BY CLAUSE.
SQL> 
SQL> REM JOB WISE HIGHEST SALARY
SQL> 
SQL> SELECT JOB_ID , MAX(SALARY) FROM EMPLOYEES GROUP BY JOB_ID;

JOB_ID     MAX(SALARY)                                                                                                                                                                                  
---------- -----------                                                                                                                                                                                  
IT_PROG           9000                                                                                                                                                                                  
AC_MGR           12000                                                                                                                                                                                  
AC_ACCOUNT        8300                                                                                                                                                                                  
ST_MAN            5800                                                                                                                                                                                  
AD_ASST           4400                                                                                                                                                                                  
AD_VP            17000                                                                                                                                                                                  
SA_MAN           10500                                                                                                                                                                                  
MK_MAN           13000                                                                                                                                                                                  
AD_PRES          24000                                                                                                                                                                                  
SA_REP           11000                                                                                                                                                                                  
MK_REP            6000                                                                                                                                                                                  
ST_CLERK          3500                                                                                                                                                                                  

12 rows selected.

SQL> SELECT JOB_ID , MAX(SALARY) FROM EMPLOYEES GROUP BY JOB_ID ORDER BY 1;

JOB_ID     MAX(SALARY)                                                                                                                                                                                  
---------- -----------                                                                                                                                                                                  
AC_ACCOUNT        8300                                                                                                                                                                                  
AC_MGR           12000                                                                                                                                                                                  
AD_ASST           4400                                                                                                                                                                                  
AD_PRES          24000                                                                                                                                                                                  
AD_VP            17000                                                                                                                                                                                  
IT_PROG           9000                                                                                                                                                                                  
MK_MAN           13000                                                                                                                                                                                  
MK_REP            6000                                                                                                                                                                                  
SA_MAN           10500                                                                                                                                                                                  
SA_REP           11000                                                                                                                                                                                  
ST_CLERK          3500                                                                                                                                                                                  
ST_MAN            5800                                                                                                                                                                                  

12 rows selected.

SQL> SELECT JOB_ID , MAX(SALARY) FROM EMPLOYEES GROUP BY JOB_ID ORDER BY 2;

JOB_ID     MAX(SALARY)                                                                                                                                                                                  
---------- -----------                                                                                                                                                                                  
ST_CLERK          3500                                                                                                                                                                                  
AD_ASST           4400                                                                                                                                                                                  
ST_MAN            5800                                                                                                                                                                                  
MK_REP            6000                                                                                                                                                                                  
AC_ACCOUNT        8300                                                                                                                                                                                  
IT_PROG           9000                                                                                                                                                                                  
SA_MAN           10500                                                                                                                                                                                  
SA_REP           11000                                                                                                                                                                                  
AC_MGR           12000                                                                                                                                                                                  
MK_MAN           13000                                                                                                                                                                                  
AD_VP            17000                                                                                                                                                                                  
AD_PRES          24000                                                                                                                                                                                  

12 rows selected.

SQL> SELECT JOB_ID , MAX(SALARY) FROM EMPLOYEES GROUP BY JOB_ID ORDER BY 2 DESC;

JOB_ID     MAX(SALARY)                                                                                                                                                                                  
---------- -----------                                                                                                                                                                                  
AD_PRES          24000                                                                                                                                                                                  
AD_VP            17000                                                                                                                                                                                  
MK_MAN           13000                                                                                                                                                                                  
AC_MGR           12000                                                                                                                                                                                  
SA_REP           11000                                                                                                                                                                                  
SA_MAN           10500                                                                                                                                                                                  
IT_PROG           9000                                                                                                                                                                                  
AC_ACCOUNT        8300                                                                                                                                                                                  
MK_REP            6000                                                                                                                                                                                  
ST_MAN            5800                                                                                                                                                                                  
AD_ASST           4400                                                                                                                                                                                  
ST_CLERK          3500                                                                                                                                                                                  

12 rows selected.

SQL> REM DISPLAY MANAGER_ID AND NO. OF EMPLOYEES REPORTING TO HIM/HER
SQL> 
SQL> SELECT MANAGER_ID, COUNT(*) FROM EMPLOYEES GROUP BY MANAGER_ID;

MANAGER_ID   COUNT(*)                                                                                                                                                                                   
---------- ----------                                                                                                                                                                                   
                    1                                                                                                                                                                                   
       100          5                                                                                                                                                                                   
       149          3                                                                                                                                                                                   
       205          1                                                                                                                                                                                   
       102          1                                                                                                                                                                                   
       201          1                                                                                                                                                                                   
       101          2                                                                                                                                                                                   
       124          4                                                                                                                                                                                   
       103          2                                                                                                                                                                                   

9 rows selected.

SQL> SELECT MANAGER_ID, COUNT(*) FROM EMPLOYEES GROUP BY MANAGER_ID ORDER BY 1;

MANAGER_ID   COUNT(*)                                                                                                                                                                                   
---------- ----------                                                                                                                                                                                   
       100          5                                                                                                                                                                                   
       101          2                                                                                                                                                                                   
       102          1                                                                                                                                                                                   
       103          2                                                                                                                                                                                   
       124          4                                                                                                                                                                                   
       149          3                                                                                                                                                                                   
       201          1                                                                                                                                                                                   
       205          1                                                                                                                                                                                   
                    1                                                                                                                                                                                   

9 rows selected.

SQL> REM DISPLAY DEPARTMENT WISE LOWEST AND HIGHEST SALARY
SQL> 
SQL> SELECT DEPARTMENT_ID , MIN(SALARY) , MAX(SALARY) FROM EMPLOYEES GROUP BY DEPARTMENT_ID;

DEPARTMENT_ID MIN(SALARY) MAX(SALARY)                                                                                                                                                                   
------------- ----------- -----------                                                                                                                                                                   
                     7000        7000                                                                                                                                                                   
           90       17000       24000                                                                                                                                                                   
           20        6000       13000                                                                                                                                                                   
          110        8300       12000                                                                                                                                                                   
           50        2500        5800                                                                                                                                                                   
           80        8600       11000                                                                                                                                                                   
           60        4200        9000                                                                                                                                                                   
           10        4400        4400                                                                                                                                                                   

8 rows selected.

SQL> REM DISPLAY JOB_ID WISE HIGHEST , AVERAGE , LOWEST SALARY
SQL> 
SQL> SELECT JOB_ID,AVG(SALARY),MIN(SALARY),MAX(SALARY) FROM EMPLOYEES GROUP BY JOB_ID ORDER BY 1;

JOB_ID     AVG(SALARY) MIN(SALARY) MAX(SALARY)                                                                                                                                                          
---------- ----------- ----------- -----------                                                                                                                                                          
AC_ACCOUNT        8300        8300        8300                                                                                                                                                          
AC_MGR           12000       12000       12000                                                                                                                                                          
AD_ASST           4400        4400        4400                                                                                                                                                          
AD_PRES          24000       24000       24000                                                                                                                                                          
AD_VP            17000       17000       17000                                                                                                                                                          
IT_PROG           6400        4200        9000                                                                                                                                                          
MK_MAN           13000       13000       13000                                                                                                                                                          
MK_REP            6000        6000        6000                                                                                                                                                          
SA_MAN           10500       10500       10500                                                                                                                                                          
SA_REP      8866.66667        7000       11000                                                                                                                                                          
ST_CLERK          2925        2500        3500                                                                                                                                                          
ST_MAN            5800        5800        5800                                                                                                                                                          

12 rows selected.

SQL> REM DISPLAY MANAGER WISE , COUNT OF EMPLOYEES , TOTAL SALARY AND AVERAGE SALARY
SQL> 
SQL> SELECT MANAGER_ID, COUNT(*),SUM(SALARY),AVG(SALARY) FROM EMPLOYEES GROUP BY MANAGER_ID ORDER BY 1;

MANAGER_ID   COUNT(*) SUM(SALARY) AVG(SALARY)                                                                                                                                                           
---------- ---------- ----------- -----------                                                                                                                                                           
       100          5       63300       12660                                                                                                                                                           
       101          2       16400        8200                                                                                                                                                           
       102          1        9000        9000                                                                                                                                                           
       103          2       10200        5100                                                                                                                                                           
       124          4       11700        2925                                                                                                                                                           
       149          3       26600  8866.66667                                                                                                                                                           
       201          1        6000        6000                                                                                                                                                           
       205          1        8300        8300                                                                                                                                                           
                    1       24000       24000                                                                                                                                                           

9 rows selected.

SQL> SELECT MANAGER_ID, COUNT(*),SUM(SALARY),AVG(SALARY) , SUM(SALARY)/COUNT(SALARY) FROM EMPLOYEES GROUP BY MANAGER_ID ORDER BY 1;

MANAGER_ID   COUNT(*) SUM(SALARY) AVG(SALARY) SUM(SALARY)/COUNT(SALARY)                                                                                                                                 
---------- ---------- ----------- ----------- -------------------------                                                                                                                                 
       100          5       63300       12660                     12660                                                                                                                                 
       101          2       16400        8200                      8200                                                                                                                                 
       102          1        9000        9000                      9000                                                                                                                                 
       103          2       10200        5100                      5100                                                                                                                                 
       124          4       11700        2925                      2925                                                                                                                                 
       149          3       26600  8866.66667                8866.66667                                                                                                                                 
       201          1        6000        6000                      6000                                                                                                                                 
       205          1        8300        8300                      8300                                                                                                                                 
                    1       24000       24000                     24000                                                                                                                                 

9 rows selected.

SQL> REM DISPLAY DEPARTMENT_ID , JOB_ID WISE AVERAGE SALARY
SQL> 
SQL> REM WHEN WE USE NON-SUMMARY ITEM WITH SUMMARY ITEM IN SELECT, ALL NON-SUMMARY ITEMS MUST BE PART OF GROUP BY CLAUSE.
SQL> 
SQL> REM DISPLAY DEPARTMENT_ID WISE , JOB_ID WISE AVERAGE SALARY
SQL> 
SQL> SELECT DEPARTMENT_ID ,JOB_ID ,AVG(SALARY) FROM EMPLOYEES GROUP BY DEPARTMENT_ID , JOB_ID;

DEPARTMENT_ID JOB_ID     AVG(SALARY)                                                                                                                                                                    
------------- ---------- -----------                                                                                                                                                                    
          110 AC_ACCOUNT        8300                                                                                                                                                                    
           90 AD_VP            17000                                                                                                                                                                    
           50 ST_CLERK          2925                                                                                                                                                                    
           80 SA_REP            9800                                                                                                                                                                    
           50 ST_MAN            5800                                                                                                                                                                    
           80 SA_MAN           10500                                                                                                                                                                    
          110 AC_MGR           12000                                                                                                                                                                    
           90 AD_PRES          24000                                                                                                                                                                    
           60 IT_PROG           6400                                                                                                                                                                    
           20 MK_MAN           13000                                                                                                                                                                    
              SA_REP            7000                                                                                                                                                                    
           10 AD_ASST           4400                                                                                                                                                                    
           20 MK_REP            6000                                                                                                                                                                    

13 rows selected.

SQL> SELECT DEPARTMENT_ID ,JOB_ID ,AVG(SALARY) FROM EMPLOYEES GROUP BY DEPARTMENT_ID , JOB_ID ORDER BY 1,2;

DEPARTMENT_ID JOB_ID     AVG(SALARY)                                                                                                                                                                    
------------- ---------- -----------                                                                                                                                                                    
           10 AD_ASST           4400                                                                                                                                                                    
           20 MK_MAN           13000                                                                                                                                                                    
           20 MK_REP            6000                                                                                                                                                                    
           50 ST_CLERK          2925                                                                                                                                                                    
           50 ST_MAN            5800                                                                                                                                                                    
           60 IT_PROG           6400                                                                                                                                                                    
           80 SA_MAN           10500                                                                                                                                                                    
           80 SA_REP            9800                                                                                                                                                                    
           90 AD_PRES          24000                                                                                                                                                                    
           90 AD_VP            17000                                                                                                                                                                    
          110 AC_ACCOUNT        8300                                                                                                                                                                    
          110 AC_MGR           12000                                                                                                                                                                    
              SA_REP            7000                                                                                                                                                                    

13 rows selected.

SQL> SELECT DEPARTMENT_ID , JOB_ID , FIRST_NAME FROM EMPLOYEES ORDER BY 1;

DEPARTMENT_ID JOB_ID     FIRST_NAME                                                                                                                                                                     
------------- ---------- ---------------                                                                                                                                                                
           10 AD_ASST    Jennifer                                                                                                                                                                       
           20 MK_MAN     Michael                                                                                                                                                                        
           20 MK_REP     Pat                                                                                                                                                                            
           50 ST_MAN     Kevin                                                                                                                                                                          
           50 ST_CLERK   Peter                                                                                                                                                                          
           50 ST_CLERK   Randall                                                                                                                                                                        
           50 ST_CLERK   Curtis                                                                                                                                                                         
           50 ST_CLERK   Trenna                                                                                                                                                                         
           60 IT_PROG    Diana                                                                                                                                                                          
           60 IT_PROG    Bruce                                                                                                                                                                          
           60 IT_PROG    Alexander                                                                                                                                                                      
           80 SA_REP     Ellen                                                                                                                                                                          
           80 SA_MAN     Eleni                                                                                                                                                                          
           80 SA_REP     Jonathon                                                                                                                                                                       
           90 AD_VP      Lex                                                                                                                                                                            
           90 AD_PRES    Steven                                                                                                                                                                         
           90 AD_VP      Neena                                                                                                                                                                          
          110 AC_ACCOUNT William                                                                                                                                                                        
          110 AC_MGR     Shelley                                                                                                                                                                        
              SA_REP     Kimerely                                                                                                                                                                       

20 rows selected.

SQL> SELECT DEPARTMENT_ID , COUNT(*) FROM EMPLOYEES GROUP BY DEPARTMENT_ID ORDER BY 1;

DEPARTMENT_ID   COUNT(*)                                                                                                                                                                                
------------- ----------                                                                                                                                                                                
           10          1                                                                                                                                                                                
           20          2                                                                                                                                                                                
           50          5                                                                                                                                                                                
           60          3                                                                                                                                                                                
           80          3                                                                                                                                                                                
           90          3                                                                                                                                                                                
          110          2                                                                                                                                                                                
                       1                                                                                                                                                                                

8 rows selected.

SQL> SELECT DEPARTMENT_ID , JOB_ID , FIRST_NAME FROM EMPLOYEES ORDER BY 1,2;

DEPARTMENT_ID JOB_ID     FIRST_NAME                                                                                                                                                                     
------------- ---------- ---------------                                                                                                                                                                
           10 AD_ASST    Jennifer                                                                                                                                                                       
           20 MK_MAN     Michael                                                                                                                                                                        
           20 MK_REP     Pat                                                                                                                                                                            
           50 ST_CLERK   Trenna                                                                                                                                                                         
           50 ST_CLERK   Peter                                                                                                                                                                          
           50 ST_CLERK   Randall                                                                                                                                                                        
           50 ST_CLERK   Curtis                                                                                                                                                                         
           50 ST_MAN     Kevin                                                                                                                                                                          
           60 IT_PROG    Diana                                                                                                                                                                          
           60 IT_PROG    Bruce                                                                                                                                                                          
           60 IT_PROG    Alexander                                                                                                                                                                      
           80 SA_MAN     Eleni                                                                                                                                                                          
           80 SA_REP     Ellen                                                                                                                                                                          
           80 SA_REP     Jonathon                                                                                                                                                                       
           90 AD_PRES    Steven                                                                                                                                                                         
           90 AD_VP      Lex                                                                                                                                                                            
           90 AD_VP      Neena                                                                                                                                                                          
          110 AC_ACCOUNT William                                                                                                                                                                        
          110 AC_MGR     Shelley                                                                                                                                                                        
              SA_REP     Kimerely                                                                                                                                                                       

20 rows selected.

SQL> SELECT DEPARTMENT_ID , JOB_ID , COUNT(*) FROM EMPLOYEES GROUP BY DEPARTMENT_ID , JOB_ID ORDER BY 1,2;

DEPARTMENT_ID JOB_ID       COUNT(*)                                                                                                                                                                     
------------- ---------- ----------                                                                                                                                                                     
           10 AD_ASST             1                                                                                                                                                                     
           20 MK_MAN              1                                                                                                                                                                     
           20 MK_REP              1                                                                                                                                                                     
           50 ST_CLERK            4                                                                                                                                                                     
           50 ST_MAN              1                                                                                                                                                                     
           60 IT_PROG             3                                                                                                                                                                     
           80 SA_MAN              1                                                                                                                                                                     
           80 SA_REP              2                                                                                                                                                                     
           90 AD_PRES             1                                                                                                                                                                     
           90 AD_VP               2                                                                                                                                                                     
          110 AC_ACCOUNT          1                                                                                                                                                                     
          110 AC_MGR              1                                                                                                                                                                     
              SA_REP              1                                                                                                                                                                     

13 rows selected.

SQL> SELECT DEPARTMENT_ID , JOB_ID , COUNT(*) FROM EMPLOYEES GROUP BY DEPARTMENT_ID ORDER BY 1,2;
SELECT DEPARTMENT_ID , JOB_ID , COUNT(*) FROM EMPLOYEES GROUP BY DEPARTMENT_ID ORDER BY 1,2
                       *
ERROR at line 1:
ORA-00979: not a GROUP BY expression 


SQL> SELECT DEPARTMENT_ID , SUM(SALARY) FROM EMPLOYEES GROUP BY DEPARTMENT_ID ORDER BY 1;

DEPARTMENT_ID SUM(SALARY)                                                                                                                                                                               
------------- -----------                                                                                                                                                                               
           10        4400                                                                                                                                                                               
           20       19000                                                                                                                                                                               
           50       17500                                                                                                                                                                               
           60       19200                                                                                                                                                                               
           80       30100                                                                                                                                                                               
           90       58000                                                                                                                                                                               
          110       20300                                                                                                                                                                               
                     7000                                                                                                                                                                               

8 rows selected.

SQL> SELECT DEPARTMENT_ID , SUM(SALARY) FROM EMPLOYEES ORDER BY 1;
SELECT DEPARTMENT_ID , SUM(SALARY) FROM EMPLOYEES ORDER BY 1
       *
ERROR at line 1:
ORA-00937: not a single-group group function 


SQL> SELECT SUM(SALARY) FROM EMPLOYEES GROUP BY DEPARTMENT_ID ORDER BY 1;

SUM(SALARY)                                                                                                                                                                                             
-----------                                                                                                                                                                                             
       4400                                                                                                                                                                                             
       7000                                                                                                                                                                                             
      17500                                                                                                                                                                                             
      19000                                                                                                                                                                                             
      19200                                                                                                                                                                                             
      20300                                                                                                                                                                                             
      30100                                                                                                                                                                                             
      58000                                                                                                                                                                                             

8 rows selected.

SQL> REM SELECT SYNTAX : SELECT ... FROM ... WHERE ... GROUP BY ... / HAVING ... ORDER BY ... OFFSET ... FETCH ...;
SQL> 
SQL> REM SELECT EXECUTION PRECEENCE : FROM ... WHERE ... GROUP BY ... / HAVING ... COLUMN ALIAS ATTACHMENT ... ORDER BY ... OFFSET ... FETCH ... SELECT ...;
SQL> 
SQL> REM FROM : TO READ ALL ROWS OF TABLE FROM HARD DISK AND PUT IT INTO RAM/MEMORY
SQL> 
SQL> REM WHERE : IT WILL CHECK CONDITION FOR ALL ORIGINAL ROWS TABLE AND WILL REMOVE THOSE ORIGINAL ROWS FROM MEMORY WHICH DOESN'T SATISFY CONDITION.
SQL> 
SQL> REM GROUP BY : IT WILL FIRST FIND DISTINCT ROWS OF GROUP BY COLUMN, IT WILL SEPARATE ORIGINAL ROWS AND PUT UNDER EACH GROUP, IT WILL GENERATE SUMMARY ROWS FOR EACH GROUP
SQL> 
SQL> REM HAVING : IT WILL CHECK CONDITION FOR ALL SUMMRY ROWS TABLE AND WILL REMOVE THOSE SUMMRY ROWS FROM MEMORY WHICH DOESN'T SATISFY CONDITION.
SQL> 
SQL> REM COLUMN ALIAST ATTACHMENT : IT WILL ATTACH COLUMN ALIAS TO THE COLUMNS
SQL> 
SQL> REM ORDER BY : IT WILL SORT ROWS ON COLUMNS LISTED IN ORDER BY CLAUSE IN ASCENDING OR DESCENDING KEEPING NULLS EITHER FIRST OR LAST
SQL> 
SQL> REM OFFSET : IT WILL FIX FIRST ROW TO BE DISPLAYED IN RESULT SET
SQL> 
SQL> REM FETCH : IT WILL SEPARATE COUNT OF ROWS TO BE DISPLAYED IN RESULT SET
SQL> 
SQL> REM SELECT : IT WILL ACTUALLY DISPLAY ROWS ON SCREEN OR RETURNS ROWS TO IT'S PARENT TABLE (CHAPTER 7)
SQL> 
SQL> 
SQL> REM DISPLAY DEPARTMENT WISE SUM OF SALARY
SQL> 
SQL> SELECT DEPARTMENT_ID, SUM(SALARY) FROM EMPLOYEES GROUP BY DEPARTMENT_ID;

DEPARTMENT_ID SUM(SALARY)                                                                                                                                                                               
------------- -----------                                                                                                                                                                               
                     7000                                                                                                                                                                               
           90       58000                                                                                                                                                                               
           20       19000                                                                                                                                                                               
          110       20300                                                                                                                                                                               
           50       17500                                                                                                                                                                               
           80       30100                                                                                                                                                                               
           60       19200                                                                                                                                                                               
           10        4400                                                                                                                                                                               

8 rows selected.

SQL> REM DISPLAY DEPARTMENT WISE SUM OF SALARY OF THOSE DEPARTMENT TO WHICH HIGHER SUM OF SALARY IS PAID THAN 20000
SQL> 
SQL> SELECT DEPARTMENT_ID, SUM(SALARY) FROM EMPLOYEES GROUP BY DEPARTMENT_ID WHERE SUM(SALARY) > 20000;
SELECT DEPARTMENT_ID, SUM(SALARY) FROM EMPLOYEES GROUP BY DEPARTMENT_ID WHERE SUM(SALARY) > 20000
                                                                        *
ERROR at line 1:
ORA-00933: SQL command not properly ended 


SQL> SELECT DEPARTMENT_ID, SUM(SALARY) FROM EMPLOYEES WHERE SUM(SALARY) > 20000 GROUP BY DEPARTMENT_ID;
SELECT DEPARTMENT_ID, SUM(SALARY) FROM EMPLOYEES WHERE SUM(SALARY) > 20000 GROUP BY DEPARTMENT_ID
                                                       *
ERROR at line 1:
ORA-00934: group function is not allowed here 


SQL> SELECT DEPARTMENT_ID, SUM(SALARY) FROM EMPLOYEES HAVING SUM(SALARY) > 20000 GROUP BY DEPARTMENT_ID;

DEPARTMENT_ID SUM(SALARY)                                                                                                                                                                               
------------- -----------                                                                                                                                                                               
           90       58000                                                                                                                                                                               
          110       20300                                                                                                                                                                               
           80       30100                                                                                                                                                                               

SQL> SELECT DEPARTMENT_ID, SUM(SALARY) FROM EMPLOYEES GROUP BY DEPARTMENT_ID HAVING SUM(SALARY) > 20000;

DEPARTMENT_ID SUM(SALARY)                                                                                                                                                                               
------------- -----------                                                                                                                                                                               
           90       58000                                                                                                                                                                               
          110       20300                                                                                                                                                                               
           80       30100                                                                                                                                                                               

SQL> REM WHERE SUPPORTS ONLY NON-SUMMARY ITEMS
SQL> 
SQL> REM HAVING SUPPORTS ALL SUMMARY ITEMS + THOSE NON-SUMMARY ITEMS WHICH ARE LISTED IN GROUP BY CLAUSE
SQL> 
SQL> REM FROM
SQL> 
SQL> SELECT * FROM EMPLOYEES;

EMPLOYEE_ID FIRST_NAME      LAST_NAME       EMAIL      PHONE_NUMBER         HIRE_DATE JOB_ID         SALARY COMMISSION_PCT MANAGER_ID DEPARTMENT_ID                                                     
----------- --------------- --------------- ---------- -------------------- --------- ---------- ---------- -------------- ---------- -------------                                                     
        100 Steven          King            SKING      515.123.4567         17-JUL-87 AD_PRES         24000                                      90                                                     
        101 Neena           Kochhar         NKOCHHAR   515.123.4568         21-SEP-89 AD_VP           17000                       100            90                                                     
        102 Lex             De Haan         LDEHAAN    515.123.4569         13-JAN-93 AD_VP           17000                       100            90                                                     
        103 Alexander       Hunold          AHUNOLD    590.423.4567         03-JAN-90 IT_PROG          9000                       102            60                                                     
        104 Bruce           Ernst           BERNST     590.423.4568         21-MAY-91 IT_PROG          6000                       103            60                                                     
        107 Diana           Lorentz         DLORENTZ   590.423.5567         07-FEB-99 IT_PROG          4200                       103            60                                                     
        124 Kevin           Mourgos         KMOURGOS   650.123.5234         16-NOV-99 ST_MAN           5800                       100            50                                                     
        141 Trenna          Rajs            TRAJS      650.121.8009         17-OCT-95 ST_CLERK         3500                       124            50                                                     
        142 Curtis          Davies          CDAVIES    650.121.2994         29-JAN-97 ST_CLERK         3100                       124            50                                                     
        143 Randall         Matos           RMATOS     650.121.2874         15-MAR-98 ST_CLERK         2600                       124            50                                                     
        144 Peter           Vargas          PVARGAS    650.121.2004         09-JUL-98 ST_CLERK         2500                       124            50                                                     
        149 Eleni           Zlotkey         EZLOTKEY   011.44.1344.429018   29-JAN-00 SA_MAN          10500             .2        100            80                                                     
        174 Ellen           Abel            EABEL      011.44.1644.429267   11-MAY-96 SA_REP          11000             .3        149            80                                                     
        176 Jonathon        Taylor          JTAYLOR    011.44.1644.429265   24-MAR-98 SA_REP           8600             .3        149            80                                                     
        178 Kimerely        Grant           KGRANT     011.44.1644.429263   24-MAY-99 SA_REP           7000            .15        149                                                                   
        200 Jennifer        Whalen          JWHALEN    515.123.4444         17-SEP-87 AD_ASST          4400                       101            10                                                     
        201 Michael         Hartstein       MHARTSTE   515.123.5555         17-FEB-96 MK_MAN          13000                       100            20                                                     
        202 Pat             Fay             PFAY       603.123.6666         17-AUG-97 MK_REP           6000                       201            20                                                     
        205 Shelley         Higgins         SHIGGINS   515.123.8080         07-JUN-94 AC_MGR          12000                       101           110                                                     
        206 William         Gietz           WGIETZ     515.123.8181         07-JUN-94 AC_ACCOUNT       8300                       205           110                                                     

20 rows selected.

SQL> SELECT DEPARTMENT_ID , SUM(SALARY) FROM EMPLOYEES GROUP BY DEPARTMENT_ID;

DEPARTMENT_ID SUM(SALARY)                                                                                                                                                                               
------------- -----------                                                                                                                                                                               
                     7000                                                                                                                                                                               
           90       58000                                                                                                                                                                               
           20       19000                                                                                                                                                                               
          110       20300                                                                                                                                                                               
           50       17500                                                                                                                                                                               
           80       30100                                                                                                                                                                               
           60       19200                                                                                                                                                                               
           10        4400                                                                                                                                                                               

8 rows selected.

SQL> SELECT DEPARTMENT_ID , SUM(SALARY) FROM EMPLOYEES GROUP BY DEPARTMENT_ID HAVING SUM(SALARY) > 20000;

DEPARTMENT_ID SUM(SALARY)                                                                                                                                                                               
------------- -----------                                                                                                                                                                               
           90       58000                                                                                                                                                                               
          110       20300                                                                                                                                                                               
           80       30100                                                                                                                                                                               

SQL> SELECT DEPARTMENT_ID , SUM(SALARY) FROM EMPLOYEES GROUP BY DEPARTMENT_ID HAVING JOB_ID = 'IT_PROG';
SELECT DEPARTMENT_ID , SUM(SALARY) FROM EMPLOYEES GROUP BY DEPARTMENT_ID HAVING JOB_ID = 'IT_PROG'
                                                                                *
ERROR at line 1:
ORA-00979: not a GROUP BY expression 


SQL> SELECT DEPARTMENT_ID , SUM(SALARY) FROM EMPLOYEES GROUP BY DEPARTMENT_ID HAVING DEPARTMENT_ID IN (20,110,60);

DEPARTMENT_ID SUM(SALARY)                                                                                                                                                                               
------------- -----------                                                                                                                                                                               
           20       19000                                                                                                                                                                               
          110       20300                                                                                                                                                                               
           60       19200                                                                                                                                                                               

SQL> 
SQL> SELECT JOB_ID , MAX(SALARY) FROM EMPLOYEES GROUP BY JOB_ID HAVING AVG(SALARY) BETWEEN 6000 AND 10000;

JOB_ID     MAX(SALARY)                                                                                                                                                                                  
---------- -----------                                                                                                                                                                                  
IT_PROG           9000                                                                                                                                                                                  
AC_ACCOUNT        8300                                                                                                                                                                                  
SA_REP           11000                                                                                                                                                                                  
MK_REP            6000                                                                                                                                                                                  

SQL> SELECT JOB_ID , MAX(SALARY) FROM EMPLOYEES WHERE DEPARTMENT_ID NOT IN (90,20,50) ]GROUP BY JOB_ID HAVING AVG(SALARY) BETWEEN 6000 AND 10000;
SELECT JOB_ID , MAX(SALARY) FROM EMPLOYEES WHERE DEPARTMENT_ID NOT IN (90,20,50) ]GROUP BY JOB_ID HAVING AVG(SALARY) BETWEEN 6000 AND 10000
                                                                                 *
ERROR at line 1:
ORA-00933: SQL command not properly ended 


SQL> SELECT JOB_ID , MAX(SALARY) FROM EMPLOYEES WHERE DEPARTMENT_ID NOT IN (90,20,50) GROUP BY JOB_ID HAVING AVG(SALARY) BETWEEN 6000 AND 10000;

JOB_ID     MAX(SALARY)                                                                                                                                                                                  
---------- -----------                                                                                                                                                                                  
IT_PROG           9000                                                                                                                                                                                  
AC_ACCOUNT        8300                                                                                                                                                                                  
SA_REP           11000                                                                                                                                                                                  

SQL> SELECT JOB_ID , MAX(SALARY) FROM EMPLOYEES WHERE DEPARTMENT_ID NOT IN (90,20,50) HAVING AVG(SALARY) BETWEEN 6000 AND 10000 GROUP BY DEPARTMENT_ID , JOB_ID;

JOB_ID     MAX(SALARY)                                                                                                                                                                                  
---------- -----------                                                                                                                                                                                  
AC_ACCOUNT        8300                                                                                                                                                                                  
SA_REP           11000                                                                                                                                                                                  
IT_PROG           9000                                                                                                                                                                                  

SQL> SELECT DEPARTMENT_ID , JOB_ID , MAX(SALARY) FROM EMPLOYEES WHERE DEPARTMENT_ID NOT IN (90,20,50) HAVING AVG(SALARY) BETWEEN 6000 AND 10000 GROUP BY DEPARTMENT_ID;
SELECT DEPARTMENT_ID , JOB_ID , MAX(SALARY) FROM EMPLOYEES WHERE DEPARTMENT_ID NOT IN (90,20,50) HAVING AVG(SALARY) BETWEEN 6000 AND 10000 GROUP BY DEPARTMENT_ID
                       *
ERROR at line 1:
ORA-00979: not a GROUP BY expression 


SQL> SELECT MANAGER_ID MID , MAX(SALARY) FROM EMPLOYEES WHERE DEPARTMENT_ID NOT IN (90,20,50) HAVING AVG(SALARY) BETWEEN 6000 AND 10000 GROUP BY MID;
SELECT MANAGER_ID MID , MAX(SALARY) FROM EMPLOYEES WHERE DEPARTMENT_ID NOT IN (90,20,50) HAVING AVG(SALARY) BETWEEN 6000 AND 10000 GROUP BY MID
                                                                                                                                            *
ERROR at line 1:
ORA-00904: "MID": invalid identifier 


SQL> 
SQL> REM COLUMN ALIAS IS SUPPORTED ONLY IN ORDER BY CLAUSE.
SQL> 
SQL> SELECT MANAGER_ID MID , DEPARTMENT_ID , MAX(SALARY) FROM EMPLOYEES WHERE DEPARTMENT_ID NOT IN (90,20,50) HAVING MANAGER_ID IN (100,124,149)
  2  GROUP BY DEPARTMENT_ID , MANAGER_ID ORDER BY MID;

       MID DEPARTMENT_ID MAX(SALARY)                                                                                                                                                                    
---------- ------------- -----------                                                                                                                                                                    
       100            80       10500                                                                                                                                                                    
       149            80       11000                                                                                                                                                                    

SQL> 
SQL> REM DISPLAY HIRE YEAR WISE COUNT OF EMPLOYEES
SQL> 
SQL> SELECT HIRE_DATE,COUNT(*) FROM EMPLOYEES GROUP BY TO_CHAR(HIRE_DATE,YY);
SELECT HIRE_DATE,COUNT(*) FROM EMPLOYEES GROUP BY TO_CHAR(HIRE_DATE,YY)
                                                                    *
ERROR at line 1:
ORA-00904: "YY": invalid identifier 


SQL> SELECT HIRE_DATE,COUNT(*) FROM EMPLOYEES GROUP BY TO_CHAR(HIRE_DATE,'YY');
SELECT HIRE_DATE,COUNT(*) FROM EMPLOYEES GROUP BY TO_CHAR(HIRE_DATE,'YY')
       *
ERROR at line 1:
ORA-00979: not a GROUP BY expression 


SQL> SELECT TO_CHAR(HIRE_DATE,'YY') YEAR ,COUNT(*) FROM EMPLOYEES GROUP BY TO_CHAR(HIRE_DATE,'YY');

YE   COUNT(*)                                                                                                                                                                                           
-- ----------                                                                                                                                                                                           
99          3                                                                                                                                                                                           
87          2                                                                                                                                                                                           
93          1                                                                                                                                                                                           
97          2                                                                                                                                                                                           
00          1                                                                                                                                                                                           
89          1                                                                                                                                                                                           
95          1                                                                                                                                                                                           
94          2                                                                                                                                                                                           
98          3                                                                                                                                                                                           
90          1                                                                                                                                                                                           
91          1                                                                                                                                                                                           
96          2                                                                                                                                                                                           

12 rows selected.

SQL> SELECT SUBSTR(HIRE_DATE,-2,2),COUNT(*) FROM EMPLOYEES GROUP BY (HIRE_DATE,-2,2);

SUBSTR(H   COUNT(*)                                                                                                                                                                                     
-------- ----------                                                                                                                                                                                     
87                1                                                                                                                                                                                     
97                1                                                                                                                                                                                     
98                1                                                                                                                                                                                     
99                1                                                                                                                                                                                     
96                1                                                                                                                                                                                     
90                1                                                                                                                                                                                     
99                1                                                                                                                                                                                     
95                1                                                                                                                                                                                     
87                1                                                                                                                                                                                     
94                2                                                                                                                                                                                     
98                1                                                                                                                                                                                     
93                1                                                                                                                                                                                     
91                1                                                                                                                                                                                     
00                1                                                                                                                                                                                     
96                1                                                                                                                                                                                     
89                1                                                                                                                                                                                     
98                1                                                                                                                                                                                     
99                1                                                                                                                                                                                     
97                1                                                                                                                                                                                     

19 rows selected.

SQL> SELECT SUBSTR(HIRE_DATE,-2,2),COUNT(*) FROM EMPLOYEES GROUP BY SUBSTR(HIRE_DATE,-2,2);

SUBSTR(H   COUNT(*)                                                                                                                                                                                     
-------- ----------                                                                                                                                                                                     
99                3                                                                                                                                                                                     
87                2                                                                                                                                                                                     
93                1                                                                                                                                                                                     
97                2                                                                                                                                                                                     
00                1                                                                                                                                                                                     
89                1                                                                                                                                                                                     
95                1                                                                                                                                                                                     
94                2                                                                                                                                                                                     
98                3                                                                                                                                                                                     
90                1                                                                                                                                                                                     
91                1                                                                                                                                                                                     
96                2                                                                                                                                                                                     

12 rows selected.

SQL> SELECT TO_CHAR(HIRE_DATE,'YYYY') YEAR ,COUNT(*) FROM EMPLOYEES GROUP BY TO_CHAR(HIRE_DATE,'YYYY');

YEAR   COUNT(*)                                                                                                                                                                                         
---- ----------                                                                                                                                                                                         
1987          2                                                                                                                                                                                         
1997          2                                                                                                                                                                                         
2000          1                                                                                                                                                                                         
1994          2                                                                                                                                                                                         
1991          1                                                                                                                                                                                         
1995          1                                                                                                                                                                                         
1990          1                                                                                                                                                                                         
1989          1                                                                                                                                                                                         
1993          1                                                                                                                                                                                         
1999          3                                                                                                                                                                                         
1996          2                                                                                                                                                                                         
1998          3                                                                                                                                                                                         

12 rows selected.

SQL> SELECT TO_CHAR(HIRE_DATE,'Q') QTR ,COUNT(*) FROM EMPLOYEES GROUP BY TO_CHAR(HIRE_DATE,'Q');

Q   COUNT(*)                                                                                                                                                                                            
- ----------                                                                                                                                                                                            
1          8                                                                                                                                                                                            
3          5                                                                                                                                                                                            
2          5                                                                                                                                                                                            
4          2                                                                                                                                                                                            

SQL> SELECT TO_CHAR(HIRE_DATE,'YYYY') YEAR ,COUNT(*) FROM EMPLOYEES GROUP BY TO_CHAR(HIRE_DATE,'RRRR');
SELECT TO_CHAR(HIRE_DATE,'YYYY') YEAR ,COUNT(*) FROM EMPLOYEES GROUP BY TO_CHAR(HIRE_DATE,'RRRR')
               *
ERROR at line 1:
ORA-00979: not a GROUP BY expression 


SQL> SELECT TO_CHAR(HIRE_DATE,'YYYY') YEAR ,COUNT(*) FROM EMPLOYEES GROUP BY HIRE_DATE;

YEAR   COUNT(*)                                                                                                                                                                                         
---- ----------                                                                                                                                                                                         
1997          1                                                                                                                                                                                         
1998          1                                                                                                                                                                                         
1987          1                                                                                                                                                                                         
1993          1                                                                                                                                                                                         
1999          1                                                                                                                                                                                         
1997          1                                                                                                                                                                                         
1998          1                                                                                                                                                                                         
1994          2                                                                                                                                                                                         
1996          1                                                                                                                                                                                         
1987          1                                                                                                                                                                                         
1996          1                                                                                                                                                                                         
1991          1                                                                                                                                                                                         
1995          1                                                                                                                                                                                         
1998          1                                                                                                                                                                                         
1999          1                                                                                                                                                                                         
1999          1                                                                                                                                                                                         
1989          1                                                                                                                                                                                         
2000          1                                                                                                                                                                                         
1990          1                                                                                                                                                                                         

19 rows selected.

SQL> SELECT HIRE_DATE YEAR ,COUNT(*) FROM EMPLOYEES GROUP BY TO_CHAR(HIRE_DATE,'RRRR');
SELECT HIRE_DATE YEAR ,COUNT(*) FROM EMPLOYEES GROUP BY TO_CHAR(HIRE_DATE,'RRRR')
       *
ERROR at line 1:
ORA-00979: not a GROUP BY expression 


SQL> REM PCM
SQL> 
SQL> SPOOL OFF
