SQL> 
SQL> CL SCR

SQL> SET LINES 200 PAGES 24
SQL> 
SQL> SELECT SUM(SALARY) FROM EMPLOYEES;

SUM(SALARY)                                                                                                                                                                                             
-----------                                                                                                                                                                                             
     175500                                                                                                                                                                                             

SQL> SELECT SUM(SALARY) FROM EMPLOYEES WHERE DEPARTMENT_ID = 90;

SUM(SALARY)                                                                                                                                                                                             
-----------                                                                                                                                                                                             
      58000                                                                                                                                                                                             

SQL> SELECT DEPARTMENT_ID , SUM(SALARY) FROM EMPLOYEES GROUP BY DEPARTMENT_ID ORDER BY 1;

DEPARTMENT_ID SUM(SALARY)                                                                                                                                                                               
------------- -----------                                                                                                                                                                               
           10        4400                                                                                                                                                                               
           20       19000                                                                                                                                                                               
           50       17500                                                                                                                                                                               
           60       19200                                                                                                                                                                               
           80       30100                                                                                                                                                                               
           90       58000                                                                                                                                                                               
          110       20300                                                                                                                                                                               
                     7000                                                                                                                                                                               

8 rows selected.

SQL> SELECT DEPARTMENT_ID , SUM(SALARY) FROM EMPLOYEES GROUP BY DEPARTMENT_ID HAVING SUM(SALARY) > 25000 ORDER BY 1;

DEPARTMENT_ID SUM(SALARY)                                                                                                                                                                               
------------- -----------                                                                                                                                                                               
           80       30100                                                                                                                                                                               
           90       58000                                                                                                                                                                               

SQL> REM EXECUTION PRECEDENCE : FROM -> WHERE -> GROUP BY -> HAVING -> COLUMN ALIAS -> ORDER BY -> OFFSET -> FETCH -> SELECT
SQL> 
SQL> REM FROM -> WHERE -> GROUP BY : THEY WORK ON TABLE'S ORIGINAL ROWS
SQL> 
SQL> REM WHERE : TO REMOVE TABLE'S ORGINAL ROWS WHICH DOESN'T SATISFY CONDITION(S)
SQL> 
SQL> REM HAVING : TO REMOVE SUMMARY ROWS WHICH DOESN'T SATISFY CONDITION(S)
SQL> 
SQL> SELECT DEPARTMENT_ID , SALARY FROM EMPLOYEES ORDER BY 1,2;

DEPARTMENT_ID     SALARY                                                                                                                                                                                
------------- ----------                                                                                                                                                                                
           10       4400                                                                                                                                                                                
           20       6000                                                                                                                                                                                
           20      13000                                                                                                                                                                                
           50       2500                                                                                                                                                                                
           50       2600                                                                                                                                                                                
           50       3100                                                                                                                                                                                
           50       3500                                                                                                                                                                                
           50       5800                                                                                                                                                                                
           60       4200                                                                                                                                                                                
           60       6000                                                                                                                                                                                
           60       9000                                                                                                                                                                                
           80       8600                                                                                                                                                                                
           80      10500                                                                                                                                                                                
           80      11000                                                                                                                                                                                
           90      17000                                                                                                                                                                                
           90      17000                                                                                                                                                                                
           90      24000                                                                                                                                                                                
          110       8300                                                                                                                                                                                
          110      12000                                                                                                                                                                                
                    7000                                                                                                                                                                                

20 rows selected.

SQL> SELECT SALARY FROM EMPLOYEES WHERE DEPARTMENT_ID IN 110;

    SALARY                                                                                                                                                                                              
----------                                                                                                                                                                                              
     12000                                                                                                                                                                                              
      8300                                                                                                                                                                                              

SQL> SELECT DEPARTMENT_ID , SUM(SALARY) FROM EMPLOYEES GROUP BY DEPARTMENT_ID ORDER BY 1;

DEPARTMENT_ID SUM(SALARY)                                                                                                                                                                               
------------- -----------                                                                                                                                                                               
           10        4400                                                                                                                                                                               
           20       19000                                                                                                                                                                               
           50       17500                                                                                                                                                                               
           60       19200                                                                                                                                                                               
           80       30100                                                                                                                                                                               
           90       58000                                                                                                                                                                               
          110       20300                                                                                                                                                                               
                     7000                                                                                                                                                                               

8 rows selected.

SQL> SELECT DEPARTMENT_ID , SUM(SALARY) FROM EMPLOYEES GROUP BY DEPARTMENT_ID HAVING DEPARTMENT_ID IN 110 ORDER BY 1;

DEPARTMENT_ID SUM(SALARY)                                                                                                                                                                               
------------- -----------                                                                                                                                                                               
          110       20300                                                                                                                                                                               

SQL> REM WHERE CLAUSE SUPPORTS ONLY NON-SUMMARY ITEM.
SQL> 
SQL> REM HAVING CLAUSE SUPPORTS ALL SUMMARY ITEMS + THOSE NON-SUMMARY ITEMS WHICH ARE PART OF GROUP BY CLAUSE.
SQL> 
SQL> REM SUMMARY ITEMS/FUNCTIONS : MIN MAX COUNT SUM AVG
SQL> 
SQL> REM DISPLAY COUNT OF EMPLOYEES, DEPARTMENT WISE. INCLUDE ONLY THOSE EMPLOYEES WHO GETS SALARY UPTO 10000. DISPLAY ONLY THOSE SUMMARY ROWS WHICH HAS COUNT 2 OR MORE.
SQL> 
SQL> SELECT DEPARTMENT_ID , COUNT(*) FROM EMPLOYEES GROUP BY DEPARTMENT_ID;

DEPARTMENT_ID   COUNT(*)                                                                                                                                                                                
------------- ----------                                                                                                                                                                                
                       1                                                                                                                                                                                
           90          3                                                                                                                                                                                
           20          2                                                                                                                                                                                
          110          2                                                                                                                                                                                
           50          5                                                                                                                                                                                
           80          3                                                                                                                                                                                
           60          3                                                                                                                                                                                
           10          1                                                                                                                                                                                

8 rows selected.

SQL> SELECT DEPARTMENT_ID , COUNT(*) FROM EMPLOYEES WHERE SALARY <= 10000 GROUP BY DEPARTMENT_ID;

DEPARTMENT_ID   COUNT(*)                                                                                                                                                                                
------------- ----------                                                                                                                                                                                
                       1                                                                                                                                                                                
           20          1                                                                                                                                                                                
          110          1                                                                                                                                                                                
           80          1                                                                                                                                                                                
           50          5                                                                                                                                                                                
           60          3                                                                                                                                                                                
           10          1                                                                                                                                                                                

7 rows selected.

SQL> SELECT DEPARTMENT_ID , COUNT(*) FROM EMPLOYEES WHERE SALARY <= 10000 GROUP BY DEPARTMENT_ID HAVING COUNT(*) >= 2;

DEPARTMENT_ID   COUNT(*)                                                                                                                                                                                
------------- ----------                                                                                                                                                                                
           50          5                                                                                                                                                                                
           60          3                                                                                                                                                                                

SQL> REM SYNTAX OF SELECT : SELECT ... FROM ... WHERE ... GROUP BY / HAVING ... ORDER BY ... OFFSET ... FETCH ...;
SQL> 
SQL> SELECT DEPARTMENT_ID , COUNT(*) FROM EMPLOYEES WHERE SALARY <= 10000 GROUP BY DEPARTMENT_ID HAVING COUNT(*) >= 2 ORDER BY 2;

DEPARTMENT_ID   COUNT(*)                                                                                                                                                                                
------------- ----------                                                                                                                                                                                
           60          3                                                                                                                                                                                
           50          5                                                                                                                                                                                

SQL> REM EXECUTION PRECEDENCE : FROM -> WHERE -> GROUP BY -> HAVING -> COLUMN ALIAS -> ORDER BY -> OFFSET -> FETCH -> SELECT
SQL> 
SQL> SELECT JOB_ID , AVG(SALARY) AVGSAL
  2  FROM EMPLOYEES
  3  WHERE HIRE_DATE > '31-DEC-94'
  4  HAVING SUM(SALARY) <= 20000
  5  GROUP BY JOB_ID
  6  ORDER BY AVGSAL;

JOB_ID         AVGSAL                                                                                                                                                                                   
---------- ----------                                                                                                                                                                                   
ST_CLERK         2925                                                                                                                                                                                   
IT_PROG          4200                                                                                                                                                                                   
ST_MAN           5800                                                                                                                                                                                   
MK_REP           6000                                                                                                                                                                                   
SA_MAN          10500                                                                                                                                                                                   
MK_MAN          13000                                                                                                                                                                                   

6 rows selected.

SQL> SELECT JOB_ID , AVG(SALARY) AVGSAL
  2  FROM EMPLOYEES
  3  WHERE DEPARTMENT_ID NOT IN (90,10)
  4  GROUP BY JOB_ID
  5  HAVING JOB_ID NOT LIKE '%P'
  6  ORDER BY AVG(SALARY);

JOB_ID         AVGSAL                                                                                                                                                                                   
---------- ----------                                                                                                                                                                                   
ST_CLERK         2925                                                                                                                                                                                   
ST_MAN           5800                                                                                                                                                                                   
IT_PROG          6400                                                                                                                                                                                   
AC_ACCOUNT       8300                                                                                                                                                                                   
SA_MAN          10500                                                                                                                                                                                   
AC_MGR          12000                                                                                                                                                                                   
MK_MAN          13000                                                                                                                                                                                   

7 rows selected.

SQL> SELECT JOB_ID , AVG(SALARY) AVGSAL
  2  FROM EMPLOYEES
  3  WHERE DEPARTMENT_ID NOT IN (90,10) AND JOB_ID NOT LIKE '%P'
  4  GROUP BY JOB_ID
  5  ORDER BY AVG(SALARY);

JOB_ID         AVGSAL                                                                                                                                                                                   
---------- ----------                                                                                                                                                                                   
ST_CLERK         2925                                                                                                                                                                                   
ST_MAN           5800                                                                                                                                                                                   
IT_PROG          6400                                                                                                                                                                                   
AC_ACCOUNT       8300                                                                                                                                                                                   
SA_MAN          10500                                                                                                                                                                                   
AC_MGR          12000                                                                                                                                                                                   
MK_MAN          13000                                                                                                                                                                                   

7 rows selected.

SQL> SELECT DEPARTMENT_ID , COUNT(*)
  2  FROM EMPLOYEES
  3  WHERE HIRE_DATE < '01-JAN-98'
  4  GROUP BY DEPARTMENT_ID
  5  HAVING JOB_ID NOT LIKE 'A%'
  6  ORDER BY 1;
HAVING JOB_ID NOT LIKE 'A%'
       *
ERROR at line 5:
ORA-00979: not a GROUP BY expression 


SQL> REM WHERE CLAUSE IS USED FOR NON-SUMMARY ITEM
SQL> 
SQL> REM HAVING CLAUSE IS USED FOR SUMMARY ITEM
SQL> 
SQL> REM HAVING CLAUSE SUPPORTS THOSE NON-SUMMARY ITEMS WHICH ARE PART OF GROUP BY CLAUSE
SQL> 
SQL> SELECT * FROM EMPLOYEES;

EMPLOYEE_ID FIRST_NAME      LAST_NAME       EMAIL      PHONE_NUMBER         HIRE_DATE JOB_ID         SALARY COMMISSION_PCT MANAGER_ID DEPARTMENT_ID                                                     
----------- --------------- --------------- ---------- -------------------- --------- ---------- ---------- -------------- ---------- -------------                                                     
        100 Steven          King            SKING      515.123.4567         17-JUL-87 AD_PRES         24000                                      90                                                     
        101 Neena           Kochhar         NKOCHHAR   515.123.4568         21-SEP-89 AD_VP           17000                       100            90                                                     
        102 Lex             De Haan         LDEHAAN    515.123.4569         13-JAN-93 AD_VP           17000                       100            90                                                     
        103 Alexander       Hunold          AHUNOLD    590.423.4567         03-JAN-90 IT_PROG          9000                       102            60                                                     
        104 Bruce           Ernst           BERNST     590.423.4568         21-MAY-91 IT_PROG          6000                       103            60                                                     
        107 Diana           Lorentz         DLORENTZ   590.423.5567         07-FEB-99 IT_PROG          4200                       103            60                                                     
        124 Kevin           Mourgos         KMOURGOS   650.123.5234         16-NOV-99 ST_MAN           5800                       100            50                                                     
        141 Trenna          Rajs            TRAJS      650.121.8009         17-OCT-95 ST_CLERK         3500                       124            50                                                     
        142 Curtis          Davies          CDAVIES    650.121.2994         29-JAN-97 ST_CLERK         3100                       124            50                                                     
        143 Randall         Matos           RMATOS     650.121.2874         15-MAR-98 ST_CLERK         2600                       124            50                                                     
        144 Peter           Vargas          PVARGAS    650.121.2004         09-JUL-98 ST_CLERK         2500                       124            50                                                     
        149 Eleni           Zlotkey         EZLOTKEY   011.44.1344.429018   29-JAN-00 SA_MAN          10500             .2        100            80                                                     
        174 Ellen           Abel            EABEL      011.44.1644.429267   11-MAY-96 SA_REP          11000             .3        149            80                                                     
        176 Jonathon        Taylor          JTAYLOR    011.44.1644.429265   24-MAR-98 SA_REP           8600             .3        149            80                                                     
        178 Kimerely        Grant           KGRANT     011.44.1644.429263   24-MAY-99 SA_REP           7000            .15        149                                                                   
        200 Jennifer        Whalen          JWHALEN    515.123.4444         17-SEP-87 AD_ASST          4400                       101            10                                                     
        201 Michael         Hartstein       MHARTSTE   515.123.5555         17-FEB-96 MK_MAN          13000                       100            20                                                     
        202 Pat             Fay             PFAY       603.123.6666         17-AUG-97 MK_REP           6000                       201            20                                                     
        205 Shelley         Higgins         SHIGGINS   515.123.8080         07-JUN-94 AC_MGR          12000                       101           110                                                     
        206 William         Gietz           WGIETZ     515.123.8181         07-JUN-94 AC_ACCOUNT       8300                       205           110                                                     

20 rows selected.

SQL> REM MANAGER_ID WISE HIGHEST SALARY FOR THOSE WHO REPORTS TO 100, 124 OR 149. INCLUDE ONLY THOSE EMPLOYEES WHO WERE HIRED AFTER YEAR 95.
SQL> 
SQL> SELECT MANAGER_ID , MAX(SALARY)
  2  FROM EMPLOYEES
  3  WHERE HIRE_DATE > '31-DEC-95'
  4  AND MANAGER_ID IN (100,124,149)
  5  GROUP BY MANAGER_ID;

MANAGER_ID MAX(SALARY)                                                                                                                                                                                  
---------- -----------                                                                                                                                                                                  
       100       13000                                                                                                                                                                                  
       149       11000                                                                                                                                                                                  
       124        3100                                                                                                                                                                                  

SQL> SELECT MANAGER_ID , MAX(SALARY)
  2  FROM EMPLOYEES
  3  WHERE HIRE_DATE > '31-DEC-95'
  4  HAVING MANAGER_ID IN (100,124,149)
  5  GROUP BY MANAGER_ID;

MANAGER_ID MAX(SALARY)                                                                                                                                                                                  
---------- -----------                                                                                                                                                                                  
       100       13000                                                                                                                                                                                  
       149       11000                                                                                                                                                                                  
       124        3100                                                                                                                                                                                  

SQL> SELECT MANAGER_ID,FIRST_NAME, SALARY FROM EMPLOYEES WHERE SALARY >= MAX(SALARY) AND MANAGER_ID IN (100,124,149) AND HIRE_DATE > '31-DEC-1995';
SELECT MANAGER_ID,FIRST_NAME, SALARY FROM EMPLOYEES WHERE SALARY >= MAX(SALARY) AND MANAGER_ID IN (100,124,149) AND HIRE_DATE > '31-DEC-1995'
                                                                    *
ERROR at line 1:
ORA-00934: group function is not allowed here 


SQL> SELECT * FROM EMPLOYEES;

EMPLOYEE_ID FIRST_NAME      LAST_NAME       EMAIL      PHONE_NUMBER         HIRE_DATE JOB_ID         SALARY COMMISSION_PCT MANAGER_ID DEPARTMENT_ID                                                     
----------- --------------- --------------- ---------- -------------------- --------- ---------- ---------- -------------- ---------- -------------                                                     
        100 Steven          King            SKING      515.123.4567         17-JUL-87 AD_PRES         24000                                      90                                                     
        101 Neena           Kochhar         NKOCHHAR   515.123.4568         21-SEP-89 AD_VP           17000                       100            90                                                     
        102 Lex             De Haan         LDEHAAN    515.123.4569         13-JAN-93 AD_VP           17000                       100            90                                                     
        103 Alexander       Hunold          AHUNOLD    590.423.4567         03-JAN-90 IT_PROG          9000                       102            60                                                     
        104 Bruce           Ernst           BERNST     590.423.4568         21-MAY-91 IT_PROG          6000                       103            60                                                     
        107 Diana           Lorentz         DLORENTZ   590.423.5567         07-FEB-99 IT_PROG          4200                       103            60                                                     
        124 Kevin           Mourgos         KMOURGOS   650.123.5234         16-NOV-99 ST_MAN           5800                       100            50                                                     
        141 Trenna          Rajs            TRAJS      650.121.8009         17-OCT-95 ST_CLERK         3500                       124            50                                                     
        142 Curtis          Davies          CDAVIES    650.121.2994         29-JAN-97 ST_CLERK         3100                       124            50                                                     
        143 Randall         Matos           RMATOS     650.121.2874         15-MAR-98 ST_CLERK         2600                       124            50                                                     
        144 Peter           Vargas          PVARGAS    650.121.2004         09-JUL-98 ST_CLERK         2500                       124            50                                                     
        149 Eleni           Zlotkey         EZLOTKEY   011.44.1344.429018   29-JAN-00 SA_MAN          10500             .2        100            80                                                     
        174 Ellen           Abel            EABEL      011.44.1644.429267   11-MAY-96 SA_REP          11000             .3        149            80                                                     
        176 Jonathon        Taylor          JTAYLOR    011.44.1644.429265   24-MAR-98 SA_REP           8600             .3        149            80                                                     
        178 Kimerely        Grant           KGRANT     011.44.1644.429263   24-MAY-99 SA_REP           7000            .15        149                                                                   
        200 Jennifer        Whalen          JWHALEN    515.123.4444         17-SEP-87 AD_ASST          4400                       101            10                                                     
        201 Michael         Hartstein       MHARTSTE   515.123.5555         17-FEB-96 MK_MAN          13000                       100            20                                                     
        202 Pat             Fay             PFAY       603.123.6666         17-AUG-97 MK_REP           6000                       201            20                                                     
        205 Shelley         Higgins         SHIGGINS   515.123.8080         07-JUN-94 AC_MGR          12000                       101           110                                                     
        206 William         Gietz           WGIETZ     515.123.8181         07-JUN-94 AC_ACCOUNT       8300                       205           110                                                     

20 rows selected.

SQL> SELECT COUNT(*) FROM EMPLOYEES;

  COUNT(*)                                                                                                                                                                                              
----------                                                                                                                                                                                              
        20                                                                                                                                                                                              

SQL> SELECT COUNT(*) FROM EMPLOYEES WHERE JOB_ID - 'IT_PROG';
SELECT COUNT(*) FROM EMPLOYEES WHERE JOB_ID - 'IT_PROG'
                                                      *
ERROR at line 1:
ORA-00920: invalid relational operator 


SQL> SELECT COUNT(*) FROM EMPLOYEES WHERE JOB_ID = 'IT_PROG';

  COUNT(*)                                                                                                                                                                                              
----------                                                                                                                                                                                              
         3                                                                                                                                                                                              

SQL> REM SYNTAX OF SELECT : SELECT ... FROM ... WHERE ... GROUP BY / HAVING ... ORDER BY ... OFFSET ... FETCH ...;
SQL> 
SQL> REM EXECUTION PRECEDENCE : FROM -> WHERE -> GROUP BY -> HAVING -> COLUMN ALIAS -> ORDER BY -> OFFSET -> FETCH -> SELECT
SQL> 
SQL> SELECT DEPARTMENT_ID , FIRST_NAME FROM EMPLOYEES ORDER BY 1;

DEPARTMENT_ID FIRST_NAME                                                                                                                                                                                
------------- ---------------                                                                                                                                                                           
           10 Jennifer                                                                                                                                                                                  
           20 Michael                                                                                                                                                                                   
           20 Pat                                                                                                                                                                                       
           50 Kevin                                                                                                                                                                                     
           50 Peter                                                                                                                                                                                     
           50 Randall                                                                                                                                                                                   
           50 Curtis                                                                                                                                                                                    
           50 Trenna                                                                                                                                                                                    
           60 Diana                                                                                                                                                                                     
           60 Bruce                                                                                                                                                                                     
           60 Alexander                                                                                                                                                                                 
           80 Ellen                                                                                                                                                                                     
           80 Eleni                                                                                                                                                                                     
           80 Jonathon                                                                                                                                                                                  
           90 Lex                                                                                                                                                                                       
           90 Steven                                                                                                                                                                                    
           90 Neena                                                                                                                                                                                     
          110 William                                                                                                                                                                                   
          110 Shelley                                                                                                                                                                                   
              Kimerely                                                                                                                                                                                  

20 rows selected.

SQL> SELECT DEPARTMENT_ID , COUNT(*) FROM EMPLOYEES GROUP BY DEPARTMENT_ID ORDER BY 1
  2  
SQL> REM GROUP BY STEP 1 : 10 , 20 , 50 , 60 , 80 , 90 , 110 , NULL
SQL> 
SQL> REM 10 : Jennifer
SQL> 
SQL> REM 20 : Michael , Pat
SQL> 
SQL> REM 50 : Keving , Peter , Randall , Curtis , Trenna
SQL> 
SQL> REM 60 : Diana , Bruce , Alexander
SQL> 
SQL> REM 80 : Ellen , Eleni , Jonathon
SQL> 
SQL> REM 90 : Lex , Steven , Neena
SQL> 
SQL> REM 110 : William , Shelley
SQL> 
SQL> REM NULL : Kimerely
SQL> 
SQL> REM 10 : 1
SQL> 
SQL> REM 20 : 2
SQL> 
SQL> REM 50 : 5
SQL> 
SQL> REM 60 : 3
SQL> 
SQL> REM 80 : 3
SQL> 
SQL> REM 90 : 3
SQL> 
SQL> REM 110 : 2
SQL> 
SQL> REM NULL : 1
SQL> 
SQL> SELECT DEPARTMENT_ID , COUNT(*) FROM EMPLOYEES GROUP BY DEPARTMENT_ID ORDER BY 1;

DEPARTMENT_ID   COUNT(*)                                                                                                                                                                                
------------- ----------                                                                                                                                                                                
           10          1                                                                                                                                                                                
           20          2                                                                                                                                                                                
           50          5                                                                                                                                                                                
           60          3                                                                                                                                                                                
           80          3                                                                                                                                                                                
           90          3                                                                                                                                                                                
          110          2                                                                                                                                                                                
                       1                                                                                                                                                                                

8 rows selected.

SQL> SELECT JOB_ID , SALARY FROM EMPLOYEES ORDER BY 1,2;

JOB_ID         SALARY                                                                                                                                                                                   
---------- ----------                                                                                                                                                                                   
AC_ACCOUNT       8300                                                                                                                                                                                   
AC_MGR          12000                                                                                                                                                                                   
AD_ASST          4400                                                                                                                                                                                   
AD_PRES         24000                                                                                                                                                                                   
AD_VP           17000                                                                                                                                                                                   
AD_VP           17000                                                                                                                                                                                   
IT_PROG          4200                                                                                                                                                                                   
IT_PROG          6000                                                                                                                                                                                   
IT_PROG          9000                                                                                                                                                                                   
MK_MAN          13000                                                                                                                                                                                   
MK_REP           6000                                                                                                                                                                                   
SA_MAN          10500                                                                                                                                                                                   
SA_REP           7000                                                                                                                                                                                   
SA_REP           8600                                                                                                                                                                                   
SA_REP          11000                                                                                                                                                                                   
ST_CLERK         2500                                                                                                                                                                                   
ST_CLERK         2600                                                                                                                                                                                   
ST_CLERK         3100                                                                                                                                                                                   
ST_CLERK         3500                                                                                                                                                                                   
ST_MAN           5800                                                                                                                                                                                   

20 rows selected.

SQL> SELECT JOB_ID , MAX(SALARY) FROM EMPLOYEES GROUP BY JOB_ID ORDER BY 1,2;

JOB_ID     MAX(SALARY)                                                                                                                                                                                  
---------- -----------                                                                                                                                                                                  
AC_ACCOUNT        8300                                                                                                                                                                                  
AC_MGR           12000                                                                                                                                                                                  
AD_ASST           4400                                                                                                                                                                                  
AD_PRES          24000                                                                                                                                                                                  
AD_VP            17000                                                                                                                                                                                  
IT_PROG           9000                                                                                                                                                                                  
MK_MAN           13000                                                                                                                                                                                  
MK_REP            6000                                                                                                                                                                                  
SA_MAN           10500                                                                                                                                                                                  
SA_REP           11000                                                                                                                                                                                  
ST_CLERK          3500                                                                                                                                                                                  
ST_MAN            5800                                                                                                                                                                                  

12 rows selected.

SQL> SELECT DEPARTMENT_ID , SALARY FROM EMPLOYEES ORDER BY 1;

DEPARTMENT_ID     SALARY                                                                                                                                                                                
------------- ----------                                                                                                                                                                                
           10       4400                                                                                                                                                                                
           20      13000                                                                                                                                                                                
           20       6000                                                                                                                                                                                
           50       5800                                                                                                                                                                                
           50       2500                                                                                                                                                                                
           50       2600                                                                                                                                                                                
           50       3100                                                                                                                                                                                
           50       3500                                                                                                                                                                                
           60       4200                                                                                                                                                                                
           60       6000                                                                                                                                                                                
           60       9000                                                                                                                                                                                
           80      11000                                                                                                                                                                                
           80      10500                                                                                                                                                                                
           80       8600                                                                                                                                                                                
           90      17000                                                                                                                                                                                
           90      24000                                                                                                                                                                                
           90      17000                                                                                                                                                                                
          110       8300                                                                                                                                                                                
          110      12000                                                                                                                                                                                
                    7000                                                                                                                                                                                

20 rows selected.

SQL> SELECT DEPARTMENT_ID , MIN(SALARY)
  2  FROM EMPLOYEES
  3  GROUP BY DEPARTMENT_ID
  4  HAVING AVG(SALARY) > 10000
  5  ORDER BY MAX(SALARY) DESC;

DEPARTMENT_ID MIN(SALARY)                                                                                                                                                                               
------------- -----------                                                                                                                                                                               
           90       17000                                                                                                                                                                               
          110        8300                                                                                                                                                                               
           80        8600                                                                                                                                                                               

SQL> SELECT MANAGER_ID , HIRE_DATE FROM EMPLOYEES ORDER BY 1;

MANAGER_ID HIRE_DATE                                                                                                                                                                                    
---------- ---------                                                                                                                                                                                    
       100 17-FEB-96                                                                                                                                                                                    
       100 21-SEP-89                                                                                                                                                                                    
       100 13-JAN-93                                                                                                                                                                                    
       100 29-JAN-00                                                                                                                                                                                    
       100 16-NOV-99                                                                                                                                                                                    
       101 07-JUN-94                                                                                                                                                                                    
       101 17-SEP-87                                                                                                                                                                                    
       102 03-JAN-90                                                                                                                                                                                    
       103 21-MAY-91                                                                                                                                                                                    
       103 07-FEB-99                                                                                                                                                                                    
       124 29-JAN-97                                                                                                                                                                                    
       124 15-MAR-98                                                                                                                                                                                    
       124 09-JUL-98                                                                                                                                                                                    
       124 17-OCT-95                                                                                                                                                                                    
       149 24-MAY-99                                                                                                                                                                                    
       149 11-MAY-96                                                                                                                                                                                    
       149 24-MAR-98                                                                                                                                                                                    
       201 17-AUG-97                                                                                                                                                                                    
       205 07-JUN-94                                                                                                                                                                                    
           17-JUL-87                                                                                                                                                                                    

20 rows selected.

SQL> SELECT MANAGER_ID , MAX(HIRE_DATE) FROM EMPLOYEES GROUP BY MANAGER_ID ORDER BY 1;

MANAGER_ID MAX(HIRE_                                                                                                                                                                                    
---------- ---------                                                                                                                                                                                    
       100 29-JAN-00                                                                                                                                                                                    
       101 07-JUN-94                                                                                                                                                                                    
       102 03-JAN-90                                                                                                                                                                                    
       103 07-FEB-99                                                                                                                                                                                    
       124 09-JUL-98                                                                                                                                                                                    
       149 24-MAY-99                                                                                                                                                                                    
       201 17-AUG-97                                                                                                                                                                                    
       205 07-JUN-94                                                                                                                                                                                    
           17-JUL-87                                                                                                                                                                                    

9 rows selected.

SQL> SELECT MANAGER_ID , MAX(HIRE_DATE) FROM EMPLOYEES GROUP BY MANAGER_ID HAVING MAX(HIRE_DATE> '31-DEC-97' ORDER BY 1;
SELECT MANAGER_ID , MAX(HIRE_DATE) FROM EMPLOYEES GROUP BY MANAGER_ID HAVING MAX(HIRE_DATE> '31-DEC-97' ORDER BY 1
                                                                                          *
ERROR at line 1:
ORA-00907: missing right parenthesis 


SQL> SELECT MANAGER_ID , MAX(HIRE_DATE) FROM EMPLOYEES GROUP BY MANAGER_ID HAVING MAX(HIRE_DATE) > '31-DEC-97' ORDER BY 1;

MANAGER_ID MAX(HIRE_                                                                                                                                                                                    
---------- ---------                                                                                                                                                                                    
       100 29-JAN-00                                                                                                                                                                                    
       103 07-FEB-99                                                                                                                                                                                    
       124 09-JUL-98                                                                                                                                                                                    
       149 24-MAY-99                                                                                                                                                                                    

SQL> REM DISPLAY HIRE YEAR WISE , COUNT OF EMPLOYEES HIRED.
SQL> 
SQL> SELECT  HIRE_DATE, COUNT(*) FROM EMPLOYEES GROUP BY TO_CHAR(HIRE_DATE,'YY');
SELECT  HIRE_DATE, COUNT(*) FROM EMPLOYEES GROUP BY TO_CHAR(HIRE_DATE,'YY')
        *
ERROR at line 1:
ORA-00979: not a GROUP BY expression 


SQL> SELECT  TO_CHAR(HIRE_DATE,'YY') , COUNT(*) FROM EMPLOYEES GROUP BY TO_CHAR(HIRE_DATE,'YY');

TO   COUNT(*)                                                                                                                                                                                           
-- ----------                                                                                                                                                                                           
99          3                                                                                                                                                                                           
87          2                                                                                                                                                                                           
93          1                                                                                                                                                                                           
97          2                                                                                                                                                                                           
00          1                                                                                                                                                                                           
89          1                                                                                                                                                                                           
95          1                                                                                                                                                                                           
94          2                                                                                                                                                                                           
98          3                                                                                                                                                                                           
90          1                                                                                                                                                                                           
91          1                                                                                                                                                                                           
96          2                                                                                                                                                                                           

12 rows selected.

SQL> SELECT  TO_CHAR(HIRE_DATE,'RR') , COUNT(*) FROM EMPLOYEES GROUP BY TO_CHAR(HIRE_DATE,'YY');
SELECT  TO_CHAR(HIRE_DATE,'RR') , COUNT(*) FROM EMPLOYEES GROUP BY TO_CHAR(HIRE_DATE,'YY')
                *
ERROR at line 1:
ORA-00979: not a GROUP BY expression 


SQL> SELECT  TO_CHAR(HIRE_DATE,'RRRR') YEAR, COUNT(*) FROM EMPLOYEES GROUP BY TO_CHAR(HIRE_DATE,'RRRR');

YEAR   COUNT(*)                                                                                                                                                                                         
---- ----------                                                                                                                                                                                         
1987          2                                                                                                                                                                                         
1997          2                                                                                                                                                                                         
2000          1                                                                                                                                                                                         
1994          2                                                                                                                                                                                         
1991          1                                                                                                                                                                                         
1995          1                                                                                                                                                                                         
1990          1                                                                                                                                                                                         
1989          1                                                                                                                                                                                         
1993          1                                                                                                                                                                                         
1999          3                                                                                                                                                                                         
1996          2                                                                                                                                                                                         
1998          3                                                                                                                                                                                         

12 rows selected.

SQL> REM DISPLAY HIRE YEAR WISE , COUNT OF EMPLOYEES HIRED FOR THOSE YEARS IN WHICH ONLY 2 EMPLOYEES WERE HIRED.
SQL> 
SQL> SELECT  TO_CHAR(HIRE_DATE,'RRRR') YEAR, COUNT(*) FROM EMPLOYEES GROUP BY TO_CHAR(HIRE_DATE,'RRRR') HAVING COUNT(*) = 2;

YEAR   COUNT(*)                                                                                                                                                                                         
---- ----------                                                                                                                                                                                         
1987          2                                                                                                                                                                                         
1997          2                                                                                                                                                                                         
1994          2                                                                                                                                                                                         
1996          2                                                                                                                                                                                         

SQL> REM DISPLAY HIRE YEAR WISE , COUNT OF EMPLOYEES HIRED FOR THOSE YEARS IN WHICH LESS THAN 2 OR HIGHER THAN 2 EMPLOYEES WERE HIRED.
SQL> 
SQL> SELECT  TO_CHAR(HIRE_DATE,'RRRR') YEAR, COUNT(*) FROM EMPLOYEES GROUP BY TO_CHAR(HIRE_DATE,'RRRR') HAVING COUNT(*) != 2;

YEAR   COUNT(*)                                                                                                                                                                                         
---- ----------                                                                                                                                                                                         
2000          1                                                                                                                                                                                         
1991          1                                                                                                                                                                                         
1995          1                                                                                                                                                                                         
1990          1                                                                                                                                                                                         
1989          1                                                                                                                                                                                         
1993          1                                                                                                                                                                                         
1999          3                                                                                                                                                                                         
1998          3                                                                                                                                                                                         

8 rows selected.

SQL> SELECT  TO_CHAR(HIRE_DATE,'RRRR') YEAR, COUNT(*) FROM EMPLOYEES GROUP BY TO_CHAR(HIRE_DATE,'RRRR') HAVING NOT COUNT(*) = 2;

YEAR   COUNT(*)                                                                                                                                                                                         
---- ----------                                                                                                                                                                                         
2000          1                                                                                                                                                                                         
1991          1                                                                                                                                                                                         
1995          1                                                                                                                                                                                         
1990          1                                                                                                                                                                                         
1989          1                                                                                                                                                                                         
1993          1                                                                                                                                                                                         
1999          3                                                                                                                                                                                         
1998          3                                                                                                                                                                                         

8 rows selected.

SQL> SELECT  TO_CHAR(HIRE_DATE,'RRRR') YEAR, COUNT(*) FROM EMPLOYEES GROUP BY TO_CHAR(HIRE_DATE,'RRRR') HAVING COUNT(*) NOT IN 2;

YEAR   COUNT(*)                                                                                                                                                                                         
---- ----------                                                                                                                                                                                         
2000          1                                                                                                                                                                                         
1991          1                                                                                                                                                                                         
1995          1                                                                                                                                                                                         
1990          1                                                                                                                                                                                         
1989          1                                                                                                                                                                                         
1993          1                                                                                                                                                                                         
1999          3                                                                                                                                                                                         
1998          3                                                                                                                                                                                         

8 rows selected.

SQL> REN NESTED SUMMARY FUNCTIONS
SP2-0734: unknown command beginning "REN NESTED..." - rest of line ignored.
SQL> 
SQL> REM NESTED SUMMARY FUNCTIONS
SQL> 
SQL> REM SUMMARY FUNCTION WITHIN ANOTHER SUMMARY FUNCTION
SQL> 
SQL> REM WE CAN NEST SUMMARY FUNCTION ONLY UPTO TWO LEVELS
SQL> 
SQL> REM WHEN WE USE NESTED SUMMARY FUNTION(S), GROUP BY CLAUSE IS MANDATORY
SQL> 
SQL> REM WHEN WE LIST NESTED SUMMARY FUNCTION, ALL OTHER ITEMS OF SELECT MUST BE NESTED SUMMARY ITEM ONLY. EXCEPTION : COUNT..
SQL> 
SQL> 
SQL> SELECT COUNT(*) FROM EMPLOYEES GROUP BY DEPARTMENT_ID;

  COUNT(*)                                                                                                                                                                                              
----------                                                                                                                                                                                              
         1                                                                                                                                                                                              
         3                                                                                                                                                                                              
         2                                                                                                                                                                                              
         2                                                                                                                                                                                              
         5                                                                                                                                                                                              
         3                                                                                                                                                                                              
         3                                                                                                                                                                                              
         1                                                                                                                                                                                              

8 rows selected.

SQL> REM DISPLAY HIGHEST AVERAGE SALARY PAID TO DEPARTMENT
SQL> 
SQL> SELECT AVG(SALARY) FROM EMPLOYEES GROUP BY DEPARTMENT_ID;

AVG(SALARY)                                                                                                                                                                                             
-----------                                                                                                                                                                                             
       7000                                                                                                                                                                                             
 19333.3333                                                                                                                                                                                             
       9500                                                                                                                                                                                             
      10150                                                                                                                                                                                             
       3500                                                                                                                                                                                             
 10033.3333                                                                                                                                                                                             
       6400                                                                                                                                                                                             
       4400                                                                                                                                                                                             

8 rows selected.

SQL> SELECT MAX(AVG(SALARY)) FROM EMPLOYEES GROUP BY DEPARTMENT_ID;

MAX(AVG(SALARY))                                                                                                                                                                                        
----------------                                                                                                                                                                                        
      19333.3333                                                                                                                                                                                        

SQL> SELECT MAX(AVG(SALARY)) , MIN(AVG(SALARY)) FROM EMPLOYEES GROUP BY DEPARTMENT_ID;

MAX(AVG(SALARY)) MIN(AVG(SALARY))                                                                                                                                                                       
---------------- ----------------                                                                                                                                                                       
      19333.3333             3500                                                                                                                                                                       

SQL> SELECT DEPARTMENT_ID , MAX(AVG(SALARY)) , MIN(AVG(SALARY)) FROM EMPLOYEES GROUP BY DEPARTMENT_ID;
SELECT DEPARTMENT_ID , MAX(AVG(SALARY)) , MIN(AVG(SALARY)) FROM EMPLOYEES GROUP BY DEPARTMENT_ID
       *
ERROR at line 1:
ORA-00937: not a single-group group function 


SQL> SELECT AVG(SALARY) , MAX(AVG(SALARY)) , MIN(AVG(SALARY)) FROM EMPLOYEES GROUP BY DEPARTMENT_ID;
SELECT AVG(SALARY) , MAX(AVG(SALARY)) , MIN(AVG(SALARY)) FROM EMPLOYEES GROUP BY DEPARTMENT_ID
           *
ERROR at line 1:
ORA-00979: not a GROUP BY expression 


SQL> SELECT MIN(SALARY) , MAX(AVG(SALARY)) , MIN(AVG(SALARY)) FROM EMPLOYEES GROUP BY DEPARTMENT_ID;
SELECT MIN(SALARY) , MAX(AVG(SALARY)) , MIN(AVG(SALARY)) FROM EMPLOYEES GROUP BY DEPARTMENT_ID
           *
ERROR at line 1:
ORA-00979: not a GROUP BY expression 


SQL> SELECT COUNT(SALARY) , MAX(AVG(SALARY)) , MIN(AVG(SALARY)) FROM EMPLOYEES GROUP BY DEPARTMENT_ID;
SELECT COUNT(SALARY) , MAX(AVG(SALARY)) , MIN(AVG(SALARY)) FROM EMPLOYEES GROUP BY DEPARTMENT_ID
             *
ERROR at line 1:
ORA-00979: not a GROUP BY expression 


SQL> SELECT COUNT(DEPARMENT_ID), COUNT(*) , MAX(AVG(SALARY)) , MIN(AVG(SALARY)) FROM EMPLOYEES GROUP BY DEPARTMENT_ID;
SELECT COUNT(DEPARMENT_ID), COUNT(*) , MAX(AVG(SALARY)) , MIN(AVG(SALARY)) FROM EMPLOYEES GROUP BY DEPARTMENT_ID
             *
ERROR at line 1:
ORA-00904: "DEPARMENT_ID": invalid identifier 


SQL> SELECT COUNT(DEPARTMENT_ID), COUNT(*) , MAX(AVG(SALARY)) , MIN(AVG(SALARY)) FROM EMPLOYEES GROUP BY DEPARTMENT_ID;

COUNT(DEPARTMENT_ID)   COUNT(*) MAX(AVG(SALARY)) MIN(AVG(SALARY))                                                                                                                                       
-------------------- ---------- ---------------- ----------------                                                                                                                                       
                   7          8       19333.3333             3500                                                                                                                                       

SQL> SELECT COUNT(JOB_ID), COUNT(*) , MAX(AVG(SALARY)) , MIN(AVG(SALARY)) FROM EMPLOYEES GROUP BY DEPARTMENT_ID;

COUNT(JOB_ID)   COUNT(*) MAX(AVG(SALARY)) MIN(AVG(SALARY))                                                                                                                                              
------------- ---------- ---------------- ----------------                                                                                                                                              
            8          8       19333.3333             3500                                                                                                                                              

SQL> SELECT MAX(AVG(SALARY)) FROM EMPLOYEES GROUP BY DEPARTMENT_ID;

MAX(AVG(SALARY))                                                                                                                                                                                        
----------------                                                                                                                                                                                        
      19333.3333                                                                                                                                                                                        

SQL> SELECT SUM(MAX(AVG(SALARY))) FROM EMPLOYEES GROUP BY DEPARTMENT_ID;
SELECT SUM(MAX(AVG(SALARY))) FROM EMPLOYEES GROUP BY DEPARTMENT_ID
               *
ERROR at line 1:
ORA-00935: group function is nested too deeply 


SQL> SELECT MAX(AVG(SALARY)) FROM EMPLOYEES;
SELECT MAX(AVG(SALARY)) FROM EMPLOYEES
           *
ERROR at line 1:
ORA-00978: nested group function without GROUP BY 


SQL> REM DISPLAY LOWEST AVERAGE SALARY AND HIGHEST AVERAGE SALARY PAID FOR JOB_ID
SQL> 
SQL> SELECT MIN(AVG(SALARY)) , MAX(AVG(SALARY)) FROM EMPLOYEES GROUP BY JOB_ID;

MIN(AVG(SALARY)) MAX(AVG(SALARY))                                                                                                                                                                       
---------------- ----------------                                                                                                                                                                       
            2925            24000                                                                                                                                                                       

SQL> REM DISPLAY HIREDATES ON WHICH FIRST AND LAST EMPLOYEES WAS HIRED JOB_ID WISE.
SQL> 
SQL> SELECT MIN(HIRE_DATE), MAX(HIRE_DATE) FROM EMPLOYEES GROUP BY JOB_ID;

MIN(HIRE_ MAX(HIRE_                                                                                                                                                                                     
--------- ---------                                                                                                                                                                                     
03-JAN-90 07-FEB-99                                                                                                                                                                                     
07-JUN-94 07-JUN-94                                                                                                                                                                                     
07-JUN-94 07-JUN-94                                                                                                                                                                                     
16-NOV-99 16-NOV-99                                                                                                                                                                                     
17-SEP-87 17-SEP-87                                                                                                                                                                                     
21-SEP-89 13-JAN-93                                                                                                                                                                                     
29-JAN-00 29-JAN-00                                                                                                                                                                                     
17-FEB-96 17-FEB-96                                                                                                                                                                                     
17-JUL-87 17-JUL-87                                                                                                                                                                                     
11-MAY-96 24-MAY-99                                                                                                                                                                                     
17-AUG-97 17-AUG-97                                                                                                                                                                                     
17-OCT-95 09-JUL-98                                                                                                                                                                                     

12 rows selected.

SQL> SELECT MIN(MIN(HIRE_DATE)),MAX(MAX(HIRE_DATE)) FROM EMPLOYEES GROUP BY JOB_ID;

MIN(MIN(H MAX(MAX(H                                                                                                                                                                                     
--------- ---------                                                                                                                                                                                     
17-JUL-87 29-JAN-00                                                                                                                                                                                     

SQL> SELECT JOB_ID , MIN(HIRE_DATE), MAX(HIRE_DATE) FROM EMPLOYEES GROUP BY JOB_ID;

JOB_ID     MIN(HIRE_ MAX(HIRE_                                                                                                                                                                          
---------- --------- ---------                                                                                                                                                                          
IT_PROG    03-JAN-90 07-FEB-99                                                                                                                                                                          
AC_MGR     07-JUN-94 07-JUN-94                                                                                                                                                                          
AC_ACCOUNT 07-JUN-94 07-JUN-94                                                                                                                                                                          
ST_MAN     16-NOV-99 16-NOV-99                                                                                                                                                                          
AD_ASST    17-SEP-87 17-SEP-87                                                                                                                                                                          
AD_VP      21-SEP-89 13-JAN-93                                                                                                                                                                          
SA_MAN     29-JAN-00 29-JAN-00                                                                                                                                                                          
MK_MAN     17-FEB-96 17-FEB-96                                                                                                                                                                          
AD_PRES    17-JUL-87 17-JUL-87                                                                                                                                                                          
SA_REP     11-MAY-96 24-MAY-99                                                                                                                                                                          
MK_REP     17-AUG-97 17-AUG-97                                                                                                                                                                          
ST_CLERK   17-OCT-95 09-JUL-98                                                                                                                                                                          

12 rows selected.

SQL> SELECT JOB_ID , MIN(MIN(HIRE_DATE)),MAX(MAX(HIRE_DATE)) FROM EMPLOYEES GROUP BY JOB_ID;
SELECT JOB_ID , MIN(MIN(HIRE_DATE)),MAX(MAX(HIRE_DATE)) FROM EMPLOYEES GROUP BY JOB_ID
       *
ERROR at line 1:
ORA-00937: not a single-group group function 


SQL> REM DISPLAY DEPARTMENT_ID WISE COUNT OF LOWEST AND HIGHEST EMPLOYEES HIRED.
SQL> 
SQL> REM DISPLAY LOWEST COUNT OF EMPLOYEES AND HIGHEST COUNT OF EMPLOYEES DEPARTMENT WISE.
SQL> 
SQL> SELECT  MIN(COUNT(*)),MAX(COUNT(*)) FROM EMPLOYEES GROUP BY DEPARTMENT_ID;

MIN(COUNT(*)) MAX(COUNT(*))                                                                                                                                                                             
------------- -------------                                                                                                                                                                             
            1             5                                                                                                                                                                             

SQL> SELECT DEPARTMENT_ID, COUNT(MAX(*)),COUNT(MIN(*))  FROM EMPLOYEES GROUP BY DEPARTMENT_ID;
SELECT DEPARTMENT_ID, COUNT(MAX(*)),COUNT(MIN(*))  FROM EMPLOYEES GROUP BY DEPARTMENT_ID
                                *
ERROR at line 1:
ORA-00936: missing expression 


SQL> SELECT MIN(COUNT(*)) , MAX(COUNT(*)) FROM EMPLOYEES GROUP BY DEPARTMENT_ID;

MIN(COUNT(*)) MAX(COUNT(*))                                                                                                                                                                             
------------- -------------                                                                                                                                                                             
            1             5                                                                                                                                                                             

SQL> SPOOL OFF
