SQL> 
SQL> 
SQL> REM 6 SORT ROWS ON DEPARTMENT_ID COLUMN. DISPLAY FIRST_NAME , DEPARTMENT_ID. DISPLAY 5 OR MORE ROWS WITH DUPLICATE VALUES.
SQL> 
SQL> SELECT FIRST_NAME , DEPARTMENT_ID
  2  FROM EMPLOYEES
  3  ORDER BY 2
  4  FETCH FIRST 5 ROWS WITH TIES;

FIRST_NAME      DEPARTMENT_ID                                                   
--------------- -------------                                                   
Jennifer                   10                                                   
Michael                    20                                                   
Pat                        20                                                   
Kevin                      50                                                   
Peter                      50                                                   
Randall                    50                                                   
Curtis                     50                                                   
Trenna                     50                                                   

8 rows selected.

SQL> REM 16 DISPLAY LAST_NAME , MANAGER_ID. SORT ON MANAGER_ID. START WITH 4TH ROW AND DISPLAY 8 ROWS WITH EXTRA ROWS.
SQL> 
SQL> SELECT LAST_NAME , MANAGER_ID
  2  FROM EMPLOYEES
  3  ORDER BY 2
  4  OFFSET 3 ROWS
  5  FETCH FIRST 8 ROWS WITH TIES;

LAST_NAME       MANAGER_ID                                                      
--------------- ----------                                                      
Mourgos                100                                                      
De Haan                100                                                      
Whalen                 101                                                      
Higgins                101                                                      
Hunold                 102                                                      
Ernst                  103                                                      
Lorentz                103                                                      
Rajs                   124                                                      
Vargas                 124                                                      
Matos                  124                                                      
Davies                 124                                                      

11 rows selected.

SQL> REM 20 DISPLAY FIRST_NAME , DEPARTMENT_ID. SORT ON DEPARTMENT_ID COLUMN. START WITH 5TH ROW AND DISPLAY 5 OR MORE ROWS WITH DIPLICATES.
SQL> 
SQL> SELECT FIRST_NAME , DEPARTMENT_ID
  2  FROM EMPLOYEES
  3  ORDER BY 2
  4  OFFSET 4 ROWS
  5  FETCH NEXT 5 ROWS WITH TIES;

FIRST_NAME      DEPARTMENT_ID                                                   
--------------- -------------                                                   
Peter                      50                                                   
Randall                    50                                                   
Curtis                     50                                                   
Trenna                     50                                                   
Alexander                  60                                                   
Diana                      60                                                   
Bruce                      60                                                   

7 rows selected.

SQL> REM RESTRICTION/SELECTION : TO DISPLAY ONLY THOSE ROWS WHICH SATISFIES OUR CONDITION(S).
SQL> 
SQL> REM TO RESTRICTION OUR RESULT SET, WE USE WHERE CLAUSE.
SQL> 
SQL> REM SYNTAX OF SELECT : SELECT ... FROM ... WHERE ... ORDER BY ... OFFSET ... FETCH ...;
SQL> 
SQL> REM SYNTAX OF WHERE : WHERE CONDITION(s)
SQL> 
SQL> REM SYNTAX OF CONDITION : OPERAND1 OPERATOR OPERAND2
SQL> 
SQL> REM OPERAND MEANS WHAT TO COMPARE OR WITH WHAT TO COMPARE
SQL> 
SQL> REM OPERATOR DECIDES WHETHER THE CONDITION IS TRUE OR FALSE
SQL> 
SQL> REM EXAMPLE OF CONDITION : SALARY > 10000
SQL> 
SQL> REM SALARY IS OPERAND1
SQL> 
SQL> REM > IS OPERATOR
SQL> 
SQL> REM 10000 OPERAND2
SQL> 
SQL> REM AS OPERAND WE CAN USE COLUMN NAME , LITERAL VALUES, EXPRESSION, FUNCTION, PSEUDOCOLUMN , SUB QUERY
SQL> 
SQL> REM EXPRESSION : SALARY * 12 , FIRST_NAME || LAST_NAME
SQL> 
SQL> REM FUNCTIONS : POWER(5,2) , NVL(COMMISSION_PCT,0)
SQL> 
SQL> REM PSEUDOCOLUMNS : ROWNUM , ROWID , NEXTVAL ,CURRVAL
SQL> 
SQL> REM SUB QUERY : SELECT STATEMENT
SQL> 
SQL> REM COLUMN NAME : SALARY
SQL> 
SQL> REM LITERAL VALUE : 10000 , '31-DEC-95' , 'IT_PROG'
SQL> 
SQL> 
SQL> REM NUMERICAL LITERALS ARE USED DIRECTLY WITHOUT ANY QUOTATIONS
SQL> 
SQL> REM NON-NUMERICAL LITERALS ARE ALWAYS DELIMITED WITH SINGLE QUOTES
SQL> 
SQL> REM CHARACTER COMPARISONS ARE CASE SENSITIVE
SQL> 
SQL> REM DATE COMPARISONS ARE FORMAT SENSITIVE
SQL> 
SQL> REM DISPLAY THOSE EMPLOYEES WHO GETS HIGHER SALARY THAN 10000
SQL> 
SQL> SELECT * FROM EMPLOYEES;

EMPLOYEE_ID FIRST_NAME      LAST_NAME       EMAIL      PHONE_NUMBER             
----------- --------------- --------------- ---------- --------------------     
HIRE_DATE JOB_ID         SALARY COMMISSION_PCT MANAGER_ID DEPARTMENT_ID         
--------- ---------- ---------- -------------- ---------- -------------         
        100 Steven          King            SKING      515.123.4567             
17-JUL-87 AD_PRES         24000                                      90         
                                                                                
        101 Neena           Kochhar         NKOCHHAR   515.123.4568             
21-SEP-89 AD_VP           17000                       100            90         
                                                                                
        102 Lex             De Haan         LDEHAAN    515.123.4569             
13-JAN-93 AD_VP           17000                       100            90         
                                                                                

EMPLOYEE_ID FIRST_NAME      LAST_NAME       EMAIL      PHONE_NUMBER             
----------- --------------- --------------- ---------- --------------------     
HIRE_DATE JOB_ID         SALARY COMMISSION_PCT MANAGER_ID DEPARTMENT_ID         
--------- ---------- ---------- -------------- ---------- -------------         
        103 Alexander       Hunold          AHUNOLD    590.423.4567             
03-JAN-90 IT_PROG          9000                       102            60         
                                                                                
        104 Bruce           Ernst           BERNST     590.423.4568             
21-MAY-91 IT_PROG          6000                       103            60         
                                                                                
        107 Diana           Lorentz         DLORENTZ   590.423.5567             
07-FEB-99 IT_PROG          4200                       103            60         
                                                                                

EMPLOYEE_ID FIRST_NAME      LAST_NAME       EMAIL      PHONE_NUMBER             
----------- --------------- --------------- ---------- --------------------     
HIRE_DATE JOB_ID         SALARY COMMISSION_PCT MANAGER_ID DEPARTMENT_ID         
--------- ---------- ---------- -------------- ---------- -------------         
        124 Kevin           Mourgos         KMOURGOS   650.123.5234             
16-NOV-99 ST_MAN           5800                       100            50         
                                                                                
        141 Trenna          Rajs            TRAJS      650.121.8009             
17-OCT-95 ST_CLERK         3500                       124            50         
                                                                                
        142 Curtis          Davies          CDAVIES    650.121.2994             
29-JAN-97 ST_CLERK         3100                       124            50         
                                                                                

EMPLOYEE_ID FIRST_NAME      LAST_NAME       EMAIL      PHONE_NUMBER             
----------- --------------- --------------- ---------- --------------------     
HIRE_DATE JOB_ID         SALARY COMMISSION_PCT MANAGER_ID DEPARTMENT_ID         
--------- ---------- ---------- -------------- ---------- -------------         
        143 Randall         Matos           RMATOS     650.121.2874             
15-MAR-98 ST_CLERK         2600                       124            50         
                                                                                
        144 Peter           Vargas          PVARGAS    650.121.2004             
09-JUL-98 ST_CLERK         2500                       124            50         
                                                                                
        149 Eleni           Zlotkey         EZLOTKEY   011.44.1344.429018       
29-JAN-00 SA_MAN          10500             .2        100            80         
                                                                                

EMPLOYEE_ID FIRST_NAME      LAST_NAME       EMAIL      PHONE_NUMBER             
----------- --------------- --------------- ---------- --------------------     
HIRE_DATE JOB_ID         SALARY COMMISSION_PCT MANAGER_ID DEPARTMENT_ID         
--------- ---------- ---------- -------------- ---------- -------------         
        174 Ellen           Abel            EABEL      011.44.1644.429267       
11-MAY-96 SA_REP          11000             .3        149            80         
                                                                                
        176 Jonathon        Taylor          JTAYLOR    011.44.1644.429265       
24-MAR-98 SA_REP           8600             .3        149            80         
                                                                                
        178 Kimerely        Grant           KGRANT     011.44.1644.429263       
24-MAY-99 SA_REP           7000            .15        149                       
                                                                                

EMPLOYEE_ID FIRST_NAME      LAST_NAME       EMAIL      PHONE_NUMBER             
----------- --------------- --------------- ---------- --------------------     
HIRE_DATE JOB_ID         SALARY COMMISSION_PCT MANAGER_ID DEPARTMENT_ID         
--------- ---------- ---------- -------------- ---------- -------------         
        200 Jennifer        Whalen          JWHALEN    515.123.4444             
17-SEP-87 AD_ASST          4400                       101            10         
                                                                                
        201 Michael         Hartstein       MHARTSTE   515.123.5555             
17-FEB-96 MK_MAN          13000                       100            20         
                                                                                
        202 Pat             Fay             PFAY       603.123.6666             
17-AUG-97 MK_REP           6000                       201            20         
                                                                                

EMPLOYEE_ID FIRST_NAME      LAST_NAME       EMAIL      PHONE_NUMBER             
----------- --------------- --------------- ---------- --------------------     
HIRE_DATE JOB_ID         SALARY COMMISSION_PCT MANAGER_ID DEPARTMENT_ID         
--------- ---------- ---------- -------------- ---------- -------------         
        205 Shelley         Higgins         SHIGGINS   515.123.8080             
07-JUN-94 AC_MGR          12000                       101           110         
                                                                                
        206 William         Gietz           WGIETZ     515.123.8181             
07-JUN-94 AC_ACCOUNT       8300                       205           110         
                                                                                

20 rows selected.

SQL> SET LINES 200 PAGES 24
SQL> 
SQL> REM DISPLAY THOSE EMPLOYEES WHO GETS HIGHER SALARY THAN 10000
SQL> 
SQL> SELECT * FROM EMPLOYEES;

EMPLOYEE_ID FIRST_NAME      LAST_NAME       EMAIL      PHONE_NUMBER         HIRE_DATE JOB_ID         SALARY COMMISSION_PCT MANAGER_ID DEPARTMENT_ID                                                     
----------- --------------- --------------- ---------- -------------------- --------- ---------- ---------- -------------- ---------- -------------                                                     
        100 Steven          King            SKING      515.123.4567         17-JUL-87 AD_PRES         24000                                      90                                                     
        101 Neena           Kochhar         NKOCHHAR   515.123.4568         21-SEP-89 AD_VP           17000                       100            90                                                     
        102 Lex             De Haan         LDEHAAN    515.123.4569         13-JAN-93 AD_VP           17000                       100            90                                                     
        103 Alexander       Hunold          AHUNOLD    590.423.4567         03-JAN-90 IT_PROG          9000                       102            60                                                     
        104 Bruce           Ernst           BERNST     590.423.4568         21-MAY-91 IT_PROG          6000                       103            60                                                     
        107 Diana           Lorentz         DLORENTZ   590.423.5567         07-FEB-99 IT_PROG          4200                       103            60                                                     
        124 Kevin           Mourgos         KMOURGOS   650.123.5234         16-NOV-99 ST_MAN           5800                       100            50                                                     
        141 Trenna          Rajs            TRAJS      650.121.8009         17-OCT-95 ST_CLERK         3500                       124            50                                                     
        142 Curtis          Davies          CDAVIES    650.121.2994         29-JAN-97 ST_CLERK         3100                       124            50                                                     
        143 Randall         Matos           RMATOS     650.121.2874         15-MAR-98 ST_CLERK         2600                       124            50                                                     
        144 Peter           Vargas          PVARGAS    650.121.2004         09-JUL-98 ST_CLERK         2500                       124            50                                                     
        149 Eleni           Zlotkey         EZLOTKEY   011.44.1344.429018   29-JAN-00 SA_MAN          10500             .2        100            80                                                     
        174 Ellen           Abel            EABEL      011.44.1644.429267   11-MAY-96 SA_REP          11000             .3        149            80                                                     
        176 Jonathon        Taylor          JTAYLOR    011.44.1644.429265   24-MAR-98 SA_REP           8600             .3        149            80                                                     
        178 Kimerely        Grant           KGRANT     011.44.1644.429263   24-MAY-99 SA_REP           7000            .15        149                                                                   
        200 Jennifer        Whalen          JWHALEN    515.123.4444         17-SEP-87 AD_ASST          4400                       101            10                                                     
        201 Michael         Hartstein       MHARTSTE   515.123.5555         17-FEB-96 MK_MAN          13000                       100            20                                                     
        202 Pat             Fay             PFAY       603.123.6666         17-AUG-97 MK_REP           6000                       201            20                                                     
        205 Shelley         Higgins         SHIGGINS   515.123.8080         07-JUN-94 AC_MGR          12000                       101           110                                                     
        206 William         Gietz           WGIETZ     515.123.8181         07-JUN-94 AC_ACCOUNT       8300                       205           110                                                     

20 rows selected.

SQL> SELECT * FROM EMPLOYEES WHERE SALARY > 10000;

EMPLOYEE_ID FIRST_NAME      LAST_NAME       EMAIL      PHONE_NUMBER         HIRE_DATE JOB_ID         SALARY COMMISSION_PCT MANAGER_ID DEPARTMENT_ID                                                     
----------- --------------- --------------- ---------- -------------------- --------- ---------- ---------- -------------- ---------- -------------                                                     
        100 Steven          King            SKING      515.123.4567         17-JUL-87 AD_PRES         24000                                      90                                                     
        101 Neena           Kochhar         NKOCHHAR   515.123.4568         21-SEP-89 AD_VP           17000                       100            90                                                     
        102 Lex             De Haan         LDEHAAN    515.123.4569         13-JAN-93 AD_VP           17000                       100            90                                                     
        149 Eleni           Zlotkey         EZLOTKEY   011.44.1344.429018   29-JAN-00 SA_MAN          10500             .2        100            80                                                     
        174 Ellen           Abel            EABEL      011.44.1644.429267   11-MAY-96 SA_REP          11000             .3        149            80                                                     
        201 Michael         Hartstein       MHARTSTE   515.123.5555         17-FEB-96 MK_MAN          13000                       100            20                                                     
        205 Shelley         Higgins         SHIGGINS   515.123.8080         07-JUN-94 AC_MGR          12000                       101           110                                                     

7 rows selected.

SQL> SELECT * FROM EMPLOYEES WHERE 10000 < SALARY;

EMPLOYEE_ID FIRST_NAME      LAST_NAME       EMAIL      PHONE_NUMBER         HIRE_DATE JOB_ID         SALARY COMMISSION_PCT MANAGER_ID DEPARTMENT_ID                                                     
----------- --------------- --------------- ---------- -------------------- --------- ---------- ---------- -------------- ---------- -------------                                                     
        100 Steven          King            SKING      515.123.4567         17-JUL-87 AD_PRES         24000                                      90                                                     
        101 Neena           Kochhar         NKOCHHAR   515.123.4568         21-SEP-89 AD_VP           17000                       100            90                                                     
        102 Lex             De Haan         LDEHAAN    515.123.4569         13-JAN-93 AD_VP           17000                       100            90                                                     
        149 Eleni           Zlotkey         EZLOTKEY   011.44.1344.429018   29-JAN-00 SA_MAN          10500             .2        100            80                                                     
        174 Ellen           Abel            EABEL      011.44.1644.429267   11-MAY-96 SA_REP          11000             .3        149            80                                                     
        201 Michael         Hartstein       MHARTSTE   515.123.5555         17-FEB-96 MK_MAN          13000                       100            20                                                     
        205 Shelley         Higgins         SHIGGINS   515.123.8080         07-JUN-94 AC_MGR          12000                       101           110                                                     

7 rows selected.

SQL> REM DISPLAY THOSE WHO WORKS AS IT_PROG
SQL> 
SQL> SELECT * FROM EMPLOYEES WHERE JOB_ID = IT_PROG;
SELECT * FROM EMPLOYEES WHERE JOB_ID = IT_PROG
                                       *
ERROR at line 1:
ORA-00904: "IT_PROG": invalid identifier 


SQL> SELECT * FROM EMPLOYEES WHERE JOB_ID = 'IT_PROG';

EMPLOYEE_ID FIRST_NAME      LAST_NAME       EMAIL      PHONE_NUMBER         HIRE_DATE JOB_ID         SALARY COMMISSION_PCT MANAGER_ID DEPARTMENT_ID                                                     
----------- --------------- --------------- ---------- -------------------- --------- ---------- ---------- -------------- ---------- -------------                                                     
        103 Alexander       Hunold          AHUNOLD    590.423.4567         03-JAN-90 IT_PROG          9000                       102            60                                                     
        104 Bruce           Ernst           BERNST     590.423.4568         21-MAY-91 IT_PROG          6000                       103            60                                                     
        107 Diana           Lorentz         DLORENTZ   590.423.5567         07-FEB-99 IT_PROG          4200                       103            60                                                     

SQL> SELECT * FROM EMPLOYEES WHERE 'IT_PROG' = JOB_ID;

EMPLOYEE_ID FIRST_NAME      LAST_NAME       EMAIL      PHONE_NUMBER         HIRE_DATE JOB_ID         SALARY COMMISSION_PCT MANAGER_ID DEPARTMENT_ID                                                     
----------- --------------- --------------- ---------- -------------------- --------- ---------- ---------- -------------- ---------- -------------                                                     
        103 Alexander       Hunold          AHUNOLD    590.423.4567         03-JAN-90 IT_PROG          9000                       102            60                                                     
        104 Bruce           Ernst           BERNST     590.423.4568         21-MAY-91 IT_PROG          6000                       103            60                                                     
        107 Diana           Lorentz         DLORENTZ   590.423.5567         07-FEB-99 IT_PROG          4200                       103            60                                                     

SQL> SELECT * FROM EMPLOYEES WHERE JOB_ID = 'IT_PROg';

no rows selected

SQL> REM TYPES OF COMPARISON OPERATORS : 1 SINGLE ROW 2 MULTI ROW 3 SPECIAL
SQL> 
SQL> REM LIST OF SINGLE ROW/SCALAR COMPARISON OPERATORS : = < > <= >=    != ^= <>
SQL> 
SQL> REM DISPLAY ALL WHO WERE HIRED AFTER YEAR 95
SQL> 
SQL> SELECT * FROM EMPLOYEES WHERE HIRE_DATE > 95;
SELECT * FROM EMPLOYEES WHERE HIRE_DATE > 95
                                        *
ERROR at line 1:
ORA-00932: inconsistent datatypes: expected DATE got NUMBER 


SQL> SELECT * FROM EMPLOYEES WHERE HIRE_DATE > '95';
SELECT * FROM EMPLOYEES WHERE HIRE_DATE > '95'
                                          *
ERROR at line 1:
ORA-01847: day of month must be between 1 and last day of month 


SQL> SELECT * FROM EMPLOYEES WHERE HIRE_DATE > '31-DEC-95';

EMPLOYEE_ID FIRST_NAME      LAST_NAME       EMAIL      PHONE_NUMBER         HIRE_DATE JOB_ID         SALARY COMMISSION_PCT MANAGER_ID DEPARTMENT_ID                                                     
----------- --------------- --------------- ---------- -------------------- --------- ---------- ---------- -------------- ---------- -------------                                                     
        107 Diana           Lorentz         DLORENTZ   590.423.5567         07-FEB-99 IT_PROG          4200                       103            60                                                     
        124 Kevin           Mourgos         KMOURGOS   650.123.5234         16-NOV-99 ST_MAN           5800                       100            50                                                     
        142 Curtis          Davies          CDAVIES    650.121.2994         29-JAN-97 ST_CLERK         3100                       124            50                                                     
        143 Randall         Matos           RMATOS     650.121.2874         15-MAR-98 ST_CLERK         2600                       124            50                                                     
        144 Peter           Vargas          PVARGAS    650.121.2004         09-JUL-98 ST_CLERK         2500                       124            50                                                     
        149 Eleni           Zlotkey         EZLOTKEY   011.44.1344.429018   29-JAN-00 SA_MAN          10500             .2        100            80                                                     
        174 Ellen           Abel            EABEL      011.44.1644.429267   11-MAY-96 SA_REP          11000             .3        149            80                                                     
        176 Jonathon        Taylor          JTAYLOR    011.44.1644.429265   24-MAR-98 SA_REP           8600             .3        149            80                                                     
        178 Kimerely        Grant           KGRANT     011.44.1644.429263   24-MAY-99 SA_REP           7000            .15        149                                                                   
        201 Michael         Hartstein       MHARTSTE   515.123.5555         17-FEB-96 MK_MAN          13000                       100            20                                                     
        202 Pat             Fay             PFAY       603.123.6666         17-AUG-97 MK_REP           6000                       201            20                                                     

11 rows selected.

SQL> REM DATE FORMATS : 1 DEFAULT 2 COMPATIBLE 3 INCOMPATIBLE
SQL> 
SQL> REM DEFAULT AND COMPATIBLE FORMATS ARE SUPPORTED BY DEFAULT.
SQL> 
SQL> REM DEFAULT FORMAT : DD-MON-RR
SQL> 
SQL> REM COMPATIBLE FORMATS : DD-MONTH-RR DD-MONTH-RRRR DD-MON-RRRR DD/MON\RR DDMON/RR DDMONRR ...
SQL> 
SQL> REM MONTH : ABBREVIATED MONTH NAME , FULL MONTH NAME
SQL> 
SQL> REM YEAR : ONLY YEAR , YEAR WITH CENTURY
SQL> 
SQL> REM SEPARATORS : SAME SEPARTORS, DIFFERENT SEPARATORS , SINGLE SEPARATOR , WITHOUT SEPARATOR
SQL> 
SQL> 
SQL> 
SQL> REM LEFT TO RIGHT SEQUENCE MUST MATCH.
SQL> 
SQL> REM INCOMPATIBLE FORMATS : RR-MON-DD , DD-MM-RR
SQL> 
SQL> 
SQL> SELECT * FROM EMPLOYEES WHERE HIRE_DATE > '31-DECEMBER-95';

EMPLOYEE_ID FIRST_NAME      LAST_NAME       EMAIL      PHONE_NUMBER         HIRE_DATE JOB_ID         SALARY COMMISSION_PCT MANAGER_ID DEPARTMENT_ID                                                     
----------- --------------- --------------- ---------- -------------------- --------- ---------- ---------- -------------- ---------- -------------                                                     
        107 Diana           Lorentz         DLORENTZ   590.423.5567         07-FEB-99 IT_PROG          4200                       103            60                                                     
        124 Kevin           Mourgos         KMOURGOS   650.123.5234         16-NOV-99 ST_MAN           5800                       100            50                                                     
        142 Curtis          Davies          CDAVIES    650.121.2994         29-JAN-97 ST_CLERK         3100                       124            50                                                     
        143 Randall         Matos           RMATOS     650.121.2874         15-MAR-98 ST_CLERK         2600                       124            50                                                     
        144 Peter           Vargas          PVARGAS    650.121.2004         09-JUL-98 ST_CLERK         2500                       124            50                                                     
        149 Eleni           Zlotkey         EZLOTKEY   011.44.1344.429018   29-JAN-00 SA_MAN          10500             .2        100            80                                                     
        174 Ellen           Abel            EABEL      011.44.1644.429267   11-MAY-96 SA_REP          11000             .3        149            80                                                     
        176 Jonathon        Taylor          JTAYLOR    011.44.1644.429265   24-MAR-98 SA_REP           8600             .3        149            80                                                     
        178 Kimerely        Grant           KGRANT     011.44.1644.429263   24-MAY-99 SA_REP           7000            .15        149                                                                   
        201 Michael         Hartstein       MHARTSTE   515.123.5555         17-FEB-96 MK_MAN          13000                       100            20                                                     
        202 Pat             Fay             PFAY       603.123.6666         17-AUG-97 MK_REP           6000                       201            20                                                     

11 rows selected.

SQL> SELECT * FROM EMPLOYEES WHERE HIRE_DATE > '31-DECEMBER-1995';

EMPLOYEE_ID FIRST_NAME      LAST_NAME       EMAIL      PHONE_NUMBER         HIRE_DATE JOB_ID         SALARY COMMISSION_PCT MANAGER_ID DEPARTMENT_ID                                                     
----------- --------------- --------------- ---------- -------------------- --------- ---------- ---------- -------------- ---------- -------------                                                     
        107 Diana           Lorentz         DLORENTZ   590.423.5567         07-FEB-99 IT_PROG          4200                       103            60                                                     
        124 Kevin           Mourgos         KMOURGOS   650.123.5234         16-NOV-99 ST_MAN           5800                       100            50                                                     
        142 Curtis          Davies          CDAVIES    650.121.2994         29-JAN-97 ST_CLERK         3100                       124            50                                                     
        143 Randall         Matos           RMATOS     650.121.2874         15-MAR-98 ST_CLERK         2600                       124            50                                                     
        144 Peter           Vargas          PVARGAS    650.121.2004         09-JUL-98 ST_CLERK         2500                       124            50                                                     
        149 Eleni           Zlotkey         EZLOTKEY   011.44.1344.429018   29-JAN-00 SA_MAN          10500             .2        100            80                                                     
        174 Ellen           Abel            EABEL      011.44.1644.429267   11-MAY-96 SA_REP          11000             .3        149            80                                                     
        176 Jonathon        Taylor          JTAYLOR    011.44.1644.429265   24-MAR-98 SA_REP           8600             .3        149            80                                                     
        178 Kimerely        Grant           KGRANT     011.44.1644.429263   24-MAY-99 SA_REP           7000            .15        149                                                                   
        201 Michael         Hartstein       MHARTSTE   515.123.5555         17-FEB-96 MK_MAN          13000                       100            20                                                     
        202 Pat             Fay             PFAY       603.123.6666         17-AUG-97 MK_REP           6000                       201            20                                                     

11 rows selected.

SQL> SELECT * FROM EMPLOYEES WHERE HIRE_DATE > '31-DEC-1995';

EMPLOYEE_ID FIRST_NAME      LAST_NAME       EMAIL      PHONE_NUMBER         HIRE_DATE JOB_ID         SALARY COMMISSION_PCT MANAGER_ID DEPARTMENT_ID                                                     
----------- --------------- --------------- ---------- -------------------- --------- ---------- ---------- -------------- ---------- -------------                                                     
        107 Diana           Lorentz         DLORENTZ   590.423.5567         07-FEB-99 IT_PROG          4200                       103            60                                                     
        124 Kevin           Mourgos         KMOURGOS   650.123.5234         16-NOV-99 ST_MAN           5800                       100            50                                                     
        142 Curtis          Davies          CDAVIES    650.121.2994         29-JAN-97 ST_CLERK         3100                       124            50                                                     
        143 Randall         Matos           RMATOS     650.121.2874         15-MAR-98 ST_CLERK         2600                       124            50                                                     
        144 Peter           Vargas          PVARGAS    650.121.2004         09-JUL-98 ST_CLERK         2500                       124            50                                                     
        149 Eleni           Zlotkey         EZLOTKEY   011.44.1344.429018   29-JAN-00 SA_MAN          10500             .2        100            80                                                     
        174 Ellen           Abel            EABEL      011.44.1644.429267   11-MAY-96 SA_REP          11000             .3        149            80                                                     
        176 Jonathon        Taylor          JTAYLOR    011.44.1644.429265   24-MAR-98 SA_REP           8600             .3        149            80                                                     
        178 Kimerely        Grant           KGRANT     011.44.1644.429263   24-MAY-99 SA_REP           7000            .15        149                                                                   
        201 Michael         Hartstein       MHARTSTE   515.123.5555         17-FEB-96 MK_MAN          13000                       100            20                                                     
        202 Pat             Fay             PFAY       603.123.6666         17-AUG-97 MK_REP           6000                       201            20                                                     

11 rows selected.

SQL> SELECT * FROM EMPLOYEES WHERE HIRE_DATE > '31-DEcembER-1995';

EMPLOYEE_ID FIRST_NAME      LAST_NAME       EMAIL      PHONE_NUMBER         HIRE_DATE JOB_ID         SALARY COMMISSION_PCT MANAGER_ID DEPARTMENT_ID                                                     
----------- --------------- --------------- ---------- -------------------- --------- ---------- ---------- -------------- ---------- -------------                                                     
        107 Diana           Lorentz         DLORENTZ   590.423.5567         07-FEB-99 IT_PROG          4200                       103            60                                                     
        124 Kevin           Mourgos         KMOURGOS   650.123.5234         16-NOV-99 ST_MAN           5800                       100            50                                                     
        142 Curtis          Davies          CDAVIES    650.121.2994         29-JAN-97 ST_CLERK         3100                       124            50                                                     
        143 Randall         Matos           RMATOS     650.121.2874         15-MAR-98 ST_CLERK         2600                       124            50                                                     
        144 Peter           Vargas          PVARGAS    650.121.2004         09-JUL-98 ST_CLERK         2500                       124            50                                                     
        149 Eleni           Zlotkey         EZLOTKEY   011.44.1344.429018   29-JAN-00 SA_MAN          10500             .2        100            80                                                     
        174 Ellen           Abel            EABEL      011.44.1644.429267   11-MAY-96 SA_REP          11000             .3        149            80                                                     
        176 Jonathon        Taylor          JTAYLOR    011.44.1644.429265   24-MAR-98 SA_REP           8600             .3        149            80                                                     
        178 Kimerely        Grant           KGRANT     011.44.1644.429263   24-MAY-99 SA_REP           7000            .15        149                                                                   
        201 Michael         Hartstein       MHARTSTE   515.123.5555         17-FEB-96 MK_MAN          13000                       100            20                                                     
        202 Pat             Fay             PFAY       603.123.6666         17-AUG-97 MK_REP           6000                       201            20                                                     

11 rows selected.

SQL> SELECT * FROM EMPLOYEES WHERE HIRE_DATE > '31/DEcembER\1995';

EMPLOYEE_ID FIRST_NAME      LAST_NAME       EMAIL      PHONE_NUMBER         HIRE_DATE JOB_ID         SALARY COMMISSION_PCT MANAGER_ID DEPARTMENT_ID                                                     
----------- --------------- --------------- ---------- -------------------- --------- ---------- ---------- -------------- ---------- -------------                                                     
        107 Diana           Lorentz         DLORENTZ   590.423.5567         07-FEB-99 IT_PROG          4200                       103            60                                                     
        124 Kevin           Mourgos         KMOURGOS   650.123.5234         16-NOV-99 ST_MAN           5800                       100            50                                                     
        142 Curtis          Davies          CDAVIES    650.121.2994         29-JAN-97 ST_CLERK         3100                       124            50                                                     
        143 Randall         Matos           RMATOS     650.121.2874         15-MAR-98 ST_CLERK         2600                       124            50                                                     
        144 Peter           Vargas          PVARGAS    650.121.2004         09-JUL-98 ST_CLERK         2500                       124            50                                                     
        149 Eleni           Zlotkey         EZLOTKEY   011.44.1344.429018   29-JAN-00 SA_MAN          10500             .2        100            80                                                     
        174 Ellen           Abel            EABEL      011.44.1644.429267   11-MAY-96 SA_REP          11000             .3        149            80                                                     
        176 Jonathon        Taylor          JTAYLOR    011.44.1644.429265   24-MAR-98 SA_REP           8600             .3        149            80                                                     
        178 Kimerely        Grant           KGRANT     011.44.1644.429263   24-MAY-99 SA_REP           7000            .15        149                                                                   
        201 Michael         Hartstein       MHARTSTE   515.123.5555         17-FEB-96 MK_MAN          13000                       100            20                                                     
        202 Pat             Fay             PFAY       603.123.6666         17-AUG-97 MK_REP           6000                       201            20                                                     

11 rows selected.

SQL> SELECT * FROM EMPLOYEES WHERE HIRE_DATE > '31/DEcembER1995';

EMPLOYEE_ID FIRST_NAME      LAST_NAME       EMAIL      PHONE_NUMBER         HIRE_DATE JOB_ID         SALARY COMMISSION_PCT MANAGER_ID DEPARTMENT_ID                                                     
----------- --------------- --------------- ---------- -------------------- --------- ---------- ---------- -------------- ---------- -------------                                                     
        107 Diana           Lorentz         DLORENTZ   590.423.5567         07-FEB-99 IT_PROG          4200                       103            60                                                     
        124 Kevin           Mourgos         KMOURGOS   650.123.5234         16-NOV-99 ST_MAN           5800                       100            50                                                     
        142 Curtis          Davies          CDAVIES    650.121.2994         29-JAN-97 ST_CLERK         3100                       124            50                                                     
        143 Randall         Matos           RMATOS     650.121.2874         15-MAR-98 ST_CLERK         2600                       124            50                                                     
        144 Peter           Vargas          PVARGAS    650.121.2004         09-JUL-98 ST_CLERK         2500                       124            50                                                     
        149 Eleni           Zlotkey         EZLOTKEY   011.44.1344.429018   29-JAN-00 SA_MAN          10500             .2        100            80                                                     
        174 Ellen           Abel            EABEL      011.44.1644.429267   11-MAY-96 SA_REP          11000             .3        149            80                                                     
        176 Jonathon        Taylor          JTAYLOR    011.44.1644.429265   24-MAR-98 SA_REP           8600             .3        149            80                                                     
        178 Kimerely        Grant           KGRANT     011.44.1644.429263   24-MAY-99 SA_REP           7000            .15        149                                                                   
        201 Michael         Hartstein       MHARTSTE   515.123.5555         17-FEB-96 MK_MAN          13000                       100            20                                                     
        202 Pat             Fay             PFAY       603.123.6666         17-AUG-97 MK_REP           6000                       201            20                                                     

11 rows selected.

SQL> SELECT * FROM EMPLOYEES WHERE HIRE_DATE > '31DEcembER1995';

EMPLOYEE_ID FIRST_NAME      LAST_NAME       EMAIL      PHONE_NUMBER         HIRE_DATE JOB_ID         SALARY COMMISSION_PCT MANAGER_ID DEPARTMENT_ID                                                     
----------- --------------- --------------- ---------- -------------------- --------- ---------- ---------- -------------- ---------- -------------                                                     
        107 Diana           Lorentz         DLORENTZ   590.423.5567         07-FEB-99 IT_PROG          4200                       103            60                                                     
        124 Kevin           Mourgos         KMOURGOS   650.123.5234         16-NOV-99 ST_MAN           5800                       100            50                                                     
        142 Curtis          Davies          CDAVIES    650.121.2994         29-JAN-97 ST_CLERK         3100                       124            50                                                     
        143 Randall         Matos           RMATOS     650.121.2874         15-MAR-98 ST_CLERK         2600                       124            50                                                     
        144 Peter           Vargas          PVARGAS    650.121.2004         09-JUL-98 ST_CLERK         2500                       124            50                                                     
        149 Eleni           Zlotkey         EZLOTKEY   011.44.1344.429018   29-JAN-00 SA_MAN          10500             .2        100            80                                                     
        174 Ellen           Abel            EABEL      011.44.1644.429267   11-MAY-96 SA_REP          11000             .3        149            80                                                     
        176 Jonathon        Taylor          JTAYLOR    011.44.1644.429265   24-MAR-98 SA_REP           8600             .3        149            80                                                     
        178 Kimerely        Grant           KGRANT     011.44.1644.429263   24-MAY-99 SA_REP           7000            .15        149                                                                   
        201 Michael         Hartstein       MHARTSTE   515.123.5555         17-FEB-96 MK_MAN          13000                       100            20                                                     
        202 Pat             Fay             PFAY       603.123.6666         17-AUG-97 MK_REP           6000                       201            20                                                     

11 rows selected.

SQL> SELECT * FROM EMPLOYEES WHERE HIRE_DATE > '31-12-1995';
SELECT * FROM EMPLOYEES WHERE HIRE_DATE > '31-12-1995'
                                          *
ERROR at line 1:
ORA-01843: not a valid month 


SQL> SELECT * FROM EMPLOYEES WHERE HIRE_DATE > '95-DEC-31';
SELECT * FROM EMPLOYEES WHERE HIRE_DATE > '95-DEC-31'
                                          *
ERROR at line 1:
ORA-01847: day of month must be between 1 and last day of month 


SQL> SELECT * FROM EMPLOYEES WHERE HIRE_DATE > 'DEC-31-95';
SELECT * FROM EMPLOYEES WHERE HIRE_DATE > 'DEC-31-95'
                                          *
ERROR at line 1:
ORA-01858: a non-numeric character was found where a numeric was expected 


SQL> SELECT * FROM EMPLOYEES WHERE HIRE_DATE > '31*DEcembER+1995';

EMPLOYEE_ID FIRST_NAME      LAST_NAME       EMAIL      PHONE_NUMBER         HIRE_DATE JOB_ID         SALARY COMMISSION_PCT MANAGER_ID DEPARTMENT_ID                                                     
----------- --------------- --------------- ---------- -------------------- --------- ---------- ---------- -------------- ---------- -------------                                                     
        107 Diana           Lorentz         DLORENTZ   590.423.5567         07-FEB-99 IT_PROG          4200                       103            60                                                     
        124 Kevin           Mourgos         KMOURGOS   650.123.5234         16-NOV-99 ST_MAN           5800                       100            50                                                     
        142 Curtis          Davies          CDAVIES    650.121.2994         29-JAN-97 ST_CLERK         3100                       124            50                                                     
        143 Randall         Matos           RMATOS     650.121.2874         15-MAR-98 ST_CLERK         2600                       124            50                                                     
        144 Peter           Vargas          PVARGAS    650.121.2004         09-JUL-98 ST_CLERK         2500                       124            50                                                     
        149 Eleni           Zlotkey         EZLOTKEY   011.44.1344.429018   29-JAN-00 SA_MAN          10500             .2        100            80                                                     
        174 Ellen           Abel            EABEL      011.44.1644.429267   11-MAY-96 SA_REP          11000             .3        149            80                                                     
        176 Jonathon        Taylor          JTAYLOR    011.44.1644.429265   24-MAR-98 SA_REP           8600             .3        149            80                                                     
        178 Kimerely        Grant           KGRANT     011.44.1644.429263   24-MAY-99 SA_REP           7000            .15        149                                                                   
        201 Michael         Hartstein       MHARTSTE   515.123.5555         17-FEB-96 MK_MAN          13000                       100            20                                                     
        202 Pat             Fay             PFAY       603.123.6666         17-AUG-97 MK_REP           6000                       201            20                                                     

11 rows selected.

SQL> SELECT * FROM EMPLOYEES WHERE HIRE_DATE > '31'DEcembER+1995';
ERROR:
ORA-01756: quoted string not properly terminated 


SQL> SELECT * FROM EMPLOYEES WHERE HIRE_DATE > '31''DEcembER+1995';

EMPLOYEE_ID FIRST_NAME      LAST_NAME       EMAIL      PHONE_NUMBER         HIRE_DATE JOB_ID         SALARY COMMISSION_PCT MANAGER_ID DEPARTMENT_ID                                                     
----------- --------------- --------------- ---------- -------------------- --------- ---------- ---------- -------------- ---------- -------------                                                     
        107 Diana           Lorentz         DLORENTZ   590.423.5567         07-FEB-99 IT_PROG          4200                       103            60                                                     
        124 Kevin           Mourgos         KMOURGOS   650.123.5234         16-NOV-99 ST_MAN           5800                       100            50                                                     
        142 Curtis          Davies          CDAVIES    650.121.2994         29-JAN-97 ST_CLERK         3100                       124            50                                                     
        143 Randall         Matos           RMATOS     650.121.2874         15-MAR-98 ST_CLERK         2600                       124            50                                                     
        144 Peter           Vargas          PVARGAS    650.121.2004         09-JUL-98 ST_CLERK         2500                       124            50                                                     
        149 Eleni           Zlotkey         EZLOTKEY   011.44.1344.429018   29-JAN-00 SA_MAN          10500             .2        100            80                                                     
        174 Ellen           Abel            EABEL      011.44.1644.429267   11-MAY-96 SA_REP          11000             .3        149            80                                                     
        176 Jonathon        Taylor          JTAYLOR    011.44.1644.429265   24-MAR-98 SA_REP           8600             .3        149            80                                                     
        178 Kimerely        Grant           KGRANT     011.44.1644.429263   24-MAY-99 SA_REP           7000            .15        149                                                                   
        201 Michael         Hartstein       MHARTSTE   515.123.5555         17-FEB-96 MK_MAN          13000                       100            20                                                     
        202 Pat             Fay             PFAY       603.123.6666         17-AUG-97 MK_REP           6000                       201            20                                                     

11 rows selected.

SQL> COL PARAMETER FORMAT A30
SQL> COL VALUE FORMAT A30
SQL> 
SQL> SELECT * FROM NLS_SESSION_PARAMETERS;

PARAMETER                      VALUE                                                                                                                                                                    
------------------------------ ------------------------------                                                                                                                                           
NLS_LANGUAGE                   AMERICAN                                                                                                                                                                 
NLS_TERRITORY                  AMERICA                                                                                                                                                                  
NLS_CURRENCY                   $                                                                                                                                                                        
NLS_ISO_CURRENCY               AMERICA                                                                                                                                                                  
NLS_NUMERIC_CHARACTERS         .,                                                                                                                                                                       
NLS_CALENDAR                   GREGORIAN                                                                                                                                                                
NLS_DATE_FORMAT                DD-MON-RR                                                                                                                                                                
NLS_DATE_LANGUAGE              AMERICAN                                                                                                                                                                 
NLS_SORT                       BINARY                                                                                                                                                                   
NLS_TIME_FORMAT                HH.MI.SSXFF AM                                                                                                                                                           
NLS_TIMESTAMP_FORMAT           DD-MON-RR HH.MI.SSXFF AM                                                                                                                                                 
NLS_TIME_TZ_FORMAT             HH.MI.SSXFF AM TZR                                                                                                                                                       
NLS_TIMESTAMP_TZ_FORMAT        DD-MON-RR HH.MI.SSXFF AM TZR                                                                                                                                             
NLS_DUAL_CURRENCY              $                                                                                                                                                                        
NLS_COMP                       BINARY                                                                                                                                                                   
NLS_LENGTH_SEMANTICS           BYTE                                                                                                                                                                     
NLS_NCHAR_CONV_EXCP            FALSE                                                                                                                                                                    

17 rows selected.

SQL> REM NLS : NATIONAL LANGUAGE SUPPORT
SQL> 
SQL> ALTER SESSION SET NLS_DATE_FORMAT = 'DD-MM-RR';

Session altered.

SQL> SELECT * FROM NLS_SESSION_PARAMETERS;

PARAMETER                      VALUE                                                                                                                                                                    
------------------------------ ------------------------------                                                                                                                                           
NLS_LANGUAGE                   AMERICAN                                                                                                                                                                 
NLS_TERRITORY                  AMERICA                                                                                                                                                                  
NLS_CURRENCY                   $                                                                                                                                                                        
NLS_ISO_CURRENCY               AMERICA                                                                                                                                                                  
NLS_NUMERIC_CHARACTERS         .,                                                                                                                                                                       
NLS_CALENDAR                   GREGORIAN                                                                                                                                                                
NLS_DATE_FORMAT                DD-MM-RR                                                                                                                                                                 
NLS_DATE_LANGUAGE              AMERICAN                                                                                                                                                                 
NLS_SORT                       BINARY                                                                                                                                                                   
NLS_TIME_FORMAT                HH.MI.SSXFF AM                                                                                                                                                           
NLS_TIMESTAMP_FORMAT           DD-MON-RR HH.MI.SSXFF AM                                                                                                                                                 
NLS_TIME_TZ_FORMAT             HH.MI.SSXFF AM TZR                                                                                                                                                       
NLS_TIMESTAMP_TZ_FORMAT        DD-MON-RR HH.MI.SSXFF AM TZR                                                                                                                                             
NLS_DUAL_CURRENCY              $                                                                                                                                                                        
NLS_COMP                       BINARY                                                                                                                                                                   
NLS_LENGTH_SEMANTICS           BYTE                                                                                                                                                                     
NLS_NCHAR_CONV_EXCP            FALSE                                                                                                                                                                    

17 rows selected.

SQL> SELECT * FROM EMPLOYEES WHERE HIRE_DATE > '31-DEC-95';

EMPLOYEE_ID FIRST_NAME      LAST_NAME       EMAIL      PHONE_NUMBER         HIRE_DAT JOB_ID         SALARY COMMISSION_PCT MANAGER_ID DEPARTMENT_ID                                                      
----------- --------------- --------------- ---------- -------------------- -------- ---------- ---------- -------------- ---------- -------------                                                      
        107 Diana           Lorentz         DLORENTZ   590.423.5567         07-02-99 IT_PROG          4200                       103            60                                                      
        124 Kevin           Mourgos         KMOURGOS   650.123.5234         16-11-99 ST_MAN           5800                       100            50                                                      
        142 Curtis          Davies          CDAVIES    650.121.2994         29-01-97 ST_CLERK         3100                       124            50                                                      
        143 Randall         Matos           RMATOS     650.121.2874         15-03-98 ST_CLERK         2600                       124            50                                                      
        144 Peter           Vargas          PVARGAS    650.121.2004         09-07-98 ST_CLERK         2500                       124            50                                                      
        149 Eleni           Zlotkey         EZLOTKEY   011.44.1344.429018   29-01-00 SA_MAN          10500             .2        100            80                                                      
        174 Ellen           Abel            EABEL      011.44.1644.429267   11-05-96 SA_REP          11000             .3        149            80                                                      
        176 Jonathon        Taylor          JTAYLOR    011.44.1644.429265   24-03-98 SA_REP           8600             .3        149            80                                                      
        178 Kimerely        Grant           KGRANT     011.44.1644.429263   24-05-99 SA_REP           7000            .15        149                                                                    
        201 Michael         Hartstein       MHARTSTE   515.123.5555         17-02-96 MK_MAN          13000                       100            20                                                      
        202 Pat             Fay             PFAY       603.123.6666         17-08-97 MK_REP           6000                       201            20                                                      

11 rows selected.

SQL> SELECT * FROM EMPLOYEES WHERE HIRE_DATE > '31-12-95';

EMPLOYEE_ID FIRST_NAME      LAST_NAME       EMAIL      PHONE_NUMBER         HIRE_DAT JOB_ID         SALARY COMMISSION_PCT MANAGER_ID DEPARTMENT_ID                                                      
----------- --------------- --------------- ---------- -------------------- -------- ---------- ---------- -------------- ---------- -------------                                                      
        107 Diana           Lorentz         DLORENTZ   590.423.5567         07-02-99 IT_PROG          4200                       103            60                                                      
        124 Kevin           Mourgos         KMOURGOS   650.123.5234         16-11-99 ST_MAN           5800                       100            50                                                      
        142 Curtis          Davies          CDAVIES    650.121.2994         29-01-97 ST_CLERK         3100                       124            50                                                      
        143 Randall         Matos           RMATOS     650.121.2874         15-03-98 ST_CLERK         2600                       124            50                                                      
        144 Peter           Vargas          PVARGAS    650.121.2004         09-07-98 ST_CLERK         2500                       124            50                                                      
        149 Eleni           Zlotkey         EZLOTKEY   011.44.1344.429018   29-01-00 SA_MAN          10500             .2        100            80                                                      
        174 Ellen           Abel            EABEL      011.44.1644.429267   11-05-96 SA_REP          11000             .3        149            80                                                      
        176 Jonathon        Taylor          JTAYLOR    011.44.1644.429265   24-03-98 SA_REP           8600             .3        149            80                                                      
        178 Kimerely        Grant           KGRANT     011.44.1644.429263   24-05-99 SA_REP           7000            .15        149                                                                    
        201 Michael         Hartstein       MHARTSTE   515.123.5555         17-02-96 MK_MAN          13000                       100            20                                                      
        202 Pat             Fay             PFAY       603.123.6666         17-08-97 MK_REP           6000                       201            20                                                      

11 rows selected.

SQL> SELECT * FROM EMPLOYEES WHERE HIRE_DATE > '31-DECEMBER-95';

EMPLOYEE_ID FIRST_NAME      LAST_NAME       EMAIL      PHONE_NUMBER         HIRE_DAT JOB_ID         SALARY COMMISSION_PCT MANAGER_ID DEPARTMENT_ID                                                      
----------- --------------- --------------- ---------- -------------------- -------- ---------- ---------- -------------- ---------- -------------                                                      
        107 Diana           Lorentz         DLORENTZ   590.423.5567         07-02-99 IT_PROG          4200                       103            60                                                      
        124 Kevin           Mourgos         KMOURGOS   650.123.5234         16-11-99 ST_MAN           5800                       100            50                                                      
        142 Curtis          Davies          CDAVIES    650.121.2994         29-01-97 ST_CLERK         3100                       124            50                                                      
        143 Randall         Matos           RMATOS     650.121.2874         15-03-98 ST_CLERK         2600                       124            50                                                      
        144 Peter           Vargas          PVARGAS    650.121.2004         09-07-98 ST_CLERK         2500                       124            50                                                      
        149 Eleni           Zlotkey         EZLOTKEY   011.44.1344.429018   29-01-00 SA_MAN          10500             .2        100            80                                                      
        174 Ellen           Abel            EABEL      011.44.1644.429267   11-05-96 SA_REP          11000             .3        149            80                                                      
        176 Jonathon        Taylor          JTAYLOR    011.44.1644.429265   24-03-98 SA_REP           8600             .3        149            80                                                      
        178 Kimerely        Grant           KGRANT     011.44.1644.429263   24-05-99 SA_REP           7000            .15        149                                                                    
        201 Michael         Hartstein       MHARTSTE   515.123.5555         17-02-96 MK_MAN          13000                       100            20                                                      
        202 Pat             Fay             PFAY       603.123.6666         17-08-97 MK_REP           6000                       201            20                                                      

11 rows selected.

SQL> SELECT * FROM EMPLOYEES WHERE HIRE_DATE > '31-DECEMBER-1995';

EMPLOYEE_ID FIRST_NAME      LAST_NAME       EMAIL      PHONE_NUMBER         HIRE_DAT JOB_ID         SALARY COMMISSION_PCT MANAGER_ID DEPARTMENT_ID                                                      
----------- --------------- --------------- ---------- -------------------- -------- ---------- ---------- -------------- ---------- -------------                                                      
        107 Diana           Lorentz         DLORENTZ   590.423.5567         07-02-99 IT_PROG          4200                       103            60                                                      
        124 Kevin           Mourgos         KMOURGOS   650.123.5234         16-11-99 ST_MAN           5800                       100            50                                                      
        142 Curtis          Davies          CDAVIES    650.121.2994         29-01-97 ST_CLERK         3100                       124            50                                                      
        143 Randall         Matos           RMATOS     650.121.2874         15-03-98 ST_CLERK         2600                       124            50                                                      
        144 Peter           Vargas          PVARGAS    650.121.2004         09-07-98 ST_CLERK         2500                       124            50                                                      
        149 Eleni           Zlotkey         EZLOTKEY   011.44.1344.429018   29-01-00 SA_MAN          10500             .2        100            80                                                      
        174 Ellen           Abel            EABEL      011.44.1644.429267   11-05-96 SA_REP          11000             .3        149            80                                                      
        176 Jonathon        Taylor          JTAYLOR    011.44.1644.429265   24-03-98 SA_REP           8600             .3        149            80                                                      
        178 Kimerely        Grant           KGRANT     011.44.1644.429263   24-05-99 SA_REP           7000            .15        149                                                                    
        201 Michael         Hartstein       MHARTSTE   515.123.5555         17-02-96 MK_MAN          13000                       100            20                                                      
        202 Pat             Fay             PFAY       603.123.6666         17-08-97 MK_REP           6000                       201            20                                                      

11 rows selected.

SQL> REM DISPLAY ALL EXCEPT THOSE WHO WORKS AS ST_CLERK
SQL> 
SQL> SELECT FIRST_NAME , JOB_ID FROM EMPLOYEES WHERE JOB_ID <> 'ST_CLERK';

FIRST_NAME      JOB_ID                                                                                                                                                                                  
--------------- ----------                                                                                                                                                                              
Steven          AD_PRES                                                                                                                                                                                 
Neena           AD_VP                                                                                                                                                                                   
Lex             AD_VP                                                                                                                                                                                   
Alexander       IT_PROG                                                                                                                                                                                 
Bruce           IT_PROG                                                                                                                                                                                 
Diana           IT_PROG                                                                                                                                                                                 
Kevin           ST_MAN                                                                                                                                                                                  
Eleni           SA_MAN                                                                                                                                                                                  
Ellen           SA_REP                                                                                                                                                                                  
Jonathon        SA_REP                                                                                                                                                                                  
Kimerely        SA_REP                                                                                                                                                                                  
Jennifer        AD_ASST                                                                                                                                                                                 
Michael         MK_MAN                                                                                                                                                                                  
Pat             MK_REP                                                                                                                                                                                  
Shelley         AC_MGR                                                                                                                                                                                  
William         AC_ACCOUNT                                                                                                                                                                              

16 rows selected.

SQL> SELECT FIRST_NAME , JOB_ID FROM EMPLOYEES WHERE JOB_ID != 'ST_CLERK';

FIRST_NAME      JOB_ID                                                                                                                                                                                  
--------------- ----------                                                                                                                                                                              
Steven          AD_PRES                                                                                                                                                                                 
Neena           AD_VP                                                                                                                                                                                   
Lex             AD_VP                                                                                                                                                                                   
Alexander       IT_PROG                                                                                                                                                                                 
Bruce           IT_PROG                                                                                                                                                                                 
Diana           IT_PROG                                                                                                                                                                                 
Kevin           ST_MAN                                                                                                                                                                                  
Eleni           SA_MAN                                                                                                                                                                                  
Ellen           SA_REP                                                                                                                                                                                  
Jonathon        SA_REP                                                                                                                                                                                  
Kimerely        SA_REP                                                                                                                                                                                  
Jennifer        AD_ASST                                                                                                                                                                                 
Michael         MK_MAN                                                                                                                                                                                  
Pat             MK_REP                                                                                                                                                                                  
Shelley         AC_MGR                                                                                                                                                                                  
William         AC_ACCOUNT                                                                                                                                                                              

16 rows selected.

SQL> SELECT FIRST_NAME , JOB_ID FROM EMPLOYEES WHERE JOB_ID ^= 'ST_CLERK';

FIRST_NAME      JOB_ID                                                                                                                                                                                  
--------------- ----------                                                                                                                                                                              
Steven          AD_PRES                                                                                                                                                                                 
Neena           AD_VP                                                                                                                                                                                   
Lex             AD_VP                                                                                                                                                                                   
Alexander       IT_PROG                                                                                                                                                                                 
Bruce           IT_PROG                                                                                                                                                                                 
Diana           IT_PROG                                                                                                                                                                                 
Kevin           ST_MAN                                                                                                                                                                                  
Eleni           SA_MAN                                                                                                                                                                                  
Ellen           SA_REP                                                                                                                                                                                  
Jonathon        SA_REP                                                                                                                                                                                  
Kimerely        SA_REP                                                                                                                                                                                  
Jennifer        AD_ASST                                                                                                                                                                                 
Michael         MK_MAN                                                                                                                                                                                  
Pat             MK_REP                                                                                                                                                                                  
Shelley         AC_MGR                                                                                                                                                                                  
William         AC_ACCOUNT                                                                                                                                                                              

16 rows selected.

SQL> SELECT FIRST_NAME , JOB_ID FROM EMPLOYEES WHERE JOB_ID =^ 'ST_CLERK';
SELECT FIRST_NAME , JOB_ID FROM EMPLOYEES WHERE JOB_ID =^ 'ST_CLERK'
                                                        *
ERROR at line 1:
ORA-00936: missing expression 


SQL> SELECT FIRST_NAME , JOB_ID FROM EMPLOYEES WHERE JOB_ID >< 'ST_CLERK';
SELECT FIRST_NAME , JOB_ID FROM EMPLOYEES WHERE JOB_ID >< 'ST_CLERK'
                                                        *
ERROR at line 1:
ORA-00936: missing expression 


SQL> SELECT FIRST_NAME , JOB_ID FROM EMPLOYEES WHERE 'ST_CLERK' ^= JOB_ID;

FIRST_NAME      JOB_ID                                                                                                                                                                                  
--------------- ----------                                                                                                                                                                              
Steven          AD_PRES                                                                                                                                                                                 
Neena           AD_VP                                                                                                                                                                                   
Lex             AD_VP                                                                                                                                                                                   
Alexander       IT_PROG                                                                                                                                                                                 
Bruce           IT_PROG                                                                                                                                                                                 
Diana           IT_PROG                                                                                                                                                                                 
Kevin           ST_MAN                                                                                                                                                                                  
Eleni           SA_MAN                                                                                                                                                                                  
Ellen           SA_REP                                                                                                                                                                                  
Jonathon        SA_REP                                                                                                                                                                                  
Kimerely        SA_REP                                                                                                                                                                                  
Jennifer        AD_ASST                                                                                                                                                                                 
Michael         MK_MAN                                                                                                                                                                                  
Pat             MK_REP                                                                                                                                                                                  
Shelley         AC_MGR                                                                                                                                                                                  
William         AC_ACCOUNT                                                                                                                                                                              

16 rows selected.

SQL> REM DISPLAY THOSE WHOSE YEARLY SALARY IS UPTO 100000
SQL> 
SQL> REM UPTO 100000 : 100000 OR LESS
SQL> 
SQL> SELECT FIRST_NAME , SALARY * 12 YEARLY_SALARY FROM EMPLOYEES WHERE YEARLY_SALARY <= 100000;
SELECT FIRST_NAME , SALARY * 12 YEARLY_SALARY FROM EMPLOYEES WHERE YEARLY_SALARY <= 100000
                                                                   *
ERROR at line 1:
ORA-00904: "YEARLY_SALARY": invalid identifier 


SQL> SELECT FIRST_NAME , SALARY * 12 YEARLY_SALARY FROM EMPLOYEES WHERE SALARY *12 <= 100000;

FIRST_NAME      YEARLY_SALARY                                                                                                                                                                           
--------------- -------------                                                                                                                                                                           
Bruce                   72000                                                                                                                                                                           
Diana                   50400                                                                                                                                                                           
Kevin                   69600                                                                                                                                                                           
Trenna                  42000                                                                                                                                                                           
Curtis                  37200                                                                                                                                                                           
Randall                 31200                                                                                                                                                                           
Peter                   30000                                                                                                                                                                           
Kimerely                84000                                                                                                                                                                           
Jennifer                52800                                                                                                                                                                           
Pat                     72000                                                                                                                                                                           
William                 99600                                                                                                                                                                           

11 rows selected.

SQL> REM MULTI ROW COMPARISON OPERATORS
SQL> 
SQL> REM LIST OF MULTI ROW COMPARISON OPERATORS : ANY/SOME , ALL
SQL> 
SQL> REM MULTI ROW COMPAIRSON OPERATORS CAN'T WORK ON IT'S OWN.
SQL> 
SQL> REM MULTI ROW IS ALWAYS USED IN CONJUCTION WITH SINGLE ROW
SQL> 
SQL> REM SYNTAX : SINGLE ROW MULTI ROW
SQL> 
SQL> REM MULTI ROW IS USED TO COMPARE MULTIPLE VALUES WITHIN SINGLE CONDITION.
SQL> 
SQL> REM DEPARTMENT_ID = ANY (50,90,110)
SQL> 
SQL> REM JOB_ID <> ALL ('IT_PROG','ST_CLERK')
SQL> 
SQL> 
SQL> REM DISPLAY THOSE WHO WORKS IN ANY OF THE DEPARTMENTS 20 60 100
SQL> 
SQL> REM DISPLAY THOSE WHO WORKS IN ANY OF THE DEPARTMENTS 20 60 110
SQL> 
SQL> SELECT FIRST_NAME , DEPARTMENT_ID
  2  FROM EMPLOYEES
  3  WHERE DEPARTMENT_ID = 20 60 110;
WHERE DEPARTMENT_ID = 20 60 110
                         *
ERROR at line 3:
ORA-00933: SQL command not properly ended 


SQL> SELECT FIRST_NAME , DEPARTMENT_ID
  2  FROM EMPLOYEES
  3  WHERE DEPARTMENT_ID = 20, 60, 110;
WHERE DEPARTMENT_ID = 20, 60, 110
                        *
ERROR at line 3:
ORA-00933: SQL command not properly ended 


SQL> SELECT FIRST_NAME , DEPARTMENT_ID
  2  FROM EMPLOYEES
  3  WHERE DEPARTMENT_ID = (20, 60, 110);
WHERE DEPARTMENT_ID = (20, 60, 110)
                    *
ERROR at line 3:
ORA-01797: this operator must be followed by ANY or ALL 


SQL> SELECT FIRST_NAME , DEPARTMENT_ID
  2  FROM EMPLOYEES
  3  WHERE DEPARTMENT_ID = ANY (20, 60, 110);

FIRST_NAME      DEPARTMENT_ID                                                                                                                                                                           
--------------- -------------                                                                                                                                                                           
Alexander                  60                                                                                                                                                                           
Bruce                      60                                                                                                                                                                           
Diana                      60                                                                                                                                                                           
Michael                    20                                                                                                                                                                           
Pat                        20                                                                                                                                                                           
Shelley                   110                                                                                                                                                                           
William                   110                                                                                                                                                                           

7 rows selected.

SQL> SELECT FIRST_NAME , DEPARTMENT_ID
  2  FROM EMPLOYEES
  3  WHERE DEPARTMENT_ID = SOME (20, 60, 110);

FIRST_NAME      DEPARTMENT_ID                                                                                                                                                                           
--------------- -------------                                                                                                                                                                           
Alexander                  60                                                                                                                                                                           
Bruce                      60                                                                                                                                                                           
Diana                      60                                                                                                                                                                           
Michael                    20                                                                                                                                                                           
Pat                        20                                                                                                                                                                           
Shelley                   110                                                                                                                                                                           
William                   110                                                                                                                                                                           

7 rows selected.

SQL> SELECT FIRST_NAME , DEPARTMENT_ID
  2  FROM EMPLOYEES
  3  WHERE DEPARTMENT_ID SOME (20, 60, 110);
WHERE DEPARTMENT_ID SOME (20, 60, 110)
                    *
ERROR at line 3:
ORA-00920: invalid relational operator 


SQL> SELECT FIRST_NAME , DEPARTMENT_ID
  2  FROM EMPLOYEES
  3  WHERE DEPARTMENT_ID ANY (20, 60, 110);
WHERE DEPARTMENT_ID ANY (20, 60, 110)
                    *
ERROR at line 3:
ORA-00920: invalid relational operator 


SQL> SELECT FIRST_NAME , DEPARTMENT_ID
  2  FROM EMPLOYEES
  3  WHERE DEPARTMENT_ID ANY = (20, 60, 110);
WHERE DEPARTMENT_ID ANY = (20, 60, 110)
                    *
ERROR at line 3:
ORA-00920: invalid relational operator 


SQL> SELECT FIRST_NAME , DEPARTMENT_ID
  2  FROM EMPLOYEES
  3  WHERE DEPARTMENT_ID = ANY [20, 60, 110];
WHERE DEPARTMENT_ID = ANY [20, 60, 110]
                          *
ERROR at line 3:
ORA-00936: missing expression 


SQL> SELECT FIRST_NAME , DEPARTMENT_ID
  2  FROM EMPLOYEES
  3  WHERE DEPARTMENT_ID = ANY (20; 60: 110);
SP2-0552: Bind variable "110" not declared.
SQL> 
SQL> 
SQL> SELECT FIRST_NAME , DEPARTMENT_ID
  2  FROM EMPLOYEES
  3  WHERE (20, 60, 110) = ANY DEPARTMENT_ID;
WHERE (20, 60, 110) = ANY DEPARTMENT_ID
                          *
ERROR at line 3:
ORA-00920: invalid relational operator 


SQL> SELECT FIRST_NAME , DEPARTMENT_ID
  2  FROM EMPLOYEES
  3  WHERE DEPARTMENT_ID = ALL (20, 60, 110);

no rows selected

SQL> REM DISPLAY ALL EXCEPT THOSE WHO WORKS AS IT_PROG , ST_CLERK , SA_REP
SQL> 
SQL> SELECT LAST_NAME , JOB_ID
  2  FROM EMPLOYEES
  3  WHERE JOB_ID <> 'IT_PROG' 'ST_CLERK' 'SA_REP';
WHERE JOB_ID <> 'IT_PROG' 'ST_CLERK' 'SA_REP'
                          *
ERROR at line 3:
ORA-00933: SQL command not properly ended 


SQL> 
SQL> SELECT LAST_NAME , JOB_ID FROM EMPLOYEES WHERE JOB_ID <> 'IT_PROG' 'ST_CLERK' 'SA_REP';
SELECT LAST_NAME , JOB_ID FROM EMPLOYEES WHERE JOB_ID <> 'IT_PROG' 'ST_CLERK' 'SA_REP'
                                                                   *
ERROR at line 1:
ORA-00933: SQL command not properly ended 


SQL> SELECT LAST_NAME , JOB_ID FROM EMPLOYEES WHERE JOB_ID <> 'IT_PROG', 'ST_CLERK', 'SA_REP';
SELECT LAST_NAME , JOB_ID FROM EMPLOYEES WHERE JOB_ID <> 'IT_PROG', 'ST_CLERK', 'SA_REP'
                                                                  *
ERROR at line 1:
ORA-00933: SQL command not properly ended 


SQL> SELECT LAST_NAME , JOB_ID FROM EMPLOYEES WHERE JOB_ID <> ('IT_PROG', 'ST_CLERK', 'SA_REP');
SELECT LAST_NAME , JOB_ID FROM EMPLOYEES WHERE JOB_ID <> ('IT_PROG', 'ST_CLERK', 'SA_REP')
                                                      *
ERROR at line 1:
ORA-01797: this operator must be followed by ANY or ALL 


SQL> SELECT LAST_NAME , JOB_ID FROM EMPLOYEES WHERE JOB_ID <> ALL ('IT_PROG', 'ST_CLERK', 'SA_REP');

LAST_NAME       JOB_ID                                                                                                                                                                                  
--------------- ----------                                                                                                                                                                              
King            AD_PRES                                                                                                                                                                                 
Kochhar         AD_VP                                                                                                                                                                                   
De Haan         AD_VP                                                                                                                                                                                   
Mourgos         ST_MAN                                                                                                                                                                                  
Zlotkey         SA_MAN                                                                                                                                                                                  
Whalen          AD_ASST                                                                                                                                                                                 
Hartstein       MK_MAN                                                                                                                                                                                  
Fay             MK_REP                                                                                                                                                                                  
Higgins         AC_MGR                                                                                                                                                                                  
Gietz           AC_ACCOUNT                                                                                                                                                                              

10 rows selected.

SQL> REM ANY IS USED WITH =
SQL> 
SQL> REM ALL IS USED WITH <>
SQL> 
SQL> 
SQL> SELECT LAST_NAME , JOB_ID FROM EMPLOYEES WHERE JOB_ID <> ANY ('IT_PROG', 'ST_CLERK', 'SA_REP');

LAST_NAME       JOB_ID                                                                                                                                                                                  
--------------- ----------                                                                                                                                                                              
King            AD_PRES                                                                                                                                                                                 
Kochhar         AD_VP                                                                                                                                                                                   
De Haan         AD_VP                                                                                                                                                                                   
Hunold          IT_PROG                                                                                                                                                                                 
Ernst           IT_PROG                                                                                                                                                                                 
Lorentz         IT_PROG                                                                                                                                                                                 
Mourgos         ST_MAN                                                                                                                                                                                  
Rajs            ST_CLERK                                                                                                                                                                                
Davies          ST_CLERK                                                                                                                                                                                
Matos           ST_CLERK                                                                                                                                                                                
Vargas          ST_CLERK                                                                                                                                                                                
Zlotkey         SA_MAN                                                                                                                                                                                  
Abel            SA_REP                                                                                                                                                                                  
Taylor          SA_REP                                                                                                                                                                                  
Grant           SA_REP                                                                                                                                                                                  
Whalen          AD_ASST                                                                                                                                                                                 
Hartstein       MK_MAN                                                                                                                                                                                  
Fay             MK_REP                                                                                                                                                                                  
Higgins         AC_MGR                                                                                                                                                                                  
Gietz           AC_ACCOUNT                                                                                                                                                                              

20 rows selected.

SQL> REM < , > , <= , >= : ANY AND ALL ARE USED
SQL> 
SQL> SPOOL OFF
