SQL> 
SQL> CL SCR

SQL> REM LIKE : IS USED FOR PATTERN MATCHING
SQL> 
SQL> REM LIKE SUPPORTS TWO WILD CARD CHARACTERS : _ %
SQL> 
SQL> REM _ IS USED TO SPECIFY SINGLE CHARACTER
SQL> 
SQL> REM % IS USED TO SPECIFY ZERO OR MORE CHARACTERS
SQL> 
SQL> REM TWO TYPES OF EXAMPLES : 1 EXAMPLES WITH ONLY WILD CARD 2 EXAMPLES WITH WILD CARD AND OTHER CHARACTERS
SQL> 
SQL> REM DISPLAY THOSE FIRST_NAME WHICH STARTS WITH ALPHABET 'P'
SQL> 
SQL> REM DISPLAY THOSE LAST_NAME WHICH ENDS WITH ALPHABET 'n'
SQL> 
SQL> REM DISPLAY THOSE FIRST_NAME WHICH CONTAINS ALPHABET 'e'
SQL> 
SQL> REM DISPLAY THOSE FIRST_NAME WHICH HAS 6 ALPHABETS/CHARACTERS
SQL> 
SQL> REM DISPLAY THOSE FIRST_NAME WHICH HAS 6 OR MORE ALPHABETS/CHARACTERS
SQL> 
SQL> REM DISPLAY THOSE FIRST_NAME WHICH HAS 6 OR LESS ALPHABETS/CHARACTERS
SQL> 
SQL> REM DISPLAY THOSE FIRST_NAME WHICH DOESN'T HAVE 6 ALPHABETS/CHARACTERS
SQL> 
SQL> REM IS NULL : FOR COMPARING NULL VALUE
SQL> 
SQL> REM DISPLAY THOSE WHO GETS COMMISSION
SQL> 
SQL> SELECT FIRST_NAME , COMMISSION_PCT FROM EMPLOYEES WHERE COMMISSION_PCT > 0;

FIRST_NAME      COMMISSION_PCT                                                  
--------------- --------------                                                  
Eleni                       .2                                                  
Ellen                       .3                                                  
Jonathon                    .3                                                  
Kimerely                   .15                                                  

SQL> SELECT FIRST_NAME , COMMISSION_PCT FROM EMPLOYEES WHERE COMMISSION_PCT < 1;

FIRST_NAME      COMMISSION_PCT                                                  
--------------- --------------                                                  
Eleni                       .2                                                  
Ellen                       .3                                                  
Jonathon                    .3                                                  
Kimerely                   .15                                                  

SQL> SELECT FIRST_NAME , COMMISSION_PCT FROM EMPLOYEES WHERE COMMISSION_PCT BETWEEN 0 AND 1;

FIRST_NAME      COMMISSION_PCT                                                  
--------------- --------------                                                  
Eleni                       .2                                                  
Ellen                       .3                                                  
Jonathon                    .3                                                  
Kimerely                   .15                                                  

SQL> SELECT FIRST_NAME , COMMISSION_PCT FROM EMPLOYEES WHERE COMMISSION_PCT LIKE '%';

FIRST_NAME      COMMISSION_PCT                                                  
--------------- --------------                                                  
Eleni                       .2                                                  
Ellen                       .3                                                  
Jonathon                    .3                                                  
Kimerely                   .15                                                  

SQL> SELECT FIRST_NAME , COMMISSION_PCT FROM EMPLOYEES WHERE COMMISSION_PCT >= 0 AND COMMISSION_PCT < 1
  2  ;

FIRST_NAME      COMMISSION_PCT                                                  
--------------- --------------                                                  
Eleni                       .2                                                  
Ellen                       .3                                                  
Jonathon                    .3                                                  
Kimerely                   .15                                                  

SQL> REM DISPLAY THOSE WHO DOESN'T GET COMMISSION
SQL> 
SQL> SELECT FIRST_NAME , COMMISSION_PCT FROM EMPLOYEES WHERE COMMISSION_PCT = 0;

no rows selected

SQL> SELECT FIRST_NAME , COMMISSION_PCT FROM EMPLOYEES WHERE COMMISSION_PCT = NULL;

no rows selected

SQL> SELECT FIRST_NAME , COMMISSION_PCT FROM EMPLOYEES WHERE COMMISSION_PCT NOT BETWEEN 0 AND 1;

no rows selected

SQL> SELECT FIRST_NAME , COMMISSION_PCT FROM EMPLOYEES WHERE COMMISSION_PCT <> NULL;

no rows selected

SQL> REM ALL OPERATORS IGNORE NULL VALUE WHILE COMPARING, EXCEPT IS NULL.
SQL> 
SQL> SELECT FIRST_NAME , COMMISSION_PCT FROM EMPLOYEES WHERE COMMISSION_PCT IS NULL;

FIRST_NAME      COMMISSION_PCT                                                  
--------------- --------------                                                  
Steven                                                                          
Neena                                                                           
Lex                                                                             
Alexander                                                                       
Bruce                                                                           
Diana                                                                           
Kevin                                                                           
Trenna                                                                          
Curtis                                                                          
Randall                                                                         
Peter                                                                           

FIRST_NAME      COMMISSION_PCT                                                  
--------------- --------------                                                  
Jennifer                                                                        
Michael                                                                         
Pat                                                                             
Shelley                                                                         
William                                                                         

16 rows selected.

SQL> SET LINES 200 PAGES 24
SQL> 
SQL> R
  1* SELECT FIRST_NAME , COMMISSION_PCT FROM EMPLOYEES WHERE COMMISSION_PCT IS NULL

FIRST_NAME      COMMISSION_PCT                                                                                                                                                                          
--------------- --------------                                                                                                                                                                          
Steven                                                                                                                                                                                                  
Neena                                                                                                                                                                                                   
Lex                                                                                                                                                                                                     
Alexander                                                                                                                                                                                               
Bruce                                                                                                                                                                                                   
Diana                                                                                                                                                                                                   
Kevin                                                                                                                                                                                                   
Trenna                                                                                                                                                                                                  
Curtis                                                                                                                                                                                                  
Randall                                                                                                                                                                                                 
Peter                                                                                                                                                                                                   
Jennifer                                                                                                                                                                                                
Michael                                                                                                                                                                                                 
Pat                                                                                                                                                                                                     
Shelley                                                                                                                                                                                                 
William                                                                                                                                                                                                 

16 rows selected.

SQL> SELECT FIRST_NAME , COMMISSION_PCT FROM EMPLOYEES WHERE NVL(COMMISSION_PCT,0) = 0;

FIRST_NAME      COMMISSION_PCT                                                                                                                                                                          
--------------- --------------                                                                                                                                                                          
Steven                                                                                                                                                                                                  
Neena                                                                                                                                                                                                   
Lex                                                                                                                                                                                                     
Alexander                                                                                                                                                                                               
Bruce                                                                                                                                                                                                   
Diana                                                                                                                                                                                                   
Kevin                                                                                                                                                                                                   
Trenna                                                                                                                                                                                                  
Curtis                                                                                                                                                                                                  
Randall                                                                                                                                                                                                 
Peter                                                                                                                                                                                                   
Jennifer                                                                                                                                                                                                
Michael                                                                                                                                                                                                 
Pat                                                                                                                                                                                                     
Shelley                                                                                                                                                                                                 
William                                                                                                                                                                                                 

16 rows selected.

SQL> SELECT FIRST_NAME , COMMISSION_PCT FROM EMPLOYEES WHERE COMMISSION_PCT IS NOT NULL;

FIRST_NAME      COMMISSION_PCT                                                                                                                                                                          
--------------- --------------                                                                                                                                                                          
Eleni                       .2                                                                                                                                                                          
Ellen                       .3                                                                                                                                                                          
Jonathon                    .3                                                                                                                                                                          
Kimerely                   .15                                                                                                                                                                          

SQL> SELECT * FROM MPSLIKETBL;

NAME                                                                                                                                                                                                    
------------------------------                                                                                                                                                                          
AMIT PATEL                                                                                                                                                                                              
AMIT_PATEL                                                                                                                                                                                              
AMIT%PATEL                                                                                                                                                                                              
AMIT_%PATEL                                                                                                                                                                                             
AMIT  PATEL                                                                                                                                                                                             
TAPAN PATEL                                                                                                                                                                                             
PARMAR TARAK                                                                                                                                                                                            

7 rows selected.

SQL> REM DISPLAY NAMES WHICH CONTAINS T_P
SQL> 
SQL> SELECT * FROM MPSLIKETBL WHERE NAME LIKE '%T_P%';

NAME                                                                                                                                                                                                    
------------------------------                                                                                                                                                                          
AMIT PATEL                                                                                                                                                                                              
AMIT_PATEL                                                                                                                                                                                              
AMIT%PATEL                                                                                                                                                                                              
TAPAN PATEL                                                                                                                                                                                             

SQL> SELECT * FROM MPSLIKETBL WHERE NAME LIKE '%T\_P%' ESCAPE '\';

NAME                                                                                                                                                                                                    
------------------------------                                                                                                                                                                          
AMIT_PATEL                                                                                                                                                                                              

SQL> SELECT * FROM MPSLIKETBL WHERE NAME LIKE '%T/_P%' ESCAPE '/';

NAME                                                                                                                                                                                                    
------------------------------                                                                                                                                                                          
AMIT_PATEL                                                                                                                                                                                              

SQL> SELECT * FROM MPSLIKETBL WHERE NAME LIKE '%T _P%' ESCAPE ' ';

NAME                                                                                                                                                                                                    
------------------------------                                                                                                                                                                          
AMIT_PATEL                                                                                                                                                                                              

SQL> SELECT * FROM MPSLIKETBL WHERE NAME LIKE '%T5_P%' ESCAPE '5';

NAME                                                                                                                                                                                                    
------------------------------                                                                                                                                                                          
AMIT_PATEL                                                                                                                                                                                              

SQL> SELECT * FROM MPSLIKETBL WHERE NAME LIKE '%TX_P%' ESCAPE 'X';

NAME                                                                                                                                                                                                    
------------------------------                                                                                                                                                                          
AMIT_PATEL                                                                                                                                                                                              

SQL> SELECT * FROM MPSLIKETBL WHERE NAME LIKE '%T__P%' ESCAPE '_';

NAME                                                                                                                                                                                                    
------------------------------                                                                                                                                                                          
AMIT_PATEL                                                                                                                                                                                              

SQL> SELECT * FROM MPSLIKETBL WHERE NAME LIKE '%T%_P%' ESCAPE '%';
SELECT * FROM MPSLIKETBL WHERE NAME LIKE '%T%_P%' ESCAPE '%'
                                         *
ERROR at line 1:
ORA-01424: missing or illegal character following the escape character 


SQL> SELECT * FROM MPSLIKETBL WHERE NAME LIKE '%TT_P%' ESCAPE 'T';

NAME                                                                                                                                                                                                    
------------------------------                                                                                                                                                                          
AMIT PATEL                                                                                                                                                                                              
AMIT_PATEL                                                                                                                                                                                              
AMIT%PATEL                                                                                                                                                                                              
TAPAN PATEL                                                                                                                                                                                             

SQL> SELECT * FROM MPSLIKETBL WHERE NAME LIKE '%TP_P%' ESCAPE 'P';

no rows selected

SQL> SELECT * FROM MPSLIKETBL WHERE NAME LIKE '%T''_P%' ESCAPE '''';

NAME                                                                                                                                                                                                    
------------------------------                                                                                                                                                                          
AMIT_PATEL                                                                                                                                                                                              

SQL> REM DISPLAY NAMES WHICH CONTAINS T_%P
SQL> 
SQL> SELECT * FROM MPSLIKETBL WHERE NAME LIKE  `%TX_X%P' ESCAPE `X';
SELECT * FROM MPSLIKETBL WHERE NAME LIKE  `%TX_X%P' ESCAPE `X'
                                          *
ERROR at line 1:
ORA-00911: invalid character 


SQL> SELECT * FROM MPSLIKETBL WHERE NAME LIKE  '%TX_X%P' ESCAPE 'X';

no rows selected

SQL> SELECT * FROM MPSLIKETBL WHERE NAME LIKE  '%TX_X%P%' ESCAPE 'X';

NAME                                                                                                                                                                                                    
------------------------------                                                                                                                                                                          
AMIT_%PATEL                                                                                                                                                                                             

SQL> REM LOGICAL OPERATORS : NOT AND OR
SQL> 
SQL> REM LOGICAL OPERATORS PRECEDENCE : () -> NOT -> AND -> OR
SQL> 
SQL> REM NOT : IS USED TO REVERSE THE OUTCOME OF FOLLOWING CONDITION(S)
SQL> 
SQL> REM AND & OR : ARE USED TO JOIN TWO CONDITIONS
SQL> 
SQL> 
SQL> REM NOT IS PLACED BEFORE CONDITION
SQL> 
SQL> REM AND & OR ARE PLACED BETWEEN TWO CONDITIONS
SQL> 
SQL> 
SQL> REM AND : IS USED IF WE WANT TO PROCESS THOSE ROWS WHICH SATISFIED BOTH THE CONDITIONS
SQL> 
SQL> REM OR : IS USED IF WE WANT TO PROCESS THOSE ROWS WHICH SATISFIED ATLEAST ONE OF THE TWO CONDITIONS
SQL> 
SQL> 
SQL> SELECT * FROM EXAM;

       RNO    ENGLISH      MATHS                                                                                                                                                                        
---------- ---------- ----------                                                                                                                                                                        
         1         30         70                                                                                                                                                                        
         2         70         20                                                                                                                                                                        
         3         30         10                                                                                                                                                                        
         4         60         70                                                                                                                                                                        

SQL> REM 33 PASSING LEVEL
SQL> 
SQL> REM DISPLAY THOSE WHO HAVE PASSED IN ENGLISH SUBJECT
SQL> 
SQL> SELECT * FROM EXAM WHERE ENGLISH >= 33;

       RNO    ENGLISH      MATHS                                                                                                                                                                        
---------- ---------- ----------                                                                                                                                                                        
         2         70         20                                                                                                                                                                        
         4         60         70                                                                                                                                                                        

SQL> REM DISPLAY THOSE WHO HAVE FAILED IN ENGLISH SUBJECT
SQL> 
SQL> SELECT * FROM EXAM WHERE ENGLISH < 33;

       RNO    ENGLISH      MATHS                                                                                                                                                                        
---------- ---------- ----------                                                                                                                                                                        
         1         30         70                                                                                                                                                                        
         3         30         10                                                                                                                                                                        

SQL> SELECT * FROM EXAM WHERE NOT ENGLISH >= 33;

       RNO    ENGLISH      MATHS                                                                                                                                                                        
---------- ---------- ----------                                                                                                                                                                        
         1         30         70                                                                                                                                                                        
         3         30         10                                                                                                                                                                        

SQL> REM DISPLAY THOSE WHOSE RESULT IS PASS
SQL> 
SQL> SELECT * FROM EXAM WHERE ENGLISH >= 33 AND MATHS >= 33;

       RNO    ENGLISH      MATHS                                                                                                                                                                        
---------- ---------- ----------                                                                                                                                                                        
         4         60         70                                                                                                                                                                        

SQL> REM DISPLAY THOSE WHOSE RESULT IS FAIL
SQL> 
SQL> SELECT * FROM EXAM WHERE ENGLISH < 33 OR MATHS < 33;

       RNO    ENGLISH      MATHS                                                                                                                                                                        
---------- ---------- ----------                                                                                                                                                                        
         1         30         70                                                                                                                                                                        
         2         70         20                                                                                                                                                                        
         3         30         10                                                                                                                                                                        

SQL> SELECT * FROM EXAM;

       RNO    ENGLISH      MATHS                                                                                                                                                                        
---------- ---------- ----------                                                                                                                                                                        
         1         30         70                                                                                                                                                                        
         2         70         20                                                                                                                                                                        
         3         30         10                                                                                                                                                                        
         4         60         70                                                                                                                                                                        

SQL> REM WHERE ENGLISH >= 33 AND MATHS < 33 : 2
SQL> 
SQL> REM WHERE NOT ENGLISH >= 33 AND MATHS < 33 : 3
SQL> 
SQL> REM WHERE NOT (ENGLISH >= 33 AND MATHS < 33) : 1 3 4
SQL> 
SQL> REM WHERE ENGLISH >= 33 AND NOT MATHS < 33 : 4
SQL> 
SQL> REM WHERE ENGLISH >= 33 OR NOT MATHS < 33 : 1 2 4
SQL> 
SQL> REM WHERE NOT ENGLISH >= 33 OR NOT MATHS < 33 : 1 3 4
SQL> 
SQL> REM WHERE NOT (NOT ENGLISH >= 33 OR NOT MATHS < 33) : 2
SQL> 
SQL> SELECT FIRST_NAME , JOB_ID , SALARY FROM EMPLOYEES ORDER BY 3;

FIRST_NAME      JOB_ID         SALARY                                                                                                                                                                   
--------------- ---------- ----------                                                                                                                                                                   
Peter           ST_CLERK         2500                                                                                                                                                                   
Randall         ST_CLERK         2600                                                                                                                                                                   
Curtis          ST_CLERK         3100                                                                                                                                                                   
Trenna          ST_CLERK         3500                                                                                                                                                                   
Diana           IT_PROG          4200                                                                                                                                                                   
Jennifer        AD_ASST          4400                                                                                                                                                                   
Kevin           ST_MAN           5800                                                                                                                                                                   
Bruce           IT_PROG          6000                                                                                                                                                                   
Pat             MK_REP           6000                                                                                                                                                                   
Kimerely        SA_REP           7000                                                                                                                                                                   
William         AC_ACCOUNT       8300                                                                                                                                                                   
Jonathon        SA_REP           8600                                                                                                                                                                   
Alexander       IT_PROG          9000                                                                                                                                                                   
Eleni           SA_MAN          10500                                                                                                                                                                   
Ellen           SA_REP          11000                                                                                                                                                                   
Shelley         AC_MGR          12000                                                                                                                                                                   
Michael         MK_MAN          13000                                                                                                                                                                   
Neena           AD_VP           17000                                                                                                                                                                   
Lex             AD_VP           17000                                                                                                                                                                   
Steven          AD_PRES         24000                                                                                                                                                                   

20 rows selected.

SQL> SELECT FIRST_NAME , JOB_ID , SALARY FROM EMPLOYEES WHERE SALARY >= 10500 AND JOB_ID LIKE '%MAN';

FIRST_NAME      JOB_ID         SALARY                                                                                                                                                                   
--------------- ---------- ----------                                                                                                                                                                   
Eleni           SA_MAN          10500                                                                                                                                                                   
Michael         MK_MAN          13000                                                                                                                                                                   

SQL> SELECT FIRST_NAME , JOB_ID , SALARY FROM EMPLOYEES WHERE SALARY >= 10500 OR JOB_ID LIKE '%MAN';

FIRST_NAME      JOB_ID         SALARY                                                                                                                                                                   
--------------- ---------- ----------                                                                                                                                                                   
Steven          AD_PRES         24000                                                                                                                                                                   
Neena           AD_VP           17000                                                                                                                                                                   
Lex             AD_VP           17000                                                                                                                                                                   
Kevin           ST_MAN           5800                                                                                                                                                                   
Eleni           SA_MAN          10500                                                                                                                                                                   
Ellen           SA_REP          11000                                                                                                                                                                   
Michael         MK_MAN          13000                                                                                                                                                                   
Shelley         AC_MGR          12000                                                                                                                                                                   

8 rows selected.

SQL> SELECT FIRST_NAME , JOB_ID , SALARY FROM EMPLOYEES ORDER BY 3;

FIRST_NAME      JOB_ID         SALARY                                                                                                                                                                   
--------------- ---------- ----------                                                                                                                                                                   
Peter           ST_CLERK         2500                                                                                                                                                                   
Randall         ST_CLERK         2600                                                                                                                                                                   
Curtis          ST_CLERK         3100                                                                                                                                                                   
Trenna          ST_CLERK         3500                                                                                                                                                                   
Diana           IT_PROG          4200                                                                                                                                                                   
Jennifer        AD_ASST          4400                                                                                                                                                                   
Kevin           ST_MAN           5800                                                                                                                                                                   
Bruce           IT_PROG          6000                                                                                                                                                                   
Pat             MK_REP           6000                                                                                                                                                                   
Kimerely        SA_REP           7000                                                                                                                                                                   
William         AC_ACCOUNT       8300                                                                                                                                                                   
Jonathon        SA_REP           8600                                                                                                                                                                   
Alexander       IT_PROG          9000                                                                                                                                                                   
Eleni           SA_MAN          10500                                                                                                                                                                   
Ellen           SA_REP          11000                                                                                                                                                                   
Shelley         AC_MGR          12000                                                                                                                                                                   
Michael         MK_MAN          13000                                                                                                                                                                   
Neena           AD_VP           17000                                                                                                                                                                   
Lex             AD_VP           17000                                                                                                                                                                   
Steven          AD_PRES         24000                                                                                                                                                                   

20 rows selected.

SQL> SELECT FIRST_NAME , JOB_ID , SALARY FROM EMPLOYEES WHERE SALARY >= 10500 OR NOT JOB_ID LIKE '%MAN';

FIRST_NAME      JOB_ID         SALARY                                                                                                                                                                   
--------------- ---------- ----------                                                                                                                                                                   
Steven          AD_PRES         24000                                                                                                                                                                   
Neena           AD_VP           17000                                                                                                                                                                   
Lex             AD_VP           17000                                                                                                                                                                   
Alexander       IT_PROG          9000                                                                                                                                                                   
Bruce           IT_PROG          6000                                                                                                                                                                   
Diana           IT_PROG          4200                                                                                                                                                                   
Trenna          ST_CLERK         3500                                                                                                                                                                   
Curtis          ST_CLERK         3100                                                                                                                                                                   
Randall         ST_CLERK         2600                                                                                                                                                                   
Peter           ST_CLERK         2500                                                                                                                                                                   
Eleni           SA_MAN          10500                                                                                                                                                                   
Ellen           SA_REP          11000                                                                                                                                                                   
Jonathon        SA_REP           8600                                                                                                                                                                   
Kimerely        SA_REP           7000                                                                                                                                                                   
Jennifer        AD_ASST          4400                                                                                                                                                                   
Michael         MK_MAN          13000                                                                                                                                                                   
Pat             MK_REP           6000                                                                                                                                                                   
Shelley         AC_MGR          12000                                                                                                                                                                   
William         AC_ACCOUNT       8300                                                                                                                                                                   

19 rows selected.

SQL> SELECT FIRST_NAME , JOB_ID , SALARY FROM EMPLOYEES ORDER BY 3;

FIRST_NAME      JOB_ID         SALARY                                                                                                                                                                   
--------------- ---------- ----------                                                                                                                                                                   
Peter           ST_CLERK         2500                                                                                                                                                                   
Randall         ST_CLERK         2600                                                                                                                                                                   
Curtis          ST_CLERK         3100                                                                                                                                                                   
Trenna          ST_CLERK         3500                                                                                                                                                                   
Diana           IT_PROG          4200                                                                                                                                                                   
Jennifer        AD_ASST          4400                                                                                                                                                                   
Kevin           ST_MAN           5800                                                                                                                                                                   
Bruce           IT_PROG          6000                                                                                                                                                                   
Pat             MK_REP           6000                                                                                                                                                                   
Kimerely        SA_REP           7000                                                                                                                                                                   
William         AC_ACCOUNT       8300                                                                                                                                                                   
Jonathon        SA_REP           8600                                                                                                                                                                   
Alexander       IT_PROG          9000                                                                                                                                                                   
Eleni           SA_MAN          10500                                                                                                                                                                   
Ellen           SA_REP          11000                                                                                                                                                                   
Shelley         AC_MGR          12000                                                                                                                                                                   
Michael         MK_MAN          13000                                                                                                                                                                   
Neena           AD_VP           17000                                                                                                                                                                   
Lex             AD_VP           17000                                                                                                                                                                   
Steven          AD_PRES         24000                                                                                                                                                                   

20 rows selected.

SQL> SELECT FIRST_NAME , JOB_ID , SALARY FROM EMPLOYEES WHERE NOT (SALARY >= 10500 OR JOB_ID LIKE '%MAN');

FIRST_NAME      JOB_ID         SALARY                                                                                                                                                                   
--------------- ---------- ----------                                                                                                                                                                   
Alexander       IT_PROG          9000                                                                                                                                                                   
Bruce           IT_PROG          6000                                                                                                                                                                   
Diana           IT_PROG          4200                                                                                                                                                                   
Trenna          ST_CLERK         3500                                                                                                                                                                   
Curtis          ST_CLERK         3100                                                                                                                                                                   
Randall         ST_CLERK         2600                                                                                                                                                                   
Peter           ST_CLERK         2500                                                                                                                                                                   
Jonathon        SA_REP           8600                                                                                                                                                                   
Kimerely        SA_REP           7000                                                                                                                                                                   
Jennifer        AD_ASST          4400                                                                                                                                                                   
Pat             MK_REP           6000                                                                                                                                                                   
William         AC_ACCOUNT       8300                                                                                                                                                                   

12 rows selected.

SQL> SELECT FIRST_NAME , JOB_ID , SALARY FROM EMPLOYEES ORDER BY 3;

FIRST_NAME      JOB_ID         SALARY                                                                                                                                                                   
--------------- ---------- ----------                                                                                                                                                                   
Peter           ST_CLERK         2500                                                                                                                                                                   
Randall         ST_CLERK         2600                                                                                                                                                                   
Curtis          ST_CLERK         3100                                                                                                                                                                   
Trenna          ST_CLERK         3500                                                                                                                                                                   
Diana           IT_PROG          4200                                                                                                                                                                   
Jennifer        AD_ASST          4400                                                                                                                                                                   
Kevin           ST_MAN           5800                                                                                                                                                                   
Bruce           IT_PROG          6000                                                                                                                                                                   
Pat             MK_REP           6000                                                                                                                                                                   
Kimerely        SA_REP           7000                                                                                                                                                                   
William         AC_ACCOUNT       8300                                                                                                                                                                   
Jonathon        SA_REP           8600                                                                                                                                                                   
Alexander       IT_PROG          9000                                                                                                                                                                   
Eleni           SA_MAN          10500                                                                                                                                                                   
Ellen           SA_REP          11000                                                                                                                                                                   
Shelley         AC_MGR          12000                                                                                                                                                                   
Michael         MK_MAN          13000                                                                                                                                                                   
Neena           AD_VP           17000                                                                                                                                                                   
Lex             AD_VP           17000                                                                                                                                                                   
Steven          AD_PRES         24000                                                                                                                                                                   

20 rows selected.

SQL> SELECT FIRST_NAME , JOB_ID , SALARY FROM EMPLOYEES WHERE NOT (SALARY >= 10500 AND JOB_ID LIKE '%MAN');

FIRST_NAME      JOB_ID         SALARY                                                                                                                                                                   
--------------- ---------- ----------                                                                                                                                                                   
Steven          AD_PRES         24000                                                                                                                                                                   
Neena           AD_VP           17000                                                                                                                                                                   
Lex             AD_VP           17000                                                                                                                                                                   
Alexander       IT_PROG          9000                                                                                                                                                                   
Bruce           IT_PROG          6000                                                                                                                                                                   
Diana           IT_PROG          4200                                                                                                                                                                   
Kevin           ST_MAN           5800                                                                                                                                                                   
Trenna          ST_CLERK         3500                                                                                                                                                                   
Curtis          ST_CLERK         3100                                                                                                                                                                   
Randall         ST_CLERK         2600                                                                                                                                                                   
Peter           ST_CLERK         2500                                                                                                                                                                   
Ellen           SA_REP          11000                                                                                                                                                                   
Jonathon        SA_REP           8600                                                                                                                                                                   
Kimerely        SA_REP           7000                                                                                                                                                                   
Jennifer        AD_ASST          4400                                                                                                                                                                   
Pat             MK_REP           6000                                                                                                                                                                   
Shelley         AC_MGR          12000                                                                                                                                                                   
William         AC_ACCOUNT       8300                                                                                                                                                                   

18 rows selected.

SQL> SPOOL OFF
